10-12 14:27:11.225   780   792 I UsageStatsService: User[0] Rollover scheduled @ 2016-10-13 05:30:00(1476316800000)
10-12 14:27:11.341   780  2697 I ActivityManager: Start proc 9863:com.qualcomm.timeservice/u0a68 for broadcast com.qualcomm.timeservice/.TimeServiceBroadcastReceiver
10-12 14:27:15.169   780  6670 I ActivityManager: Killing 8908:fr.slvn.mms/u0a26 (adj 15): empty #17
10-12 14:27:15.183   780   790 D CountryDetector: No listener is left
10-12 14:27:15.258   780  2694 D ActivityManager: cleanUpApplicationRecord -- 8908
10-12 14:27:15.368   780   792 I UsageStatsDatabase: Time changed by +2s235ms. files deleted: 0 files moved: 4
10-12 14:27:15.378   780   792 I UsageStatsService: User[11] Rollover scheduled @ 2016-10-13 05:30:00(1476316800000)
10-12 14:27:15.468   780  1684 I ActivityManager: Start proc 9900:com.google.android.keep/u0a52 for broadcast com.google.android.keep/.notification.AlertReceiver
10-12 14:27:15.769   780  2321 I ActivityManager: Start proc 9923:com.google.android.deskclock/u0a33 for broadcast com.google.android.deskclock/com.android.deskclock.AlarmInitReceiver
10-12 14:27:15.910   780  4423 I ActivityManager: Killing 9024:com.google.process.gapps/u0a86 (adj 15): empty #17
10-12 14:27:15.927   780  2323 D ActivityManager: cleanUpApplicationRecord -- 9024
10-12 14:27:16.281   780  6670 I ActivityManager: Start proc 9946:in.amazon.mShop.android.shopping/u0a163 for broadcast in.amazon.mShop.android.shopping/com.amazon.identity.auth.device.storage.LambortishClock$ChangeTimestampsBroadcastReceiver
10-12 14:27:16.282   780  6670 I ActivityManager: Killing 8945:android.process.acore/u0a3 (adj 15): empty #17
10-12 14:27:16.332   780   962 D ActivityManager: cleanUpApplicationRecord -- 8945
--------- beginning of main
10-12 14:27:16.338  9449  9959 I flyar   : appID10009
10-12 14:27:16.338  9449  9959 I flyar   : com.google.android.feedback
10-12 14:27:16.338  9449  9959 I flyar   : appID10026
10-12 14:27:16.338  9449  9959 I flyar   : fr.slvn.mms
10-12 14:27:16.338  9449  9959 I flyar   : appID10100
10-12 14:27:16.338  9449  9959 I flyar   : com.google.android.apps.messaging
10-12 14:27:16.338  9449  9959 I flyar   : appID10182
10-12 14:27:16.338  9449  9959 I flyar   : com.facebook.orca
10-12 14:27:16.338  9449  9959 I flyar   : appID10156
10-12 14:27:16.338  9449  9959 I flyar   : com.musixmatch.android.lyrify
10-12 14:27:16.338  9449  9959 I flyar   : appID10192
10-12 14:27:16.338  9449  9959 I flyar   : com.jio.myjio
10-12 14:27:16.338  9449  9959 I flyar   : appID10134
10-12 14:27:16.338  9449  9959 I flyar   : com.mventus.selfcare.activity
10-12 14:27:16.338  9449  9959 I flyar   : appID10180
10-12 14:27:16.338  9449  9959 I flyar   : com.myntra.android
10-12 14:27:16.338  9449  9959 I flyar   : appID10104
10-12 14:27:16.338  9449  9959 I flyar   : naukriApp.appModules.login
10-12 14:27:16.338  9449  9959 I flyar   : appID10040
10-12 14:27:16.338  9449  9959 I flyar   : com.google.android.apps.genie.geniewidget
10-12 14:27:16.338  9449  9959 I flyar   : appID10101
10-12 14:27:16.338  9449  9959 I flyar   : com.olacabs.customer
10-12 14:27:16.338  9449  9959 I flyar   : appID10133
10-12 14:27:16.338  9449  9959 I flyar   : org.ppsspp.ppsspp
10-12 14:27:16.338  9449  9959 I flyar   : appID10059
10-12 14:27:16.338  9449  9959 I flyar   : com.android.pacprocessor
10-12 14:27:16.338  9449  9959 I flyar   : appID10110
10-12 14:27:16.338  9449  9959 I flyar   : net.one97.paytm
10-12 14:27:16.338  9449  9959 I flyar   : appID10008
10-12 14:27:16.338  9449  9959 I flyar   : com.google.android.dialer
10-12 14:27:16.338  9449  9959 I flyar   : appID10117
10-12 14:27:16.338  9449  9959 I flyar   : com.google.android.apps.photos
10-12 14:27:16.338  9449  9959 I flyar   : appID10124
10-12 14:27:16.338  9449  9959 I flyar   : com.scee.psxandroid
10-12 14:27:16.338  9449  9959 I flyar   : appID10181
10-12 14:27:16.338  9449  9959 I flyar   : com.icicibank.pockets
10-12 14:27:16.338  9449  9959 I flyar   : appID10015
10-12 14:27:16.338  9449  9959 I flyar   : com.android.proxyhandler
10-12 14:27:16.338  9449  9959 I flyar   : appID10066
10-12 14:27:16.338  9449  9959 I flyar   : com.att.q.activity
10-12 14:27:16.338  9449  9959 I flyar   : appID10157
10-12 14:27:16.338  9449  9959 I flyar   : me.scan.android.client
10-12 14:27:16.338  9449  9959 I flyar   : appID10121
10-12 14:27:16.338  9449  9959 I flyar   : com.quikr
10-12 14:27:16.338  9449  9959 I flyar   : appID10140
10-12 14:27:16.338  9449  9959 I flyar   : com.sbi.SBISecure
10-12 14:27:16.338  9449  9959 I flyar   : appID10176
10-12 14:27:16.338  9449  9959 I flyar   : com.lenovo.anyshare.gps
10-12 14:27:16.338  9449  9959 I flyar   : appID10160
10-12 14:27:16.338  9449  9959 I flyar   : com.ssbtips.and.suggestions
10-12 14:27:16.338  9449  9959 I flyar   : appID10184
10-12 14:27:16.339  9449  9959 I flyar   : com.ssb.ssbinterview
10-12 14:27:16.339  9449  9959 I flyar   : appID10161
10-12 14:27:16.339  9449  9959 I flyar   : com.ssb.ssbinterviewmasterr
10-12 14:27:16.339  9449  9959 I flyar   : appID10177
10-12 14:27:16.339  9449  9959 I flyar   : com.ssbpsy.ssb
10-12 14:27:16.339  9449  9959 I flyar   : appID10016
10-12 14:27:16.339  9449  9959 I flyar   : com.google.android.setupwizard
10-12 14:27:16.339  9449  9959 I flyar   : appID10108
10-12 14:27:16.339  9449  9959 I flyar   : com.javaexp.shareapk
10-12 14:27:16.339  9449  9959 I flyar   : appID10111
10-12 14:27:16.339  9449  9959 I flyar   : com.google.android.apps.docs.editors.sheets
10-12 14:27:16.339  9449  9959 I flyar   : appID10078
10-12 14:27:16.339  9449  9959 I flyar   : com.skype.raider
10-12 14:27:16.339  9449  9959 I flyar   : appID10154
10-12 14:27:16.339  9449  9959 I flyar   : com.microsoft.office.lync15
10-12 14:27:16.339  9449  9959 I flyar   : appID10115
10-12 14:27:16.339  9449  9959 I flyar   : com.google.android.apps.docs.editors.slides
10-12 14:27:16.339  9449  9959 I flyar   : appID10075
10-12 14:27:16.339  9449  9959 I flyar   : com.damiapp.softdatacable
10-12 14:27:16.339  9449  9959 I flyar   : appID10097
10-12 14:27:16.339  9449  9959 I flyar   : org.zwanoo.android.speedtest
10-12 14:27:16.339  9449  9959 I flyar   : appID10096
10-12 14:27:16.339  9449  9959 I flyar   : com.Splitwise.SplitwiseMobile
10-12 14:27:16.339  9449  9959 I flyar   : appID10183
10-12 14:27:16.339  9449  9959 I flyar   : com.ssbgtoFree
10-12 14:27:16.339  9449  9959 I flyar   : appID10143
10-12 14:27:16.339  9449  9959 I flyar   : com.stackexchange.marvin
10-12 14:27:16.339  9449  9959 I flyar   : appID10131
10-12 14:27:16.339  9449  9959 I flyar   : com.majedev.superbeam
10-12 14:27:16.339  9449  9959 I flyar   : appID10148
10-12 14:27:16.339  9449  9959 I flyar   : in.swiggy.android
10-12 14:27:16.339  9449  9959 I flyar   : appID10023
10-12 14:27:16.339  9449  9959 I flyar   : com.google.android.marvin.talkback
10-12 14:27:16.339  9449  9959 I flyar   : appID10073
10-12 14:27:16.339  9449  9959 I flyar   : com.mobstac.thehindu
10-12 14:27:16.339  9449  9959 I flyar   : appID10132
10-12 14:27:16.339  9449  9959 I flyar   : com.tinder
10-12 14:27:16.339  9449  9959 I flyar   : appID10170
10-12 14:27:16.339  9449  9959 I flyar   : com.nitrodesk.honey.nitroid
10-12 14:27:16.339  9449  9959 I flyar   : appID10112
10-12 14:27:16.339  9449  9959 I flyar   : devian.tubemate.home
10-12 14:27:16.339  9449  9959 I flyar   : appID10155
10-12 14:27:16.339  9449  9959 I flyar   : com.UCMobile.intl
10-12 14:27:16.339  9449  9959 I flyar   : appID10166
10-12 14:27:16.339  9449  9959 I flyar   : com.ubercab
10-12 14:27:16.339  9449  9959 I flyar   : appID10136
10-12 14:27:16.339  9449  9959 I flyar   : org.videolan.vlc.betav7neon
10-12 14:27:16.339  9449  9959 I flyar   : appID10129
10-12 14:27:16.339  9449  9959 I flyar   : br.com.vodain.ringbacktones
10-12 14:27:16.339  9449  9959 I flyar   : appID10142
10-12 14:27:16.339  9449  9959 I flyar   : com.paytm.paywith
10-12 14:27:16.339  9449  9959 I flyar   : appID10144
10-12 14:27:16.339  9449  9959 I flyar   : com.amdocs.webtrax
10-12 14:27:16.339  9449  9959 I flyar   : appID10084
10-12 14:27:16.339  9449  9959 I flyar   : com.whatsapp
10-12 14:27:16.339  9449  9959 I flyar   : appID10114
10-12 14:27:16.339  9449  9959 I flyar   : cn.xender
10-12 14:27:16.339  9449  9959 I flyar   : appID10071
10-12 14:27:16.339  9449  9959 I flyar   : com.google.android.youtube
10-12 14:27:16.339  9449  9959 I flyar   : appID10150
10-12 14:27:16.339  9449  9959 I flyar   : com.application.zomato
10-12 14:27:16.339  9449  9959 I flyar   : appID10044
10-12 14:27:16.339  9449  9959 I flyar   : com.bigbasket.mobileapp
10-12 14:27:16.339  9449  9959 I flyar   : appID10095
10-12 14:27:16.339  9449  9959 I flyar   : com.android.managedprovisioning
10-12 14:27:16.339  9449  9959 I flyar   : appID10141
10-12 14:27:16.339  9449  9959 I flyar   : com.ebay.mobile
10-12 14:27:16.339  9449  9959 I flyar   : appID10127
10-12 14:27:16.339  9449  9959 I flyar   : com.global.foodpanda.android
10-12 14:27:16.339  9449  9959 I flyar   : appID10091
10-12 14:27:16.339  9449  9959 I flyar   : com.bsb.hike
10-12 14:27:16.339  9449  9959 I flyar   : appID10152
10-12 14:27:16.339  9449  9959 I flyar   : com.csam.icici.bank.imobile
10-12 14:27:16.340  9449  9959 I flyar   : appID10107
10-12 14:27:16.340  9449  9959 I flyar   : com.imo.android.imoim
10-12 14:27:16.340  9449  9959 I flyar   : appID10079
10-12 14:27:16.340  9449  9959 I flyar   : scheduler.scheduler
10-12 14:27:16.340  9449  9959 I flyar   : appID10090
10-12 14:27:16.340  9449  9959 I flyar   : com.utorrent.client
10-12 14:27:16.389  9449  9959 I flyar   : appID10173
10-12 14:27:16.389  9449  9959 I flyar   : com.atrilliongames.chessgame
10-12 14:27:16.389  9449  9959 I flyar   : appID10036
10-12 14:27:16.389  9449  9959 I flyar   : com.att.connect
10-12 14:27:16.389  9449  9959 I flyar   : appID10130
10-12 14:27:16.389  9449  9959 I flyar   : com.hecorat.screenrecorder.free
10-12 14:27:16.389  9449  9959 I flyar   : appID10122
10-12 14:27:16.389  9449  9959 I flyar   : com.adobe.reader
10-12 14:27:16.389  9449  9959 I flyar   : appID10164
10-12 14:27:16.389  9449  9959 I flyar   : com.airwatch.androidagent
10-12 14:27:16.389  9449  9959 I flyar   : appID10163
10-12 14:27:16.389  9449  9959 I flyar   : in.amazon.mShop.android.shopping
10-12 14:27:16.389  9449  9959 I flyar   : appID10168
10-12 14:27:16.389  9449  9959 I flyar   : com.amdocs.backoffice.amdocsdialer
10-12 14:27:16.389  9449  9959 I flyar   : appID10021
10-12 14:27:16.389  9449  9959 I flyar   : com.google.android.apps.walletnfcrel
10-12 14:27:16.389  9449  9959 I flyar   : appID10145
10-12 14:27:16.389  9449  9959 I flyar   : com.sonymobile.androidapp.audiorecorder
10-12 14:27:16.389  9449  9959 I flyar   : appID10089
10-12 14:27:16.389  9449  9959 I flyar   : com.axis.mobile
10-12 14:27:16.389  9449  9959 I flyar   : appID10082
10-12 14:27:16.389  9449  9959 I flyar   : com.bt.bms
10-12 14:27:16.389  9449  9959 I flyar   : appID10028
10-12 14:27:16.389  9449  9959 I flyar   : com.google.android.calendar
10-12 14:27:16.389  9449  9959 I flyar   : appID10001
10-12 14:27:16.389  9449  9959 I flyar   : com.android.providers.calendar
10-12 14:27:16.389  9449  9959 I flyar   : appID10042
10-12 14:27:16.389  9449  9959 I flyar   : com.google.android.GoogleCamera
10-12 14:27:16.389  9449  9959 I flyar   : appID10098
10-12 14:27:16.389  9449  9959 I flyar   : com.android.captiveportallogin
10-12 14:27:16.389  9449  9959 I flyar   : appID10174
10-12 14:27:16.389  9449  9959 I flyar   : uk.co.aifactory.chessfree
10-12 14:27:16.389  9449  9959 I flyar   : appID10031
10-12 14:27:16.389  9449  9959 I flyar   : com.android.chrome
10-12 14:27:16.389  9449  9959 I flyar   : appID10081
10-12 14:27:16.389  9449  9959 I flyar   : com.cleanmaster.mguard
10-12 14:27:16.389  9449  9959 I flyar   : appID10033
10-12 14:27:16.389  9449  9959 I flyar   : com.google.android.deskclock
10-12 14:27:16.389  9449  9959 I flyar   : appID10032
10-12 14:27:16.389  9449  9959 I flyar   : com.google.android.apps.cloudprint
10-12 14:27:16.389  9449  9959 I flyar   : appID10002
10-12 14:27:16.389  9449  9959 I flyar   : com.google.android.configupdater
10-12 14:27:16.389  9449  9959 I flyar   : appID10094
10-12 14:27:16.389  9449  9959 I flyar   : com.google.android.contacts
10-12 14:27:16.389  9449  9959 I flyar   : appID10167
10-12 14:27:16.389  9449  9959 I flyar   : com.airwatch.contentlocker
10-12 14:27:16.389  9449  9959 I flyar   : appID10074
10-12 14:27:16.389  9449  9959 I flyar   : com.om.assure.plus
10-12 14:27:16.389  9449  9959 I flyar   : appID10105
10-12 14:27:16.389  9449  9959 I flyar   : com.google.android.apps.enterprise.dmagent
10-12 14:27:16.389  9449  9959 I flyar   : appID10106
10-12 14:27:16.389  9449  9959 I flyar   : com.google.android.apps.docs.editors.docs
10-12 14:27:16.389  9449  9959 I flyar   : appID10099
10-12 14:27:16.389  9449  9959 I flyar   : com.Dominos
10-12 14:27:16.389  9449  9959 I flyar   : appID10005
10-12 14:27:16.389  9449  9959 I flyar   : com.android.providers.downloads
10-12 14:27:16.390  9449  9959 I flyar   : appID10035
10-12 14:27:16.390  9449  9959 I flyar   : com.google.android.apps.docs
10-12 14:27:16.390  9449  9959 I flyar   : appID10087
10-12 14:27:16.390  9449  9959 I flyar   : com.dropbox.android
10-12 14:27:16.390  9449  9959 I flyar   : appID10102
10-12 14:27:16.390  9449  9959 I flyar   : com.estrongs.android.pop
10-12 14:27:16.390  9449  9959 I flyar   : appID10139
10-12 14:27:16.390  9449  9959 I flyar   : com.microsoft.office.excel
10-12 14:27:16.390  9449  9959 I flyar   : appID10118
10-12 14:27:16.390  9449  9959 I flyar   : com.google.android.gm.exchange
10-12 14:27:16.390  9449  9959 I flyar   : appID10116
10-12 14:27:16.390  9449  9959 I flyar   : com.google.android.apps.fitness
10-12 14:27:16.390  9449  9959 I flyar   : appID10077
10-12 14:27:16.390  9449  9959 I flyar   : cn.andouya
10-12 14:27:16.390  9449  9959 I flyar   : appID10049
10-12 14:27:16.390  9449  9959 I flyar   : com.flipkart.android
10-12 14:27:16.390  9449  9959 I flyar   : appID10103
10-12 14:27:16.390  9449  9959 I flyar   : com.freecharge.android
10-12 14:27:16.390  9449  9959 I flyar   : appID10162
10-12 14:27:16.390  9449  9959 I flyar   : com.santosh.gps
10-12 14:27:16.390  9449  9959 I flyar   : appID10037
10-12 14:27:16.390  9449  9959 I flyar   : com.cyngn.gallerynext
10-12 14:27:16.390  9449  9959 I flyar   : appID10113
10-12 14:27:16.390  9449  9959 I flyar   : free.programming.programming
10-12 14:27:16.390  9449  9959 I flyar   : appID10128
10-12 14:27:16.390  9449  9959 I flyar   : com.glassdoor.app
10-12 14:27:16.390  9449  9959 I flyar   : appID10041
10-12 14:27:16.390  9449  9959 I flyar   : com.google.android.gm
10-12 14:27:16.390  9449  9959 I flyar   : appID10179
10-12 14:27:16.390  9449  9959 I flyar   : com.ezy.goair
10-12 14:27:16.390  9449  9959 I flyar   : appID10019
10-12 14:27:16.390  9449  9959 I flyar   : com.google.android.googlequicksearchbox
10-12 14:27:16.390  9449  9959 I flyar   : appID10153
10-12 14:27:16.390  9449  9959 I flyar   : com.google.android.apps.gcs
10-12 14:27:16.390  9449  9959 I flyar   : appID10086
10-12 14:27:16.390  9449  9959 I flyar   : com.google.android.syncadapters.contacts
10-12 14:27:16.390  9449  9959 I flyar   : appID10045
10-12 14:27:16.390  9449  9959 I flyar   : com.google.android.apps.inputmethod.hindi
10-12 14:27:16.390  9449  9959 I flyar   : appID10054
10-12 14:27:16.390  9449  9959 I flyar   : com.google.android.inputmethod.latin
10-12 14:27:16.390  9449  9959 I flyar   : appID10053
10-12 14:27:16.390  9449  9959 I flyar   : com.google.android.inputmethod.korean
10-12 14:27:16.390  9449  9959 I flyar   : appID10011
10-12 14:27:16.390  9449  9959 I flyar   : com.google.android.partnersetup
10-12 14:27:16.390  9449  9959 I flyar   : appID10047
10-12 14:27:16.390  9449  9959 I flyar   : com.google.android.inputmethod.pinyin
10-12 14:27:16.390  9449  9959 I flyar   : appID10025
10-12 14:27:16.390  9449  9959 I flyar   : com.google.android.apps.books
10-12 14:27:16.390  9449  9959 I flyar   : appID10070
10-12 14:27:16.390  9449  9959 I flyar   : com.google.android.videos
10-12 14:27:16.390  9449  9959 I flyar   : appID10058
10-12 14:27:16.390  9449  9959 I flyar   : com.google.android.music
10-12 14:27:16.390  9449  9959 I flyar   : appID10056
10-12 14:27:16.390  9449  9959 I flyar   : com.google.android.apps.magazines
10-12 14:27:16.390  9449  9959 I flyar   : appID10014
10-12 14:27:16.390  9449  9959 I flyar   : com.android.vending
10-12 14:27:16.390  9449  9959 I flyar   : appID10007
10-12 14:27:16.390  9449  9959 I flyar   : com.google.android.gms
10-12 14:27:16.390  9449  9959 I flyar   : appID10048
10-12 14:27:16.390  9449  9959 I flyar   : com.google.android.tts
10-12 14:27:16.390  9449  9959 I flyar   : appID10063
10-12 14:27:16.390  9449  9959 I flyar   : com.google.android.apps.plus
10-12 14:27:16.390  9449  9959 I flyar   : appID10171
10-12 14:27:16.390  9449  9959 I flyar   : com.grofers.customerapp
10-12 14:27:16.390  9449  9959 I flyar   : appID10051
10-12 14:27:16.390  9449  9959 I flyar   : com.google.android.talk
10-12 14:27:16.390  9449  9959 I flyar   : appID10146
10-12 14:27:16.390  9449  9959 I flyar   : io.cordova.hellocordova
10-12 14:27:16.390  9449  9959 I flyar   : appID10088
10-12 14:27:16.390  9449  9959 I flyar   : com.kog.alarmclock
10-12 14:27:16.390  9449  9959 I flyar   : appID10135
10-12 14:27:16.390  9449  9959 I flyar   : com.irctc.main
10-12 14:27:16.390  9449  9959 I flyar   : appID10178
10-12 14:27:16.391  9449  9959 I flyar   : in.goindigo.android
10-12 14:27:16.391  9449  9959 I flyar   : appID10085
10-12 14:27:16.391  9449  9959 I flyar   : com.android.statementservice
10-12 14:27:16.391  9449  9959 I flyar   : appID10149
10-12 14:27:16.391  9449  9959 I flyar   : com.jabong.android
10-12 14:27:16.391  9449  9959 I flyar   : appID10137
10-12 14:27:16.391  9449  9959 I flyar   : com.jetairways
10-12 14:27:16.391  9449  9959 I flyar   : appID10093
10-12 14:27:16.391  9449  9959 I flyar   : com.jio.media.jiobeats
10-12 14:27:16.391  9449  9959 I flyar   : appID10120
10-12 14:27:16.391  9449  9959 I flyar   : com.jiochat.jiochatapp
10-12 14:27:16.391  9449  9959 I flyar   : appID10138
10-12 14:27:16.391  9449  9959 I flyar   : jio.cloud.drive
10-12 14:27:16.391  9449  9959 I flyar   : appID10185
10-12 14:27:16.391  9449  9959 I flyar   : com.jio.join
10-12 14:27:16.391  9449  9959 I flyar   : appID10186
10-12 14:27:16.391  9449  9959 I flyar   : com.jio.media.jiomags
10-12 14:27:16.391  9449  9959 I flyar   : appID10187
10-12 14:27:16.391  9449  9959 I flyar   : com.corpay.mwallet
10-12 14:27:16.391  9449  9959 I flyar   : appID10188
10-12 14:27:16.391  9449  9959 I flyar   : com.jio.media.ondemand
10-12 14:27:16.391  9449  9959 I flyar   : appID10189
10-12 14:27:16.391  9449  9959 I flyar   : com.jio.jioplay.tv
10-12 14:27:16.391  9449  9959 I flyar   : appID10190
10-12 14:27:16.391  9449  9959 I flyar   : com.reliancejio.mobilesecurity
10-12 14:27:16.391  9449  9959 I flyar   : appID10191
10-12 14:27:16.391  9449  9959 I flyar   : com.jio.media.jioxpressnews
10-12 14:27:16.391  9449  9959 I flyar   : appID10052
10-12 14:27:16.391  9449  9959 I flyar   : com.google.android.keep
10-12 14:27:16.391  9449  9959 I flyar   : appID10109
10-12 14:27:16.391  9449  9959 I flyar   : com.linkedin.android
10-12 14:27:16.391  9449  9959 I flyar   : appID10083
10-12 14:27:16.391  9449  9959 I flyar   : com.springwalk.mediaconverter
10-12 14:27:16.391  9449  9959 I flyar   : appID10076
10-12 14:27:16.391  9449  9959 I flyar   : com.mxtech.videoplayer.ad
10-12 14:27:16.391  9449  9959 I flyar   : appID10126
10-12 14:27:16.391  9449  9959 I flyar   : in.bsnl.portal.bsnlportal
10-12 14:27:16.391  9449  9959 I flyar   : appID10057
10-12 14:27:16.391  9449  9959 I flyar   : com.google.android.apps.maps
10-12 14:27:16.391  9449  9959 I flyar   : appID10009
10-12 14:27:16.391  9449  9959 I flyar   : com.google.android.feedback
10-12 14:27:16.391  9449  9959 I flyar   : appID10026
10-12 14:27:16.391  9449  9959 I flyar   : fr.slvn.mms
10-12 14:27:16.391  9449  9959 I flyar   : appID10100
10-12 14:27:16.391  9449  9959 I flyar   : com.google.android.apps.messaging
10-12 14:27:16.391  9449  9959 I flyar   : appID10182
10-12 14:27:16.391  9449  9959 I flyar   : com.facebook.orca
10-12 14:27:16.391  9449  9959 I flyar   : appID10156
10-12 14:27:16.391  9449  9959 I flyar   : com.musixmatch.android.lyrify
10-12 14:27:16.391  9449  9959 I flyar   : appID10192
10-12 14:27:16.391  9449  9959 I flyar   : com.jio.myjio
10-12 14:27:16.391  9449  9959 I flyar   : appID10134
10-12 14:27:16.391  9449  9959 I flyar   : com.mventus.selfcare.activity
10-12 14:27:16.391  9449  9959 I flyar   : appID10180
10-12 14:27:16.391  9449  9959 I flyar   : com.myntra.android
10-12 14:27:16.391  9449  9959 I flyar   : appID10104
10-12 14:27:16.391  9449  9959 I flyar   : naukriApp.appModules.login
10-12 14:27:16.391  9449  9959 I flyar   : appID10040
10-12 14:27:16.391  9449  9959 I flyar   : com.google.android.apps.genie.geniewidget
10-12 14:27:16.391  9449  9959 I flyar   : appID10101
10-12 14:27:16.391  9449  9959 I flyar   : com.olacabs.customer
10-12 14:27:16.391  9449  9959 I flyar   : appID10133
10-12 14:27:16.391  9449  9959 I flyar   : org.ppsspp.ppsspp
10-12 14:27:16.391  9449  9959 I flyar   : appID10059
10-12 14:27:16.391  9449  9959 I flyar   : com.android.pacprocessor
10-12 14:27:16.391  9449  9959 I flyar   : appID10110
10-12 14:27:16.391  9449  9959 I flyar   : net.one97.paytm
10-12 14:27:16.391  9449  9959 I flyar   : appID10008
10-12 14:27:16.391  9449  9959 I flyar   : com.google.android.dialer
10-12 14:27:16.391  9449  9959 I flyar   : appID10117
10-12 14:27:16.391  9449  9959 I flyar   : com.google.android.apps.photos
10-12 14:27:16.391  9449  9959 I flyar   : appID10124
10-12 14:27:16.392  9449  9959 I flyar   : com.scee.psxandroid
10-12 14:27:16.392  9449  9959 I flyar   : appID10181
10-12 14:27:16.392  9449  9959 I flyar   : com.icicibank.pockets
10-12 14:27:16.392  9449  9959 I flyar   : appID10015
10-12 14:27:16.392  9449  9959 I flyar   : com.android.proxyhandler
10-12 14:27:16.392  9449  9959 I flyar   : appID10066
10-12 14:27:16.392  9449  9959 I flyar   : com.att.q.activity
10-12 14:27:16.392  9449  9959 I flyar   : appID10157
10-12 14:27:16.392  9449  9959 I flyar   : me.scan.android.client
10-12 14:27:16.392  9449  9959 I flyar   : appID10121
10-12 14:27:16.392  9449  9959 I flyar   : com.quikr
10-12 14:27:16.392  9449  9959 I flyar   : appID10140
10-12 14:27:16.392  9449  9959 I flyar   : com.sbi.SBISecure
10-12 14:27:16.392  9449  9959 I flyar   : appID10176
10-12 14:27:16.392  9449  9959 I flyar   : com.lenovo.anyshare.gps
10-12 14:27:16.392  9449  9959 I flyar   : appID10160
10-12 14:27:16.392  9449  9959 I flyar   : com.ssbtips.and.suggestions
10-12 14:27:16.392  9449  9959 I flyar   : appID10184
10-12 14:27:16.392  9449  9959 I flyar   : com.ssb.ssbinterview
10-12 14:27:16.392  9449  9959 I flyar   : appID10161
10-12 14:27:16.392  9449  9959 I flyar   : com.ssb.ssbinterviewmasterr
10-12 14:27:16.392  9449  9959 I flyar   : appID10177
10-12 14:27:16.392  9449  9959 I flyar   : com.ssbpsy.ssb
10-12 14:27:16.392  9449  9959 I flyar   : appID10016
10-12 14:27:16.392  9449  9959 I flyar   : com.google.android.setupwizard
10-12 14:27:16.392  9449  9959 I flyar   : appID10108
10-12 14:27:16.392  9449  9959 I flyar   : com.javaexp.shareapk
10-12 14:27:16.392  9449  9959 I flyar   : appID10111
10-12 14:27:16.392  9449  9959 I flyar   : com.google.android.apps.docs.editors.sheets
10-12 14:27:16.392  9449  9959 I flyar   : appID10078
10-12 14:27:16.392  9449  9959 I flyar   : com.skype.raider
10-12 14:27:16.392  9449  9959 I flyar   : appID10154
10-12 14:27:16.392  9449  9959 I flyar   : com.microsoft.office.lync15
10-12 14:27:16.392  9449  9959 I flyar   : appID10115
10-12 14:27:16.392  9449  9959 I flyar   : com.google.android.apps.docs.editors.slides
10-12 14:27:16.392  9449  9959 I flyar   : appID10075
10-12 14:27:16.392  9449  9959 I flyar   : com.damiapp.softdatacable
10-12 14:27:16.392  9449  9959 I flyar   : appID10097
10-12 14:27:16.392  9449  9959 I flyar   : org.zwanoo.android.speedtest
10-12 14:27:16.392  9449  9959 I flyar   : appID10096
10-12 14:27:16.392  9449  9959 I flyar   : com.Splitwise.SplitwiseMobile
10-12 14:27:16.392  9449  9959 I flyar   : appID10183
10-12 14:27:16.392  9449  9959 I flyar   : com.ssbgtoFree
10-12 14:27:16.392  9449  9959 I flyar   : appID10143
10-12 14:27:16.392  9449  9959 I flyar   : com.stackexchange.marvin
10-12 14:27:16.392  9449  9959 I flyar   : appID10131
10-12 14:27:16.392  9449  9959 I flyar   : com.majedev.superbeam
10-12 14:27:16.392  9449  9959 I flyar   : appID10148
10-12 14:27:16.392  9449  9959 I flyar   : in.swiggy.android
10-12 14:27:16.392  9449  9959 I flyar   : appID10023
10-12 14:27:16.392  9449  9959 I flyar   : com.google.android.marvin.talkback
10-12 14:27:16.392  9449  9959 I flyar   : appID10073
10-12 14:27:16.392  9449  9959 I flyar   : com.mobstac.thehindu
10-12 14:27:16.392  9449  9959 I flyar   : appID10132
10-12 14:27:16.392  9449  9959 I flyar   : com.tinder
10-12 14:27:16.392  9449  9959 I flyar   : appID10170
10-12 14:27:16.392  9449  9959 I flyar   : com.nitrodesk.honey.nitroid
10-12 14:27:16.392  9449  9959 I flyar   : appID10112
10-12 14:27:16.392  9449  9959 I flyar   : devian.tubemate.home
10-12 14:27:16.392  9449  9959 I flyar   : appID10155
10-12 14:27:16.392  9449  9959 I flyar   : com.UCMobile.intl
10-12 14:27:16.392  9449  9959 I flyar   : appID10166
10-12 14:27:16.392  9449  9959 I flyar   : com.ubercab
10-12 14:27:16.392  9449  9959 I flyar   : appID10136
10-12 14:27:16.392  9449  9959 I flyar   : org.videolan.vlc.betav7neon
10-12 14:27:16.392  9449  9959 I flyar   : appID10129
10-12 14:27:16.392  9449  9959 I flyar   : br.com.vodain.ringbacktones
10-12 14:27:16.392  9449  9959 I flyar   : appID10142
10-12 14:27:16.392  9449  9959 I flyar   : com.paytm.paywith
10-12 14:27:16.392  9449  9959 I flyar   : appID10144
10-12 14:27:16.392  9449  9959 I flyar   : com.amdocs.webtrax
10-12 14:27:16.392  9449  9959 I flyar   : appID10084
10-12 14:27:16.392  9449  9959 I flyar   : com.whatsapp
10-12 14:27:16.393  9449  9959 I flyar   : appID10114
10-12 14:27:16.393  9449  9959 I flyar   : cn.xender
10-12 14:27:16.393  9449  9959 I flyar   : appID10071
10-12 14:27:16.393  9449  9959 I flyar   : com.google.android.youtube
10-12 14:27:16.393  9449  9959 I flyar   : appID10150
10-12 14:27:16.393  9449  9959 I flyar   : com.application.zomato
10-12 14:27:16.393  9449  9959 I flyar   : appID10044
10-12 14:27:16.393  9449  9959 I flyar   : com.bigbasket.mobileapp
10-12 14:27:16.393  9449  9959 I flyar   : appID10095
10-12 14:27:16.393  9449  9959 I flyar   : com.android.managedprovisioning
10-12 14:27:16.393  9449  9959 I flyar   : appID10141
10-12 14:27:16.393  9449  9959 I flyar   : com.ebay.mobile
10-12 14:27:16.393  9449  9959 I flyar   : appID10127
10-12 14:27:16.393  9449  9959 I flyar   : com.global.foodpanda.android
10-12 14:27:16.393  9449  9959 I flyar   : appID10091
10-12 14:27:16.393  9449  9959 I flyar   : com.bsb.hike
10-12 14:27:16.393  9449  9959 I flyar   : appID10152
10-12 14:27:16.393  9449  9959 I flyar   : com.csam.icici.bank.imobile
10-12 14:27:16.393  9449  9959 I flyar   : appID10107
10-12 14:27:16.393  9449  9959 I flyar   : com.imo.android.imoim
10-12 14:27:16.393  9449  9959 I flyar   : appID10079
10-12 14:27:16.393  9449  9959 I flyar   : scheduler.scheduler
10-12 14:27:16.393  9449  9959 I flyar   : appID10090
10-12 14:27:16.393  9449  9959 I flyar   : com.utorrent.client
10-12 14:27:16.468  9946  9946 W System  : ClassLoader referenced unknown path: /data/app/in.amazon.mShop.android.shopping-2/lib/arm
10-12 14:27:16.547  9946  9946 V ApplicationStateListener: Application is created at time: 1476262636545
10-12 14:27:16.765  9946  9946 D LocaleManager: Initial Locale Is: en_IN
10-12 14:27:16.769  9946  9946 I WebViewFactory: Loading com.google.android.webview version 49.0.2623.105 (code 262310500)
10-12 14:27:16.827  9946  9946 I cr_LibraryLoader: Time to load native libraries: 1 ms (timestamps 349-350)
10-12 14:27:16.827  9946  9946 I cr_LibraryLoader: Expected native library version number "49.0.2623.105", actual native library version number "49.0.2623.105"
10-12 14:27:16.857  9946  9946 W LocaleManager: Default CookieHandler was null
10-12 14:27:16.892  9946  9946 I DPLogger: DPLogger - Name was too long. Truncating; original name: BaseMetricsServiceFactory, truncated name: BaseMetricsServiceFacto
10-12 14:27:16.893  9946  9946 I DPLogger: DPLogger - Name was too long. Truncating; original name: MetricsConfigurationParser, truncated name: MetricsConfigurationPar
10-12 14:27:16.894  9946  9946 I MetricsConfigurationPar: MetricsConfigurationParser - Picking configuration; Domain: prod, Build: user, isDebuggable: false
10-12 14:27:16.908  9946  9946 I DPLogger: DPLogger - Name was too long. Truncating; original name: TComm.HttpClientSrrManager, truncated name: TComm.HttpClientSrrMana
10-12 14:27:16.911  9946  9946 I DPLogger: DPLogger - Name was too long. Truncating; original name: AndroidDeviceInfoManager, truncated name: AndroidDeviceInfoManage
10-12 14:27:16.911  9946  9946 I DPLogger: DPLogger - Name was too long. Truncating; original name: Metrics:BoundedByteArrayQueue, truncated name: Metrics:BoundedByteArra
10-12 14:27:16.912  9946  9946 I DPLogger: DPLogger - Name was too long. Truncating; original name: Metrics:NonVolatileBoundedByteArrayQueue, truncated name: Metrics:NonVolatileBoun
10-12 14:27:16.914  9946  9946 I DPLogger: DPLogger - Name was too long. Truncating; original name: Metrics:BatchTransmitter, truncated name: Metrics:BatchTransmitte
10-12 14:27:16.914  9946  9946 I DPLogger: DPLogger - Name was too long. Truncating; original name: Metrics:ThreadPoolBatchTransmitter, truncated name: Metrics:ThreadPoolBatch
10-12 14:27:16.914  9946  9946 I DPLogger: DPLogger - Name was too long. Truncating; original name: PeriodicBatchTransmitter, truncated name: PeriodicBatchTransmitte
10-12 14:27:16.916  9946  9946 I DPLogger: DPLogger - Name was too long. Truncating; original name: Metrics:UrgentBatchTransmitter, truncated name: Metrics:UrgentBatchTran
10-12 14:27:16.916  9946  9946 W BaseMetricsServiceFacto: createMetricsService - Skipping batch pipeline setup for ; RESERVED_FOR_LOCATION_SERVICE:  because no configuration is provided.
10-12 14:27:16.917  9946  9946 I DPLogger: DPLogger - Name was too long. Truncating; original name: OverridingDeviceInfoManager, truncated name: OverridingDeviceInfoMan
10-12 14:27:16.924  9946  9987 I Metrics:BatchTransmitte: QueuePusher.sendBatches - Drained batch queue.; Number of NORMAL queue batches sent: 0
10-12 14:27:16.924  9946  9946 I DPLogger: DPLogger - Name was too long. Truncating; original name: MetricsBroadcastReceiver, truncated name: MetricsBroadcastReceive
10-12 14:27:16.927  9946  9988 I Metrics:BatchTransmitte: QueuePusher.sendBatches - Drained batch queue.; Number of HIGH queue batches sent: 0
10-12 14:27:16.928  9946  9989 I Metrics:BatchTransmitte: QueuePusher.sendBatches - Drained batch queue.; Number of RESERVED_FOR_NON_ANONYMOUS_METRICS queue batches sent: 0
10-12 14:27:16.947  9946  9946 I WebViewSuspensionPolicy: Registering timer controller
10-12 14:27:16.978  9946  9946 V WebViewChromiumFactoryProvider: Binding Chromium to main looper Looper (main, tid 1) {a789427}
10-12 14:27:16.979  9946  9946 I cr_LibraryLoader: Expected native library version number "49.0.2623.105", actual native library version number "49.0.2623.105"
10-12 14:27:16.981  9946  9946 I chromium: [INFO:library_loader_hooks.cc(144)] Chromium logging enabled: level = 0, default verbosity = 0
10-12 14:27:16.997  9946  9946 I cr_BrowserStartup: Initializing chromium process, singleProcess=true
10-12 14:27:17.019  9946  9946 I Adreno-EGL: <qeglDrvAPI_eglInitialize:379>: QUALCOMM Build: 10/21/15, 369a2ea, I96aee987eb
10-12 14:27:17.075  9946 10004 W cr_media: Requires BLUETOOTH permission
10-12 14:27:17.124   476   476 I chatty  : uid=1000(system) Binder_4 expire 2 lines
10-12 14:27:17.153  9946  9946 D cr_Ime  : [InputMethodManagerWrapper.java:27] Constructor
10-12 14:27:17.170  9946  9946 W cr_AwContents: onDetachedFromWindow called when already detached. Ignoring
10-12 14:27:17.171  9946  9946 D cr_Ime  : [InputMethodManagerWrapper.java:56] isActive: false
10-12 14:27:17.171  9946  9946 I CordovaLog: Changing log level to 6
10-12 14:27:17.177  9946  9946 V AmazonApplication: Unable to execute setConfigCallbackForViewRoot on Android Platform6.0.1
10-12 14:27:17.177  9946 10011 I ...h.device.api.MAPInit: Initializing MAP (130050002 / MAPAndroidLib-1.0.1385.1) for app in.amazon.mShop.android.shopping
10-12 14:27:17.178  9946 10011 I ...ing.PlatformSettings: DCP settings not available; using defaults
10-12 14:27:17.181   780   887 D WifiService: New client listening to asynchronous messages
10-12 14:27:17.181  9946 10011 I ...ures.FeatureSetCache: Caching feature IsolateApplication as false
10-12 14:27:17.184  9946 10011 I ...tils.CentralApkUtils: Cannot find amazon authenticator. returning null
10-12 14:27:17.184  9946  9946 I com.amazon.device.crashmanager.CrashDetectionHelper: Installing crash detector as default exception handler.
10-12 14:27:17.185  9946 10011 I ...tils.CentralApkUtils: No central apk detected. This should be a 3P device.
10-12 14:27:17.185  9946 10011 I ...taStorageFactoryImpl: Creating new DataStorageFactoryImpl
10-12 14:27:17.185  9946 10011 I ...taStorageFactoryImpl: Initializing new DataStorage
10-12 14:27:17.190  9946 10014 I com.amazon.device.crashmanager.CrashDetectionHelper: Skipping crash report upload. WiFi/Ethernet is not connected AND upload over WAN is not allowed
10-12 14:27:17.192  9946 10011 I ...DeviceAttributeCache: Setting device attribute CentralAPK to false
10-12 14:27:17.193  9946 10011 I ...taStorageFactoryImpl: Creating and using new DistributedDataStorage
10-12 14:27:17.196  9946 10015 D SecondDexEntry: Copying jar has error
10-12 14:27:17.196  9946 10015 D SecondDexEntry: java.io.FileNotFoundException: dependencies/jarlist.txt
10-12 14:27:17.196  9946 10015 D SecondDexEntry: 	at android.content.res.AssetManager.openAsset(Native Method)
10-12 14:27:17.196  9946 10015 D SecondDexEntry: 	at android.content.res.AssetManager.open(AssetManager.java:313)
10-12 14:27:17.196  9946 10015 D SecondDexEntry: 	at android.content.res.AssetManager.open(AssetManager.java:287)
10-12 14:27:17.196  9946 10015 D SecondDexEntry: 	at com.amazon.mShop.android.platform.dex.DexUtils.getDexFileListFromAssets(DexUtils.java:115)
10-12 14:27:17.196  9946 10015 D SecondDexEntry: 	at com.amazon.mShop.android.platform.dex.DexUtils.copyJarsToAppPrivateFolder(DexUtils.java:51)
10-12 14:27:17.196  9946 10015 D SecondDexEntry: 	at com.amazon.mShop.android.platform.dex.SecondDexEntry.extractDexAndLoad(SecondDexEntry.java:275)
10-12 14:27:17.196  9946 10015 D SecondDexEntry: 	at com.amazon.mShop.android.platform.dex.SecondDexEntry$ExtractAndFillClassLoader.run(SecondDexEntry.java:300)
10-12 14:27:17.196  9946 10015 D SecondDexEntry: 	at java.lang.Thread.run(Thread.java:818)
10-12 14:27:17.200  9946  9946 V AmazonApplication: Device metrics logging available in build
10-12 14:27:17.200  9946  9946 D DeviceMetricsLoggerImpl: Device Metrics Logging listener set
10-12 14:27:17.206  9946 10019 I ...amework.MAPInitTasks: Get DataStorage instance for initialization
10-12 14:27:17.206  9946 10019 I ...amework.MAPInitTasks: Initialize DataStorage instance
10-12 14:27:17.230  9946 10019 I ...amework.MAPInitTasks: Setup DataStorage instance
10-12 14:27:17.230  9946  9946 I ...rage.LambortishClock: Users clock moved. System time is 1476262637230 and timestamp is 1476262640414
10-12 14:27:17.231   780  2697 I ActivityManager: Killing 8597:com.application.zomato/u0a150 (adj 15): empty #17
10-12 14:27:17.274  9946 10020 D PartnerTaskDescriptor: com.amazon.mShop.treasuretruck.TreasureTruckStartUp does not exist in this build
10-12 14:27:17.274  9946 10020 D PartnerTaskDescriptor: com.amazon.mShop.fresh.FreshStartUp does not exist in this build
10-12 14:27:17.277  9946 10020 D PartnerTaskDescriptor: com.amazon.mShop.fling.FlingInitializer does not exist in this build
10-12 14:27:17.277  9946 10020 D PartnerTaskDescriptor: com.amazon.mShop.fling.wishListBottomSheet.WishListBottomSheetInitializer does not exist in this build
10-12 14:27:17.277  9946 10020 D PartnerTaskDescriptor: com.amazon.mShop.alexa.shopping.AlexaShoppingStartUp does not exist in this build
10-12 14:27:17.296   780  2696 D ActivityManager: cleanUpApplicationRecord -- 8597
10-12 14:27:17.299   780   790 D ConnectivityService: listenForNetwork for Listen from uid/pid:10163/9946 for NetworkRequest [ id=91, legacyType=-1, [ Capabilities: INTERNET&NOT_RESTRICTED&TRUSTED&NOT_VPN] ]
10-12 14:27:17.304  9946  9946 V ApplicationStateListener: Is Application.onCreate() for foreground: false
10-12 14:27:17.330  9946 10032 I ...eAccountPluginHolder: Returning Default multiple profile settings
10-12 14:27:48.130  5792  5817 I IMONATIVE: 2706520368 connect returned -1 fd: 27
10-12 14:27:48.130  5792  5817 I IMONATIVE: 2706520368 connect error: 101
10-12 14:28:00.030   780   793 I ActivityManager: Start proc 10073:com.UCMobile.intl/u0a155 for broadcast com.UCMobile.intl/com.uc.base.push.gcm.GCMLocalCommandReceiver
10-12 14:28:00.093  9567 10084 I ContextCompilationHandl: Compiling grammar for: en-US, type=CONTACT_DIALING
10-12 14:28:00.126   780   961 I ActivityManager: Start proc 10091:com.ssbtips.and.suggestions/u0a160 for broadcast com.ssbtips.and.suggestions/com.appyet.receiver.AlarmUpdateReceiver
10-12 14:28:00.149   780  2322 I ActivityManager: Start proc 10103:android.process.acore/u0a3 for content provider com.android.providers.contacts/.ContactsProvider2
10-12 14:28:00.187 10103 10103 W System  : ClassLoader referenced unknown path: /system/priv-app/ContactsProvider/lib/arm
10-12 14:28:00.191 10091 10091 I MultiDex: VM with version 2.1.0 has multidex support
10-12 14:28:00.191 10091 10091 I MultiDex: install
10-12 14:28:00.191 10091 10091 I MultiDex: VM has multidex support, MultiDex support library is disabled.
10-12 14:28:00.246 10103 10103 W System  : ClassLoader referenced unknown path: /system/app/UserDictionaryProvider/lib/arm
10-12 14:28:00.308 10103 10120 I ContactLocale: AddressBook Labels [en-US]: [, A, B, C, D, E, F, G, H, I, J, K, L, M, N, O, P, Q, R, S, T, U, V, W, X, Y, Z, , , , , , , , , , , , , , , , , , , , , , , , , , , , , , , , , , , , , , , , , , , , , , , , , , , , , , , , , , , , , , , , , , , , , , , , , , , , , , , , , , , , , , , , , , , , , , , , , , , , , , , , , , , , , , , , , , , , , , , , , , , , , , , , , , , , , , , , , , , , , , , , , , , , , , , , , , , , , , , , , , , , , , , , , , , , , , , , , , , , , , , , , , , #, ]
10-12 14:28:00.362 10091 10091 I DaoManager: Loaded configuration for class com.appyet.data.Feed
10-12 14:28:00.362 10091 10091 I DaoManager: Loaded configuration for class com.appyet.data.FeedItem
10-12 14:28:00.362 10091 10091 I DaoManager: Loaded configuration for class com.appyet.data.FileCache
10-12 14:28:00.362 10091 10091 I DaoManager: Loaded configuration for class com.appyet.data.Module
10-12 14:28:00.362 10091 10091 I DaoManager: Loaded configuration for class com.appyet.data.Web
10-12 14:28:00.362 10091 10091 I DaoManager: Loaded configuration for class com.appyet.data.Forum
10-12 14:28:00.362 10091 10091 I DaoManager: Loaded configuration for class com.appyet.data.ForumTopic
10-12 14:28:00.362 10091 10091 I DaoManager: Loaded configuration for class com.appyet.data.Document
10-12 14:28:00.384 10091 10091 I GAv4    : Google Analytics 8.4.87 is starting up. To enable debug logging on a device run:
10-12 14:28:00.384 10091 10091 I GAv4    :   adb shell setprop log.tag.GAv4 DEBUG
10-12 14:28:00.384 10091 10091 I GAv4    :   adb logcat -s GAv4
10-12 14:28:00.419   780  2696 I ActivityManager: Killing 9066:com.quikr/u0a121 (adj 15): empty #17
10-12 14:28:00.449   780  2320 D ActivityManager: cleanUpApplicationRecord -- 9066
10-12 14:28:00.568 10091 10135 E pixel   : Unable to resolve host "www.appyet.com": No address associated with hostname
10-12 14:28:00.568 10091 10135 W System.err: java.net.UnknownHostException: Unable to resolve host "www.appyet.com": No address associated with hostname
10-12 14:28:00.583 10091 10135 W System.err: 	at java.net.InetAddress.lookupHostByName(InetAddress.java:470)
10-12 14:28:00.583 10091 10135 W System.err: 	at java.net.InetAddress.getAllByNameImpl(InetAddress.java:252)
10-12 14:28:00.583 10091 10135 W System.err: 	at java.net.InetAddress.getAllByName(InetAddress.java:215)
10-12 14:28:00.583 10091 10135 W System.err: 	at com.squareup.okhttp.internal.Network$1.resolveInetAddresses(Network.java:29)
10-12 14:28:00.583 10091 10135 W System.err: 	at com.squareup.okhttp.internal.http.RouteSelector.resetNextInetSocketAddress(RouteSelector.java:187)
10-12 14:28:00.583 10091 10135 W System.err: 	at com.squareup.okhttp.internal.http.RouteSelector.nextProxy(RouteSelector.java:156)
10-12 14:28:00.583 10091 10135 W System.err: 	at com.squareup.okhttp.internal.http.RouteSelector.next(RouteSelector.java:98)
10-12 14:28:00.583 10091 10135 W System.err: 	at com.squareup.okhttp.internal.http.HttpEngine.createNextConnection(HttpEngine.java:344)
10-12 14:28:00.583 10091 10135 W System.err: 	at com.squareup.okhttp.internal.http.HttpEngine.connect(HttpEngine.java:327)
10-12 14:28:00.583 10091 10135 W System.err: 	at com.squareup.okhttp.internal.http.HttpEngine.sendRequest(HttpEngine.java:245)
10-12 14:28:00.583 10091 10135 W System.err: 	at com.squareup.okhttp.Call.getResponse(Call.java:267)
10-12 14:28:00.583 10091 10135 W System.err: 	at com.squareup.okhttp.Call$ApplicationInterceptorChain.proceed(Call.java:224)
10-12 14:28:00.583 10091 10135 W System.err: 	at com.squareup.okhttp.Call.getResponseWithInterceptorChain(Call.java:195)
10-12 14:28:00.583 10091 10135 W System.err: 	at com.squareup.okhttp.Call.execute(Call.java:79)
10-12 14:28:00.583 10091 10135 W System.err: 	at com.appyet.e.o.a(NetworkManager.java:300)
10-12 14:28:00.583 10091 10135 W System.err: 	at com.appyet.e.g.a(FileManager.java:124)
10-12 14:28:00.583 10091 10135 W System.err: 	at com.appyet.e.r.a(SyncManager.java:6483)
10-12 14:28:00.583 10091 10135 W System.err: 	at com.appyet.receiver.AlarmUpdateReceiver$a.d(AlarmUpdateReceiver.java:30)
10-12 14:28:00.583 10091 10135 W System.err: 	at com.appyet.receiver.AlarmUpdateReceiver$a.b(AlarmUpdateReceiver.java:25)
10-12 14:28:00.583 10091 10135 W System.err: 	at com.appyet.g.a$2.call(AsyncTask.java:255)
10-12 14:28:00.583 10091 10135 W System.err: 	at java.util.concurrent.FutureTask.run(FutureTask.java:237)
10-12 14:28:00.583 10091 10135 W System.err: 	at java.util.concurrent.ThreadPoolExecutor.runWorker(ThreadPoolExecutor.java:1113)
10-12 14:28:00.583 10091 10135 W System.err: 	at java.util.concurrent.ThreadPoolExecutor$Worker.run(ThreadPoolExecutor.java:588)
10-12 14:28:00.583 10091 10135 W System.err: 	at java.lang.Thread.run(Thread.java:818)
10-12 14:28:00.583 10091 10135 W System.err: Caused by: android.system.GaiException: android_getaddrinfo failed: EAI_NODATA (No address associated with hostname)
10-12 14:28:00.584 10091 10135 W System.err: 	at libcore.io.Posix.android_getaddrinfo(Native Method)
10-12 14:28:00.584 10091 10135 W System.err: 	at libcore.io.ForwardingOs.android_getaddrinfo(ForwardingOs.java:55)
10-12 14:28:00.584 10091 10135 W System.err: 	at java.net.InetAddress.lookupHostByName(InetAddress.java:451)
10-12 14:28:00.584 10091 10135 W System.err: 	... 23 more
10-12 14:28:00.677   780  1917 I ActivityManager: Killing 9431:cn.xender/u0a114 (adj 15): empty #17
10-12 14:28:00.718  9567 10084 I ContextCompilationHandl: Recognition context unchanged for CONTACT_DIALING en-US
10-12 14:28:00.718  9567 10084 I ContextCompilationHandl: Compiling grammar for: en-US, type=HANDS_FREE_COMMANDS
10-12 14:28:00.731  9567 10084 I ContextCompilationHandl: Recognition context unchanged for HANDS_FREE_COMMANDS en-US
10-12 14:28:00.731  9567 10084 I ContextCompilationHandl: Compiling grammar for: en-US, type=CONTACT_NAMES
10-12 14:28:00.734   780  6670 D ActivityManager: cleanUpApplicationRecord -- 9431
10-12 14:28:00.800  9772  9772 D CellBroadcastReceiver: subscriptionId = 2
10-12 14:28:00.852  9567 10084 I ContextCompilationHandl: Recognition context unchanged for CONTACT_NAMES en-US
10-12 14:28:00.856  9567 10084 I ContextCompilationHandl: Compiling grammar for: en-US, type=APP_NAMES
10-12 14:28:00.873 10103 10120 D ContactDirectoryManager: Found com.google.contacts.gal.provider
10-12 14:28:00.873 10103 10120 D ContactDirectoryManager: Found com.google.android.gm.exchange.directory.provider
10-12 14:28:00.896   780  6670 I ActivityManager: Start proc 10166:com.google.android.gm.exchange/u0a118 for content provider com.google.android.gm.exchange/com.android.exchange.provider.ExchangeDirectoryProvider
10-12 14:28:00.926  9567  9629 W ThreadPoolDumper: Queue length for executor IcingConnectionExecutor with 1 threads is now 8. Perhaps some tasks are too long, or the pool is too small.
10-12 14:28:00.927   780  2697 I ActivityManager: Killing 8933:com.google.android.talk/u0a51 (adj 15): empty #17
10-12 14:28:00.970   780   789 I chatty  : uid=1000(system) HeapTaskDaemon expire 2 lines
10-12 14:28:30.122   780   790 D ActivityManager: cleanUpApplicationRecord -- 8933
10-12 14:28:30.203 10166 10166 W System  : ClassLoader referenced unknown path: /system/app/PrebuiltExchange3Google/lib/arm
10-12 14:28:30.256  1320 10218 W IcingInternalCorpora: getNumBytesRead when not calculated.
10-12 14:28:30.296   780  2323 I ActivityManager: Start proc 10232:com.google.process.gapps/u0a86 for content provider com.google.android.syncadapters.contacts/.GalProvider
10-12 14:28:30.318   780  1684 I ActivityManager: Killing 9616:com.google.android.partnersetup/u0a11 (adj 15): empty #17
10-12 14:28:30.328 10166 10166 W GAV2    : Thread[main,5,main]: Need to call initialize() and be in fallback mode to start dispatch.
10-12 14:28:30.333  1320  7083 I Icing   : Query from com.google.android.googlequicksearchbox package restrict com.google.android.googlequicksearchbox start 0 num 1000
10-12 14:28:30.347   780  1915 D ActivityManager: cleanUpApplicationRecord -- 9616
10-12 14:28:30.364 10232 10232 W System  : ClassLoader referenced unknown path: /system/app/GoogleContactsSyncAdapter/lib/arm
10-12 14:28:30.393 10232 10232 I GoogleHttpClient: GMS http client unavailable, use old client
10-12 14:28:30.413  1320  1535 I Icing   : Usage reports 0 indexed 0 rejected 0 imm upload true
10-12 14:28:30.416 10103 10120 I ContactDirectoryManager: deleted 0 stale rows which don't have any relevant directory
10-12 14:28:30.465 10103 10120 I ContactDirectoryManager: Discovered 0 contact directories in 30058ms
10-12 14:28:30.514  1320  1535 I Icing   : Usage reports 0 indexed 0 rejected 0 imm upload true
10-12 14:28:43.115  9567 10084 I ContextCompilationHandl: Recognition context unchanged for APP_NAMES en-US
10-12 14:28:43.115  9567 10084 I ContextCompilationHandl: Compiling grammar for: en-US, type=MUSIC_NAMES
10-12 14:28:43.131 10091 10281 E pixel   : Unable to resolve host "www.appyet.com": No address associated with hostname
10-12 14:28:43.131 10091 10281 W System.err: java.net.UnknownHostException: Unable to resolve host "www.appyet.com": No address associated with hostname
10-12 14:28:43.132 10091 10281 W System.err: 	at java.net.InetAddress.lookupHostByName(InetAddress.java:440)
10-12 14:28:43.132 10091 10281 W System.err: 	at java.net.InetAddress.getAllByNameImpl(InetAddress.java:252)
10-12 14:28:43.132 10091 10281 W System.err: 	at java.net.InetAddress.getAllByName(InetAddress.java:215)
10-12 14:28:43.132 10091 10281 W System.err: 	at com.squareup.okhttp.internal.Network$1.resolveInetAddresses(Network.java:29)
10-12 14:28:43.132 10091 10281 W System.err: 	at com.squareup.okhttp.internal.http.RouteSelector.resetNextInetSocketAddress(RouteSelector.java:187)
10-12 14:28:43.132 10091 10281 W System.err: 	at com.squareup.okhttp.internal.http.RouteSelector.nextProxy(RouteSelector.java:156)
10-12 14:28:43.132 10091 10281 W System.err: 	at com.squareup.okhttp.internal.http.RouteSelector.next(RouteSelector.java:98)
10-12 14:28:43.132 10091 10281 W System.err: 	at com.squareup.okhttp.internal.http.HttpEngine.createNextConnection(HttpEngine.java:344)
10-12 14:28:43.132 10091 10281 W System.err: 	at com.squareup.okhttp.internal.http.HttpEngine.connect(HttpEngine.java:327)
10-12 14:28:43.132 10091 10281 W System.err: 	at com.squareup.okhttp.internal.http.HttpEngine.sendRequest(HttpEngine.java:245)
10-12 14:28:43.132 10091 10281 W System.err: 	at com.squareup.okhttp.Call.getResponse(Call.java:267)
10-12 14:28:43.132 10091 10281 W System.err: 	at com.squareup.okhttp.Call$ApplicationInterceptorChain.proceed(Call.java:224)
10-12 14:28:43.132 10091 10281 W System.err: 	at com.squareup.okhttp.Call.getResponseWithInterceptorChain(Call.java:195)
10-12 14:28:43.132 10091 10281 W System.err: 	at com.squareup.okhttp.Call.execute(Call.java:79)
