10-12 13:24:52.387   780   888 D ConnectivityService: updateNetworkScore for NetworkAgentInfo [WIFI () - 106] to 59
10-12 13:24:53.426   780   878 I PowerManagerService: Going to sleep due to power button (uid 1000)...
10-12 13:24:53.427   780   803 I PowerManagerService: Sleeping (uid 1000)...
10-12 13:24:53.998   780   801 I DisplayManagerService: Display device changed state: "Built-in Screen", OFF
10-12 13:24:55.237   780   888 D ConnectivityService: NetworkAgentInfo [WIFI () - 106] EVENT_NETWORK_INFO_CHANGED, going from CONNECTING to CONNECTED
10-12 13:24:55.237   780   888 D ConnectivityService: Adding iface wlan0 to network 106
10-12 13:24:55.320   780   888 E ConnectivityService: Unexpected mtu value: 0, wlan0
10-12 13:24:55.320   780   888 D ConnectivityService: Adding Route [fe80::/64 -> :: wlan0] to network 106
10-12 13:24:55.320   780   888 D ConnectivityService: Adding Route [10.75.128.0/18 -> 0.0.0.0 wlan0] to network 106
10-12 13:24:55.321   780   888 D ConnectivityService: Adding Route [0.0.0.0/0 -> 10.75.128.1 wlan0] to network 106
10-12 13:24:55.322   780   888 D ConnectivityService: Setting Dns servers for network 106 to [/115.112.18.130, /115.112.18.22, /121.242.190.210, /121.242.190.181]
10-12 13:24:55.330   780   888 D ConnectivityService: notifyType IP_CHANGED for NetworkAgentInfo [WIFI () - 106]
10-12 13:24:55.340   780   888 D ConnectivityService: scheduleUnvalidatedPrompt 106
10-12 13:24:55.340   780   888 D ConnectivityService: updateSignalStrengthThresholds: CONNECT, sending [] to NetworkAgentInfo [WIFI () - 106]
10-12 13:24:55.341   780   888 D ConnectivityService: rematch for NetworkAgentInfo [WIFI () - 106]
10-12 13:24:55.341   780   888 D ConnectivityService:    accepting network in place of null
10-12 13:24:55.341   780   888 D ConnectivityService: Switching to new default network: NetworkAgentInfo{ ni{[type: WIFI[], state: CONNECTED/CONNECTED, reason: (unspecified), extra: "AmdocsMobile", roaming: false, failover: false, isAvailable: true]}  network{106}  lp{{InterfaceName: wlan0 LinkAddresses: [fe80::4a59:29ff:feef:fc34/64,10.75.145.69/18,]  Routes: [fe80::/64 -> :: wlan0,10.75.128.0/18 -> 0.0.0.0 wlan0,0.0.0.0/0 -> 10.75.128.1 wlan0,] DnsAddresses: [115.112.18.130,115.112.18.22,121.242.190.210,121.242.190.181,] Domains: null MTU: 0 TcpBufferSizes: 524288,1048576,2097152,262144,524288,1048576}}  nc{[ Transports: WIFI Capabilities: INTERNET&NOT_RESTRICTED&TRUSTED&NOT_VPN LinkUpBandwidth>=1048576Kbps LinkDnBandwidth>=1048576Kbps SignalStrength: -81]}  Score{19}  everValidated{false}  lastValidated{false}  created{true} lingering{false} explicitlySelected{false} acceptUnvalidated{false} everCaptivePortalDetected{false} lastCaptivePortalDetected{false} }
10-12 13:24:55.389   780   888 D CSLegacyTypeTracker: Sending CONNECTED broadcast for type 1 NetworkAgentInfo [WIFI () - 106] isDefaultNetwork=true
10-12 13:24:55.389   780   888 D ConnectivityService: sendStickyBroadcast: action=android.net.conn.CONNECTIVITY_CHANGE
10-12 13:24:55.392   780   888 D ConnectivityService: notifyType PRECHECK for NetworkAgentInfo [WIFI () - 106]
10-12 13:24:55.430   780   962 I ActivityManager: Start proc 23508:com.jio.myjio/u0a192 for broadcast com.jio.myjio/.broadcastreceiver.NetworkConnectionBroadcastReceiver
10-12 13:24:55.674   780   888 D ConnectivityService: setProvNotificationVisibleIntent null visible=false networkType=MOBILE extraInfo=null highPriority=false
10-12 13:24:55.674   780   888 D ConnectivityService: NetworkAgentInfo [WIFI () - 106] validation  passed
10-12 13:24:55.674   780   888 D ConnectivityService: notifyType CAP_CHANGED for NetworkAgentInfo [WIFI () - 106]
10-12 13:24:55.679   780   888 D ConnectivityService: sendStickyBroadcast: action=android.net.conn.INET_CONDITION_ACTION
10-12 13:24:55.735   780  6670 I ActivityManager: Start proc 23543:com.jio.myjio:HPRumService/u0a192 for service com.jio.myjio/com.hp.rum.mobile.rmservice.RUMMonitorService
10-12 13:24:56.054   780  2320 I ActivityManager: Start proc 23591:android.process.media/u0a5 for broadcast com.android.providers.downloads/.DownloadReceiver
10-12 13:24:56.157   780  1917 I ActivityManager: Start proc 23608:com.google.android.setupwizard/u0a16 for broadcast com.google.android.setupwizard/.carrier.MobileConnectivityChangeReceiver
10-12 13:24:56.244   780  2694 I ActivityManager: Killing 21177:com.cleanmaster.mguard/u0a81 (adj 15): empty #17
10-12 13:24:56.263   780  6670 D ConnectivityService: ConnectivityService NetworkRequestInfo binderDied(NetworkRequest [ id=75, legacyType=-1, [ Capabilities: INTERNET&NOT_RESTRICTED&TRUSTED&NOT_VPN] ], android.os.BinderProxy@b604538)
10-12 13:24:56.263   780   888 D ConnectivityService: releasing NetworkRequest NetworkRequest [ id=75, legacyType=-1, [ Capabilities: INTERNET&NOT_RESTRICTED&TRUSTED&NOT_VPN] ]
10-12 13:24:56.263   780   887 D WifiService: Client connection lost with reason: 4
10-12 13:24:56.263   780   888 E ConnectivityService: RemoteException caught trying to send a callback msg for NetworkRequest [ id=75, legacyType=-1, [ Capabilities: INTERNET&NOT_RESTRICTED&TRUSTED&NOT_VPN] ]
10-12 13:24:56.310   780  2320 D ActivityManager: cleanUpApplicationRecord -- 21177
10-12 13:24:56.361   780  1915 I ActivityManager: Killing 21822:com.google.android.partnersetup/u0a11 (adj 15): empty #17
10-12 13:24:56.422   780   962 D ActivityManager: cleanUpApplicationRecord -- 21822
10-12 13:24:56.453   780   962 I ActivityManager: Start proc 23626:com.google.android.apps.plus/u0a63 for broadcast com.google.android.apps.plus/com.google.android.libraries.social.autobackup.AutoBackupEnvironment$ConnectivityReceiver
10-12 13:24:57.298   780  1915 W ActivityManager: Permission Denial: opening provider com.android.providers.contacts.ContactsProvider2 from ProcessRecord{30568f3 23626:com.google.android.apps.plus/u0a63} (pid=23626, uid=10063) requires android.permission.READ_CONTACTS or android.permission.WRITE_CONTACTS
10-12 13:24:57.322   780  2321 I ActivityManager: Start proc 23663:com.google.android.apps.photos/u0a117 for broadcast com.google.android.apps.photos/.actionqueue.SystemReceiver
10-12 13:24:57.324   780  2321 I ActivityManager: Killing 21853:com.android.providers.calendar/u0a1 (adj 15): empty #17
10-12 13:24:57.354   780  2694 D ActivityManager: cleanUpApplicationRecord -- 21853
10-12 13:24:57.632   780   962 I ActivityManager: Start proc 23691:com.google.android.apps.magazines/u0a56 for broadcast com.google.android.apps.magazines/com.google.apps.dots.android.newsstand.appwidget.NewsWidgetProvider
10-12 13:24:57.632   780   962 I ActivityManager: Killing 21925:com.google.android.calendar/u0a28 (adj 15): empty #17
10-12 13:24:57.675   780   790 D ActivityManager: cleanUpApplicationRecord -- 21925
10-12 13:24:58.303   780  2322 I ActivityManager: Start proc 23737:cn.andouya/u0a77 for broadcast cn.andouya/cn.andoumiao2.push.WifiNetWorkStatusReceiver
10-12 13:24:58.307   780  2322 I ActivityManager: Killing 22000:com.ssbtips.and.suggestions/u0a160 (adj 15): empty #17
10-12 13:24:58.354   780  2694 D ActivityManager: cleanUpApplicationRecord -- 22000
10-12 13:24:58.402   780  2697 I ActivityManager: Killing 22280:naukriApp.appModules.login/u0a104 (adj 15): empty #17
10-12 13:24:58.421   780   962 D ActivityManager: cleanUpApplicationRecord -- 22280
10-12 13:24:58.439   780  2323 I ActivityManager: Start proc 23752:com.tinder/u0a132 for broadcast com.tinder/.receivers.BroadcastReceiverConnectionChange
10-12 13:24:58.440   780  2323 I ActivityManager: Killing 21889:com.UCMobile.intl/u0a155 (adj 15): empty #17
10-12 13:24:58.483   780  2321 D ActivityManager: cleanUpApplicationRecord -- 21889
10-12 13:24:59.092   780  4423 I ActivityManager: Start proc 23811:com.quikr/u0a121 for broadcast com.quikr/.google.now.NetworkChangeListener
10-12 13:24:59.093   780  4423 I ActivityManager: Killing 20650:com.application.zomato/u0a150 (adj 15): empty #17
10-12 13:24:59.126   780  2321 D ActivityManager: cleanUpApplicationRecord -- 20650
10-12 13:24:59.644   780  1915 I ActivityManager: Start proc 23860:fr.slvn.mms/u0a26 for broadcast fr.slvn.mms/com.android.mms.transaction.MmsSystemEventReceiver
10-12 13:24:59.648   780  2697 I ActivityManager: Killing 21135:com.google.android.talk/u0a51 (adj 15): empty #17
10-12 13:24:59.710 23811 23857 E ActivityThread: Failed to find provider info for com.facebook.katana.provider.AttributionIdProvider
10-12 13:24:59.712   780  1917 D ActivityManager: cleanUpApplicationRecord -- 21135
10-12 13:24:59.750   780  4423 D CountryDetector: The first listener is added
10-12 13:24:59.806   780   790 I ActivityManager: Start proc 23896:com.freecharge.android/u0a103 for broadcast com.freecharge.android/com.freecharge.receivers.ConnectivityChangeReceiver
10-12 13:24:59.831   780  1917 I ActivityManager: Start proc 23909:android.process.acore/u0a3 for content provider com.android.providers.contacts/.ContactsProvider2
10-12 13:24:59.833   780  2697 I ActivityManager: Killing 21440:com.google.android.deskclock/u0a33 (adj 15): empty #17
10-12 13:24:59.860   780  1684 D ActivityManager: cleanUpApplicationRecord -- 21440
10-12 13:24:59.865   780  2694 I ActivityManager: Killing 21687:com.google.android.apps.fitness/u0a116 (adj 15): empty #17
10-12 13:24:59.890   780  2323 D ActivityManager: cleanUpApplicationRecord -- 21687
10-12 13:25:00.221   780  2696 I ActivityManager: Start proc 23949:com.UCMobile.intl/u0a155 for broadcast com.UCMobile.intl/com.ucweb.message.UcwebRegistrationReceiver
10-12 13:25:00.222   780  2696 I ActivityManager: Killing 21787:com.google.android.googlequicksearchbox:search/u0a19 (adj 15): empty #17
10-12 13:25:00.235   780   887 D WifiService: Client connection lost with reason: 4
10-12 13:25:00.273   780   962 D ActivityManager: cleanUpApplicationRecord -- 21787
10-12 13:25:00.340   780  2322 I ActivityManager: Start proc 23963:com.google.android.gm.exchange/u0a118 for content provider com.google.android.gm.exchange/com.android.exchange.provider.ExchangeDirectoryProvider
10-12 13:25:00.364   780  2321 I ActivityManager: Start proc 23977:com.UCMobile.intl:push/u0a155 for service com.UCMobile.intl/com.uc.base.push.UcwebIntentService
10-12 13:25:00.408   780   887 D WifiService: New client listening to asynchronous messages
10-12 13:25:00.422   780  2321 I ActivityManager: Start proc 23990:com.google.android.gm/u0a41 for content provider com.google.android.gm/com.android.email.provider.EmailProvider
10-12 13:25:00.442   780  1915 I ActivityManager: Killing 23410:com.huawei.mw/u0a158 (adj 15): empty #17
10-12 13:25:00.449   780   887 D WifiService: Client connection lost with reason: 4
10-12 13:25:00.530   780  2320 D ActivityManager: cleanUpApplicationRecord -- 23410
10-12 13:25:00.546   780  2697 I ActivityManager: Start proc 24007:com.bt.bms/u0a82 for broadcast com.bt.bms/com.freshdesk.mobihelp.receiver.ConnectivityReceiver
10-12 13:25:00.547   780  2697 I ActivityManager: Killing 23508:com.jio.myjio/u0a192 (adj 15): empty #17
10-12 13:25:00.612   780  2320 I ActivityManager: Start proc 24025:com.google.process.gapps/u0a86 for content provider com.google.android.syncadapters.contacts/.GalProvider
10-12 13:25:00.615   780   791 D ActivityManager: cleanUpApplicationRecord -- 23508
10-12 13:25:00.620   780  2696 I ActivityManager: Killing 23608:com.google.android.setupwizard/u0a16 (adj 15): empty #17
10-12 13:25:00.620 23990 24023 D ActivityThread: Loading provider com.google.android.gmail.provider;com.android.mail.notifier;com.google.android.gm.email.provider;com.google.android.gm.email.notifier: com.android.email.provider.EmailProvider
10-12 13:25:00.651   780  2694 D ActivityManager: cleanUpApplicationRecord -- 23608
10-12 13:25:00.654   780  2323 I ActivityManager: Killing 23626:com.google.android.apps.plus/u0a63 (adj 15): empty #17
10-12 13:25:00.681   780  6670 D ActivityManager: cleanUpApplicationRecord -- 23626
10-12 13:25:00.821   780  2697 W ActivityManager: Unable to start service Intent { cmp=com.google.android.gm/com.android.email.service.AttachmentService } U=0: not found
10-12 13:25:01.469   780  2321 I ActivityManager: Start proc 24085:com.huawei.mw/u0a158 for broadcast com.huawei.mw/.receiver.WifiStateReceiver
10-12 13:25:01.490   780  1917 I ActivityManager: Killing 23591:android.process.media/u0a5 (adj 15): empty #17
10-12 13:25:01.525   780  2322 D ActivityManager: cleanUpApplicationRecord -- 23591
10-12 13:25:01.565   780   887 D WifiService: New client listening to asynchronous messages
10-12 13:25:01.581   780  2697 I ActivityManager: Start proc 24099:com.huawei.mw:pushservice/u0a158 for broadcast com.huawei.mw/com.huawei.android.pushagent.PushBootReceiver
10-12 13:25:01.582   780  2697 I ActivityManager: Killing 22292:com.whatsapp/u0a84 (adj 15): empty #17
10-12 13:25:01.624   780  2323 D ActivityManager: cleanUpApplicationRecord -- 22292
10-12 13:25:01.733   780   962 I ActivityManager: Killing 23663:com.google.android.apps.photos/u0a117 (adj 15): empty #17
10-12 13:25:01.791   780   790 D ActivityManager: cleanUpApplicationRecord -- 23663
10-12 13:25:01.814   780  1917 I ActivityManager: Start proc 24131:com.cleanmaster.mguard/u0a81 for service com.cleanmaster.mguard/com.cleanmaster.ui.app.provider.download.DownloadService
10-12 13:25:02.165   780  2320 W ActivityManager: Unable to start service Intent { act=com.cleanmaster.api.RT_ACCESS cmp=com.cmcm.skey/com.cmcm.rtstub.RTApiService } U=0: not found
10-12 13:25:02.167   780  4423 W ActivityManager: Unable to start service Intent { act=com.cleanmaster.api.RT_ACCESS cmp=com.cmcm.rtstub/.RTApiService } U=0: not found
10-12 13:25:02.267   780  2697 I ActivityManager: Start proc 24196:com.jetairways/u0a137 for broadcast com.jetairways/com.inmobi.commons.analytics.androidsdk.IMAdTrackerReceiver
10-12 13:25:02.309   780  1684 I ActivityManager: Killing 23691:com.google.android.apps.magazines/u0a56 (adj 15): empty #17
10-12 13:25:02.360   780   961 D ActivityManager: cleanUpApplicationRecord -- 23691
10-12 13:25:02.485   780   887 D WifiService: New client listening to asynchronous messages
10-12 13:25:02.498   780  2694 D ConnectivityService: listenForNetwork for Listen from uid/pid:10081/24131 for NetworkRequest [ id=76, legacyType=-1, [ Capabilities: INTERNET&NOT_RESTRICTED&TRUSTED&NOT_VPN] ]
10-12 13:25:02.612   780  1684 I ActivityManager: Start proc 24245:br.com.vodain.ringbacktones/u0a129 for broadcast br.com.vodain.ringbacktones/.receivers.VodaBatteryReceiver
10-12 13:25:02.614   780  1684 I ActivityManager: Killing 23737:cn.andouya/u0a77 (adj 15): empty #17
10-12 13:25:02.712   780  4423 D ActivityManager: cleanUpApplicationRecord -- 23737
10-12 13:25:03.065   780  2694 I ActivityManager: Start proc 24287:com.mxtech.videoplayer.ad/u0a76 for broadcast com.mxtech.videoplayer.ad/com.inmobi.commons.analytics.androidsdk.IMAdTrackerReceiver
10-12 13:25:03.066   780  2694 I ActivityManager: Killing 23752:com.tinder/u0a132 (adj 15): empty #17
10-12 13:25:03.133   780  1684 D ActivityManager: cleanUpApplicationRecord -- 23752
10-12 13:25:03.342   780   888 D ConnectivityService: handlePromptUnvalidated 106
10-12 13:25:03.548 24287 24315 W ActivityThread: ClassLoader.loadClass: The class loader returned by Thread.getContextClassLoader() may fail for processes that host multiple applications. You should explicitly specify a context class loader. For example: Thread.setContextClassLoader(getClass().getClassLoader());
10-12 13:25:03.719   780  4423 I ActivityManager: Start proc 24317:com.adobe.reader/u0a122 for broadcast com.adobe.reader/.utils.ARNetworkChangeReceiver
10-12 13:25:03.720   780  4423 I ActivityManager: Killing 23811:com.quikr/u0a121 (adj 15): empty #17
10-12 13:25:03.761   780  2694 D ActivityManager: cleanUpApplicationRecord -- 23811
10-12 13:25:04.030   780  2320 I ActivityManager: Start proc 24344:com.android.vending/u0a14 for service com.android.vending/com.google.android.finsky.billing.iab.InAppBillingService
10-12 13:25:04.113   780  2321 I ActivityManager: Start proc 24368:in.goindigo.android/u0a178 for broadcast in.goindigo.android/.task.NetworkStateMonitor
10-12 13:25:04.114   780  2321 I ActivityManager: Killing 23860:fr.slvn.mms/u0a26 (adj 15): empty #17
10-12 13:25:04.124   780   961 D CountryDetector: No listener is left
10-12 13:25:04.151   780  1915 D ActivityManager: cleanUpApplicationRecord -- 23860
10-12 13:25:04.281   780  1684 I ActivityManager: Start proc 24396:com.application.zomato/u0a150 for broadcast com.application.zomato/com.demach.konotor.NetworkStateReceiver
10-12 13:25:04.382   780  2323 I ActivityManager: Killing 23949:com.UCMobile.intl/u0a155 (adj 15): empty #17
10-12 13:25:04.433   780  6670 D ActivityManager: cleanUpApplicationRecord -- 23949
10-12 13:25:04.447   780  1917 I ActivityManager: Start proc 24429:android.process.media/u0a5 for content provider com.android.providers.downloads/.DownloadProvider
10-12 13:25:04.500   780  2694 I ActivityManager: Killing 23977:com.UCMobile.intl:push/u0a155 (adj 15): empty #17
10-12 13:25:04.544   780  2697 D ActivityManager: cleanUpApplicationRecord -- 23977
10-12 13:25:04.730   780   791 I ActivityManager: Start proc 24501:com.att.connect/u0a36 for broadcast com.att.connect/engine.com.att.connect.network.NetworkReceiver
10-12 13:25:04.734   780  2697 I ActivityManager: Killing 23014:cn.xender/u0a114 (adj 15): empty #17
10-12 13:25:04.754   780   887 D WifiService: Client connection lost with reason: 4
10-12 13:25:04.814   780  6670 D ActivityManager: cleanUpApplicationRecord -- 23014
10-12 13:25:05.041   780  2694 I ActivityManager: Start proc 24545:com.lenovo.anyshare.gps/u0a176 for broadcast com.lenovo.anyshare.gps/com.lenovo.anyshare.app.DefaultReceiver
10-12 13:25:05.042   780  2694 I ActivityManager: Killing 24025:com.google.process.gapps/u0a86 (adj 15): empty #17
10-12 13:25:05.070   780  1917 D ActivityManager: cleanUpApplicationRecord -- 24025
10-12 13:25:05.360   780  2697 I ActivityManager: Start proc 24566:com.ssbtips.and.suggestions/u0a160 for broadcast com.ssbtips.and.suggestions/com.appyet.provider.WidgetProvider
10-12 13:25:05.361   780  2697 I ActivityManager: Killing 23909:android.process.acore/u0a3 (adj 15): empty #17
10-12 13:25:05.418   780  1917 D ActivityManager: cleanUpApplicationRecord -- 23909
10-12 13:25:05.770   780  2694 I ActivityManager: Start proc 24599:naukriApp.appModules.login/u0a104 for broadcast naukriApp.appModules.login/com.naukri.modules.reachability.Reachability
10-12 13:25:05.771   780  2694 I ActivityManager: Killing 23990:com.google.android.gm/u0a41 (adj 15): empty #17
10-12 13:25:05.820   780  2696 D ActivityManager: cleanUpApplicationRecord -- 23990
10-12 13:25:05.958   780  2323 I ActivityManager: Start proc 24628:com.damiapp.softdatacable/u0a75 for broadcast com.damiapp.softdatacable/com.lyy.softsync.AutoSyncNwkBcReceiver
10-12 13:25:05.963   780  2323 I ActivityManager: Killing 23963:com.google.android.gm.exchange/u0a118 (adj 15): empty #17
10-12 13:25:05.992   780  1915 D ActivityManager: cleanUpApplicationRecord -- 23963
10-12 13:25:06.080   780  1684 I ActivityManager: Start proc 24643:com.stackexchange.marvin/u0a143 for broadcast com.stackexchange.marvin/.core.Prizm$ConnectivityEventReceiver
10-12 13:25:06.082   780  1684 I ActivityManager: Killing 24007:com.bt.bms/u0a82 (adj 15): empty #17
10-12 13:25:06.122   780   961 D ActivityManager: cleanUpApplicationRecord -- 24007
10-12 13:25:06.379   780   790 W ActivityManager: Unable to start service Intent { act=android.support.customtabs.action.CustomTabsService pkg=com.stackexchange.marvin } U=0: not found
10-12 13:25:06.423   780  1684 I ActivityManager: Killing 24085:com.huawei.mw/u0a158 (adj 15): empty #17
10-12 13:25:06.431   780   887 D WifiService: Client connection lost with reason: 4
10-12 13:25:06.451   780  2322 D ActivityManager: cleanUpApplicationRecord -- 24085
10-12 13:25:06.523   780  2694 I ActivityManager: Start proc 24684:com.google.android.talk/u0a51 for broadcast com.google.android.talk/com.google.android.apps.hangouts.service.GcmStateReceiver
10-12 13:25:06.929   780  1915 I ActivityManager: Start proc 24726:com.tinder/u0a132 for broadcast com.tinder/com.google.android.gms.gcm.GcmReceiver
10-12 13:25:06.930   780  1915 I ActivityManager: Killing 24099:com.huawei.mw:pushservice/u0a158 (adj 15): empty #17
10-12 13:25:07.001   780   962 D ActivityManager: cleanUpApplicationRecord -- 24099
10-12 13:25:07.395   780  2321 I ActivityManager: Start proc 24791:com.glassdoor.app/u0a128 for broadcast com.glassdoor.app/com.glassdoor.gdandroid2.gcm.GcmBroadcastReceiver
10-12 13:25:07.398   780  2321 I ActivityManager: Killing 24131:com.cleanmaster.mguard/u0a81 (adj 15): empty #17
10-12 13:25:07.413   780   887 D WifiService: Client connection lost with reason: 4
10-12 13:25:07.414   780  1917 D ConnectivityService: ConnectivityService NetworkRequestInfo binderDied(NetworkRequest [ id=76, legacyType=-1, [ Capabilities: INTERNET&NOT_RESTRICTED&TRUSTED&NOT_VPN] ], android.os.BinderProxy@d2b82a9)
10-12 13:25:07.414   780   888 D ConnectivityService: releasing NetworkRequest NetworkRequest [ id=76, legacyType=-1, [ Capabilities: INTERNET&NOT_RESTRICTED&TRUSTED&NOT_VPN] ]
10-12 13:25:07.415   780   888 E ConnectivityService: RemoteException caught trying to send a callback msg for NetworkRequest [ id=76, legacyType=-1, [ Capabilities: INTERNET&NOT_RESTRICTED&TRUSTED&NOT_VPN] ]
10-12 13:25:07.450   780  2694 D ActivityManager: cleanUpApplicationRecord -- 24131
10-12 13:25:07.951   780  1917 I ActivityManager: Start proc 24843:com.mobstac.thehindu/u0a73 for broadcast com.mobstac.thehindu/com.google.android.gms.gcm.GcmReceiver
10-12 13:25:07.982   780  2322 I ActivityManager: Killing 24245:br.com.vodain.ringbacktones/u0a129 (adj 15): empty #17
10-12 13:25:08.050   780  2320 D ActivityManager: cleanUpApplicationRecord -- 24245
10-12 13:25:08.586   780  2696 I ActivityManager: Start proc 24889:com.amdocs.webtrax/u0a144 for broadcast com.amdocs.webtrax/com.google.android.gms.gcm.GcmReceiver
10-12 13:25:08.686   780  1917 I ActivityManager: Start proc 24919:com.google.android.apps.photos/u0a117 for broadcast com.google.android.apps.photos/.actionqueue.InternalReceiver
10-12 13:25:08.723   780  2322 I ActivityManager: Killing 24287:com.mxtech.videoplayer.ad/u0a76 (adj 15): empty #17
10-12 13:25:08.790   780  1915 D ActivityManager: cleanUpApplicationRecord -- 24287
10-12 13:25:08.824   780  2320 I ActivityManager: Killing 24317:com.adobe.reader/u0a122 (adj 15): empty #17
10-12 13:25:08.861   780  2694 D ActivityManager: cleanUpApplicationRecord -- 24317
10-12 13:25:08.969   780   790 I ActivityManager: Start proc 24947:fr.slvn.mms/u0a26 for broadcast fr.slvn.mms/com.android.mms.transaction.SmsReceiver
10-12 13:25:09.023   780   791 D CountryDetector: The first listener is added
10-12 13:25:09.128   780  2696 I ActivityManager: Start proc 24976:com.google.android.gm/u0a41 for broadcast com.google.android.gm/.widget.GmailWidgetProvider
10-12 13:25:09.157   780  6670 I ActivityManager: Start proc 24995:android.process.acore/u0a3 for content provider com.android.providers.contacts/.ContactsProvider2
10-12 13:25:09.163   780  2322 I ActivityManager: Killing 24196:com.jetairways/u0a137 (adj 15): empty #17
10-12 13:25:09.232   780  2323 D ActivityManager: cleanUpApplicationRecord -- 24196
10-12 13:25:09.235 24976 25012 D ActivityThread: Loading provider com.google.android.gmail.provider;com.android.mail.notifier;com.google.android.gm.email.provider;com.google.android.gm.email.notifier: com.android.email.provider.EmailProvider
10-12 13:25:09.281   780  2323 I ActivityManager: Killing 24368:in.goindigo.android/u0a178 (adj 15): empty #17
10-12 13:25:09.321   780  1684 D ActivityManager: cleanUpApplicationRecord -- 24368
10-12 13:25:09.357   780  6670 W ActivityManager: Unable to start service Intent { cmp=com.google.android.gm/com.android.email.service.AttachmentService } U=0: not found
10-12 13:25:09.390   780  4423 I ActivityManager: Start proc 25025:com.google.android.gm.exchange/u0a118 for service com.google.android.gm.exchange/com.android.exchange.service.EasService
10-12 13:25:09.409   780  2694 I ActivityManager: Killing 24429:android.process.media/u0a5 (adj 15): empty #17
10-12 13:25:09.460   780  1915 D ActivityManager: cleanUpApplicationRecord -- 24429
10-12 13:25:09.506   780  6670 I ActivityManager: Start proc 25046:com.quikr/u0a121 for broadcast com.quikr/.old.GCMCheckReceiver
10-12 13:25:09.566   780  2320 I ActivityManager: Killing 24344:com.android.vending/u0a14 (adj 15): empty #17
10-12 13:25:09.642   780  4423 D ActivityManager: cleanUpApplicationRecord -- 24344
10-12 13:25:09.670   780  2694 I ActivityManager: Start proc 25075:com.google.process.gapps/u0a86 for content provider com.google.android.syncadapters.contacts/.GalProvider
10-12 13:25:09.688   780  4423 I ActivityManager: Killing 24501:com.att.connect/u0a36 (adj 15): empty #17
10-12 13:25:09.771   780  2323 I ActivityManager: Killing 24545:com.lenovo.anyshare.gps/u0a176 (adj 15): empty #17
10-12 13:25:09.840   780  1684 D ActivityManager: cleanUpApplicationRecord -- 24501
10-12 13:25:09.842   780  2321 D ActivityManager: cleanUpApplicationRecord -- 24545
10-12 13:25:10.083   780  4423 I ActivityManager: Start proc 25123:com.google.android.apps.fitness/u0a116 for broadcast com.google.android.apps.fitness/.wearable.WearableSyncReceiver
10-12 13:25:10.084   780  4423 I ActivityManager: Killing 24566:com.ssbtips.and.suggestions/u0a160 (adj 15): empty #17
10-12 13:25:10.104   780  2323 D ActivityManager: cleanUpApplicationRecord -- 24566
10-12 13:25:10.123 25046 25122 E ActivityThread: Failed to find provider info for com.facebook.katana.provider.AttributionIdProvider
10-12 13:25:10.365   780  2323 I ActivityManager: Killing 24628:com.damiapp.softdatacable/u0a75 (adj 15): empty #17
10-12 13:25:10.411   780   962 D ActivityManager: cleanUpApplicationRecord -- 24628
10-12 13:25:10.426   780  2694 I ActivityManager: Start proc 25151:com.UCMobile.intl/u0a155 for broadcast com.UCMobile.intl/com.uc.base.push.gcm.GCMPushBroadcastReceiver
10-12 13:25:10.572   780  2322 I ActivityManager: Start proc 25170:com.UCMobile.intl:push/u0a155 for broadcast com.UCMobile.intl/com.uc.base.push.PushBusinessBroadcastReceiver
10-12 13:25:10.594   780  2694 I ActivityManager: Killing 24643:com.stackexchange.marvin/u0a143 (adj 15): empty #17
10-12 13:25:10.650   780   961 D ActivityManager: cleanUpApplicationRecord -- 24643
10-12 13:25:10.711   780  2696 I ActivityManager: Killing 24684:com.google.android.talk/u0a51 (adj 15): empty #17
10-12 13:25:10.742   780  2321 D ActivityManager: cleanUpApplicationRecord -- 24684
10-12 13:25:15.285   780   793 I ActivityManager: Waited long enough for: ServiceRecord{d4d9e64 u0 com.freecharge.android/com.freecharge.services.ConnectionService}
10-12 13:25:19.723   780   793 I ActivityManager: Waited long enough for: ServiceRecord{baceae6 u0 com.application.zomato/com.demach.konotor.service.KonotorBacklogService}
10-12 13:25:38.234   780  1917 D ConnectivityService: reportNetworkConnectivity(106, false) by 10007
10-12 13:25:38.248   780   793 I ActivityManager: Start proc 25299:com.google.android.talk/u0a51 for broadcast com.google.android.talk/com.google.android.apps.hangouts.service.GcmStateReceiver
10-12 13:25:38.284   780   888 D ConnectivityService: NetworkAgentInfo [WIFI () - 106] validation failed
10-12 13:25:38.284   780   888 D ConnectivityService: notifyType CAP_CHANGED for NetworkAgentInfo [WIFI () - 106]
10-12 13:25:38.299   780   888 D ConnectivityService: sendStickyBroadcast: action=android.net.conn.INET_CONDITION_ACTION
10-12 13:25:38.310   780   888 D ConnectivityService: NetworkAgentInfo [WIFI () - 106] EVENT_NETWORK_INFO_CHANGED, going from CONNECTED to DISCONNECTED
10-12 13:25:38.310   780   888 D ConnectivityService: NetworkAgentInfo [WIFI () - 106] got DISCONNECTED, was satisfying 6
10-12 13:25:38.325   780   888 D ConnectivityService: notifyType LOST for NetworkAgentInfo [WIFI () - 106]
10-12 13:25:38.398   780   888 D CSLegacyTypeTracker: Sending DISCONNECTED broadcast for type 1 NetworkAgentInfo [WIFI () - 106] isDefaultNetwork=true
10-12 13:25:38.398   780   888 D ConnectivityService: sendStickyBroadcast: action=android.net.conn.CONNECTIVITY_CHANGE
10-12 13:25:38.420   780  4423 I ActivityManager: Killing 23543:com.jio.myjio:HPRumService/u0a192 (adj 15): empty #17
10-12 13:25:38.478   780   888 D ConnectivityService: setProvNotificationVisibleIntent null visible=false networkType=MOBILE extraInfo=null highPriority=false
10-12 13:25:38.481   780  2322 D ActivityManager: cleanUpApplicationRecord -- 23543
10-12 13:25:38.495   780  2321 I ActivityManager: Killing 24396:com.application.zomato/u0a150 (adj 15): empty #17
10-12 13:25:39.112   780  6670 D ActivityManager: cleanUpApplicationRecord -- 24396
10-12 13:25:39.333   780  2320 I ActivityManager: Killing 24599:naukriApp.appModules.login/u0a104 (adj 15): empty #17
10-12 13:25:39.994   780  2322 D ActivityManager: cleanUpApplicationRecord -- 24599
10-12 13:25:40.007   780  2323 I ActivityManager: Start proc 25411:cn.xender/u0a114 for broadcast cn.xender/.basicservice.NetworkChangeReceiver
10-12 13:25:40.126   780   791 I ActivityManager: Start proc 25425:com.huawei.mw/u0a158 for broadcast com.huawei.mw/.receiver.WifiStateReceiver
10-12 13:25:40.178   780   887 D WifiService: New client listening to asynchronous messages
10-12 13:25:40.181   780  2320 I ActivityManager: Killing 24791:com.glassdoor.app/u0a128 (adj 15): empty #17
10-12 13:25:40.211   780   790 D ActivityManager: cleanUpApplicationRecord -- 24791
10-12 13:25:40.278   780   961 I ActivityManager: Start proc 25440:com.jio.myjio/u0a192 for broadcast com.jio.myjio/.broadcastreceiver.NetworkConnectionBroadcastReceiver
10-12 13:25:40.374   780   875 I ActivityManager: Start proc 25452:com.damiapp.softdatacable/u0a75 for service com.damiapp.softdatacable/com.lyy.softsync.AutoSyncTaskService
10-12 13:25:40.645   780  2696 I ActivityManager: Start proc 25482:com.jio.myjio:HPRumService/u0a192 for service com.jio.myjio/com.hp.rum.mobile.rmservice.RUMMonitorService
10-12 13:25:40.671   780  4423 I ActivityManager: Killing 24843:com.mobstac.thehindu/u0a73 (adj 15): empty #17
10-12 13:25:40.732   780   791 D ActivityManager: cleanUpApplicationRecord -- 24843
10-12 13:25:40.751   780  2696 I ActivityManager: Killing 24889:com.amdocs.webtrax/u0a144 (adj 15): empty #17
10-12 13:25:40.781   780  2322 D ActivityManager: cleanUpApplicationRecord -- 24889
10-12 13:25:40.987   780   961 I ActivityManager: Start proc 25537:android.process.media/u0a5 for broadcast com.android.providers.downloads/.DownloadReceiver
10-12 13:25:40.988   780   961 I ActivityManager: Killing 24919:com.google.android.apps.photos/u0a117 (adj 15): empty #17
10-12 13:25:41.016   780  6670 D ActivityManager: cleanUpApplicationRecord -- 24919
10-12 13:25:41.134   780  1684 I ActivityManager: Start proc 25560:com.google.android.setupwizard/u0a16 for broadcast com.google.android.setupwizard/.carrier.MobileConnectivityChangeReceiver
10-12 13:25:41.208   780  2694 I ActivityManager: Killing 25046:com.quikr/u0a121 (adj 15): empty #17
10-12 13:25:41.224   780  2322 D ActivityManager: cleanUpApplicationRecord -- 25046
10-12 13:25:41.273   780  1915 I ActivityManager: Killing 25025:com.google.android.gm.exchange/u0a118 (adj 15): empty #17
10-12 13:25:41.286   780   791 D ActivityManager: cleanUpApplicationRecord -- 25025
10-12 13:25:41.305   780   961 I ActivityManager: Start proc 25576:com.google.android.apps.plus/u0a63 for broadcast com.google.android.apps.plus/com.google.android.libraries.social.autobackup.AutoBackupEnvironment$ConnectivityReceiver
10-12 13:25:41.749   780  1915 W ActivityManager: Permission Denial: opening provider com.android.providers.contacts.ContactsProvider2 from ProcessRecord{eb2d524 25576:com.google.android.apps.plus/u0a63} (pid=25576, uid=10063) requires android.permission.READ_CONTACTS or android.permission.WRITE_CONTACTS
10-12 13:25:41.768   780  4423 I ActivityManager: Start proc 25596:com.google.android.apps.photos/u0a117 for broadcast com.google.android.apps.photos/.actionqueue.SystemReceiver
10-12 13:25:41.770   780  4423 I ActivityManager: Killing 25075:com.google.process.gapps/u0a86 (adj 15): empty #17
10-12 13:25:41.806   780   962 D ActivityManager: cleanUpApplicationRecord -- 25075
10-12 13:25:42.040   780  2696 I ActivityManager: Start proc 25616:com.google.android.apps.magazines/u0a56 for broadcast com.google.android.apps.magazines/com.google.apps.dots.android.newsstand.appwidget.NewsWidgetProvider
10-12 13:25:42.041   780  2696 I ActivityManager: Killing 24995:android.process.acore/u0a3 (adj 15): empty #17
10-12 13:25:42.080   780  2322 D ActivityManager: cleanUpApplicationRecord -- 24995
10-12 13:25:42.312   780  4423 I ActivityManager: Start proc 25659:cn.andouya/u0a77 for broadcast cn.andouya/cn.andoumiao2.push.WifiNetWorkStatusReceiver
10-12 13:25:42.314   780   790 I ActivityManager: Killing 24726:com.tinder/u0a132 (adj 15): empty #17
10-12 13:25:42.378   780  2696 D ActivityManager: cleanUpApplicationRecord -- 24726
10-12 13:25:42.405   780  2696 I ActivityManager: Start proc 25675:com.tinder/u0a132 for broadcast com.tinder/.receivers.BroadcastReceiverConnectionChange
10-12 13:25:42.406   780  2696 I ActivityManager: Killing 24947:fr.slvn.mms/u0a26 (adj 15): empty #17
10-12 13:25:42.423   780  2697 D CountryDetector: No listener is left
10-12 13:25:42.555   780  1915 D ActivityManager: cleanUpApplicationRecord -- 24947
10-12 13:25:42.909   780  2320 I ActivityManager: Start proc 25748:com.quikr/u0a121 for broadcast com.quikr/.google.now.NetworkChangeListener
10-12 13:25:42.911   780  2320 I ActivityManager: Killing 25170:com.UCMobile.intl:push/u0a155 (adj 15): empty #17
10-12 13:25:42.946   780  1915 D ActivityManager: cleanUpApplicationRecord -- 25170
10-12 13:25:43.172   780  4423 I ActivityManager: Killing 25151:com.UCMobile.intl/u0a155 (adj 15): empty #17
10-12 13:25:43.190   780  1684 D ActivityManager: cleanUpApplicationRecord -- 25151
10-12 13:25:43.358   780  2320 I ActivityManager: Start proc 25824:fr.slvn.mms/u0a26 for broadcast fr.slvn.mms/com.android.mms.transaction.MmsSystemEventReceiver
10-12 13:25:43.359   780  2320 I ActivityManager: Killing 24976:com.google.android.gm/u0a41 (adj 15): empty #17
10-12 13:25:43.443 25748 25816 E ActivityThread: Failed to find provider info for com.facebook.katana.provider.AttributionIdProvider
10-12 13:25:43.445   780  2321 D ActivityManager: cleanUpApplicationRecord -- 24976
10-12 13:25:43.472   780  1917 D CountryDetector: The first listener is added
10-12 13:25:43.540   780   791 I ActivityManager: Start proc 25858:com.UCMobile.intl/u0a155 for broadcast com.UCMobile.intl/com.ucweb.message.UcwebRegistrationReceiver
10-12 13:25:43.543   780   791 I ActivityManager: Killing 25299:com.google.android.talk/u0a51 (adj 15): empty #17
10-12 13:25:43.570   780  6670 D ActivityManager: cleanUpApplicationRecord -- 25299
10-12 13:25:43.580   780  1915 I ActivityManager: Killing 25411:cn.xender/u0a114 (adj 15): empty #17
10-12 13:25:43.671   780   790 I ActivityManager: Start proc 25871:android.process.acore/u0a3 for content provider com.android.providers.contacts/.ContactsProvider2
10-12 13:25:43.671   780  2321 D ActivityManager: cleanUpApplicationRecord -- 25411
10-12 13:25:43.694   780  1917 I ActivityManager: Killing 25425:com.huawei.mw/u0a158 (adj 15): empty #17
10-12 13:25:43.706   780   887 D WifiService: Client connection lost with reason: 4
10-12 13:25:43.754   780  2697 I ActivityManager: Start proc 25885:com.UCMobile.intl:push/u0a155 for service com.UCMobile.intl/com.uc.base.push.UcwebIntentService
10-12 13:25:43.754   780   962 D ActivityManager: cleanUpApplicationRecord -- 25425
10-12 13:25:43.780   780   791 I ActivityManager: Start proc 25897:cn.xender/u0a114 for broadcast cn.xender/.data.WifiNetWorkStatusReceiver
10-12 13:25:43.781   780   791 I ActivityManager: Killing 25440:com.jio.myjio/u0a192 (adj 15): empty #17
10-12 13:25:43.876   780  2320 D ActivityManager: cleanUpApplicationRecord -- 25440
10-12 13:25:43.941   780   887 D WifiService: New client listening to asynchronous messages
10-12 13:25:43.948   780  1915 I ActivityManager: Killing 25123:com.google.android.apps.fitness/u0a116 (adj 15): empty #17
10-12 13:25:43.982   780  4423 D ActivityManager: cleanUpApplicationRecord -- 25123
10-12 13:25:44.025   780  1684 I ActivityManager: Start proc 25922:com.bt.bms/u0a82 for broadcast com.bt.bms/com.freshdesk.mobihelp.receiver.ConnectivityReceiver
10-12 13:25:44.025   780  1684 I ActivityManager: Killing 25452:com.damiapp.softdatacable/u0a75 (adj 15): empty #17
10-12 13:25:44.153   780   962 D ActivityManager: cleanUpApplicationRecord -- 25452
10-12 13:25:44.173   780  2322 I ActivityManager: Start proc 25937:com.google.android.gm.exchange/u0a118 for content provider com.google.android.gm.exchange/com.android.exchange.provider.ExchangeDirectoryProvider
10-12 13:25:44.207   780   791 I ActivityManager: Killing 25482:com.jio.myjio:HPRumService/u0a192 (adj 15): empty #17
10-12 13:25:44.280   780   790 D ActivityManager: cleanUpApplicationRecord -- 25482
10-12 13:25:44.315   780  4423 I ActivityManager: Start proc 25971:com.google.android.gm/u0a41 for content provider com.google.android.gm/com.android.email.provider.EmailProvider
10-12 13:25:44.329   780   962 I ActivityManager: Killing 25560:com.google.android.setupwizard/u0a16 (adj 15): empty #17
10-12 13:25:44.371   780   791 D ActivityManager: cleanUpApplicationRecord -- 25560
10-12 13:25:44.393   780   961 I ActivityManager: Start proc 26004:com.google.process.gapps/u0a86 for content provider com.google.android.syncadapters.contacts/.GalProvider
10-12 13:25:44.405   780  1915 I ActivityManager: Killing 25576:com.google.android.apps.plus/u0a63 (adj 15): empty #17
10-12 13:25:44.460   780  2697 D ActivityManager: cleanUpApplicationRecord -- 25576
10-12 13:25:44.461 25971 26025 D ActivityThread: Loading provider com.google.android.gmail.provider;com.android.mail.notifier;com.google.android.gm.email.provider;com.google.android.gm.email.notifier: com.android.email.provider.EmailProvider
10-12 13:25:44.551   780  2321 W ActivityManager: Unable to start service Intent { cmp=com.google.android.gm/com.android.email.service.AttachmentService } U=0: not found
10-12 13:25:44.611   780  2320 I ActivityManager: Start proc 26044:com.huawei.mw/u0a158 for broadcast com.huawei.mw/.receiver.WifiStateReceiver
10-12 13:25:44.657   780  6670 I ActivityManager: Killing 25537:android.process.media/u0a5 (adj 15): empty #17
10-12 13:25:44.691   780  1684 D ActivityManager: cleanUpApplicationRecord -- 25537
10-12 13:25:44.692   780   887 D WifiService: New client listening to asynchronous messages
10-12 13:25:44.706   780  2694 I ActivityManager: Start proc 26065:com.huawei.mw:pushservice/u0a158 for broadcast com.huawei.mw/com.huawei.android.pushagent.PushBootReceiver
10-12 13:25:44.707   780  2694 I ActivityManager: Killing 25596:com.google.android.apps.photos/u0a117 (adj 15): empty #17
10-12 13:25:44.772   780  2320 D ActivityManager: cleanUpApplicationRecord -- 25596
10-12 13:25:44.865   780  6670 I ActivityManager: Killing 25616:com.google.android.apps.magazines/u0a56 (adj 15): empty #17
10-12 13:25:44.934   780  2696 I ActivityManager: Start proc 26084:com.cleanmaster.mguard/u0a81 for broadcast com.cleanmaster.mguard/com.cleanmaster.login.LoginNetWorkReceiver
10-12 13:25:44.935   780  4423 D ActivityManager: cleanUpApplicationRecord -- 25616
10-12 13:25:45.429   780  2694 W ActivityManager: Unable to start service Intent { act=com.cleanmaster.api.RT_ACCESS cmp=com.cmcm.skey/com.cmcm.rtstub.RTApiService } U=0: not found
10-12 13:25:45.444   780   961 W ActivityManager: Unable to start service Intent { act=com.cleanmaster.api.RT_ACCESS cmp=com.cmcm.rtstub/.RTApiService } U=0: not found
10-12 13:25:45.531   780  1684 I ActivityManager: Start proc 26146:com.jetairways/u0a137 for broadcast com.jetairways/com.inmobi.commons.analytics.androidsdk.IMAdTrackerReceiver
10-12 13:25:45.595   780  1684 I ActivityManager: Killing 25659:cn.andouya/u0a77 (adj 15): empty #17
10-12 13:25:45.672   780  2322 D ActivityManager: cleanUpApplicationRecord -- 25659
10-12 13:25:45.685   780  1684 I ActivityManager: Start proc 26160:br.com.vodain.ringbacktones/u0a129 for broadcast br.com.vodain.ringbacktones/.receivers.VodaBatteryReceiver
10-12 13:25:45.686   780  1684 I ActivityManager: Killing 25675:com.tinder/u0a132 (adj 15): empty #17
10-12 13:25:45.743   780   791 D ActivityManager: cleanUpApplicationRecord -- 25675
10-12 13:25:45.883   780   887 D WifiService: New client listening to asynchronous messages
10-12 13:25:45.890   780  2322 D ConnectivityService: listenForNetwork for Listen from uid/pid:10081/26084 for NetworkRequest [ id=77, legacyType=-1, [ Capabilities: INTERNET&NOT_RESTRICTED&TRUSTED&NOT_VPN] ]
10-12 13:25:45.922   780   962 I ActivityManager: Start proc 26219:com.mxtech.videoplayer.ad/u0a76 for broadcast com.mxtech.videoplayer.ad/com.inmobi.commons.analytics.androidsdk.IMAdTrackerReceiver
10-12 13:25:45.969   780  2694 I ActivityManager: Killing 25748:com.quikr/u0a121 (adj 15): empty #17
10-12 13:25:46.003   780   790 D ActivityManager: cleanUpApplicationRecord -- 25748
10-12 13:25:46.207   780  2697 I ActivityManager: Start proc 26241:com.adobe.reader/u0a122 for broadcast com.adobe.reader/.utils.ARNetworkChangeReceiver
10-12 13:25:46.209   780  2697 I ActivityManager: Killing 25824:fr.slvn.mms/u0a26 (adj 15): empty #17
10-12 13:25:46.223   780  2320 D CountryDetector: No listener is left
10-12 13:25:46.247   780   790 D ActivityManager: cleanUpApplicationRecord -- 25824
10-12 13:25:46.449   780  1915 I ActivityManager: Start proc 26263:com.android.vending/u0a14 for service com.android.vending/com.google.android.finsky.billing.iab.InAppBillingService
10-12 13:25:46.500   780  2321 I ActivityManager: Start proc 26286:in.goindigo.android/u0a178 for broadcast in.goindigo.android/.task.NetworkStateMonitor
10-12 13:25:46.502   780  2321 I ActivityManager: Killing 23896:com.freecharge.android/u0a103 (adj 15): empty #17
10-12 13:25:46.901   780  2694 D ActivityManager: cleanUpApplicationRecord -- 23896
10-12 13:25:46.983   780  2697 I ActivityManager: Start proc 26312:com.application.zomato/u0a150 for broadcast com.application.zomato/com.demach.konotor.NetworkStateReceiver
10-12 13:25:47.188   780  6670 I ActivityManager: Killing 25858:com.UCMobile.intl/u0a155 (adj 15): empty #17
10-12 13:25:47.244   780   962 I ActivityManager: Start proc 26390:android.process.media/u0a5 for content provider com.android.providers.downloads/.DownloadProvider
10-12 13:25:47.247   780  4423 D ActivityManager: cleanUpApplicationRecord -- 25858
10-12 13:25:47.260   780  1917 I ActivityManager: Start proc 26402:com.att.connect/u0a36 for broadcast com.att.connect/engine.com.att.connect.network.NetworkReceiver
10-12 13:25:47.302   780  2694 I ActivityManager: Killing 25897:cn.xender/u0a114 (adj 15): empty #17
10-12 13:25:47.311   780   887 D WifiService: Client connection lost with reason: 4
10-12 13:25:47.350   780  2694 I ActivityManager: Killing 25885:com.UCMobile.intl:push/u0a155 (adj 15): empty #18
10-12 13:25:47.670   780  2323 D ActivityManager: cleanUpApplicationRecord -- 25885
10-12 13:25:47.671   780  4423 D ActivityManager: cleanUpApplicationRecord -- 25897
10-12 13:25:47.681   780  2320 I ActivityManager: Killing 25922:com.bt.bms/u0a82 (adj 15): empty #17
10-12 13:25:47.771   780  2322 D ActivityManager: cleanUpApplicationRecord -- 25922
10-12 13:25:47.842   780  2697 I ActivityManager: Start proc 26464:com.lenovo.anyshare.gps/u0a176 for broadcast com.lenovo.anyshare.gps/com.lenovo.anyshare.app.DefaultReceiver
10-12 13:25:47.920   780  2321 I ActivityManager: Start proc 26486:com.ssbtips.and.suggestions/u0a160 for broadcast com.ssbtips.and.suggestions/com.appyet.provider.WidgetProvider
10-12 13:25:47.921   780  2321 I ActivityManager: Killing 26004:com.google.process.gapps/u0a86 (adj 15): empty #17
10-12 13:25:48.171   780  2696 D ActivityManager: cleanUpApplicationRecord -- 26004
10-12 13:25:48.181   780  2320 I ActivityManager: Killing 25871:android.process.acore/u0a3 (adj 15): empty #17
10-12 13:25:48.214   780  2323 D ActivityManager: cleanUpApplicationRecord -- 25871
10-12 13:25:48.413   780  1684 I ActivityManager: Start proc 26509:naukriApp.appModules.login/u0a104 for broadcast naukriApp.appModules.login/com.naukri.modules.reachability.Reachability
10-12 13:25:48.414   780  1684 I ActivityManager: Killing 26044:com.huawei.mw/u0a158 (adj 15): empty #17
10-12 13:25:48.421   780   887 D WifiService: Client connection lost with reason: 4
10-12 13:25:48.440   780  2696 D ActivityManager: cleanUpApplicationRecord -- 26044
10-12 13:25:48.580   780  2694 I ActivityManager: Start proc 26529:com.damiapp.softdatacable/u0a75 for broadcast com.damiapp.softdatacable/com.lyy.softsync.AutoSyncNwkBcReceiver
10-12 13:25:48.598   780   961 I ActivityManager: Killing 25971:com.google.android.gm/u0a41 (adj 15): empty #17
10-12 13:25:48.632   780  4423 D ActivityManager: cleanUpApplicationRecord -- 25971
10-12 13:25:48.677   780  2323 I ActivityManager: Start proc 26545:com.stackexchange.marvin/u0a143 for broadcast com.stackexchange.marvin/.core.Prizm$ConnectivityEventReceiver
10-12 13:25:48.678   780  2323 I ActivityManager: Killing 25937:com.google.android.gm.exchange/u0a118 (adj 15): empty #17
10-12 13:25:48.705   780  2321 D ActivityManager: cleanUpApplicationRecord -- 25937
10-12 13:25:48.788   780  2321 W ActivityManager: Unable to start service Intent { act=android.support.customtabs.action.CustomTabsService pkg=com.stackexchange.marvin } U=0: not found
10-12 13:25:48.829   780  1917 I ActivityManager: Killing 26065:com.huawei.mw:pushservice/u0a158 (adj 15): empty #17
10-12 13:25:48.870   780  1684 D ActivityManager: cleanUpApplicationRecord -- 26065
10-12 13:25:48.893   780  1915 I ActivityManager: Start proc 26581:com.quikr/u0a121 for broadcast com.quikr/.old.GCMCheckReceiver
10-12 13:25:49.268   780  2320 I ActivityManager: Start proc 26677:com.google.android.apps.photos/u0a117 for broadcast com.google.android.apps.photos/.actionqueue.InternalReceiver
10-12 13:25:49.270   780  2320 I ActivityManager: Killing 26084:com.cleanmaster.mguard/u0a81 (adj 15): empty #17
10-12 13:25:49.286   780   887 D WifiService: Client connection lost with reason: 4
10-12 13:25:49.286   780   961 D ConnectivityService: ConnectivityService NetworkRequestInfo binderDied(NetworkRequest [ id=77, legacyType=-1, [ Capabilities: INTERNET&NOT_RESTRICTED&TRUSTED&NOT_VPN] ], android.os.BinderProxy@84dc7bd)
10-12 13:25:49.286   780   888 D ConnectivityService: releasing NetworkRequest NetworkRequest [ id=77, legacyType=-1, [ Capabilities: INTERNET&NOT_RESTRICTED&TRUSTED&NOT_VPN] ]
10-12 13:25:49.287   780   888 E ConnectivityService: RemoteException caught trying to send a callback msg for NetworkRequest [ id=77, legacyType=-1, [ Capabilities: INTERNET&NOT_RESTRICTED&TRUSTED&NOT_VPN] ]
10-12 13:25:50.287   780  1917 D ActivityManager: cleanUpApplicationRecord -- 26084
10-12 13:25:50.289 26581 26691 E ActivityThread: Failed to find provider info for com.facebook.katana.provider.AttributionIdProvider
10-12 13:25:50.520   780   791 I ActivityManager: Start proc 26712:fr.slvn.mms/u0a26 for broadcast fr.slvn.mms/com.android.mms.transaction.SmsReceiver
10-12 13:25:50.559   780   961 D CountryDetector: The first listener is added
10-12 13:25:50.604   780  1917 I ActivityManager: Killing 26160:br.com.vodain.ringbacktones/u0a129 (adj 15): empty #17
10-12 13:25:50.681   780  2694 D ActivityManager: cleanUpApplicationRecord -- 26160
10-12 13:25:50.695   780  1917 I ActivityManager: Start proc 26750:com.google.android.gm/u0a41 for broadcast com.google.android.gm/.widget.GmailWidgetProvider
10-12 13:25:50.712   780  2694 I ActivityManager: Start proc 26763:android.process.acore/u0a3 for content provider com.android.providers.contacts/.ContactsProvider2
10-12 13:25:50.750   780   790 I ActivityManager: Killing 26241:com.adobe.reader/u0a122 (adj 15): empty #17
10-12 13:25:50.810   780   790 I ActivityManager: Killing 26219:com.mxtech.videoplayer.ad/u0a76 (adj 15): empty #18
10-12 13:25:50.864   780  6670 D ActivityManager: cleanUpApplicationRecord -- 26241
10-12 13:25:50.866 26750 26780 D ActivityThread: Loading provider com.google.android.gmail.provider;com.android.mail.notifier;com.google.android.gm.email.provider;com.google.android.gm.email.notifier: com.android.email.provider.EmailProvider
10-12 13:25:50.866   780   962 D ActivityManager: cleanUpApplicationRecord -- 26219
10-12 13:25:50.966   780  6670 I ActivityManager: Start proc 26793:com.google.android.gm.exchange/u0a118 for service com.google.android.gm.exchange/com.android.exchange.service.EasService
10-12 13:25:50.973   780  4423 W ActivityManager: Unable to start service Intent { cmp=com.google.android.gm/com.android.email.service.AttachmentService } U=0: not found
10-12 13:25:51.091   780   962 I ActivityManager: Start proc 26819:com.google.android.talk/u0a51 for broadcast com.google.android.talk/com.google.android.apps.hangouts.service.GcmStateReceiver
10-12 13:25:51.157   780  2697 I ActivityManager: Killing 26146:com.jetairways/u0a137 (adj 15): empty #17
10-12 13:25:51.190   780  2320 D ActivityManager: cleanUpApplicationRecord -- 26146
10-12 13:25:51.198   780  6670 I ActivityManager: Killing 26286:in.goindigo.android/u0a178 (adj 15): empty #17
