10-12 11:22:07.640 12070 12070 E ActivityThread: 	at android.app.ActivityThread.handleBindService(ActivityThread.java:2904)
10-12 11:22:07.640 12070 12070 E ActivityThread: 	at android.app.ActivityThread.-wrap2(ActivityThread.java)
10-12 11:22:07.640 12070 12070 E ActivityThread: 	at android.app.ActivityThread$H.handleMessage(ActivityThread.java:1432)
10-12 11:22:07.640 12070 12070 E ActivityThread: 	at android.os.Handler.dispatchMessage(Handler.java:102)
10-12 11:22:07.640 12070 12070 E ActivityThread: 	at android.os.Looper.loop(Looper.java:148)
10-12 11:22:07.640 12070 12070 E ActivityThread: 	at android.app.ActivityThread.main(ActivityThread.java:5417)
10-12 11:22:07.640 12070 12070 E ActivityThread: 	at java.lang.reflect.Method.invoke(Native Method)
10-12 11:22:07.640 12070 12070 E ActivityThread: 	at com.android.internal.os.ZygoteInit$MethodAndArgsCaller.run(ZygoteInit.java:726)
10-12 11:22:07.640 12070 12070 E ActivityThread: 	at com.android.internal.os.ZygoteInit.main(ZygoteInit.java:616)
10-12 11:22:07.640   780   961 I chatty  : uid=1000(system) Binder_3 expire 3 lines
10-12 11:23:48.628   780   887 I chatty  : uid=1000(system) WifiService expire 1 line
10-12 11:23:50.037   780  2322 I chatty  : uid=1000(system) Binder_A expire 1 line
10-12 11:23:55.493   780  6670 I chatty  : uid=1000(system) Binder_10 expire 11 lines
10-12 11:23:56.224   780   888 I chatty  : uid=1000(system) ConnectivitySer expire 11 lines
10-12 11:24:21.572   780   790 I chatty  : uid=1000(system) Binder_1 expire 6 lines
10-12 11:24:21.572   780   962 I chatty  : uid=1000(system) Binder_4 expire 7 lines
10-12 11:24:21.739 10507 12720 E ActivityThread: Failed to find provider info for com.facebook.katana.provider.AttributionIdProvider
10-12 11:24:21.899   780  2697 I chatty  : uid=1000(system) Binder_E expire 8 lines
10-12 11:24:22.403   780   793 I chatty  : uid=1000(system) ActivityManager expire 12 lines
10-12 11:24:23.392   780  4423 I chatty  : uid=1000(system) Binder_F expire 9 lines
10-12 11:24:25.811   780   791 I chatty  : uid=1000(system) Binder_2 expire 11 lines
10-12 11:24:26.575   780  2322 I chatty  : uid=1000(system) Binder_A expire 12 lines
10-12 11:24:26.575   780  2323 I chatty  : uid=1000(system) Binder_B expire 11 lines
10-12 11:24:26.576   780   887 I chatty  : uid=1000(system) WifiService expire 5 lines
10-12 11:24:26.680   780  2321 I chatty  : uid=1000(system) Binder_9 expire 6 lines
10-12 11:24:26.685   780   961 I chatty  : uid=1000(system) Binder_3 expire 5 lines
10-12 11:24:30.651   780  2694 I chatty  : uid=1000(system) Binder_C expire 11 lines
10-12 11:24:31.335   780  2320 I chatty  : uid=1000(system) Binder_8 expire 9 lines
10-12 11:24:31.409   780  1917 I chatty  : uid=1000(system) Binder_7 expire 6 lines
10-12 11:24:31.623   780   877 I chatty  : uid=1000(system) InputDispatcher expire 2 lines
10-12 11:24:32.335   780   878 I chatty  : uid=1000(system) InputReader expire 8 lines
10-12 11:24:32.336   780   803 I chatty  : uid=1000(system) PowerManagerSer expire 12 lines
10-12 11:24:32.862   780   801 I chatty  : uid=1000(system) android.display expire 10 lines
10-12 11:24:52.752 13113 13161 E ActivityThread: Failed to find provider info for com.facebook.katana.provider.AttributionIdProvider
10-12 11:25:51.311   780  2696 I chatty  : uid=1000(system) Binder_D expire 3 lines
10-12 11:25:51.928   780   888 I chatty  : uid=1000(system) ConnectivitySer expire 11 lines
10-12 11:25:55.095 13113 13423 E ActivityThread: Failed to find provider info for com.facebook.katana.provider.AttributionIdProvider
10-12 11:26:32.959 13113 13113 W ViewRootImpl: Cancelling event due to no window focus: KeyEvent { action=ACTION_UP, keyCode=KEYCODE_BACK, scanCode=0, metaState=0, flags=0x68, repeatCount=0, eventTime=6897677, downTime=6897601, deviceId=-1, source=0x101 }
10-12 11:26:32.959 13113 13113 W ViewRootImpl: Cancelling event due to no window focus: KeyEvent { action=ACTION_UP, keyCode=KEYCODE_BACK, scanCode=0, metaState=0, flags=0x68, repeatCount=0, eventTime=6897677, downTime=6897601, deviceId=-1, source=0x101 }
10-12 11:26:32.959 13113 13113 W ViewRootImpl: Cancelling event due to no window focus: KeyEvent { action=ACTION_UP, keyCode=KEYCODE_BACK, scanCode=0, metaState=0, flags=0x68, repeatCount=0, eventTime=6897677, downTime=6897601, deviceId=-1, source=0x101 }
10-12 11:26:32.959 13113 13113 W ViewRootImpl: Cancelling event due to no window focus: KeyEvent { action=ACTION_UP, keyCode=KEYCODE_BACK, scanCode=0, metaState=0, flags=0x68, repeatCount=0, eventTime=6897677, downTime=6897601, deviceId=-1, source=0x101 }
10-12 11:26:32.959 13113 13113 W ViewRootImpl: Cancelling event due to no window focus: KeyEvent { action=ACTION_UP, keyCode=KEYCODE_BACK, scanCode=0, metaState=0, flags=0x68, repeatCount=0, eventTime=6897677, downTime=6897601, deviceId=-1, source=0x101 }
10-12 11:26:32.959 13113 13113 W ViewRootImpl: Cancelling event due to no window focus: KeyEvent { action=ACTION_UP, keyCode=KEYCODE_BACK, scanCode=0, metaState=0, flags=0x68, repeatCount=0, eventTime=6897677, downTime=6897601, deviceId=-1, source=0x101 }
10-12 11:26:32.959 13113 13113 W ViewRootImpl: Cancelling event due to no window focus: KeyEvent { action=ACTION_UP, keyCode=KEYCODE_BACK, scanCode=0, metaState=0, flags=0x68, repeatCount=0, eventTime=6897677, downTime=6897601, deviceId=-1, source=0x101 }
10-12 11:26:32.959 13113 13113 W ViewRootImpl: Cancelling event due to no window focus: KeyEvent { action=ACTION_UP, keyCode=KEYCODE_BACK, scanCode=0, metaState=0, flags=0x68, repeatCount=0, eventTime=6897677, downTime=6897601, deviceId=-1, source=0x101 }
10-12 11:26:32.959 13113 13113 W ViewRootImpl: Cancelling event due to no window focus: KeyEvent { action=ACTION_UP, keyCode=KEYCODE_BACK, scanCode=0, metaState=0, flags=0x68, repeatCount=0, eventTime=6897677, downTime=6897601, deviceId=-1, source=0x101 }
10-12 11:26:34.179   780   888 I chatty  : uid=1000(system) ConnectivitySer expire 18 lines
10-12 11:30:35.052   780  1915 I chatty  : uid=1000(system) Binder_6 expire 4 lines
10-12 11:30:35.265   780  1684 I chatty  : uid=1000(system) Binder_5 expire 4 lines
10-12 11:36:30.028   780   875 I chatty  : uid=1000(system) AlarmManager expire 2 lines
10-12 11:46:16.675 15349 15374 W FileUtils: Failed to chmod(/data/user/0/com.android.chrome/app_chrome): android.system.ErrnoException: chmod failed: EACCES (Permission denied)
10-12 11:46:16.696   780   888 I chatty  : uid=1000(system) ConnectivitySer expire 37 lines
10-12 11:47:49.221   780   793 I chatty  : uid=1000(system) ActivityManager expire 1 line
10-12 11:47:49.242   780   792 I chatty  : uid=1000(system) android.bg expire 2 lines
10-12 11:50:03.029   780   794 I chatty  : uid=1000(system) android.ui expire 1 line
10-12 12:00:37.132   780   780 I chatty  : uid=1000 system_server expire 1 line
10-12 12:04:32.747   780  4423 I ActivityManager: Start proc 18485:com.myntra.android/u0a180 for broadcast com.myntra.android/com.parse.ParseBroadcastReceiver
10-12 12:04:33.217   780  2694 I ActivityManager: START u0 {act=com.android.systemui.recents.SHOW_RECENTS flg=0x10804000 cmp=com.android.systemui/.recents.RecentsActivity} from uid 10012 on display 0
10-12 12:04:33.325   780  1917 I ActivityManager: Killing 15446:com.android.providers.partnerbookmarks/u0a61 (adj 15): empty #17
10-12 12:04:33.350   780  2320 D ActivityManager: cleanUpApplicationRecord -- 15446
10-12 12:04:33.431   780  4423 D ConnectivityService: listenForNetwork for Listen from uid/pid:10180/18485 for NetworkRequest [ id=73, legacyType=-1, [ Capabilities: INTERNET&NOT_RESTRICTED&TRUSTED&NOT_VPN] ]
10-12 12:04:34.262   780  2323 I ActivityManager: START u0 {act=android.intent.action.MAIN cat=[android.intent.category.HOME] flg=0x10200000 cmp=com.google.android.googlequicksearchbox/com.google.android.launcher.GEL} from uid 10012 on display 0
10-12 12:04:35.090   780   878 I PowerManagerService: Going to sleep due to power button (uid 1000)...
10-12 12:04:35.091   780   803 I PowerManagerService: Sleeping (uid 1000)...
10-12 12:04:35.594   780   801 I DisplayManagerService: Display device changed state: "Built-in Screen", OFF
10-12 12:04:40.632   780   793 W ProcessCpuTracker: Skipping unknown process pid 18647
10-12 12:04:40.632   780   793 W ProcessCpuTracker: Skipping unknown process pid 18650
10-12 12:05:02.636   780  2320 I ActivityManager: Killing 17403:com.huawei.mw/u0a158 (adj 15): empty #17
10-12 12:05:02.644   780   887 D WifiService: Client connection lost with reason: 4
10-12 12:05:02.649   780  2694 D ActivityManager: cleanUpApplicationRecord -- 17403
10-12 12:07:38.032   780   793 I ActivityManager: Start proc 18847:com.huawei.mw/u0a158 for broadcast com.huawei.mw/.receiver.WifiStateReceiver
10-12 12:07:38.106   780   887 D WifiService: New client listening to asynchronous messages
10-12 12:07:38.110   780   790 I ActivityManager: Killing 17504:com.UCMobile.intl:push/u0a155 (adj 15): empty #17
10-12 12:07:38.143   780  2694 D ActivityManager: cleanUpApplicationRecord -- 17504
10-12 12:07:44.063   780   793 I ActivityManager: Start proc 18864:net.one97.paytm/u0a110 for broadcast net.one97.paytm/com.google.android.gms.gcm.GcmReceiver
10-12 12:07:44.975   780  6670 W ActivityManager: Unable to start service Intent { act=com.google.android.c2dm.intent.RECEIVE flg=0x10 pkg=net.one97.paytm (has extras) } U=0: not found
10-12 12:07:45.001   780  2322 W ActivityManager: Unable to start service Intent { act=com.google.android.c2dm.intent.RECEIVE flg=0x10 pkg=net.one97.paytm (has extras) } U=0: not found
10-12 12:07:57.171   780  1684 I ActivityManager: Killing 17442:com.UCMobile.intl/u0a155 (adj 15): empty #17
10-12 12:07:57.182   780   790 D ActivityManager: cleanUpApplicationRecord -- 17442
10-12 12:10:07.400   780   878 I PowerManagerService: Waking up from sleep (uid 1000)...
10-12 12:10:07.407   780   803 I DisplayPowerController: Blocking screen on until initial contents have been drawn.
10-12 12:10:07.491   780   801 I DisplayManagerService: Display device changed state: "Built-in Screen", ON
10-12 12:10:07.501   780   803 I DisplayPowerController: Unblocked screen on after 94 ms
10-12 12:10:07.726   780  2694 W AppOps  : Finishing op nesting under-run: uid 10091 pkg com.bsb.hike code 24 time=1444792550776 duration=2154077 nesting=0
10-12 12:10:09.085   780   878 I PowerManagerService: Going to sleep due to power button (uid 1000)...
10-12 12:10:09.085   780   803 I PowerManagerService: Sleeping (uid 1000)...
10-12 12:10:09.644   780   801 I DisplayManagerService: Display device changed state: "Built-in Screen", OFF
10-12 12:10:57.568   780   878 I PowerManagerService: Waking up from sleep (uid 1000)...
10-12 12:10:57.579   780   803 I DisplayPowerController: Blocking screen on until initial contents have been drawn.
10-12 12:10:57.659   780   801 I DisplayManagerService: Display device changed state: "Built-in Screen", ON
10-12 12:10:57.666   780   803 I DisplayPowerController: Unblocked screen on after 87 ms
10-12 12:10:57.906   780  2320 W AppOps  : Finishing op nesting under-run: uid 10091 pkg com.bsb.hike code 24 time=1444792550776 duration=2154077 nesting=0
10-12 12:11:00.524   780  1684 W InputMethodManagerService: Window already focused, ignoring focus gain of: com.android.internal.view.IInputMethodClient$Stub$Proxy@8275e05 attribute=android.view.inputmethod.EditorInfo@446be5a, token = android.os.BinderProxy@cdc8f13
10-12 12:11:00.624   780   888 D ConnectivityService: updateNetworkScore for NetworkAgentInfo [WIFI () - 105] to 56
10-12 12:11:01.398   780   793 W ProcessCpuTracker: Skipping unknown process pid 19397
10-12 12:11:01.398   780   793 W ProcessCpuTracker: Skipping unknown process pid 19398
10-12 12:11:01.398   780   793 W ProcessCpuTracker: Skipping unknown process pid 19404
10-12 12:11:01.399   780   793 W ProcessCpuTracker: Skipping unknown process pid 19406
10-12 12:11:01.399   780   793 W ProcessCpuTracker: Skipping unknown process pid 19414
10-12 12:11:01.399   780   793 W ProcessCpuTracker: Skipping unknown process pid 19426
10-12 12:11:03.642   780   888 D ConnectivityService: notifyType CAP_CHANGED for NetworkAgentInfo [WIFI () - 105]
10-12 12:11:03.649   780   888 D ConnectivityService: updateNetworkScore for NetworkAgentInfo [WIFI () - 105] to 55
10-12 12:11:06.658   780   888 D ConnectivityService: notifyType CAP_CHANGED for NetworkAgentInfo [WIFI () - 105]
10-12 12:11:06.664   780   888 D ConnectivityService: updateNetworkScore for NetworkAgentInfo [WIFI () - 105] to 60
10-12 12:11:09.835   780   877 I ActivityManager: START u0 {act=android.intent.action.MAIN cat=[android.intent.category.HOME] flg=0x10200000 cmp=com.google.android.googlequicksearchbox/com.google.android.launcher.GEL (has extras)} from uid 1000 on display 0
10-12 12:11:10.071   780   877 I ActivityManager: START u0 {act=android.intent.action.MAIN cat=[android.intent.category.HOME] flg=0x10200000 cmp=com.google.android.googlequicksearchbox/com.google.android.launcher.GEL (has extras)} from uid 1000 on display 0
10-12 12:11:10.290   780   877 I ActivityManager: START u0 {act=android.intent.action.MAIN cat=[android.intent.category.HOME] flg=0x10200000 cmp=com.google.android.googlequicksearchbox/com.google.android.launcher.GEL (has extras)} from uid 1000 on display 0
10-12 12:11:10.475   780   877 I ActivityManager: START u0 {act=android.intent.action.MAIN cat=[android.intent.category.HOME] flg=0x10200000 cmp=com.google.android.googlequicksearchbox/com.google.android.launcher.GEL (has extras)} from uid 1000 on display 0
10-12 12:11:10.681   780   877 I ActivityManager: START u0 {act=android.intent.action.MAIN cat=[android.intent.category.HOME] flg=0x10200000 cmp=com.google.android.googlequicksearchbox/com.google.android.launcher.GEL (has extras)} from uid 1000 on display 0
10-12 12:11:10.889   780   877 I ActivityManager: START u0 {act=android.intent.action.MAIN cat=[android.intent.category.HOME] flg=0x10200000 cmp=com.google.android.googlequicksearchbox/com.google.android.launcher.GEL (has extras)} from uid 1000 on display 0
10-12 12:11:11.084   780   877 I ActivityManager: START u0 {act=android.intent.action.MAIN cat=[android.intent.category.HOME] flg=0x10200000 cmp=com.google.android.googlequicksearchbox/com.google.android.launcher.GEL (has extras)} from uid 1000 on display 0
10-12 12:11:11.331   780   877 I ActivityManager: START u0 {act=android.intent.action.MAIN cat=[android.intent.category.HOME] flg=0x10200000 cmp=com.google.android.googlequicksearchbox/com.google.android.launcher.GEL (has extras)} from uid 1000 on display 0
10-12 12:11:11.540   780   877 I ActivityManager: START u0 {act=android.intent.action.MAIN cat=[android.intent.category.HOME] flg=0x10200000 cmp=com.google.android.googlequicksearchbox/com.google.android.launcher.GEL (has extras)} from uid 1000 on display 0
10-12 12:11:11.734   780   877 I ActivityManager: START u0 {act=android.intent.action.MAIN cat=[android.intent.category.HOME] flg=0x10200000 cmp=com.google.android.googlequicksearchbox/com.google.android.launcher.GEL (has extras)} from uid 1000 on display 0
10-12 12:11:11.971   780   877 I ActivityManager: START u0 {act=android.intent.action.MAIN cat=[android.intent.category.HOME] flg=0x10200000 cmp=com.google.android.googlequicksearchbox/com.google.android.launcher.GEL (has extras)} from uid 1000 on display 0
10-12 12:11:12.198   780   877 I ActivityManager: START u0 {act=android.intent.action.MAIN cat=[android.intent.category.HOME] flg=0x10200000 cmp=com.google.android.googlequicksearchbox/com.google.android.launcher.GEL (has extras)} from uid 1000 on display 0
10-12 12:11:12.426   780   877 I ActivityManager: START u0 {act=android.intent.action.MAIN cat=[android.intent.category.HOME] flg=0x10200000 cmp=com.google.android.googlequicksearchbox/com.google.android.launcher.GEL (has extras)} from uid 1000 on display 0
10-12 12:11:12.670   780   877 I ActivityManager: START u0 {act=android.intent.action.MAIN cat=[android.intent.category.HOME] flg=0x10200000 cmp=com.google.android.googlequicksearchbox/com.google.android.launcher.GEL (has extras)} from uid 1000 on display 0
10-12 12:11:13.447   780  2323 I ActivityManager: START u0 {act=com.android.systemui.recents.SHOW_RECENTS flg=0x10804000 cmp=com.android.systemui/.recents.RecentsActivity} from uid 10012 on display 0
10-12 12:11:14.264   780   961 I ActivityManager: START u0 {act=android.intent.action.MAIN cat=[android.intent.category.HOME] flg=0x10200000 cmp=com.google.android.googlequicksearchbox/com.google.android.launcher.GEL} from uid 10012 on display 0
10-12 12:11:18.804   780   793 I ActivityManager: Start proc 19634:com.quikr/u0a121 for broadcast com.quikr/com.google.firebase.iid.FirebaseInstanceIdReceiver
10-12 12:11:18.983   780   877 I ActivityManager: START u0 {act=android.intent.action.MAIN cat=[android.intent.category.HOME] flg=0x10200000 cmp=com.google.android.googlequicksearchbox/com.google.android.launcher.GEL (has extras)} from uid 1000 on display 0
10-12 12:11:19.553 19634 19699 E ActivityThread: Failed to find provider info for com.facebook.katana.provider.AttributionIdProvider
10-12 12:11:21.728   780   888 D ConnectivityService: notifyType CAP_CHANGED for NetworkAgentInfo [WIFI () - 105]
10-12 12:11:23.535   780   792 I UsageStatsService: User[0] Flushing usage stats to disk
10-12 12:11:27.091   780  2697 W InputMethodManagerService: Window already focused, ignoring focus gain of: com.android.internal.view.IInputMethodClient$Stub$Proxy@609480 attribute=android.view.inputmethod.EditorInfo@15e6ab9, token = android.os.BinderProxy@cdc8f13
10-12 12:11:27.906   780   878 I PowerManagerService: Going to sleep due to power button (uid 1000)...
10-12 12:11:27.907   780   803 I PowerManagerService: Sleeping (uid 1000)...
10-12 12:11:28.016   780  2694 I ActivityManager: Killing 18104:com.qualcomm.timeservice/u0a68 (adj 15): empty #17
10-12 12:11:28.036   780  1915 D ActivityManager: cleanUpApplicationRecord -- 18104
10-12 12:11:28.438   780   801 I DisplayManagerService: Display device changed state: "Built-in Screen", OFF
10-12 12:13:11.073   780  1915 D ConnectivityService: reportNetworkConnectivity(105, false) by 10007
10-12 12:13:11.086   780   793 I ActivityManager: Start proc 19854:com.google.android.talk/u0a51 for broadcast com.google.android.talk/com.google.android.apps.hangouts.service.GcmStateReceiver
10-12 12:13:11.111   780   888 D ConnectivityService: NetworkAgentInfo [WIFI () - 105] validation failed
10-12 12:13:11.112   780   888 D ConnectivityService: notifyType CAP_CHANGED for NetworkAgentInfo [WIFI () - 105]
10-12 12:13:11.116   780   888 D ConnectivityService: sendStickyBroadcast: action=android.net.conn.INET_CONDITION_ACTION
10-12 12:13:11.142   780   888 D ConnectivityService: NetworkAgentInfo [WIFI () - 105] EVENT_NETWORK_INFO_CHANGED, going from CONNECTED to DISCONNECTED
10-12 12:13:11.142   780   888 D ConnectivityService: NetworkAgentInfo [WIFI () - 105] got DISCONNECTED, was satisfying 8
10-12 12:13:11.199   780   888 D ConnectivityService: notifyType LOST for NetworkAgentInfo [WIFI () - 105]
10-12 12:13:11.258   780   888 D CSLegacyTypeTracker: Sending DISCONNECTED broadcast for type 1 NetworkAgentInfo [WIFI () - 105] isDefaultNetwork=true
10-12 12:13:11.258   780   888 D ConnectivityService: sendStickyBroadcast: action=android.net.conn.CONNECTIVITY_CHANGE
10-12 12:13:11.356   780   962 I ActivityManager: Killing 11210:com.application.zomato/u0a150 (adj 15): empty #17
10-12 12:13:11.367   780  2696 D ActivityManager: cleanUpApplicationRecord -- 11210
10-12 12:13:11.381   780   888 D ConnectivityService: setProvNotificationVisibleIntent null visible=false networkType=MOBILE extraInfo=null highPriority=false
10-12 12:13:12.009   780   961 I ActivityManager: Killing 18138:com.android.providers.calendar/u0a1 (adj 15): empty #17
10-12 12:13:12.056   780   962 D ActivityManager: cleanUpApplicationRecord -- 18138
10-12 12:13:12.157   780  2320 I ActivityManager: Start proc 19964:android.process.media/u0a5 for broadcast com.android.providers.downloads/.DownloadReceiver
10-12 12:13:12.311   780   962 I ActivityManager: Start proc 19980:com.google.android.setupwizard/u0a16 for broadcast com.google.android.setupwizard/.carrier.MobileConnectivityChangeReceiver
10-12 12:13:12.469   780  2694 I ActivityManager: Killing 18179:com.jio.myjio:HPRumService/u0a192 (adj 15): empty #17
10-12 12:13:12.481   780  1915 D ActivityManager: cleanUpApplicationRecord -- 18179
10-12 12:13:12.501   780  1684 I ActivityManager: Start proc 19997:com.google.android.apps.plus/u0a63 for broadcast com.google.android.apps.plus/com.google.android.libraries.social.autobackup.AutoBackupEnvironment$ConnectivityReceiver
10-12 12:13:13.004   780  2696 W ActivityManager: Permission Denial: opening provider com.android.providers.contacts.ContactsProvider2 from ProcessRecord{908972b 19997:com.google.android.apps.plus/u0a63} (pid=19997, uid=10063) requires android.permission.READ_CONTACTS or android.permission.WRITE_CONTACTS
10-12 12:13:13.032   780  2321 I ActivityManager: Start proc 20017:com.google.android.apps.photos/u0a117 for broadcast com.google.android.apps.photos/.actionqueue.SystemReceiver
10-12 12:13:13.033   780  2321 I ActivityManager: Killing 13911:com.google.android.deskclock/u0a33 (adj 15): empty #17
10-12 12:13:13.063   780  1684 D ActivityManager: cleanUpApplicationRecord -- 13911
10-12 12:13:13.553   780   961 I ActivityManager: Start proc 20037:com.google.android.apps.magazines/u0a56 for broadcast com.google.android.apps.magazines/com.google.apps.dots.android.newsstand.appwidget.NewsWidgetProvider
10-12 12:13:13.554   780   961 I ActivityManager: Killing 18117:com.google.android.calendar/u0a28 (adj 15): empty #17
10-12 12:13:13.591   780  2320 D ActivityManager: cleanUpApplicationRecord -- 18117
10-12 12:13:14.185   780  1915 I ActivityManager: Start proc 20079:cn.andouya/u0a77 for broadcast cn.andouya/cn.andoumiao2.push.WifiNetWorkStatusReceiver
10-12 12:13:14.188   780  1915 I ActivityManager: Killing 14356:com.amdocs.webtrax/u0a144 (adj 15): empty #17
10-12 12:13:14.222   780  2321 D ActivityManager: cleanUpApplicationRecord -- 14356
10-12 12:13:14.288   780   790 I ActivityManager: Start proc 20101:com.tinder/u0a132 for broadcast com.tinder/.receivers.BroadcastReceiverConnectionChange
10-12 12:13:14.289   780   790 I ActivityManager: Killing 18864:net.one97.paytm/u0a110 (adj 15): empty #17
10-12 12:13:14.362   780   962 D ActivityManager: cleanUpApplicationRecord -- 18864
10-12 12:13:14.419   780   791 I ActivityManager: Process com.nitrodesk.honey.nitroid (pid 14750) has died
10-12 12:13:14.419   780   791 D ActivityManager: cleanUpApplicationRecord -- 14750
10-12 12:13:14.419   780   791 W ActivityManager: Scheduling restart of crashed service com.nitrodesk.honey.nitroid/com.nitrodesk.daemon.ExchangeListenerSvc in 1000ms
10-12 12:13:14.419   780   791 W ActivityManager: Scheduling restart of crashed service com.nitrodesk.honey.nitroid/com.nitrodesk.daemon.ActiveSyncListenerSvc in 11000ms
10-12 12:13:14.419   780   791 W ActivityManager: Scheduling restart of crashed service com.nitrodesk.honey.nitroid/com.mdm.android.aidl.MDMAgentService in 21000ms
10-12 12:13:14.419   780   791 W ActivityManager: Scheduling restart of crashed service com.nitrodesk.honey.nitroid/com.nitrodesk.daemon.NotificationActionService in 31000ms
10-12 12:13:15.067   780  6670 I ActivityManager: Start proc 20164:fr.slvn.mms/u0a26 for broadcast fr.slvn.mms/com.android.mms.transaction.MmsSystemEventReceiver
10-12 12:13:15.068   780  6670 I ActivityManager: Killing 11807:android.process.acore/u0a3 (adj 15): empty #17
10-12 12:13:15.091   780  4423 D ActivityManager: cleanUpApplicationRecord -- 11807
10-12 12:13:15.114   780  6670 I ActivityManager: Killing 13193:com.google.android.apps.fitness/u0a116 (adj 15): empty #17
10-12 12:13:15.139   780  1915 D ActivityManager: cleanUpApplicationRecord -- 13193
10-12 12:13:15.153   780   961 D CountryDetector: The first listener is added
10-12 12:13:15.247   780  4423 I ActivityManager: Start proc 20185:com.UCMobile.intl/u0a155 for broadcast com.UCMobile.intl/com.ucweb.message.UcwebRegistrationReceiver
10-12 12:13:15.249   780  4423 I ActivityManager: Killing 18485:com.myntra.android/u0a180 (adj 15): empty #17
10-12 12:13:15.273   780  1917 D ConnectivityService: ConnectivityService NetworkRequestInfo binderDied(NetworkRequest [ id=73, legacyType=-1, [ Capabilities: INTERNET&NOT_RESTRICTED&TRUSTED&NOT_VPN] ], android.os.BinderProxy@f157a3a)
10-12 12:13:15.273   780   888 D ConnectivityService: releasing NetworkRequest NetworkRequest [ id=73, legacyType=-1, [ Capabilities: INTERNET&NOT_RESTRICTED&TRUSTED&NOT_VPN] ]
10-12 12:13:15.274   780   888 E ConnectivityService: RemoteException caught trying to send a callback msg for NetworkRequest [ id=73, legacyType=-1, [ Capabilities: INTERNET&NOT_RESTRICTED&TRUSTED&NOT_VPN] ]
10-12 12:13:15.322   780  2696 D ActivityManager: cleanUpApplicationRecord -- 18485
10-12 12:13:15.338   780  1684 I ActivityManager: Start proc 20208:android.process.acore/u0a3 for content provider com.android.providers.contacts/.ContactsProvider2
10-12 12:13:15.340   780  2696 I ActivityManager: Killing 11531:com.estrongs.android.pop/u0a102 (adj 15): empty #17
10-12 12:13:15.340   780  2696 I libprocessgroup: Killing pid 13557 in uid 10102 as part of process group 11531
10-12 12:13:15.353   780   887 D WifiService: Client connection lost with reason: 4
10-12 12:13:15.419   780   791 D ActivityManager: cleanUpApplicationRecord -- 11531
10-12 12:13:15.422   780   961 I ActivityManager: Killing 12551:com.google.android.googlequicksearchbox:search/u0a19 (adj 15): empty #17
10-12 12:13:15.438   780  2320 D ConnectivityService: ConnectivityService NetworkRequestInfo binderDied(NetworkRequest [ id=68, legacyType=-1, [ Capabilities: INTERNET&NOT_RESTRICTED&TRUSTED&NOT_VPN] ], android.os.BinderProxy@7d10006)
10-12 12:13:15.438   780   888 D ConnectivityService: releasing NetworkRequest NetworkRequest [ id=68, legacyType=-1, [ Capabilities: INTERNET&NOT_RESTRICTED&TRUSTED&NOT_VPN] ]
10-12 12:13:15.439   780   887 D WifiService: Client connection lost with reason: 4
10-12 12:13:15.439   780   888 E ConnectivityService: RemoteException caught trying to send a callback msg for NetworkRequest [ id=68, legacyType=-1, [ Capabilities: INTERNET&NOT_RESTRICTED&TRUSTED&NOT_VPN] ]
10-12 12:13:15.492   780   793 I ActivityManager: Start proc 20225:com.nitrodesk.honey.nitroid/u0a170 for service com.nitrodesk.honey.nitroid/com.nitrodesk.daemon.ExchangeListenerSvc
10-12 12:13:15.493   780  2321 D ActivityManager: cleanUpApplicationRecord -- 12551
10-12 12:13:15.523   780  2697 I ActivityManager: Start proc 20238:com.UCMobile.intl:push/u0a155 for service com.UCMobile.intl/com.uc.base.push.UcwebIntentService
10-12 12:13:15.567   780   887 D WifiService: New client listening to asynchronous messages
10-12 12:13:15.638   780   790 I ActivityManager: Start proc 20261:com.bt.bms/u0a82 for broadcast com.bt.bms/com.freshdesk.mobihelp.receiver.ConnectivityReceiver
10-12 12:13:15.639   780   790 I ActivityManager: Killing 19854:com.google.android.talk/u0a51 (adj 15): empty #17
10-12 12:13:15.672   780  6670 D ActivityManager: cleanUpApplicationRecord -- 19854
10-12 12:13:15.679   780  4423 I ActivityManager: Killing 18847:com.huawei.mw/u0a158 (adj 15): empty #17
10-12 12:13:15.686   780   887 D WifiService: Client connection lost with reason: 4
10-12 12:13:15.719   780   791 D ActivityManager: cleanUpApplicationRecord -- 18847
10-12 12:13:16.077   780  2320 I ActivityManager: Start proc 20308:com.google.android.gm.exchange/u0a118 for content provider com.google.android.gm.exchange/com.android.exchange.provider.ExchangeDirectoryProvider
10-12 12:13:16.090   780  4423 I ActivityManager: Killing 18160:com.jio.myjio/u0a192 (adj 15): empty #17
10-12 12:13:16.117   780   961 D ActivityManager: cleanUpApplicationRecord -- 18160
10-12 12:13:16.234   780  2697 I ActivityManager: Start proc 20320:com.google.android.gm/u0a41 for content provider com.google.android.gm/com.android.email.provider.EmailProvider
10-12 12:13:16.253   780  1917 I ActivityManager: Start proc 20332:com.google.process.gapps/u0a86 for content provider com.google.android.syncadapters.contacts/.GalProvider
10-12 12:13:16.256   780  6670 I ActivityManager: Killing 19980:com.google.android.setupwizard/u0a16 (adj 15): empty #17
10-12 12:13:16.279   780  2321 D ActivityManager: cleanUpApplicationRecord -- 19980
10-12 12:13:16.282   780  1684 I ActivityManager: Killing 19997:com.google.android.apps.plus/u0a63 (adj 15): empty #17
10-12 12:13:16.339   780  1915 D ActivityManager: cleanUpApplicationRecord -- 19997
10-12 12:13:16.373   780   962 I ActivityManager: Killing 19964:android.process.media/u0a5 (adj 15): empty #17
10-12 12:13:16.401   780  2322 D ActivityManager: cleanUpApplicationRecord -- 19964
10-12 12:13:16.432   780   961 I ActivityManager: Start proc 20350:com.huawei.mw/u0a158 for broadcast com.huawei.mw/.receiver.WifiStateReceiver
10-12 12:13:16.495   780   887 D WifiService: New client listening to asynchronous messages
10-12 12:13:16.509   780  1684 I ActivityManager: Start proc 20368:com.huawei.mw:pushservice/u0a158 for broadcast com.huawei.mw/com.huawei.android.pushagent.PushBootReceiver
10-12 12:13:16.609   780   790 I ActivityManager: Killing 20017:com.google.android.apps.photos/u0a117 (adj 15): empty #17
10-12 12:13:16.660   780  4423 D ActivityManager: cleanUpApplicationRecord -- 20017
10-12 12:13:16.661 20320 20386 D ActivityThread: Loading provider com.google.android.gmail.provider;com.android.mail.notifier;com.google.android.gm.email.provider;com.google.android.gm.email.notifier: com.android.email.provider.EmailProvider
10-12 12:13:16.692   780  2320 I ActivityManager: Start proc 20387:com.cleanmaster.mguard/u0a81 for broadcast com.cleanmaster.mguard/com.cleanmaster.login.LoginNetWorkReceiver
10-12 12:13:16.757   780  1915 I ActivityManager: Killing 20037:com.google.android.apps.magazines/u0a56 (adj 15): empty #17
10-12 12:13:16.789   780  1917 D ActivityManager: cleanUpApplicationRecord -- 20037
10-12 12:13:16.946   780  2322 W ActivityManager: Unable to start service Intent { cmp=com.google.android.gm/com.android.email.service.AttachmentService } U=0: not found
10-12 12:13:17.288   780  2696 W ActivityManager: Unable to start service Intent { act=com.cleanmaster.api.RT_ACCESS cmp=com.cmcm.skey/com.cmcm.rtstub.RTApiService } U=0: not found
10-12 12:13:17.288   780  2322 W ActivityManager: Unable to start service Intent { act=com.cleanmaster.api.RT_ACCESS cmp=com.cmcm.rtstub/.RTApiService } U=0: not found
10-12 12:13:17.394   780   962 I ActivityManager: Start proc 20465:com.jetairways/u0a137 for broadcast com.jetairways/com.inmobi.commons.analytics.androidsdk.IMAdTrackerReceiver
10-12 12:13:17.466   780  2320 I ActivityManager: Killing 20079:cn.andouya/u0a77 (adj 15): empty #17
10-12 12:13:17.509   780  1684 D ActivityManager: cleanUpApplicationRecord -- 20079
10-12 12:13:17.662   780   887 D WifiService: New client listening to asynchronous messages
10-12 12:13:17.671   780  2322 D ConnectivityService: listenForNetwork for Listen from uid/pid:10081/20387 for NetworkRequest [ id=74, legacyType=-1, [ Capabilities: INTERNET&NOT_RESTRICTED&TRUSTED&NOT_VPN] ]
10-12 12:13:17.896   780  1917 I ActivityManager: Start proc 20509:br.com.vodain.ringbacktones/u0a129 for broadcast br.com.vodain.ringbacktones/.receivers.VodaBatteryReceiver
10-12 12:13:17.897   780  1917 I ActivityManager: Killing 20101:com.tinder/u0a132 (adj 15): empty #17
10-12 12:13:17.941   780  2323 D ActivityManager: cleanUpApplicationRecord -- 20101
10-12 12:13:18.359   780   961 I ActivityManager: Start proc 20544:com.mxtech.videoplayer.ad/u0a76 for broadcast com.mxtech.videoplayer.ad/com.inmobi.commons.analytics.androidsdk.IMAdTrackerReceiver
10-12 12:13:18.360   780   961 I ActivityManager: Killing 19634:com.quikr/u0a121 (adj 15): empty #17
10-12 12:13:18.399   780  4423 D ActivityManager: cleanUpApplicationRecord -- 19634
10-12 12:13:19.180   780  4423 I ActivityManager: Start proc 20581:com.adobe.reader/u0a122 for broadcast com.adobe.reader/.utils.ARNetworkChangeReceiver
10-12 12:13:19.181   780  4423 I ActivityManager: Killing 20164:fr.slvn.mms/u0a26 (adj 15): empty #17
10-12 12:13:19.193   780  6670 D CountryDetector: No listener is left
10-12 12:13:19.210   780  2321 D ActivityManager: cleanUpApplicationRecord -- 20164
10-12 12:13:19.522   780   961 I ActivityManager: Start proc 20607:com.android.vending/u0a14 for service com.android.vending/com.google.android.finsky.billing.iab.InAppBillingService
10-12 12:13:19.559   780   791 I ActivityManager: Start proc 20628:in.goindigo.android/u0a178 for broadcast in.goindigo.android/.task.NetworkStateMonitor
10-12 12:13:19.560   780   791 I ActivityManager: Killing 10805:com.freecharge.android/u0a103 (adj 15): empty #17
10-12 12:13:19.601   780  2697 D ActivityManager: cleanUpApplicationRecord -- 10805
10-12 12:13:19.770   780  2322 I ActivityManager: Start proc 20650:com.application.zomato/u0a150 for broadcast com.application.zomato/com.demach.konotor.NetworkStateReceiver
10-12 12:13:19.892   780   790 I ActivityManager: Killing 20185:com.UCMobile.intl/u0a155 (adj 15): empty #17
10-12 12:13:19.921   780  1915 D ActivityManager: cleanUpApplicationRecord -- 20185
10-12 12:13:19.977   780  1684 I ActivityManager: Start proc 20678:android.process.media/u0a5 for content provider com.android.providers.downloads/.DownloadProvider
10-12 12:13:20.043   780  1915 I ActivityManager: Killing 20238:com.UCMobile.intl:push/u0a155 (adj 15): empty #17
10-12 12:13:20.089   780  1917 D ActivityManager: cleanUpApplicationRecord -- 20238
10-12 12:13:20.186   780  4423 I ActivityManager: Killing 13434:cn.xender/u0a114 (adj 15): empty #17
10-12 12:13:20.196   780   887 D WifiService: Client connection lost with reason: 4
10-12 12:13:20.210   780  2323 D ActivityManager: cleanUpApplicationRecord -- 13434
10-12 12:13:20.518   780  4423 I ActivityManager: Start proc 20760:com.att.connect/u0a36 for broadcast com.att.connect/engine.com.att.connect.network.NetworkReceiver
10-12 12:13:20.527   780   962 I ActivityManager: Killing 20261:com.bt.bms/u0a82 (adj 15): empty #17
10-12 12:13:20.587   780  1684 D ActivityManager: cleanUpApplicationRecord -- 20261
10-12 12:13:20.876   780  2697 I ActivityManager: Start proc 20804:com.lenovo.anyshare.gps/u0a176 for broadcast com.lenovo.anyshare.gps/com.lenovo.anyshare.app.DefaultReceiver
10-12 12:13:20.877   780  2697 I ActivityManager: Killing 20332:com.google.process.gapps/u0a86 (adj 15): empty #17
10-12 12:13:20.911   780  4423 D ActivityManager: cleanUpApplicationRecord -- 20332
10-12 12:13:21.159   780  6670 I ActivityManager: Start proc 20825:com.ssbtips.and.suggestions/u0a160 for broadcast com.ssbtips.and.suggestions/com.appyet.provider.WidgetProvider
10-12 12:13:21.160   780  6670 I ActivityManager: Killing 20350:com.huawei.mw/u0a158 (adj 15): empty #17
10-12 12:13:21.169   780   887 D WifiService: Client connection lost with reason: 4
10-12 12:13:21.189   780  1915 D ActivityManager: cleanUpApplicationRecord -- 20350
10-12 12:13:21.731   780   790 I ActivityManager: Start proc 20841:naukriApp.appModules.login/u0a104 for broadcast naukriApp.appModules.login/com.naukri.modules.reachability.Reachability
10-12 12:13:21.732   780   790 I ActivityManager: Killing 20208:android.process.acore/u0a3 (adj 15): empty #17
10-12 12:13:21.775   780  2694 D ActivityManager: cleanUpApplicationRecord -- 20208
10-12 12:13:22.002   780  2320 I ActivityManager: Start proc 20866:com.damiapp.softdatacable/u0a75 for broadcast com.damiapp.softdatacable/com.lyy.softsync.AutoSyncNwkBcReceiver
10-12 12:13:22.020   780  6670 I ActivityManager: Killing 20368:com.huawei.mw:pushservice/u0a158 (adj 15): empty #17
10-12 12:13:22.039   780   790 D ActivityManager: cleanUpApplicationRecord -- 20368
10-12 12:13:22.127   780  2696 I ActivityManager: Start proc 20881:com.stackexchange.marvin/u0a143 for broadcast com.stackexchange.marvin/.core.Prizm$ConnectivityEventReceiver
10-12 12:13:22.128   780  2696 I ActivityManager: Killing 20320:com.google.android.gm/u0a41 (adj 15): empty #17
10-12 12:13:22.149   780  2321 D ActivityManager: cleanUpApplicationRecord -- 20320
10-12 12:13:22.372   780  2321 W ActivityManager: Unable to start service Intent { act=android.support.customtabs.action.CustomTabsService pkg=com.stackexchange.marvin } U=0: not found
10-12 12:13:22.415   780  4423 I ActivityManager: Killing 20308:com.google.android.gm.exchange/u0a118 (adj 15): empty #17
10-12 12:13:22.470   780   962 D ActivityManager: cleanUpApplicationRecord -- 20308
10-12 12:13:22.535   780  1917 I ActivityManager: Start proc 20920:com.google.android.apps.photos/u0a117 for broadcast com.google.android.apps.photos/.actionqueue.InternalReceiver
10-12 12:13:22.795   780  2696 I ActivityManager: Start proc 20950:fr.slvn.mms/u0a26 for broadcast fr.slvn.mms/com.android.mms.transaction.SmsReceiver
10-12 12:13:22.847   780   790 D CountryDetector: The first listener is added
10-12 12:13:22.865   780  2697 I ActivityManager: Killing 20387:com.cleanmaster.mguard/u0a81 (adj 15): empty #17
10-12 12:13:22.878   780  4423 D ConnectivityService: ConnectivityService NetworkRequestInfo binderDied(NetworkRequest [ id=74, legacyType=-1, [ Capabilities: INTERNET&NOT_RESTRICTED&TRUSTED&NOT_VPN] ], android.os.BinderProxy@3d0d0d5)
10-12 12:13:22.878   780   887 D WifiService: Client connection lost with reason: 4
10-12 12:13:22.879   780   888 D ConnectivityService: releasing NetworkRequest NetworkRequest [ id=74, legacyType=-1, [ Capabilities: INTERNET&NOT_RESTRICTED&TRUSTED&NOT_VPN] ]
10-12 12:13:22.879   780   888 E ConnectivityService: RemoteException caught trying to send a callback msg for NetworkRequest [ id=74, legacyType=-1, [ Capabilities: INTERNET&NOT_RESTRICTED&TRUSTED&NOT_VPN] ]
10-12 12:13:23.010   780  1684 D ActivityManager: cleanUpApplicationRecord -- 20387
10-12 12:13:23.086   780   791 I ActivityManager: Start proc 20983:android.process.acore/u0a3 for content provider com.android.providers.contacts/.ContactsProvider2
10-12 12:13:23.106   780  1917 I ActivityManager: Start proc 20995:com.google.android.gm/u0a41 for broadcast com.google.android.gm/.widget.GmailWidgetProvider
10-12 12:13:23.185   780  2694 I ActivityManager: Killing 20544:com.mxtech.videoplayer.ad/u0a76 (adj 15): empty #17
10-12 12:13:24.270   780  2694 I ActivityManager: Killing 20509:br.com.vodain.ringbacktones/u0a129 (adj 15): empty #18
10-12 12:13:24.289   780   962 D ActivityManager: cleanUpApplicationRecord -- 20544
10-12 12:13:24.292 20995 21014 D ActivityThread: Loading provider com.google.android.gmail.provider;com.android.mail.notifier;com.google.android.gm.email.provider;com.google.android.gm.email.notifier: com.android.email.provider.EmailProvider
10-12 12:13:24.295   780   791 D ActivityManager: cleanUpApplicationRecord -- 20509
10-12 12:13:24.410   780  2320 I ActivityManager: Start proc 21028:com.google.android.gm.exchange/u0a118 for service com.google.android.gm.exchange/com.android.exchange.service.EasService
10-12 12:13:24.433   780  4423 I ActivityManager: Start proc 21049:com.cleanmaster.mguard/u0a81 for broadcast com.cleanmaster.mguard/com.ijinshan.cleaner.receiver.MainProcessReceiver
10-12 12:13:24.463   780  1915 I ActivityManager: Killing 20465:com.jetairways/u0a137 (adj 15): empty #17
10-12 12:13:24.570   780  1917 D ActivityManager: cleanUpApplicationRecord -- 20465
10-12 12:13:24.571   780  2322 W ActivityManager: Unable to start service Intent { cmp=com.google.android.gm/com.android.email.service.AttachmentService } U=0: not found
10-12 12:13:24.655   780   791 I ActivityManager: Killing 20581:com.adobe.reader/u0a122 (adj 15): empty #17
10-12 12:13:24.696   780  1917 D ActivityManager: cleanUpApplicationRecord -- 20581
10-12 12:13:24.720   780  2323 I ActivityManager: Start proc 21080:com.google.process.gapps/u0a86 for content provider com.google.android.syncadapters.contacts/.GalProvider
10-12 12:13:24.735   780   961 I ActivityManager: Killing 20628:in.goindigo.android/u0a178 (adj 15): empty #17
10-12 12:13:24.769   780  2320 D ActivityManager: cleanUpApplicationRecord -- 20628
10-12 12:13:24.912   780  2323 W ActivityManager: Unable to start service Intent { act=com.cleanmaster.api.RT_ACCESS cmp=com.cmcm.skey/com.cmcm.rtstub.RTApiService } U=0: not found
10-12 12:13:24.912   780  2321 W ActivityManager: Unable to start service Intent { act=com.cleanmaster.api.RT_ACCESS cmp=com.cmcm.rtstub/.RTApiService } U=0: not found
10-12 12:13:25.139   780  2322 I ActivityManager: Process com.cleanmaster.mguard (pid 21049) has died
10-12 12:13:25.139   780  2322 D ActivityManager: cleanUpApplicationRecord -- 21049
10-12 12:13:25.139   780  2322 W ActivityManager: Scheduling restart of crashed service com.cleanmaster.mguard/com.cleanmaster.ui.app.provider.download.DownloadService in 1000ms
10-12 12:13:25.156   780  2323 I ActivityManager: Start proc 21135:com.google.android.talk/u0a51 for broadcast com.google.android.talk/com.google.android.apps.hangouts.service.GcmStateReceiver
10-12 12:13:25.507   780  2322 I ActivityManager: Killing 20678:android.process.media/u0a5 (adj 15): empty #17
10-12 12:13:26.050   780  4423 D ActivityManager: cleanUpApplicationRecord -- 20678
10-12 12:13:26.072   780   793 W ProcessCpuTracker: Skipping unknown process pid 21031
10-12 12:13:26.072   780   793 W ProcessCpuTracker: Skipping unknown process pid 21032
10-12 12:13:26.073   780   793 W ProcessCpuTracker: Skipping unknown process pid 21063
10-12 12:13:26.073   780   793 W ProcessCpuTracker: Skipping unknown process pid 21065
10-12 12:13:26.073   780   793 W ProcessCpuTracker: Skipping unknown process pid 21066
10-12 12:13:26.074   780   793 W ProcessCpuTracker: Skipping unknown process pid 21167
10-12 12:13:26.158   780   793 I ActivityManager: Start proc 21177:com.cleanmaster.mguard/u0a81 for service com.cleanmaster.mguard/com.cleanmaster.ui.app.provider.download.DownloadService
10-12 12:13:26.484   780  6670 W ActivityManager: Unable to start service Intent { act=com.cleanmaster.api.RT_ACCESS cmp=com.cmcm.skey/com.cmcm.rtstub.RTApiService } U=0: not found
10-12 12:13:26.485   780  2322 W ActivityManager: Unable to start service Intent { act=com.cleanmaster.api.RT_ACCESS cmp=com.cmcm.rtstub/.RTApiService } U=0: not found
10-12 12:13:26.635   780  1915 I ActivityManager: Killing 20607:com.android.vending/u0a14 (adj 15): empty #17
10-12 12:13:26.691   780   791 D ActivityManager: cleanUpApplicationRecord -- 20607
10-12 12:13:26.797   780   887 D WifiService: New client listening to asynchronous messages
10-12 12:13:26.804   780  2323 D ConnectivityService: listenForNetwork for Listen from uid/pid:10081/21177 for NetworkRequest [ id=75, legacyType=-1, [ Capabilities: INTERNET&NOT_RESTRICTED&TRUSTED&NOT_VPN] ]
10-12 12:13:40.501   780   961 I Telecom : PhoneAccountRegistrar: SimCallManager queried, returning: null
10-12 12:13:40.544   780   962 I Telecom : PhoneAccountRegistrar: SimCallManager queried, returning: null
10-12 12:14:11.327   780   888 D ConnectivityService: Failed to find a new network - expiring NetTransition Wakelock
10-12 12:15:35.139   780   790 I ActivityManager: Start proc 21440:com.google.android.deskclock/u0a33 for broadcast com.google.android.deskclock/com.android.alarmclock.DigitalAppWidgetProvider
10-12 12:15:35.293   780  2696 I ActivityManager: Killing 20760:com.att.connect/u0a36 (adj 15): empty #17
10-12 12:15:35.317   780  2697 D ActivityManager: cleanUpApplicationRecord -- 20760
10-12 12:20:00.348   780  2323 I ActivityManager: Start proc 21687:com.google.android.apps.fitness/u0a116 for broadcast com.google.android.apps.fitness/.api.services.alarmreceivers.ActivityDetectionAlarmReceiver
10-12 12:20:00.604   780  2697 I ActivityManager: Killing 20804:com.lenovo.anyshare.gps/u0a176 (adj 15): empty #17
10-12 12:20:00.639   780  2696 D ActivityManager: cleanUpApplicationRecord -- 20804
10-12 12:23:51.214   780   875 I ActivityManager: Start proc 21787:com.google.android.googlequicksearchbox:search/u0a19 for service com.google.android.googlequicksearchbox/com.google.android.apps.gsa.sidekick.main.TrafficIntentService
10-12 12:24:01.343   780   887 D WifiService: New client listening to asynchronous messages
10-12 12:24:01.412   780   962 I ActivityManager: Start proc 21822:com.google.android.partnersetup/u0a11 for content provider com.google.android.partnersetup/.RlzAppProvider
10-12 12:24:01.446   780  2322 I ActivityManager: Killing 20841:naukriApp.appModules.login/u0a104 (adj 15): empty #17
10-12 12:24:01.478   780  2322 I ActivityManager: Killing 20825:com.ssbtips.and.suggestions/u0a160 (adj 15): empty #18
10-12 12:24:05.116   780  1915 D ActivityManager: cleanUpApplicationRecord -- 20841
10-12 12:24:05.118   780  1917 D ActivityManager: cleanUpApplicationRecord -- 20825
10-12 12:24:05.209   780  2323 I ActivityManager: Start proc 21853:com.android.providers.calendar/u0a1 for content provider com.android.providers.calendar/.CalendarProvider2
10-12 12:25:01.264   780   793 I ActivityManager: Start proc 21889:com.UCMobile.intl/u0a155 for broadcast com.UCMobile.intl/com.uc.base.push.gcm.GCMLocalCommandReceiver
10-12 12:25:01.298   780  6670 I ActivityManager: Killing 20866:com.damiapp.softdatacable/u0a75 (adj 15): empty #17
10-12 12:25:01.335   780   791 D ActivityManager: cleanUpApplicationRecord -- 20866
10-12 12:25:01.460   780  4423 I ActivityManager: Killing 20881:com.stackexchange.marvin/u0a143 (adj 15): empty #17
10-12 12:25:01.515   780  1917 D ActivityManager: cleanUpApplicationRecord -- 20881
10-12 12:25:01.548   780  1915 I ActivityManager: Start proc 21925:com.google.android.calendar/u0a28 for broadcast com.google.android.calendar/com.android.calendar.alerts.AlertReceiver
10-12 12:25:06.863   780  2322 I ActivityManager: Killing 20920:com.google.android.apps.photos/u0a117 (adj 15): empty #17
10-12 12:25:06.895   780   961 D ActivityManager: cleanUpApplicationRecord -- 20920
10-12 12:26:02.869   780  2322 I ActivityManager: Start proc 22000:com.ssbtips.and.suggestions/u0a160 for broadcast com.ssbtips.and.suggestions/com.appyet.receiver.AlarmUpdateReceiver
10-12 12:26:03.128   780   962 I ActivityManager: Killing 21028:com.google.android.gm.exchange/u0a118 (adj 15): empty #17
10-12 12:26:03.205   780  2694 D ActivityManager: cleanUpApplicationRecord -- 21028
10-12 12:36:27.554   780   875 I ActivityManager: Start proc 22280:naukriApp.appModules.login/u0a104 for service naukriApp.appModules.login/com.naukri.exceptionhandler.StackTraceLoggingService
10-12 12:36:27.584   780  2320 I ActivityManager: Start proc 22292:com.whatsapp/u0a84 for broadcast com.whatsapp/.AlarmBroadcastReceiver
10-12 12:36:27.791   780  4423 I ActivityManager: Killing 21080:com.google.process.gapps/u0a86 (adj 15): empty #17
10-12 12:36:27.819   780  6670 D ActivityManager: cleanUpApplicationRecord -- 21080
10-12 12:36:34.601   780  1915 I ActivityManager: Killing 20983:android.process.acore/u0a3 (adj 15): empty #17
10-12 12:36:34.629   780  2320 D ActivityManager: cleanUpApplicationRecord -- 20983
10-12 13:09:03.134   780   875 I ActivityManager: Start proc 23014:cn.xender/u0a114 for service cn.xender/com.pingstart.adsdk.OptimizeService
10-12 13:09:34.188   780  1917 I ActivityManager: Killing 20950:fr.slvn.mms/u0a26 (adj 15): empty #17
10-12 13:09:34.201   780  2694 D CountryDetector: No listener is left
10-12 13:09:34.211   780  4423 D ActivityManager: cleanUpApplicationRecord -- 20950
10-12 13:24:50.116   780   878 I PowerManagerService: Waking up from sleep (uid 1000)...
10-12 13:24:50.125   780   803 I DisplayPowerController: Blocking screen on until initial contents have been drawn.
10-12 13:24:50.210   780   801 I DisplayManagerService: Display device changed state: "Built-in Screen", ON
10-12 13:24:50.309   780   803 I DisplayPowerController: Unblocked screen on after 184 ms
10-12 13:24:50.458   780  4423 W AppOps  : Finishing op nesting under-run: uid 10091 pkg com.bsb.hike code 24 time=1444792550776 duration=2154077 nesting=0
10-12 13:24:50.788   780  2696 I ActivityManager: Start proc 23410:com.huawei.mw/u0a158 for broadcast com.huawei.mw/.receiver.WifiStateReceiver
10-12 13:24:50.875   780   887 D WifiService: New client listening to asynchronous messages
10-12 13:24:50.879   780  2320 I ActivityManager: Killing 20995:com.google.android.gm/u0a41 (adj 15): empty #17
10-12 13:24:50.915   780  2323 D ActivityManager: cleanUpApplicationRecord -- 20995
10-12 13:24:52.322   780   886 D ConnectivityService: registerNetworkAgent NetworkAgentInfo{ ni{[type: WIFI[], state: CONNECTING/CONNECTING, reason: (unspecified), extra: "AmdocsMobile", roaming: false, failover: false, isAvailable: true]}  network{106}  lp{{LinkAddresses: []  Routes: [] DnsAddresses: [] Domains: null MTU: 0 TcpBufferSizes: 524288,1048576,2097152,262144,524288,1048576}}  nc{[ Transports: WIFI Capabilities: INTERNET&NOT_RESTRICTED&TRUSTED&NOT_VPN LinkUpBandwidth>=1048576Kbps LinkDnBandwidth>=1048576Kbps]}  Score{20}  everValidated{false}  lastValidated{false}  created{false} lingering{false} explicitlySelected{false} acceptUnvalidated{false} everCaptivePortalDetected{false} lastCaptivePortalDetected{false} }
10-12 13:24:52.323   780   888 D ConnectivityService: NetworkAgentInfo [WIFI () - 106] EVENT_NETWORK_INFO_CHANGED, going from null to CONNECTING
10-12 13:24:52.387   780   888 D ConnectivityService: notifyType CAP_CHANGED for NetworkAgentInfo [WIFI () - 106]
