10-12 14:28:43.132 10091 10281 W System.err: 	at com.appyet.e.o.a(NetworkManager.java:300)
10-12 14:28:43.132 10091 10281 W System.err: 	at com.appyet.e.g.a(FileManager.java:124)
10-12 14:28:43.132 10091 10281 W System.err: 	at com.appyet.e.r.a(SyncManager.java:6483)
10-12 14:28:43.132 10091 10281 W System.err: 	at com.appyet.receiver.AlarmUpdateReceiver$a.d(AlarmUpdateReceiver.java:30)
10-12 14:28:43.132 10091 10281 W System.err: 	at com.appyet.receiver.AlarmUpdateReceiver$a.b(AlarmUpdateReceiver.java:25)
10-12 14:28:43.133 10091 10281 W System.err: 	at com.appyet.g.a$2.call(AsyncTask.java:255)
10-12 14:28:43.133 10091 10281 W System.err: 	at java.util.concurrent.FutureTask.run(FutureTask.java:237)
10-12 14:28:43.133 10091 10281 W System.err: 	at java.util.concurrent.ThreadPoolExecutor.runWorker(ThreadPoolExecutor.java:1113)
10-12 14:28:43.133 10091 10281 W System.err: 	at java.util.concurrent.ThreadPoolExecutor$Worker.run(ThreadPoolExecutor.java:588)
10-12 14:28:43.133 10091 10281 W System.err: 	at java.lang.Thread.run(Thread.java:818)
10-12 14:28:43.156  1320  3034 I Icing   : Query from com.google.android.googlequicksearchbox package restrict com.google.android.music start 0 num 500
10-12 14:28:43.171  9567 10180 E Search.IcingConnection: Got error status from query: Not authorized to read requested corpora
10-12 14:28:43.188  1320  3034 I Icing   : Query from com.google.android.googlequicksearchbox package restrict com.google.android.music start 0 num 100
10-12 14:28:43.199  9567 10180 E Search.IcingConnection: Got error status from query: Not authorized to read requested corpora
10-12 14:28:43.230  1320  3034 I Icing   : Query from com.google.android.googlequicksearchbox package restrict com.google.android.music start 0 num 100
10-12 14:28:43.248  9567 10180 E Search.IcingConnection: Got error status from query: Not authorized to read requested corpora
10-12 14:28:43.275  1320  7375 I Icing   : Usage reports 0 indexed 0 rejected 0 imm upload true
10-12 14:28:43.279  1320  7375 I Icing   : Usage reports 0 indexed 0 rejected 0 imm upload true
10-12 14:28:43.281  1320  3034 I Icing   : Query from com.google.android.googlequicksearchbox package restrict com.google.android.music start 0 num 100
10-12 14:28:43.286  1320  7375 I Icing   : Usage reports 0 indexed 0 rejected 0 imm upload true
10-12 14:28:43.286  9322 10283 I FitnessApp: Performing Wearable Account Sync
10-12 14:28:43.290  1320  7375 I Icing   : Usage reports 0 indexed 0 rejected 0 imm upload true
10-12 14:28:43.298  1320  7375 I Icing   : Usage reports 0 indexed 0 rejected 0 imm upload true
10-12 14:28:43.312  1320  7375 I Icing   : Usage reports 0 indexed 0 rejected 0 imm upload true
10-12 14:28:43.317  1320  7375 I Icing   : Usage reports 0 indexed 0 rejected 0 imm upload true
10-12 14:28:43.319  9567 10180 E Search.IcingConnection: Got error status from query: Not authorized to read requested corpora
10-12 14:28:43.319  9567 10084 E ContextCompilationHandl: No recognition context built for MUSIC_NAMES en-US
10-12 14:28:43.323  1320  7375 I Icing   : Usage reports 0 indexed 0 rejected 0 imm upload true
10-12 14:28:43.369  1320 10288 W AuthZen : Too many encryption keys for the same account: 27
10-12 14:28:43.396  1320 10288 W AuthZen : Too many encryption keys for the same account: 27
10-12 14:28:43.446  9322 10283 I FitnessApp: Error connecting to gcore client: ConnectionResult{statusCode=API_UNAVAILABLE, resolution=null}
10-12 14:28:43.446  9322 10283 I FitnessApp: WearableSync Completed in 171 ms
10-12 14:28:43.448   780  2320 I ActivityManager: Killing 9863:com.qualcomm.timeservice/u0a68 (adj 15): empty #17
10-12 14:28:43.470   780  2321 D ActivityManager: cleanUpApplicationRecord -- 9863
10-12 14:28:45.113   198   198 I rmt_storage: rmt_storage_connect_cb: clnt_h=0x23 conn_h=0xb6d0a030
10-12 14:28:45.113   198   198 I rmt_storage: rmt_storage_rw_iovec_cb: /boot/modem_fs2: clnt_h=0x2: req_h=0x27 msg_id=3: R/W request received
10-12 14:28:45.113   198   198 I rmt_storage: wakelock acquired: 1, error no: 2
10-12 14:28:45.113   198   466 I rmt_storage: rmt_storage_client_thread: /boot/modem_fs2: clnt_h=0x2 Unblock worker thread (th_id: -1228941008)
10-12 14:28:45.117  9900  9920 I GAV3    : Thread[GAThread,5,main]: No campaign data found.
10-12 14:28:45.193   198   466 I rmt_storage: rmt_storage_client_thread: /boot/modem_fs2: clnt_h=0x2: req_h=0x27 msg_id=3: Bytes written = 1572864
10-12 14:28:45.193   198   466 I rmt_storage: rmt_storage_client_thread: /boot/modem_fs2: clnt_h=0x2: req_h=0x27 msg_id=3: Send response: res=0 err=0
10-12 14:28:45.193   198   466 I rmt_storage: rmt_storage_client_thread: /boot/modem_fs2: clnt_h=0x2 About to block rmt_storage client thread (th_id: -1228941008) wakelock released: 1, error no: 0
10-12 14:28:45.193   198   466 I rmt_storage: 
10-12 14:28:45.196   198   198 I rmt_storage: rmt_storage_disconnect_cb: clnt_h=0x0x23 conn_h=0x0xb6d0a030
10-12 14:30:42.295   780   793 I ActivityManager: Start proc 10433:com.google.android.talk/u0a51 for broadcast com.google.android.talk/com.google.android.apps.hangouts.service.GcmStateReceiver
10-12 14:31:02.289 10433 10433 I Babel_telephony: TeleModule.onApplicationCreate
10-12 14:31:02.314 10433 10462 I Babel_SMS: MmsConfig: mnc/mcc: 404/27
10-12 14:31:02.314 10433 10462 I Babel_SMS: MmsConfig.loadMmsSettings
10-12 14:31:02.325 10433 10462 I Babel_SMS: MmsConfig.loadDeviceMmsSettings from API: mUserAgent=Nexus5, mUaProfUrl=http://gsm.lge.com/html/gsm/Nexus5-M3.xml
10-12 14:31:02.325 10433 10462 I Babel_SMS: MmsConfig.loadFromDatabase
10-12 14:31:02.381 10433 10462 E SQLiteLog: (1) no such table: mmsconfig
10-12 14:31:02.382 10433 10462 I Babel_SMS: MmsConfig: no mmsconfig table android.database.sqlite.SQLiteException: no such table: mmsconfig (code 1): , while compiling: SELECT key, value, type FROM mmsconfig WHERE numeric=?
10-12 14:31:02.382 10433 10462 I Babel_SMS: MmsConfig.loadFromResources
10-12 14:31:02.382 10433 10462 E Babel_SMS: canonicalizeMccMnc: invalid mccmnc nullnull
10-12 14:31:02.383 10433 10462 I Babel_SMS: MmsConfig.loadMmsSettings: mUserAgent=Nexus5, mUaProfUrl=http://gsm.lge.com/html/gsm/Nexus5-M3.xml
10-12 14:31:02.430 10433 10433 I Babel_Crash: Startup - clean
10-12 14:31:02.502   780  2320 I ActivityManager: Killing 9710:com.google.android.calendar/u0a28 (adj 15): empty #17
10-12 14:31:02.573   780  4423 D ActivityManager: cleanUpApplicationRecord -- 9710
10-12 14:32:03.296 10166 10245 I GAV2    : Thread[GAThread,5,main]: No campaign data found.
10-12 14:33:30.334  5792  5817 I IMONATIVE: 2706520368 connect returned -1 fd: 27
10-12 14:33:30.334  5792  5817 I IMONATIVE: 2706520368 connect error: 101
10-12 14:33:52.479  2929  2989 W ctxmgr  : [EventHandler]Dropping runnable, delay=9223370560591743331, runnable=bjx@8e01ffd, workInfo=label=FenceScheduler, startTime=unspecified, stopTime=unspecified
10-12 14:34:03.016  9567 10643 W art     : Verification of java.lang.Iterable com.google.android.apps.gsa.extradex.kato.c.m.c(java.lang.Iterable) took 172.038ms
10-12 14:35:03.548  9322  9322 I FitnessApp: ActivitySummaryAlarmReceiver
10-12 14:35:03.565  9322  9322 I FitnessApp: ActivityDetectionAlarmReceiver
10-12 14:35:03.694 10695 10695 W IntentService[A: type=1400 audit(0.0:510239): avc: denied { read } for name="mem" dev="debugfs" ino=344584 scontext=u:r:untrusted_app:s0:c512,c768 tcontext=u:object_r:debugfs:s0 tclass=file permissive=0
10-12 14:35:03.694 10695 10695 W IntentService[A: type=1400 audit(0.0:510240): avc: denied { read } for name="mem" dev="debugfs" ino=344584 scontext=u:r:untrusted_app:s0:c512,c768 tcontext=u:object_r:debugfs:s0 tclass=file permissive=0
10-12 14:35:03.773  2929  2939 I art     : Background partial concurrent mark sweep GC freed 57835(3MB) AllocSpace objects, 43(860KB) LOS objects, 40% free, 23MB/38MB, paused 980us total 102.910ms
10-12 14:35:03.774  2477  2477 I chatty  : uid=10081(com.cleanmaster.mguard) AutostartServic expire 20 lines
10-12 14:35:03.891  9322 10688 I FitnessApp: Querying Data ActivitySummaryQuery via com.google.android.libraries.gcoreclient.common.api.impl.GcoreGoogleApiClientImpl@7cd1fe3
10-12 14:35:04.764  9469  9469 I chatty  : uid=10081 com.cleanmaster.mguard:service expire 12 lines
10-12 14:35:04.784  2406  2406 I chatty  : uid=10081(com.cleanmaster.mguard) BackgroundThrea expire 80 lines
10-12 14:35:06.758  9322 10688 I FitnessApp: Added 664 steps with other activity type to walking. Bucket{startTime=1476210600000, endTime=1476263103566, activity=3, dataSets=[DataSet{d:step_count.delta:gms:aggregated [RawDataPoint{[664]@[1476239848876256154, 1476263047553081429](0,1)}]}, DataSet{d:activity.summary:gms:aggregated [RawDataPoint{[3, 47947999, 12]@[1476210600000000000, 1476263103566000000](2,3)}]}, DataSet{d:calories.expended:gms:aggregated [RawDataPoint{[873.0808]@[1476210600000000000, 1476263103566000000](4,5)}]}, DataSet{d:distance.delta:gms:aggregated []}], bucketType=type, serverHasMoreData=true}
10-12 14:35:06.759  9322 10688 I FitnessApp: Added 2941 steps with activity type WALKING . Bucket{startTime=1476246061117, endTime=1476262983337, activity=7, dataSets=[DataSet{d:step_count.delta:gms:aggregated [RawDataPoint{[2941]@[1476246061117000000, 1476262983337000000](0,1)}]}, DataSet{d:activity.summary:gms:aggregated [RawDataPoint{[7, 2295056, 15]@[1476246061117000000, 1476262983337000000](2,3)}]}, DataSet{d:calories.expended:gms:aggregated [RawDataPoint{[162.3117]@[1476246061117000000, 1476262983337000000](4,5)}]}, DataSet{d:distance.delta:gms:aggregated [RawDataPoint{[2096.4536]@[1476246073626043995, 1476262983337000000](6,7)}]}], bucketType=type, serverHasMoreData=true}
10-12 14:35:06.759  9322 10688 I FitnessApp: Added 199 steps with other activity type to walking. Bucket{startTime=1476252923407, endTime=1476260656118, activity=4, dataSets=[DataSet{d:step_count.delta:gms:aggregated [RawDataPoint{[199]@[1476260290556000000, 1476260607731573997](0,1)}]}, DataSet{d:activity.summary:gms:aggregated [RawDataPoint{[4, 487598, 2]@[1476252923407000000, 1476260656118000000](2,8)}]}, DataSet{d:calories.expended:gms:aggregated [RawDataPoint{[8.87863]@[1476252923407000000, 1476260656118000000](4,9)}]}, DataSet{d:distance.delta:gms:aggregated []}], bucketType=type, serverHasMoreData=true}
10-12 14:35:06.813  9322 10688 I FitnessApp: ActivitySummaryQuery generated summary ActivitySummary {STILL= [CALORIES_EXPENDED=914.2421], WALKING= [CALORIES_EXPENDED=162.3117,DURATION=2295056,DISTANCE_METERS=2096.4536,STEP_COUNT=3804], otherData= [[STEP_COUNT=3804]]}
10-12 14:35:06.813  9322 10688 I FitnessApp: Query Results ActivitySummaryQuery: 2922ms
10-12 14:35:06.825  9322 10688 I FitAppActSumService: Clearing goal notification
10-12 14:35:06.891  9322 10688 I FitnessApp: Backfill scan starting from REMOTE session from 39 days ago
10-12 14:35:06.923  2297  2306 I chatty  : uid=10081(com.cleanmaster.mguard) HeapTaskDaemon expire 2 lines
10-12 14:35:06.944  9322 10688 I FitnessApp: Adjusting range in SessionGeneratorQuery -- found future time. FullDayPeriodRange[Wed Oct 12 00:00:00 GMT+05:30 2016-Wed Oct 12 23:59:59 GMT+05:30 2016]
10-12 14:35:06.951  9322 10688 I FitnessApp: Querying Data SessionGeneratorQueryWriter via com.google.android.libraries.gcoreclient.common.api.impl.GcoreGoogleApiClientImpl@7cd1fe3
10-12 14:35:08.317  9322 10688 I FitnessApp: Activity Summary for SessionGenerator query: ActivitySummary {WALKING= [DURATION=2295056], otherData= [[]]}
10-12 14:35:08.317  9322 10688 I FitnessApp: Found 0 3rd party sessions
10-12 14:35:08.353  9322 10688 I FitnessApp: Local session calculation took 36ms
10-12 14:35:08.353  9322 10688 I FitnessApp: Starting replacement of sessions in db at 1476263108353
10-12 14:35:08.359  9322 10688 I FitnessApp: SessionWriter: 9 inserted, 9 deleted, 0 unchanged
10-12 14:35:08.399  9322 10688 I FitnessApp: Finishing replacement of sessions in db at 1476263108399
10-12 14:35:08.399  9322 10688 I FitnessApp: Query Results SessionGeneratorQueryWriter: 1448ms
10-12 14:36:04.135   780   875 I ActivityManager: Start proc 10758:naukriApp.appModules.login/u0a104 for service naukriApp.appModules.login/com.naukri.exceptionhandler.StackTraceLoggingService
10-12 14:36:04.213 10758 10758 W System  : ClassLoader referenced unknown path: /data/app/naukriApp.appModules.login-1/lib/arm
10-12 14:36:04.316 10758 10758 I GAv4    : Google Analytics 7.8.95 is starting up. To enable debug logging on a device run:
10-12 14:36:04.316 10758 10758 I GAv4    :   adb shell setprop log.tag.GAv4 DEBUG
10-12 14:36:04.316 10758 10758 I GAv4    :   adb logcat -s GAv4
10-12 14:36:04.335 10758 10758 W GAv4    : AnalyticsReceiver is not registered or is disabled. Register the receiver for reliable dispatching on non-Google Play devices. See http://goo.gl/8Rd3yj for instructions.
10-12 14:36:04.338 10758 10758 W GAv4    : CampaignTrackingReceiver is not registered, not exported or is disabled. Installation campaign tracking is not possible. See http://goo.gl/8Rd3yj for instructions.
10-12 14:36:04.341 10758 10758 W GAv4    : bool configuration name not recognized: ga_debug
10-12 14:36:04.343 10758 10782 W GAv4    : AnalyticsService not registered in the app manifest. Hits might not be delivered reliably. See http://goo.gl/8Rd3yj for instructions.
10-12 14:36:04.353 10758 10758 W GAv4    : bool configuration name not recognized: ga_debug
10-12 14:37:04.117   780  2323 I ActivityManager: Killing 9900:com.google.android.keep/u0a52 (adj 15): empty #17
10-12 14:37:04.146   780  2321 D ActivityManager: cleanUpApplicationRecord -- 9900
10-12 14:39:11.376  5792  5817 I IMONATIVE: 2706520368 connect returned -1 fd: 27
10-12 14:39:11.376  5792  5817 I IMONATIVE: 2706520368 connect error: 101
10-12 14:39:52.250 10433 10456 W Babel   : aye TOOK TOO LONG! (529974ms > 10000ms)
10-12 14:39:52.255 10433 10458 W Babel   : aye TOOK TOO LONG! (529959ms > 10000ms)
10-12 14:39:52.362   780  2323 I Telecom : PhoneAccountRegistrar: SimCallManager queried, returning: null
10-12 14:39:52.401 10433 10433 I Babel_telephony: TeleModule.updateConnectionManagerRegistration, registration preference changed from false to false
10-12 14:39:52.422 10433 10433 W Babel   : BAM#gBA: invalid account id: -1
10-12 14:39:52.422 10433 10433 W Babel   : BAM#gBA: invalid account id: -1
10-12 14:39:52.422 10433 10433 I Babel_telephony: TeleModule.updateIncomingCallRegistration, preferred account for incoming calls changed from: null to null
10-12 14:39:52.425   780  1917 I Telecom : PhoneAccountRegistrar: SimCallManager queried, returning: null
10-12 14:39:52.446 10433 10467 W Babel   : aye TOOK TOO LONG! (529948ms > 10000ms)
10-12 14:39:59.120  9567  9630 W LocationOracle: Best location was null
10-12 14:40:05.294  2694  2694 I chatty  : uid=1000(system) Binder_C expire 2 lines
10-12 14:40:05.372  2929  2940 E Auth    : [GoogleAccountDataServiceImpl] getToken() -> NETWORK_ERROR. Account: <ELLIDED:-277874341>, App: com.google.android.gms, Service: oauth2: email
10-12 14:40:05.426  2929  3011 E Auth    : [GoogleAccountDataServiceImpl] getToken() -> NETWORK_ERROR. Account: <ELLIDED:-1840856684>, App: com.google.android.gms, Service: oauth2: email
10-12 14:42:05.104  2477  2477 I chatty  : uid=10081(com.cleanmaster.mguard) AutostartServic expire 18 lines
10-12 14:44:06.214  1915  1915 I chatty  : uid=1000(system) Binder_6 expire 2 lines
10-12 14:44:06.327  2929  2998 W GCoreFlp: No location to return for getLastLocation()
10-12 14:44:54.029  5792  5817 I IMONATIVE: 2706520368 connect returned -1 fd: 27
10-12 14:44:54.029  5792  5817 I IMONATIVE: 2706520368 connect error: 101
10-12 14:45:35.211   780   793 W ProcessCpuTracker: Skipping unknown process pid 11157
10-12 14:45:35.214   780   793 W ProcessCpuTracker: Skipping unknown process pid 11160
10-12 14:45:35.216   780   793 W ProcessCpuTracker: Skipping unknown process pid 11171
10-12 14:45:35.216   780   793 W ProcessCpuTracker: Skipping unknown process pid 11172
10-12 14:45:35.609  2477  2477 I chatty  : uid=10081(com.cleanmaster.mguard) AutostartServic expire 13 lines
10-12 14:47:37.357  2297  2406 I chatty  : uid=10081(com.cleanmaster.mguard) BackgroundThrea expire 5 lines
10-12 14:47:37.394  2297 11198 I chatty  : uid=10081 com.cleanmaster.mguard:service expire 1 line
10-12 14:47:37.534 11227 11227 I chatty  : uid=10081 com.cleanmaster.mguard:service expire 33 lines
10-12 14:47:40.082  2297 11227 I chatty  : uid=10081 com.cleanmaster.mguard:service expire 102 lines
10-12 14:47:40.084   961   961 I chatty  : uid=1000(system) Binder_3 expire 2 lines
10-12 14:47:40.134  2297 11228 I chatty  : uid=10081 com.cleanmaster.mguard:service expire 1 line
10-12 14:47:40.174  2697  2697 I chatty  : uid=1000(system) Binder_E expire 2 lines
10-12 14:47:40.184  2696  2696 I chatty  : uid=1000(system) Binder_D expire 12 lines
10-12 14:47:40.244   961   961 I chatty  : uid=1000(system) Binder_3 expire 4 lines
10-12 14:47:40.591  8026 11193 I Process : Sending signal. PID: 8026 SIG: 9
10-12 14:47:40.625   780   790 I ActivityManager: Process com.nitrodesk.honey.nitroid (pid 8026) has died
10-12 14:47:40.625   780   790 D ActivityManager: cleanUpApplicationRecord -- 8026
10-12 14:47:40.626   780   790 W ActivityManager: Scheduling restart of crashed service com.nitrodesk.honey.nitroid/com.nitrodesk.daemon.ExchangeListenerSvc in 1000ms
10-12 14:47:40.626   780   790 W ActivityManager: Scheduling restart of crashed service com.nitrodesk.honey.nitroid/com.nitrodesk.daemon.ActiveSyncListenerSvc in 11000ms
10-12 14:47:40.626   780   790 W ActivityManager: Scheduling restart of crashed service com.nitrodesk.honey.nitroid/com.mdm.android.aidl.MDMAgentService in 21000ms
10-12 14:47:40.626   780   790 W ActivityManager: Scheduling restart of crashed service com.nitrodesk.honey.nitroid/com.nitrodesk.daemon.NotificationActionService in 31000ms
10-12 14:48:00.144  1320 11254 W IcingInternalCorpora: getNumBytesRead when not calculated.
10-12 14:48:00.612   780   875 I ActivityManager: Start proc 11255:com.nitrodesk.honey.nitroid/u0a170 for service com.nitrodesk.honey.nitroid/com.nitrodesk.daemon.ActiveSyncListenerSvc
10-12 14:48:00.669 11255 11255 W System  : ClassLoader referenced unknown path: /data/app/com.nitrodesk.honey.nitroid-1/lib/arm
10-12 14:49:15.146  9322  9322 I FitnessApp: ActivityDetectionAlarmReceiver
10-12 14:50:35.171  5792  5817 I IMONATIVE: 2706520368 connect returned -1 fd: 27
10-12 14:50:35.171  5792  5817 I IMONATIVE: 2706520368 connect error: 101
10-12 14:51:16.379  2297 11352 I chatty  : uid=10081 com.cleanmaster.mguard:service expire 1 line
10-12 14:51:16.404 11353 11353 I chatty  : uid=10081 com.cleanmaster.mguard:service expire 32 lines
10-12 14:54:59.145  9567  9630 W LocationOracle: Best location was null
10-12 14:56:16.296  5792  5817 I IMONATIVE: 2706520368 connect returned -1 fd: 27
10-12 14:56:16.296  5792  5817 I IMONATIVE: 2706520368 connect error: 101
10-12 14:58:00.111  2297 11362 I chatty  : uid=10081 com.cleanmaster.mguard:service expire 1 line
10-12 15:01:57.386  5792  5817 I IMONATIVE: 2706520368 connect returned -1 fd: 27
10-12 15:01:57.386  5792  5817 I IMONATIVE: 2706520368 connect error: 101
10-12 15:06:16.104  2477  2477 I chatty  : uid=10081(com.cleanmaster.mguard) AutostartServic expire 14 lines
10-12 15:07:38.264  2321  2321 I chatty  : uid=1000(system) Binder_9 expire 2 lines
10-12 15:07:38.264  2297 11353 I chatty  : uid=10081 com.cleanmaster.mguard:service expire 30 lines
10-12 15:07:38.354   961   961 I chatty  : uid=1000(system) Binder_3 expire 4 lines
10-12 15:07:38.384   961   961 W Binder_3: type=1400 audit(0.0:518605): avc: denied { ioctl } for path="socket:[385823]" dev="sockfs" ino=385823 ioctlcmd=7704 scontext=u:r:system_server:s0 tcontext=u:r:system_server:s0 tclass=unix_stream_socket permissive=0
10-12 15:07:38.384   961   961 W Binder_3: type=1400 audit(0.0:518606): avc: denied { ioctl } for path="socket:[385823]" dev="sockfs" ino=385823 ioctlcmd=7704 scontext=u:r:system_server:s0 tcontext=u:r:system_server:s0 tclass=unix_stream_socket permissive=0
10-12 15:07:38.414  1917  1917 W Binder_7: type=1400 audit(0.0:518607): avc: denied { ioctl } for path="socket:[385825]" dev="sockfs" ino=385825 ioctlcmd=7704 scontext=u:r:system_server:s0 tcontext=u:r:system_server:s0 tclass=unix_stream_socket permissive=0
10-12 15:07:38.414  1917  1917 W Binder_7: type=1400 audit(0.0:518608): avc: denied { ioctl } for path="socket:[385825]" dev="sockfs" ino=385825 ioctlcmd=7704 scontext=u:r:system_server:s0 tcontext=u:r:system_server:s0 tclass=unix_stream_socket permissive=0
10-12 15:07:38.434  2322  2322 W Binder_A: type=1400 audit(0.0:518609): avc: denied { ioctl } for path="socket:[385827]" dev="sockfs" ino=385827 ioctlcmd=7704 scontext=u:r:system_server:s0 tcontext=u:r:system_server:s0 tclass=unix_stream_socket permissive=0
10-12 15:07:38.434  2322  2322 W Binder_A: type=1400 audit(0.0:518610): avc: denied { ioctl } for path="socket:[385827]" dev="sockfs" ino=385827 ioctlcmd=7704 scontext=u:r:system_server:s0 tcontext=u:r:system_server:s0 tclass=unix_stream_socket permissive=0
10-12 15:07:38.444  6670  6670 W Binder_10: type=1400 audit(0.0:518611): avc: denied { ioctl } for path="socket:[385829]" dev="sockfs" ino=385829 ioctlcmd=7704 scontext=u:r:system_server:s0 tcontext=u:r:system_server:s0 tclass=unix_stream_socket permissive=0
10-12 15:07:38.474   791   791 W Binder_2: type=1400 audit(0.0:518615): avc: denied { ioctl } for path="socket:[385837]" dev="sockfs" ino=385837 ioctlcmd=7704 scontext=u:r:system_server:s0 tcontext=u:r:system_server:s0 tclass=unix_stream_socket permissive=0
10-12 15:07:38.474   791   791 W Binder_2: type=1400 audit(0.0:518616): avc: denied { ioctl } for path="socket:[385837]" dev="sockfs" ino=385837 ioctlcmd=7704 scontext=u:r:system_server:s0 tcontext=u:r:system_server:s0 tclass=unix_stream_socket permissive=0
10-12 15:07:38.504  1915  1915 W Binder_6: type=1400 audit(0.0:518617): avc: denied { ioctl } for path="socket:[379835]" dev="sockfs" ino=379835 ioctlcmd=7704 scontext=u:r:system_server:s0 tcontext=u:r:system_server:s0 tclass=unix_stream_socket permissive=0
10-12 15:07:38.504  1915  1915 W Binder_6: type=1400 audit(0.0:518618): avc: denied { ioctl } for path="socket:[379835]" dev="sockfs" ino=379835 ioctlcmd=7704 scontext=u:r:system_server:s0 tcontext=u:r:system_server:s0 tclass=unix_stream_socket permissive=0
10-12 15:07:38.524   961   961 W Binder_3: type=1400 audit(0.0:518619): avc: denied { ioctl } for path="socket:[379837]" dev="sockfs" ino=379837 ioctlcmd=7704 scontext=u:r:system_server:s0 tcontext=u:r:system_server:s0 tclass=unix_stream_socket permissive=0
10-12 15:07:38.524   961   961 W Binder_3: type=1400 audit(0.0:518620): avc: denied { ioctl } for path="socket:[379837]" dev="sockfs" ino=379837 ioctlcmd=7704 scontext=u:r:system_server:s0 tcontext=u:r:system_server:s0 tclass=unix_stream_socket permissive=0
10-12 15:07:38.530  5792  5817 I IMONATIVE: 2706520368 connect returned -1 fd: 27
10-12 15:07:38.530  5792  5817 I IMONATIVE: 2706520368 connect error: 101
10-12 15:07:38.544   791   791 W Binder_2: type=1400 audit(0.0:518621): avc: denied { ioctl } for path="socket:[382292]" dev="sockfs" ino=382292 ioctlcmd=7704 scontext=u:r:system_server:s0 tcontext=u:r:system_server:s0 tclass=unix_stream_socket permissive=0
10-12 15:07:38.544   791   791 W Binder_2: type=1400 audit(0.0:518622): avc: denied { ioctl } for path="socket:[382292]" dev="sockfs" ino=382292 ioctlcmd=7704 scontext=u:r:system_server:s0 tcontext=u:r:system_server:s0 tclass=unix_stream_socket permissive=0
10-12 15:07:38.554  1915  1915 W Binder_6: type=1400 audit(0.0:518623): avc: denied { ioctl } for path="socket:[385860]" dev="sockfs" ino=385860 ioctlcmd=7704 scontext=u:r:system_server:s0 tcontext=u:r:system_server:s0 tclass=unix_stream_socket permissive=0
10-12 15:07:38.554  1915  1915 W Binder_6: type=1400 audit(0.0:518624): avc: denied { ioctl } for path="socket:[385860]" dev="sockfs" ino=385860 ioctlcmd=7704 scontext=u:r:system_server:s0 tcontext=u:r:system_server:s0 tclass=unix_stream_socket permissive=0
10-12 15:07:38.554   962   962 W Binder_4: type=1400 audit(0.0:518625): avc: denied { ioctl } for path="socket:[382294]" dev="sockfs" ino=382294 ioctlcmd=7704 scontext=u:r:system_server:s0 tcontext=u:r:system_server:s0 tclass=unix_stream_socket permissive=0
10-12 15:07:38.554   962   962 W Binder_4: type=1400 audit(0.0:518626): avc: denied { ioctl } for path="socket:[382294]" dev="sockfs" ino=382294 ioctlcmd=7704 scontext=u:r:system_server:s0 tcontext=u:r:system_server:s0 tclass=unix_stream_socket permissive=0
10-12 15:08:19.104   791   791 W Binder_2: type=1400 audit(0.0:518627): avc: denied { ioctl } for path="socket:[382297]" dev="sockfs" ino=382297 ioctlcmd=7704 scontext=u:r:system_server:s0 tcontext=u:r:system_server:s0 tclass=unix_stream_socket permissive=0
10-12 15:08:19.104   791   791 W Binder_2: type=1400 audit(0.0:518628): avc: denied { ioctl } for path="socket:[382297]" dev="sockfs" ino=382297 ioctlcmd=7704 scontext=u:r:system_server:s0 tcontext=u:r:system_server:s0 tclass=unix_stream_socket permissive=0
10-12 15:08:19.112  2297 11353 I chatty  : uid=10081 com.cleanmaster.mguard:service expire 71 lines
10-12 15:08:19.114  1917  1917 W Binder_7: type=1400 audit(0.0:518629): avc: denied { ioctl } for path="socket:[379840]" dev="sockfs" ino=379840 ioctlcmd=7704 scontext=u:r:system_server:s0 tcontext=u:r:system_server:s0 tclass=unix_stream_socket permissive=0
10-12 15:08:19.114  1917  1917 W Binder_7: type=1400 audit(0.0:518630): avc: denied { ioctl } for path="socket:[379840]" dev="sockfs" ino=379840 ioctlcmd=7704 scontext=u:r:system_server:s0 tcontext=u:r:system_server:s0 tclass=unix_stream_socket permissive=0
10-12 15:08:19.124  1917  1917 W Binder_7: type=1400 audit(0.0:518631): avc: denied { ioctl } for path="socket:[379842]" dev="sockfs" ino=379842 ioctlcmd=7704 scontext=u:r:system_server:s0 tcontext=u:r:system_server:s0 tclass=unix_stream_socket permissive=0
10-12 15:08:19.124  1917  1917 W Binder_7: type=1400 audit(0.0:518632): avc: denied { ioctl } for path="socket:[379842]" dev="sockfs" ino=379842 ioctlcmd=7704 scontext=u:r:system_server:s0 tcontext=u:r:system_server:s0 tclass=unix_stream_socket permissive=0
10-12 15:08:19.134  1917  1917 W Binder_7: type=1400 audit(0.0:518633): avc: denied { ioctl } for path="socket:[379844]" dev="sockfs" ino=379844 ioctlcmd=7704 scontext=u:r:system_server:s0 tcontext=u:r:system_server:s0 tclass=unix_stream_socket permissive=0
10-12 15:08:19.134  1917  1917 W Binder_7: type=1400 audit(0.0:518634): avc: denied { ioctl } for path="socket:[379844]" dev="sockfs" ino=379844 ioctlcmd=7704 scontext=u:r:system_server:s0 tcontext=u:r:system_server:s0 tclass=unix_stream_socket permissive=0
10-12 15:08:38.625  9322  9322 I FitnessApp: ActivitySummaryAlarmReceiver
10-12 15:08:38.665  9322  9322 I FitnessApp: ActivityDetectionAlarmReceiver
10-12 15:08:38.861  2929  3043 E Auth    : [GoogleAccountDataServiceImpl] getToken() -> NETWORK_ERROR. Account: <ELLIDED:-277874341>, App: com.google.android.apps.fitness, Service: oauth2:https://www.googleapis.com/auth/fitness.activity.write https://www.googleapis.com/auth/fitness.location.write https://www.googleapis.com/auth/fitness.body.write
10-12 15:08:38.866  2929  3043 W Fitness : Auth related exception NetworkError
10-12 15:08:38.883  9322 11694 I FitnessApp: Querying Data ActivitySummaryQuery via com.google.android.libraries.gcoreclient.common.api.impl.GcoreGoogleApiClientImpl@5cbabb3
10-12 15:08:38.885  2929  2939 I art     : Background partial concurrent mark sweep GC freed 138601(7MB) AllocSpace objects, 68(1360KB) LOS objects, 39% free, 24MB/40MB, paused 8.355ms total 72.108ms
10-12 15:08:38.899  2929  3043 E Auth    : [GoogleAccountDataServiceImpl] getToken() -> NETWORK_ERROR. Account: <ELLIDED:-277874341>, App: com.google.android.apps.fitness, Service: oauth2:https://www.googleapis.com/auth/fitness.activity.write https://www.googleapis.com/auth/fitness.location.write https://www.googleapis.com/auth/fitness.body.write
10-12 15:08:38.900  2929  3043 W Fitness : Auth related exception NetworkError
10-12 15:08:40.324  2929  3043 E Auth    : [GoogleAccountDataServiceImpl] getToken() -> NETWORK_ERROR. Account: <ELLIDED:-277874341>, App: com.google.android.apps.fitness, Service: oauth2:https://www.googleapis.com/auth/fitness.activity.write https://www.googleapis.com/auth/fitness.location.write https://www.googleapis.com/auth/fitness.body.write
10-12 15:08:40.324  2929  3043 W Fitness : Auth related exception NetworkError
10-12 15:08:40.466  9322 11694 I FitnessApp: Added 664 steps with other activity type to walking. Bucket{startTime=1476210600000, endTime=1476263646196, activity=3, dataSets=[DataSet{d:step_count.delta:gms:aggregated [RawDataPoint{[664]@[1476239848876256154, 1476263047553081429](0,1)}]}, DataSet{d:activity.summary:gms:aggregated [RawDataPoint{[3, 48490629, 12]@[1476210600000000000, 1476263646196000000](2,3)}]}, DataSet{d:calories.expended:gms:aggregated [RawDataPoint{[882.96155]@[1476210600000000000, 1476263646196000000](4,5)}]}, DataSet{d:distance.delta:gms:aggregated []}], bucketType=type, serverHasMoreData=true}
10-12 15:08:40.466  9322 11694 I FitnessApp: Added 2941 steps with activity type WALKING . Bucket{startTime=1476246061117, endTime=1476262983337, activity=7, dataSets=[DataSet{d:step_count.delta:gms:aggregated [RawDataPoint{[2941]@[1476246061117000000, 1476262983337000000](0,1)}]}, DataSet{d:activity.summary:gms:aggregated [RawDataPoint{[7, 2295056, 15]@[1476246061117000000, 1476262983337000000](2,3)}]}, DataSet{d:calories.expended:gms:aggregated [RawDataPoint{[162.3117]@[1476246061117000000, 1476262983337000000](4,5)}]}, DataSet{d:distance.delta:gms:aggregated [RawDataPoint{[2096.4536]@[1476246073626043995, 1476262983337000000](6,7)}]}], bucketType=type, serverHasMoreData=true}
10-12 15:08:40.467  9322 11694 I FitnessApp: Added 199 steps with other activity type to walking. Bucket{startTime=1476252923407, endTime=1476265118665, activity=4, dataSets=[DataSet{d:step_count.delta:gms:aggregated [RawDataPoint{[199]@[1476260290556000000, 1476260607731573997](0,1)}]}, DataSet{d:activity.summary:gms:aggregated [RawDataPoint{[4, 1960067, 3]@[1476252923407000000, 1476265118665000000](2,8)}]}, DataSet{d:calories.expended:gms:aggregated [RawDataPoint{[35.69069]@[1476252923407000000, 1476265118665000000](4,9)}]}, DataSet{d:distance.delta:gms:aggregated []}], bucketType=type, serverHasMoreData=true}
10-12 15:08:40.498  9322 11694 I FitnessApp: ActivitySummaryQuery generated summary ActivitySummary {STILL= [CALORIES_EXPENDED=950.93494], WALKING= [CALORIES_EXPENDED=162.3117,DURATION=2295056,DISTANCE_METERS=2096.4536,STEP_COUNT=3804], otherData= [[STEP_COUNT=3804]]}
10-12 15:08:40.498  9322 11694 I FitnessApp: Query Results ActivitySummaryQuery: 1615ms
10-12 15:08:40.499  9322 11694 I FitAppActSumService: Clearing goal notification
10-12 15:08:40.514  9322 11694 I FitnessApp: Backfill scan starting from REMOTE session from 39 days ago
10-12 15:08:40.518  9322 11694 I FitnessApp: Adjusting range in SessionGeneratorQuery -- found future time. FullDayPeriodRange[Wed Oct 12 00:00:00 GMT+05:30 2016-Wed Oct 12 23:59:59 GMT+05:30 2016]
10-12 15:08:40.518  9322 11694 I FitnessApp: Querying Data SessionGeneratorQueryWriter via com.google.android.libraries.gcoreclient.common.api.impl.GcoreGoogleApiClientImpl@5cbabb3
10-12 15:08:40.534  2929  3043 E Auth    : [GoogleAccountDataServiceImpl] getToken() -> NETWORK_ERROR. Account: <ELLIDED:-277874341>, App: com.google.android.apps.fitness, Service: oauth2:https://www.googleapis.com/auth/fitness.activity.write https://www.googleapis.com/auth/fitness.location.write https://www.googleapis.com/auth/fitness.body.write
10-12 15:08:40.535  2929  3043 W Fitness : Auth related exception NetworkError
10-12 15:08:41.029  2929  2939 I art     : Background sticky concurrent mark sweep GC freed 454266(15MB) AllocSpace objects, 1(20KB) LOS objects, 34% free, 26MB/40MB, paused 6.348ms total 68.829ms
10-12 15:08:41.583  2929  3043 E Auth    : [GoogleAccountDataServiceImpl] getToken() -> NETWORK_ERROR. Account: <ELLIDED:-277874341>, App: com.google.android.apps.fitness, Service: oauth2:https://www.googleapis.com/auth/fitness.activity.write https://www.googleapis.com/auth/fitness.location.write https://www.googleapis.com/auth/fitness.body.write
10-12 15:08:41.583  2929  3043 W Fitness : Auth related exception NetworkError
10-12 15:08:41.609  9322 11694 I FitnessApp: Activity Summary for SessionGenerator query: ActivitySummary {WALKING= [DURATION=2295056], otherData= [[]]}
10-12 15:08:41.609  9322 11694 I FitnessApp: Found 0 3rd party sessions
10-12 15:08:41.618  9322 11694 I FitnessApp: Local session calculation took 9ms
10-12 15:08:41.618  9322 11694 I FitnessApp: Starting replacement of sessions in db at 1476265121618
10-12 15:08:41.621  9322 11694 I FitnessApp: SessionWriter: 1 inserted, 1 deleted, 8 unchanged
10-12 15:08:41.646  9322 11694 I FitnessApp: Finishing replacement of sessions in db at 1476265121646
10-12 15:08:41.646  9322 11694 I FitnessApp: Query Results SessionGeneratorQueryWriter: 1128ms
10-12 15:09:56.286   780   789 I art     : Background partial concurrent mark sweep GC freed 47140(3MB) AllocSpace objects, 19(428KB) LOS objects, 29% free, 38MB/54MB, paused 1.186ms total 120.122ms
10-12 15:09:59.156  9567  9630 W LocationOracle: Best location was null
10-12 15:13:20.188  5792  5817 I IMONATIVE: 2706520368 connect returned -1 fd: 27
10-12 15:13:20.188  5792  5817 I IMONATIVE: 2706520368 connect error: 101
10-12 15:14:20.289  7704  7704 I AirWatch: AWService.initializeServiceCustom already done, exiting
10-12 15:14:20.294  7704  7704 I AirWatch: AWService.startServiceCustom already started, do not start another set of threads
10-12 15:16:17.540  2929  2989 E ctxmgr  : [TimeFilter.Builder]startTimeMillis must be >= 0.  Clamping to 0.
10-12 15:16:17.661  2929  2989 E ctxmgr  : [TimeFilter.Builder]startTimeMillis must be >= 0.  Clamping to 0.
10-12 15:16:26.021   780   878 I PowerManagerService: Waking up from sleep (uid 1000)...
10-12 15:16:26.022   780   780 V KeyguardServiceDelegate: onStartedWakingUp()
10-12 15:16:26.030   780   803 I DisplayPowerController: Blocking screen on until initial contents have been drawn.
10-12 15:16:26.030   780   803 V KeyguardServiceDelegate: onScreenTurnedOn(showListener = com.android.server.policy.PhoneWindowManager$2@9ae4d90)
10-12 15:16:26.035   780  1917 V KeyguardServiceDelegate: **** SHOWN CALLED ****
10-12 15:16:26.039   204  5096 D audio_hw_primary: adev_set_parameters: enter: screen_state=on
10-12 15:16:26.049   780   886 D WifiConfigStore: Retrieve network priorities after PNO.
10-12 15:16:26.064   780   886 E native  : do suspend false
10-12 15:16:26.069   780   886 D WifiConfigStore: No blacklist allowed without epno enabled
10-12 15:16:26.093  2297  2297 I chatty  : uid=10081 com.cleanmaster.mguard:service expire 41 lines
10-12 15:16:26.114  2934  2942 E ANDR-PERF-LOCK: Failed to reset optimization for resource: 4 level: 0
10-12 15:16:26.115   780   801 I DisplayManagerService: Display device changed state: "Built-in Screen", ON
10-12 15:16:26.115   197   197 D SurfaceFlinger: Set power mode=2, type=0 flinger=0xb6a64000
10-12 15:16:26.115   197   197 D qdhwcomposer: hwc_blank: Unblanking display: 0
10-12 15:16:26.149  2159  2324 W OpenGLRenderer: Incorrectly called buildLayer on View: FrameLayout, destroying layer...
10-12 15:16:26.193   780   803 I DisplayPowerController: Unblocked screen on after 162 ms
10-12 15:16:26.193   780   803 V KeyguardServiceDelegate: onScreenTurnedOn()
10-12 15:16:26.247   780  2697 W AppOps  : Finishing op nesting under-run: uid 10091 pkg com.bsb.hike code 24 time=1444792550776 duration=2154077 nesting=0
10-12 15:16:26.356   197   197 D qdhwcomposer: hwc_blank: Done unblanking display: 0
10-12 15:16:26.356   780   903 D SurfaceControl: Excessive delay in setPowerMode(): 242ms
10-12 15:16:26.563   780   886 D WifiConfigStore: Retrieve network priorities after PNO.
10-12 15:16:27.996   780   886 D WifiStateMachine: shouldSwitchNetwork  txSuccessRate=13.75 rxSuccessRate=18.02 delta 1000 -> 994
10-12 15:16:28.000   780   886 D WifiStateMachine: CMD_AUTO_CONNECT sup state ScanState my state DisconnectedState nid=31 roam=3
10-12 15:16:28.000   780   886 E WifiConfigStore: saveWifiConfigBSSID Setting BSSID for "AmdCns"WPA_PSK to any
10-12 15:16:28.012   780   886 D WifiStateMachine: CMD_AUTO_CONNECT will save config -> "AmdCns" nid=31
10-12 15:16:28.060   780   886 D WifiStateMachine: CMD_AUTO_CONNECT did save config ->  nid=31
10-12 15:16:28.102  1073  1073 I wpa_supplicant: wlan0: Trying to associate with 0c:27:24:87:28:85 (SSID='AmdCns' freq=5220 MHz)
10-12 15:16:28.190   780  2694 I ActivityManager: Start proc 11898:cn.xender/u0a114 for broadcast cn.xender/.basicservice.NetworkChangeReceiver
10-12 15:16:28.233 11898 11898 W System  : ClassLoader referenced unknown path: /data/app/cn.xender-2/lib/arm
10-12 15:16:28.264  1073  1073 I wpa_supplicant: wlan0: Associated with 0c:27:24:87:28:85
10-12 15:16:28.322   780  2320 I ActivityManager: Killing 9946:in.amazon.mShop.android.shopping/u0a163 (adj 15): empty #17
10-12 15:16:28.334   780  6670 D ConnectivityService: ConnectivityService NetworkRequestInfo binderDied(NetworkRequest [ id=91, legacyType=-1, [ Capabilities: INTERNET&NOT_RESTRICTED&TRUSTED&NOT_VPN] ], android.os.BinderProxy@a5cce3b)
10-12 15:16:28.334   780   887 D WifiService: Client connection lost with reason: 4
10-12 15:16:28.334   780   888 D ConnectivityService: releasing NetworkRequest NetworkRequest [ id=91, legacyType=-1, [ Capabilities: INTERNET&NOT_RESTRICTED&TRUSTED&NOT_VPN] ]
10-12 15:16:28.341   780   888 E ConnectivityService: RemoteException caught trying to send a callback msg for NetworkRequest [ id=91, legacyType=-1, [ Capabilities: INTERNET&NOT_RESTRICTED&TRUSTED&NOT_VPN] ]
10-12 15:16:28.382   780  4423 D ActivityManager: cleanUpApplicationRecord -- 9946
10-12 15:16:29.881  2297 11922 I chatty  : uid=10081 com.cleanmaster.mguard:service expire 1 line
10-12 15:16:29.914 11923 11923 I chatty  : uid=10081 com.cleanmaster.mguard:service expire 20 lines
10-12 15:16:30.261   780   780 I EntropyMixer: Writing entropy...
10-12 15:16:30.459  2061  2071 D MXMNotificationListenerService: posted notification: android
10-12 15:16:30.463  2061  2072 D MXMNotificationListenerService: posted notification: android
10-12 15:16:30.535  2297 11242 I chatty  : uid=10081 com.cleanmaster.mguard:service expire 1 line
10-12 15:16:30.546   935   935 W PathParser: Points are too far apart 4.030360828967057
10-12 15:16:30.546   935   935 W PathParser: Points are too far apart 4.030360538880159
10-12 15:16:30.568   780   793 I ActivityManager: Start proc 11936:android.process.media/u0a5 for broadcast com.android.providers.media/.MtpReceiver
10-12 15:16:30.683  2929  2929 E NetworkScheduler.SR: Invalid parameter app
10-12 15:16:30.683  2929  2929 E NetworkScheduler.SR: Invalid package name : Perhaps you didn't include a PendingIntent in the extras?
10-12 15:16:30.695 11936 11936 W System  : ClassLoader referenced unknown path: /system/priv-app/MediaProvider/lib/arm
10-12 15:16:30.708   780   892 D NotificationSQLiteLog: Pruned event entries: 148
10-12 15:16:30.748 11936 11936 W System  : ClassLoader referenced unknown path: /system/priv-app/DownloadProvider/lib/arm
10-12 15:16:30.884   780  1684 I ActivityManager: Start proc 11958:com.google.android.apps.plus/u0a63 for broadcast com.google.android.apps.plus/.service.PhotosAppTransitionMonitor
10-12 15:16:31.113 11936 11936 D MtpService: starting MTP server in MTP mode
10-12 15:16:31.305  1073  1073 I wpa_supplicant: wlan0: CTRL-EVENT-DISCONNECTED bssid=0c:27:24:87:28:85 reason=15
10-12 15:16:31.305  1073  1073 I wpa_supplicant: wlan0: WPA: 4-Way Handshake failed - pre-shared key may be incorrect
10-12 15:16:31.305  1073  1073 I wpa_supplicant: wlan0: CTRL-EVENT-SSID-TEMP-DISABLED id=31 ssid="AmdCns" auth_failures=1 duration=10 reason=WRONG_KEY
10-12 15:16:31.307   780   886 D WifiStateMachine: ConnectModeState SSID state=temp-disabled nid=31 [id=31 ssid="AmdCns" auth_failures=1 duration=10 reason=WRONG_KEY]
10-12 15:16:31.307   780   886 E WifiConfigStore: SSID temp disabled for  "AmdCns"WPA_PSK had autoJoinStatus=0 self added false ephemeral false
10-12 15:16:31.307   780   886 E WifiConfigStore:  message=id=31 ssid="AmdCns" auth_failures=1 duration=10 reason=WRONG_KEY
10-12 15:16:31.369 11936 11946 E DatabaseUtils: Writing exception to parcel
10-12 15:16:31.369 11936 11946 E DatabaseUtils: java.lang.SecurityException: Permission Denial: reading com.android.providers.media.MediaProvider uri content://media/external/fs_id from pid=11958, uid=10063 requires android.permission.READ_EXTERNAL_STORAGE, or grantUriPermission()
10-12 15:16:31.369 11936 11946 E DatabaseUtils: 	at android.content.ContentProvider.enforceReadPermissionInner(ContentProvider.java:605)
10-12 15:16:31.369 11936 11946 E DatabaseUtils: 	at android.content.ContentProvider$Transport.enforceReadPermission(ContentProvider.java:480)
10-12 15:16:31.369 11936 11946 E DatabaseUtils: 	at android.content.ContentProvider$Transport.query(ContentProvider.java:211)
10-12 15:16:31.369 11936 11946 E DatabaseUtils: 	at android.content.ContentProviderNative.onTransact(ContentProviderNative.java:112)
10-12 15:16:31.369 11936 11946 E DatabaseUtils: 	at android.os.Binder.execTransact(Binder.java:453)
10-12 15:16:31.504  2477  2477 I chatty  : uid=10081(com.cleanmaster.mguard) AutostartServic expire 15 lines
10-12 15:16:31.516 11958 11967 W art     : Suspending all threads took: 12.998ms
10-12 15:16:31.584  1320 11984 I PhenotypeFlagCommitter: Experiment Configs successfully retrieved for com.google.android.metrics
10-12 15:16:31.639  1320 11986 I PhenotypeFlagCommitter: Experiment Configs successfully retrieved for com.google.android.metrics
10-12 15:16:31.672   935   935 D PhoneStatusBar: disable: < expand ICONS alerts SYSTEM_INFO back HOME RECENT clock SEARCH quick_settings >
10-12 15:16:31.781  1320 11986 E Notificationstats: Fail to dump stats.
10-12 15:16:31.817   935   935 D PhoneStatusBar: disable: < expand ICONS alerts SYSTEM_INFO back HOME RECENT clock SEARCH quick_settings >
10-12 15:16:31.922  2297  2297 I chatty  : uid=10081 com.cleanmaster.mguard:service expire 2 lines
10-12 15:16:32.080   780  6670 W ActivityManager: Permission Denial: opening provider com.android.providers.contacts.ContactsProvider2 from ProcessRecord{18291d0 11958:com.google.android.apps.plus/u0a63} (pid=11958, uid=10063) requires android.permission.READ_CONTACTS or android.permission.WRITE_CONTACTS
10-12 15:16:32.163   780  1684 I ActivityManager: Start proc 12004:com.google.android.apps.photos/u0a117 for broadcast com.google.android.apps.photos/.analytics.alive.AliveLogReceiver
10-12 15:16:32.253  1320 11996 I PhenotypeFlagCommitter: Experiment Configs successfully retrieved for com.google.android.metrics
10-12 15:16:32.316  1320 11999 I PhenotypeFlagCommitter: Experiment Configs successfully retrieved for com.google.android.metrics
10-12 15:16:32.331   780   961 I ActivityManager: Killing 9646:com.android.providers.calendar/u0a1 (adj 15): empty #17
10-12 15:16:32.371   204   816 D audio_hw_primary: out_set_parameters: enter: usecase(1: low-latency-playback) kvpairs: routing=2
10-12 15:16:32.382   204   816 D audio_hw_primary: select_devices: out_snd_device(2: speaker) in_snd_device(0: none)
10-12 15:16:32.382   204   816 D msm8974_platform: platform_send_audio_calibration: sending audio calibration for snd_device(2) acdb_id(15)
10-12 15:16:32.382   204   816 D audio_hw_primary: enable_snd_device: snd_device(2: speaker)
10-12 15:16:32.385   204   816 D audio_hw_primary: enable_audio_route: apply and update mixer path: low-latency-playback
10-12 15:16:32.395   780  1684 D ActivityManager: cleanUpApplicationRecord -- 9646
10-12 15:16:32.512  2297 11931 I chatty  : uid=10081 com.cleanmaster.mguard:service expire 1 line
10-12 15:16:32.763   204   816 D AudioFlinger: mixer(0xb4140000) throttle end: throttle time(7)
10-12 15:16:32.824  1684  1684 W Binder_5: type=1400 audit(0.0:519033): avc: denied { ioctl } for path="socket:[387444]" dev="sockfs" ino=387444 ioctlcmd=7704 scontext=u:r:system_server:s0 tcontext=u:r:system_server:s0 tclass=unix_stream_socket permissive=0
10-12 15:16:32.824  1684  1684 W Binder_5: type=1400 audit(0.0:519034): avc: denied { ioctl } for path="socket:[387444]" dev="sockfs" ino=387444 ioctlcmd=7704 scontext=u:r:system_server:s0 tcontext=u:r:system_server:s0 tclass=unix_stream_socket permissive=0
10-12 15:16:32.830  2297 11923 I chatty  : uid=10081 com.cleanmaster.mguard:service expire 102 lines
10-12 15:16:32.834   961   961 W Binder_3: type=1400 audit(0.0:519035): avc: denied { ioctl } for path="socket:[388203]" dev="sockfs" ino=388203 ioctlcmd=7704 scontext=u:r:system_server:s0 tcontext=u:r:system_server:s0 tclass=unix_stream_socket permissive=0
10-12 15:16:32.834   961   961 W Binder_3: type=1400 audit(0.0:519036): avc: denied { ioctl } for path="socket:[388203]" dev="sockfs" ino=388203 ioctlcmd=7704 scontext=u:r:system_server:s0 tcontext=u:r:system_server:s0 tclass=unix_stream_socket permissive=0
10-12 15:16:32.844   790   790 W Binder_1: type=1400 audit(0.0:519037): avc: denied { ioctl } for path="socket:[387446]" dev="sockfs" ino=387446 ioctlcmd=7704 scontext=u:r:system_server:s0 tcontext=u:r:system_server:s0 tclass=unix_stream_socket permissive=0
10-12 15:16:32.844   790   790 W Binder_1: type=1400 audit(0.0:519038): avc: denied { ioctl } for path="socket:[387446]" dev="sockfs" ino=387446 ioctlcmd=7704 scontext=u:r:system_server:s0 tcontext=u:r:system_server:s0 tclass=unix_stream_socket permissive=0
10-12 15:16:32.854  6670  6670 W Binder_10: type=1400 audit(0.0:519039): avc: denied { ioctl } for path="socket:[387448]" dev="sockfs" ino=387448 ioctlcmd=7704 scontext=u:r:system_server:s0 tcontext=u:r:system_server:s0 tclass=unix_stream_socket permissive=0
10-12 15:16:32.854  6670  6670 W Binder_10: type=1400 audit(0.0:519040): avc: denied { ioctl } for path="socket:[387448]" dev="sockfs" ino=387448 ioctlcmd=7704 scontext=u:r:system_server:s0 tcontext=u:r:system_server:s0 tclass=unix_stream_socket permissive=0
10-12 15:16:32.854  2322  2322 W Binder_A: type=1400 audit(0.0:519041): avc: denied { ioctl } for path="socket:[388211]" dev="sockfs" ino=388211 ioctlcmd=7704 scontext=u:r:system_server:s0 tcontext=u:r:system_server:s0 tclass=unix_stream_socket permissive=0
10-12 15:16:32.854  2322  2322 W Binder_A: type=1400 audit(0.0:519042): avc: denied { ioctl } for path="socket:[388211]" dev="sockfs" ino=388211 ioctlcmd=7704 scontext=u:r:system_server:s0 tcontext=u:r:system_server:s0 tclass=unix_stream_socket permissive=0
10-12 15:16:32.864  1915  1915 W Binder_6: type=1400 audit(0.0:519043): avc: denied { ioctl } for path="socket:[387040]" dev="sockfs" ino=387040 ioctlcmd=7704 scontext=u:r:system_server:s0 tcontext=u:r:system_server:s0 tclass=unix_stream_socket permissive=0
10-12 15:16:32.864  1915  1915 W Binder_6: type=1400 audit(0.0:519044): avc: denied { ioctl } for path="socket:[387040]" dev="sockfs" ino=387040 ioctlcmd=7704 scontext=u:r:system_server:s0 tcontext=u:r:system_server:s0 tclass=unix_stream_socket permissive=0
10-12 15:16:32.874  4423  4423 W Binder_F: type=1400 audit(0.0:519045): avc: denied { ioctl } for path="socket:[387042]" dev="sockfs" ino=387042 ioctlcmd=7704 scontext=u:r:system_server:s0 tcontext=u:r:system_server:s0 tclass=unix_stream_socket permissive=0
10-12 15:16:32.874  4423  4423 W Binder_F: type=1400 audit(0.0:519046): avc: denied { ioctl } for path="socket:[387042]" dev="sockfs" ino=387042 ioctlcmd=7704 scontext=u:r:system_server:s0 tcontext=u:r:system_server:s0 tclass=unix_stream_socket permissive=0
10-12 15:16:32.884  4423  4423 W Binder_F: type=1400 audit(0.0:519047): avc: denied { ioctl } for path="socket:[387044]" dev="sockfs" ino=387044 ioctlcmd=7704 scontext=u:r:system_server:s0 tcontext=u:r:system_server:s0 tclass=unix_stream_socket permissive=0
10-12 15:16:32.884  4423  4423 W Binder_F: type=1400 audit(0.0:519048): avc: denied { ioctl } for path="socket:[387044]" dev="sockfs" ino=387044 ioctlcmd=7704 scontext=u:r:system_server:s0 tcontext=u:r:system_server:s0 tclass=unix_stream_socket permissive=0
10-12 15:16:32.894   961   961 W Binder_3: type=1400 audit(0.0:519049): avc: denied { ioctl } for path="socket:[387450]" dev="sockfs" ino=387450 ioctlcmd=7704 scontext=u:r:system_server:s0 tcontext=u:r:system_server:s0 tclass=unix_stream_socket permissive=0
10-12 15:16:32.894   961   961 W Binder_3: type=1400 audit(0.0:519050): avc: denied { ioctl } for path="socket:[387450]" dev="sockfs" ino=387450 ioctlcmd=7704 scontext=u:r:system_server:s0 tcontext=u:r:system_server:s0 tclass=unix_stream_socket permissive=0
10-12 15:16:32.894   961   961 W Binder_3: type=1400 audit(0.0:519051): avc: denied { ioctl } for path="socket:[387452]" dev="sockfs" ino=387452 ioctlcmd=7704 scontext=u:r:system_server:s0 tcontext=u:r:system_server:s0 tclass=unix_stream_socket permissive=0
10-12 15:16:32.894   961   961 W Binder_3: type=1400 audit(0.0:519052): avc: denied { ioctl } for path="socket:[387452]" dev="sockfs" ino=387452 ioctlcmd=7704 scontext=u:r:system_server:s0 tcontext=u:r:system_server:s0 tclass=unix_stream_socket permissive=0
