10-12 15:17:30.972 12716 12716 I Finsky  : [1] com.google.android.finsky.utils.bn.run(2299): Package state data is missing for io.cordova.hellocordova
10-12 15:17:31.114 13598 13627 I SharedPreferencesProto: load shared preferences: file not found
10-12 15:17:31.120780  2697 I ActivityManager: Start proc 13629:com.UCMobile.intl/u0a155 for broadcast com.UCMobile.intl/com.uc.base.system.receivers.SysReceiver
10-12 15:17:31.157 12716 12716 E Finsky  : [1] com.google.android.finsky.wear.bo.a(836): onConnectionFailed: ConnectionResult{statusCode=API_UNAVAILABLE, resolution=null, message=null}
10-12 15:17:31.173 12716 12716 I Finsky  : [1] com.google.android.finsky.wear.an.run(2394): Dropping command=send_installed_apps due to Gms not connected
10-12 15:17:31.174780  2696 I ActivityManager: Killing 13090:com.microsoft.office.word/u0a139 (adj 15): empty #17
10-12 15:17:31.182780887 D WifiService: New client listening to asynchronous messages
10-12 15:17:31.200780  2697 D ActivityManager: cleanUpApplicationRecord -- 13090
10-12 15:17:31.214 13598 13645 I SharedPreferencesProto: load shared preferences: file not found
10-12 15:17:31.350 13629 13629 I art  : System.exit called, status: 0
10-12 15:17:31.350 13629 13629 I AndroidRuntime: VM exiting with result code 0, cleanup skipped.
10-12 15:17:31.380780791 I ActivityManager: Process com.UCMobile.intl (pid 13629) has died
10-12 15:17:31.380780791 D ActivityManager: cleanUpApplicationRecord -- 13629
10-12 15:17:31.392780793 I ActivityManager: Start proc 13652:com.microsoft.office.powerpoint/u0a139 for broadcast com.microsoft.office.powerpoint/com.microsoft.office.notification.SystemBroadcastReceiver
10-12 15:17:31.559  1073  1073 I wpa_supplicant: wlan0: CTRL-EVENT-ASSOC-REJECT bssid=0c:27:24:93:03:0b status_code=1
10-12 15:17:31.562 13598 13625 I AppIncrementalLogger: logEvent(): Logged 118 bytes in 114 ms
10-12 15:17:31.563 13598 13625 I UpdateIcingCorporaServi: Updating corpora: APPS=io.cordova.hellocordova, CONTACTS=MAYBE
10-12 15:17:31.665 13652 13652 I MSMAM - MAMComponents: Not initializing MAM classes because the MDM package is not installed.
10-12 15:17:31.668 13652 13652 I MultiDex: VM with version 2.1.0 has multidex support
10-12 15:17:31.668 13652 13652 I MultiDex: install
10-12 15:17:31.668 13652 13652 I MultiDex: VM has multidex support, MultiDex support library is disabled.
10-12 15:17:31.701 13652 13652 I AMEnrollmentStatusCache: No MAM enrollment status found.
10-12 15:17:31.703 13652 13652 I SystemBroadcastReceiver: onReceive. Timestamp - 12-10-2016 15:17:31.702
10-12 15:17:31.703 13652 13652 I SystemBroadcastReceiver: Intent received - android.intent.action.PACKAGE_ADDED
10-12 15:17:31.703 13652 13652 I SystemBroadcastReceiver: New package added - io.cordova.hellocordova
10-12 15:17:31.729 13652 13652 I NotificationServiceInitializer: At the trigger by: com.microsoft.office.powerpoint, we are initializing notification service in the context of: com.microsoft.office.word
10-12 15:17:31.734 13652 13652 I ResourceDownloaderReceiver: Intent received - android.intent.action.PACKAGE_ADDED
10-12 15:17:31.751 13652 13652 D PackageUtils: Package io.cordova.hellocordova is signed with d3:df:31:04:f8:c8:28:2e:1c:f3:6d:56:4e:be:96:48:af:7c:8c:a4:ff:13:5e:7b:f4:00:cd:4c:2a:0a:ad:cb
10-12 15:17:31.758780  1917 I ActivityManager: Killing 13119:com.airwatch.contentlocker/u0a167 (adj 15): empty #17
10-12 15:17:31.783780961 D ActivityManager: cleanUpApplicationRecord -- 13119
10-12 15:17:31.785  1320  7375 I Icing: Usage reports 0 indexed 0 rejected 0 imm upload true
10-12 15:17:31.826 13598 13625 I UpdateIcingCorporaServi: UpdateCorporaTask done [took 263 ms] updated apps [took 263 ms] 
10-12 15:17:31.829780  2322 I ActivityManager: Killing 13140:com.microsoft.office.excel/u0a139 (adj 15): empty #17
10-12 15:17:31.861780  2320 D ActivityManager: cleanUpApplicationRecord -- 13140
10-12 15:17:31.878  1073  1073 I wpa_supplicant: wlan0: Trying to associate with d0:c7:89:0a:dd:54 (SSID='AmdocsMobile' freq=2462 MHz)
10-12 15:17:31.905780  1917 I ActivityManager: Start proc 13669:com.huawei.mw/u0a158 for broadcast com.huawei.mw/.receiver.WifiTrafficReceiver
10-12 15:17:31.948780886 D WifiStateMachine: shouldSwitchNetwork  txSuccessRate=0.13 rxSuccessRate=0.13 delta 1000 -> 1000
10-12 15:17:31.953780886 D WifiStateMachine: CMD_AUTO_CONNECT sup state ScanState my state DisconnectedState nid=48 roam=3
10-12 15:17:31.953780886 E WifiConfigStore: saveWifiConfigBSSID Setting BSSID for "AmdocsMobile"WPA_PSK to any
10-12 15:17:31.973 13669 13678 I art  : Background sticky concurrent mark sweep GC freed 29149(1343KB) AllocSpace objects, 0(0B) LOS objects, 39% free, 14MB/23MB, paused 22.233ms total 42.867ms
10-12 15:17:31.975780886 D WifiStateMachine: CMD_AUTO_CONNECT will save config -> "AmdocsMobile" nid=48
10-12 15:17:32.017780886 D WifiStateMachine: CMD_AUTO_CONNECT did save config ->  nid=48
10-12 15:17:32.131 13598 13641 I WebViewFactory: Loading com.google.android.webview version 49.0.2623.105 (code 262310500)
10-12 15:17:32.194 13669 13692 D MC_LOG  : wdwd---file is not exists
10-12 15:17:32.258 13598 13641 I cr_LibraryLoader: Time to load native libraries: 1 ms (timestamps 6366-6367)
10-12 15:17:32.258 13598 13641 I cr_LibraryLoader: Expected native library version number "49.0.2623.105", actual native library version number "49.0.2623.105"
10-12 15:17:32.264780961 I ActivityManager: Start proc 13695:com.huawei.mw:pushservice/u0a158 for broadcast com.huawei.mw/com.huawei.android.pushagent.PushEventReceiver
10-12 15:17:32.340 13695 13717 D MC_LOG  : wdwd---file is not exists
10-12 15:17:32.355 13695 13695 I PushLogSC2705: [main-1]action is android.intent.action.PACKAGE_ADDED(mw/null:-1)
10-12 15:17:32.370 13695 13695 I PushLogSC2705: [main-1]run push selfshow(mw/null:-1)
10-12 15:17:32.450 13598 13641 I UrlRequestFactory: Using network stack: Cronet/49.0.2623.34@cd92361f
10-12 15:17:32.454 13695 13695 E PushLogSC2705: [main-1]call handleEvent cause Exception:java.lang.SecurityException: Neither user 10158 nor current process has android.permission.WAKE_LOCK.(mw/null:-1)
10-12 15:17:32.466780791 I ActivityManager: Start proc 13723:com.cleanmaster.mguard/u0a81 for broadcast com.cleanmaster.mguard/com.ijinshan.cleaner.receiver.UninstallBroadcastReceiver
10-12 15:17:32.466780791 I ActivityManager: Killing 13154:jio.cloud.drive/u0a138 (adj 15): empty #17
10-12 15:17:32.487780887 D WifiService: Client connection lost with reason: 4
10-12 15:17:32.491 13723 13732 I chatty  : uid=10081(com.cleanmaster.mguard) expire 1 line
10-12 15:17:32.513780  2694 D ActivityManager: cleanUpApplicationRecord -- 13154
10-12 15:17:32.520780791 D ConnectivityService: listenForNetwork for Listen from uid/pid:10019/13598 for NetworkRequest [ id=95, legacyType=-1, [ Capabilities: INTERNET&NOT_RESTRICTED&TRUSTED&NOT_VPN] ]
10-12 15:17:32.560 13598 13641 W SuggestionOnlyFetcher: Error getting suggestions.
10-12 15:17:32.560 13598 13641 W SuggestionOnlyFetcher: com.google.android.apps.gsa.shared.exception.GsaIOException: Error code: 262160
10-12 15:17:32.560 13598 13641 W SuggestionOnlyFetcher: 	at com.google.android.apps.gsa.shared.io.aa.b(HttpLogEntry.java:125)
10-12 15:17:32.560 13598 13641 W SuggestionOnlyFetcher: 	at com.google.android.apps.gsa.search.core.j.d$2.call(AsyncHttpEngine.java:2127)
10-12 15:17:32.560 13598 13641 W SuggestionOnlyFetcher: 	at java.util.concurrent.FutureTask.run(FutureTask.java:237)
10-12 15:17:32.560 13598 13641 W SuggestionOnlyFetcher: 	at com.google.android.apps.gsa.search.core.j.ae$1.run(TaskRunnerScheduledExecutor.java:36)
10-12 15:17:32.560 13598 13641 W SuggestionOnlyFetcher: 	at java.util.concurrent.Executors$RunnableAdapter.call(Executors.java:423)
10-12 15:17:32.560 13598 13641 W SuggestionOnlyFetcher: 	at java.util.concurrent.FutureTask.run(FutureTask.java:237)
10-12 15:17:32.560 13598 13641 W SuggestionOnlyFetcher: 	at com.google.android.apps.gsa.shared.util.concurrent.a.v.run(TaskRunnerFutureTask.java:125)
10-12 15:17:32.560 13598 13641 W SuggestionOnlyFetcher: 	at com.google.android.apps.gsa.shared.util.concurrent.a.ag.run(ThrottlingExecutor.java:138)
10-12 15:17:32.560 13598 13641 W SuggestionOnlyFetcher: 	at java.util.concurrent.ThreadPoolExecutor.runWorker(ThreadPoolExecutor.java:1113)
10-12 15:17:32.560 13598 13641 W SuggestionOnlyFetcher: 	at java.util.concurrent.ThreadPoolExecutor$Worker.run(ThreadPoolExecutor.java:588)
10-12 15:17:32.560 13598 13641 W SuggestionOnlyFetcher: 	at java.lang.Thread.run(Thread.java:818)
10-12 15:17:32.560 13598 13641 W SuggestionOnlyFetcher: 	at com.google.android.apps.gsa.shared.util.concurrent.a.t$1.run(GsaThreadFactory.java:117)
10-12 15:17:32.572780  2320 I ActivityManager: Killing 13226:com.jio.myjio/u0a192 (adj 15): empty #17
10-12 15:17:32.630780  4423 D ActivityManager: cleanUpApplicationRecord -- 13226
10-12 15:17:32.708 13723 13723 I chatty  : uid=10081(com.cleanmaster.mguard) expire 11 lines
10-12 15:17:32.846 13723 13751 I chatty  : uid=10081(com.cleanmaster.mguard) expire 1 line
10-12 15:17:32.855  1320  7375 I Icing: Indexing 3ED6BDB24AC4D20913DD5CBAC59149063D037188 from com.google.android.googlequicksearchbox
10-12 15:17:32.946  1320  7375 I Icing: Indexing done 3ED6BDB24AC4D20913DD5CBAC59149063D037188
10-12 15:17:33.031  1073  1073 I wpa_supplicant: wlan0: CTRL-EVENT-ASSOC-REJECT bssid=d0:c7:89:0a:dd:54 status_code=1
10-12 15:17:33.117780  2694 W ActivityManager: Unable to start service Intent { act=com.cleanmaster.api.RT_ACCESS cmp=com.cmcm.skey/com.cmcm.rtstub.RTApiService } U=0: not found
10-12 15:17:33.118780  2697 W ActivityManager: Unable to start service Intent { act=com.cleanmaster.api.RT_ACCESS cmp=com.cmcm.rtstub/.RTApiService } U=0: not found
10-12 15:17:33.121 13723 13778 I chatty  : uid=10081(com.cleanmaster.mguard) expire 26 lines
10-12 15:17:33.213 13723 13751 I chatty  : uid=10081(com.cleanmaster.mguard) expire 1 line
10-12 15:17:33.229 13723 13723 I chatty  : uid=10081(com.cleanmaster.mguard) expire 2 lines
10-12 15:17:33.262  2297  2297 I chatty  : uid=10081 com.cleanmaster.mguard:service expire 2 lines
10-12 15:17:33.275  2297  2503 I chatty  : uid=10081(com.cleanmaster.mguard) BackgroundThrea expire 7 lines
10-12 15:17:33.292780  2696 I ActivityManager: Start proc 13804:com.microsoft.office.word/u0a139 for broadcast com.microsoft.office.word/com.microsoft.office.notification.SystemBroadcastReceiver
10-12 15:17:33.382 13723 13751 I chatty  : uid=10081(com.cleanmaster.mguard) expire 5 lines
10-12 15:17:33.499 13723 13723 I chatty  : uid=10081(com.cleanmaster.mguard) expire 6 lines
10-12 15:17:33.592 13804 13804 I MSMAM - MAMComponents: Not initializing MAM classes because the MDM package is not installed.
10-12 15:17:33.594 13804 13804 I MultiDex: VM with version 2.1.0 has multidex support
10-12 15:17:33.594 13804 13804 I MultiDex: install
10-12 15:17:33.594 13804 13804 I MultiDex: VM has multidex support, MultiDex support library is disabled.
10-12 15:17:33.629  2297 13818 I chatty  : uid=10081 com.cleanmaster.mguard:service expire 5 lines
10-12 15:17:33.630  2297 13827 I chatty  : uid=10081 com.cleanmaster.mguard:service expire 7 lines
10-12 15:17:33.652 13804 13804 I AMEnrollmentStatusCache: No MAM enrollment status found.
10-12 15:17:33.654 13804 13804 I SystemBroadcastReceiver: onReceive. Timestamp - 12-10-2016 15:17:33.653
10-12 15:17:33.654 13804 13804 I SystemBroadcastReceiver: Intent received - android.intent.action.PACKAGE_ADDED
10-12 15:17:33.654 13804 13804 I SystemBroadcastReceiver: New package added - io.cordova.hellocordova
10-12 15:17:33.672 13723 13840 I chatty  : uid=10081(com.cleanmaster.mguard) expire 1 line
10-12 15:17:33.681 13804 13804 I NotificationServiceInitializer: At the trigger by: com.microsoft.office.word, we are initializing notification service in the context of: com.microsoft.office.word
10-12 15:17:33.683 13804 13804 I ResourceDownloaderReceiver: Intent received - android.intent.action.PACKAGE_ADDED
10-12 15:17:33.700 13804 13804 D PackageUtils: Package io.cordova.hellocordova is signed with d3:df:31:04:f8:c8:28:2e:1c:f3:6d:56:4e:be:96:48:af:7c:8c:a4:ff:13:5e:7b:f4:00:cd:4c:2a:0a:ad:cb
10-12 15:17:33.701780  1684 I ActivityManager: Killing 13247:com.jio.myjio:HPRumService/u0a192 (adj 15): empty #17
10-12 15:17:33.710 12622 12622 D cr_Ime  : [InputMethodManagerWrapper.java:74] updateSelection: SEL [8, 8], COM [-1, -1]
10-12 15:17:33.741780887 D WifiService: New client listening to asynchronous messages
10-12 15:17:33.762780  2696 D ActivityManager: cleanUpApplicationRecord -- 13247
10-12 15:17:33.815780  2697 D ConnectivityService: listenForNetwork for Listen from uid/pid:10081/13723 for NetworkRequest [ id=96, legacyType=-1, [ Capabilities: INTERNET&NOT_RESTRICTED&TRUSTED&NOT_VPN] ]
10-12 15:17:33.842780  1915 I ActivityManager: Start proc 13869:com.microsoft.office.excel/u0a139 for broadcast com.microsoft.office.excel/com.microsoft.office.notification.SystemBroadcastReceiver
10-12 15:17:33.844780962 I ActivityManager: Killing 13307:com.lenovo.anyshare.gps/u0a176 (adj 15): empty #17
10-12 15:17:33.895780  1917 D ActivityManager: cleanUpApplicationRecord -- 13307
10-12 15:17:34.135 13480 13547 I GAV2 : Thread[GAThread,5,main]: No campaign data found.
10-12 15:17:34.143  7704 13866 I AirWatch: Picking from Q :LOWEST
10-12 15:17:34.225 13869 13869 I MSMAM - MAMComponents: Not initializing MAM classes because the MDM package is not installed.
10-12 15:17:34.259 13869 13869 I MultiDex: VM with version 2.1.0 has multidex support
10-12 15:17:34.259 13869 13869 I MultiDex: install
10-12 15:17:34.259 13869 13869 I MultiDex: VM has multidex support, MultiDex support library is disabled.
10-12 15:17:34.387 13869 13869 I AMEnrollmentStatusCache: No MAM enrollment status found.
10-12 15:17:34.390 13869 13869 I SystemBroadcastReceiver: onReceive. Timestamp - 12-10-2016 15:17:34.388
10-12 15:17:34.390 13869 13869 I SystemBroadcastReceiver: Intent received - android.intent.action.PACKAGE_ADDED
10-12 15:17:34.390 13869 13869 I SystemBroadcastReceiver: New package added - io.cordova.hellocordova
10-12 15:17:34.404  1073  1073 I wpa_supplicant: wlan0: Trying to associate with 0c:27:24:93:03:04 (SSID='AmdocsMobile' freq=2412 MHz)
10-12 15:17:34.424 13869 13869 I NotificationServiceInitializer: At the trigger by: com.microsoft.office.excel, we are initializing notification service in the context of: com.microsoft.office.word
10-12 15:17:34.432 13869 13869 I ResourceDownloaderReceiver: Intent received - android.intent.action.PACKAGE_ADDED
10-12 15:17:34.468 13869 13869 D PackageUtils: Package io.cordova.hellocordova is signed with d3:df:31:04:f8:c8:28:2e:1c:f3:6d:56:4e:be:96:48:af:7c:8c:a4:ff:13:5e:7b:f4:00:cd:4c:2a:0a:ad:cb
10-12 15:17:34.513215 13874 I art  : Starting a blocking GC HeapTrim
10-12 15:17:34.537780  2696 I ActivityManager: Start proc 13914:jio.cloud.drive/u0a138 for broadcast jio.cloud.drive/com.jio.mhood.services.HandShakeReceiver
10-12 15:17:34.538780  2696 I ActivityManager: Killing 13326:com.estrongs.android.pop/u0a102 (adj 15): empty #17
10-12 15:17:34.612780  1917 D ActivityManager: cleanUpApplicationRecord -- 13326
10-12 15:17:34.701 13914 13914 I chatty  : uid=10138(jio.cloud.drive) expire 6 lines
10-12 15:17:35.224  2694  2694 W Binder_C: type=1400 audit(0.0:519162): avc: denied { ioctl } for path="socket:[390299]" dev="sockfs" ino=390299 ioctlcmd=7704 scontext=u:r:system_server:s0 tcontext=u:r:system_server:s0 tclass=unix_stream_socket permissive=0
10-12 15:17:35.224  2694  2694 W Binder_C: type=1400 audit(0.0:519163): avc: denied { ioctl } for path="socket:[390299]" dev="sockfs" ino=390299 ioctlcmd=7704 scontext=u:r:system_server:s0 tcontext=u:r:system_server:s0 tclass=unix_stream_socket permissive=0
10-12 15:17:35.231 12622 12622 D cr_Ime  : [InputMethodManagerWrapper.java:39] restartInput
10-12 15:17:35.236  2105  2105 I Keyboard.Facilitator: onStartInput()
10-12 15:17:35.243 12622 12622 D cr_Ime  : [InputMethodManagerWrapper.java:47] showSoftInput
10-12 15:17:35.243  2105  2105 I LatinIME: Starting input. Cursor position = 8,8
10-12 15:17:35.244 12622 12622 D cr_Ime  : [InputMethodManagerWrapper.java:74] updateSelection: SEL [0, 0], COM [-1, -1]
10-12 15:17:35.426 13723 13945 I chatty  : uid=10081(com.cleanmaster.mguard) expire 12 lines
10-12 15:17:35.436  1073  1073 I wpa_supplicant: wlan0: CTRL-EVENT-ASSOC-REJECT bssid=0c:27:24:93:03:04 status_code=1
10-12 15:17:35.791  1073  1073 I wpa_supplicant: wlan0: Trying to associate with d0:c7:89:0a:dd:5b (SSID='AmdocsMobile' freq=5745 MHz)
10-12 15:17:35.850780886 D WifiStateMachine: shouldSwitchNetwork  txSuccessRate=0.03 rxSuccessRate=0.03 delta 1000 -> 1000
10-12 15:17:35.857780886 D WifiStateMachine: CMD_AUTO_CONNECT sup state ScanState my state DisconnectedState nid=48 roam=3
10-12 15:17:35.857780886 E WifiConfigStore: saveWifiConfigBSSID Setting BSSID for "AmdocsMobile"WPA_PSK to any
10-12 15:17:35.868780886 D WifiStateMachine: CMD_AUTO_CONNECT will save config -> "AmdocsMobile" nid=48
10-12 15:17:35.908780886 D WifiStateMachine: CMD_AUTO_CONNECT did save config ->  nid=48
10-12 15:17:35.994780887 D WifiService: New client listening to asynchronous messages
10-12 15:17:36.030  2297 13812 I chatty  : uid=10081 com.cleanmaster.mguard:service expire 1 line
10-12 15:17:36.051  1073  1073 I wpa_supplicant: wlan0: CTRL-EVENT-ASSOC-REJECT bssid=d0:c7:89:0a:dd:5b status_code=1
10-12 15:17:36.104  1915  1915 W Binder_6: type=1400 audit(0.0:519164): avc: denied { ioctl } for path="socket:[388981]" dev="sockfs" ino=388981 ioctlcmd=7704 scontext=u:r:system_server:s0 tcontext=u:r:system_server:s0 tclass=unix_stream_socket permissive=0
10-12 15:17:36.104  1915  1915 W Binder_6: type=1400 audit(0.0:519165): avc: denied { ioctl } for path="socket:[388981]" dev="sockfs" ino=388981 ioctlcmd=7704 scontext=u:r:system_server:s0 tcontext=u:r:system_server:s0 tclass=unix_stream_socket permissive=0
10-12 15:17:36.104790790 W Binder_1: type=1400 audit(0.0:519166): avc: denied { ioctl } for path="socket:[390299]" dev="sockfs" ino=390299 ioctlcmd=7704 scontext=u:r:system_server:s0 tcontext=u:r:system_server:s0 tclass=unix_stream_socket permissive=0
10-12 15:17:36.104790790 W Binder_1: type=1400 audit(0.0:519167): avc: denied { ioctl } for path="socket:[390299]" dev="sockfs" ino=390299 ioctlcmd=7704 scontext=u:r:system_server:s0 tcontext=u:r:system_server:s0 tclass=unix_stream_socket permissive=0
10-12 15:17:36.115 12622 12622 D cr_Ime  : [InputMethodManagerWrapper.java:56] isActive: true
10-12 15:17:36.115 12622 12622 D cr_Ime  : [InputMethodManagerWrapper.java:65] hideSoftInputFromWindow
10-12 15:17:36.117 12622 12622 D cr_Ime  : [InputMethodManagerWrapper.java:39] restartInput
10-12 15:17:36.134 13934 13934 D AndroidRuntime: >>>>>> START com.android.internal.os.RuntimeInit uid 10164 <<<<<<
10-12 15:17:36.184 13934 13934 D AndroidRuntime: CheckJNI is OFF
10-12 15:17:36.214  2323  2323 W Binder_B: type=1400 audit(0.0:519168): avc: denied { ioctl } for path="socket:[390299]" dev="sockfs" ino=390299 ioctlcmd=7704 scontext=u:r:system_server:s0 tcontext=u:r:system_server:s0 tclass=unix_stream_socket permissive=0
10-12 15:17:36.214  2323  2323 W Binder_B: type=1400 audit(0.0:519169): avc: denied { ioctl } for path="socket:[390299]" dev="sockfs" ino=390299 ioctlcmd=7704 scontext=u:r:system_server:s0 tcontext=u:r:system_server:s0 tclass=unix_stream_socket permissive=0
10-12 15:17:36.227  2105  2105 I Keyboard.Facilitator: onFinishInput()
10-12 15:17:36.330  2297  2297 I chatty  : uid=10081 com.cleanmaster.mguard:service expire 8 lines
10-12 15:17:36.376 13934 13934 D ICU  : No timezone override file found: /data/misc/zoneinfo/current/icu/icu_tzdata.dat
10-12 15:17:36.416780  2697 I ActivityManager: Killing 13350:com.majedev.superbeam/u0a131 (adj 15): empty #17
10-12 15:17:36.429780887 D WifiService: Client connection lost with reason: 4
10-12 15:17:36.455 13914 13914 D NabCoreServices: DeviceTools - getDeviceKey - devicekey = google.hammerhead_nexus_5.sync
10-12 15:17:36.455 13914 13914 D NabCoreServices: AndroidDevice - DeviceKey = google.hammerhead_nexus_5.sync
10-12 15:17:36.491780  2320 D ActivityManager: cleanUpApplicationRecord -- 13350
10-12 15:17:36.509780  2696 W ActivityManager: Permission Denial: opening provider com.android.providers.contacts.ContactsProvider2 from ProcessRecord{39fb581 13914:jio.cloud.drive/u0a138} (pid=13914, uid=10138) requires android.permission.READ_CONTACTS or android.permission.WRITE_CONTACTS
10-12 15:17:36.528 13914 13914 E NabCoreServices: AccountTools - identifyLocalAccount: exception during identification
10-12 15:17:36.528 13914 13914 E NabCoreServices: java.lang.SecurityException: Permission Denial: opening provider com.android.providers.contacts.ContactsProvider2 from ProcessRecord{39fb581 13914:jio.cloud.drive/u0a138} (pid=13914, uid=10138) requires android.permission.READ_CONTACTS or android.permission.WRITE_CONTACTS
10-12 15:17:36.528 13914 13914 E NabCoreServices: 	at android.os.Parcel.readException(Parcel.java:1620)
10-12 15:17:36.528 13914 13914 E NabCoreServices: 	at android.os.Parcel.readException(Parcel.java:1573)
10-12 15:17:36.528 13914 13914 E NabCoreServices: 	at android.app.ActivityManagerProxy.getContentProvider(ActivityManagerNative.java:3550)
10-12 15:17:36.528 13914 13914 E NabCoreServices: 	at android.app.ActivityThread.acquireProvider(ActivityThread.java:4778)
10-12 15:17:36.528 13914 13914 E NabCoreServices: 	at android.app.ContextImpl$ApplicationContentResolver.acquireProvider(ContextImpl.java:1999)
10-12 15:17:36.528 13914 13914 E NabCoreServices: 	at android.content.ContentResolver.acquireProvider(ContentResolver.java:1421)
10-12 15:17:36.528 13914 13914 E NabCoreServices: 	at android.content.ContentResolver.insert(ContentResolver.java:1225)
10-12 15:17:36.528 13914 13914 E NabCoreServices: 	at com.onmobile.tools.account.AccountTools.identifyLocalAccount(jio.cloud.drive:637)
10-12 15:17:36.528 13914 13914 E NabCoreServices: 	at com.onmobile.tools.account.AccountTools.addLocalAccount(jio.cloud.drive:244)
10-12 15:17:36.528 13914 13914 E NabCoreServices: 	at com.onmobile.tools.account.AccountTools.getContactsAccounts(jio.cloud.drive:210)
10-12 15:17:36.528 13914 13914 E NabCoreServices: 	at com.onmobile.tools.account.AccountTools.getSyncContactsAccounts(jio.cloud.drive:81)
10-12 15:17:36.528 13914 13914 E NabCoreServices: 	at com.onmobile.service.sync.AccountController.e(jio.cloud.drive:193)
10-12 15:17:36.528 13914 13914 E NabCoreServices: 	at com.onmobile.service.sync.AccountController.<init>(jio.cloud.drive:127)
10-12 15:17:36.528 13914 13914 E NabCoreServices: 	at com.onmobile.transfer.impl.ContactVcardImpl.<init>(jio.cloud.drive:71)
10-12 15:17:36.528 13914 13914 E NabCoreServices: 	at com.synchronoss.mct.sdk.engines.ExtractionEngine.<init>(jio.cloud.drive:186)
10-12 15:17:36.528 13914 13914 E NabCoreServices: 	at com.synchronoss.mct.sdk.Mct.a(jio.cloud.drive:134)
10-12 15:17:36.528 13914 13914 E NabCoreServices: 	at com.newbay.syncdrive.android.ui.application.SyncDrive.a(jio.cloud.drive:7814)
10-12 15:17:36.528 13914 13914 E NabCoreServices: 	at com.newbay.syncdrive.android.ui.application.SyncDriveApplication.onCreate(jio.cloud.drive:28)
10-12 15:17:36.528 13914 13914 E NabCoreServices: 	at android.app.Instrumentation.callApplicationOnCreate(Instrumentation.java:1013)
10-12 15:17:36.528 13914 13914 E NabCoreServices: 	at android.app.ActivityThread.handleBindApplication(ActivityThread.java:4707)
10-12 15:17:36.528 13914 13914 E NabCoreServices: 	at android.app.ActivityThread.-wrap1(ActivityThread.java)
10-12 15:17:36.528 13914 13914 E NabCoreServices: 	at android.app.ActivityThread$H.handleMessage(ActivityThread.java:1405)
10-12 15:17:36.528 13914 13914 E NabCoreServices: 	at android.os.Handler.dispatchMessage(Handler.java:102)
10-12 15:17:36.528 13914 13914 E NabCoreServices: 	at android.os.Looper.loop(Looper.java:148)
10-12 15:17:36.528 13914 13914 E NabCoreServices: 	at android.app.ActivityThread.main(ActivityThread.java:5417)
10-12 15:17:36.528 13914 13914 E NabCoreServices: 	at java.lang.reflect.Method.invoke(Native Method)
10-12 15:17:36.528 13914 13914 E NabCoreServices: 	at com.android.internal.os.ZygoteInit$MethodAndArgsCaller.run(ZygoteInit.java:726)
10-12 15:17:36.528 13914 13914 E NabCoreServices: 	at com.android.internal.os.ZygoteInit.main(ZygoteInit.java:616)
10-12 15:17:36.536780961 W ActivityManager: Permission Denial: opening provider com.android.providers.contacts.ContactsProvider2 from ProcessRecord{39fb581 13914:jio.cloud.drive/u0a138} (pid=13914, uid=10138) requires android.permission.READ_CONTACTS or android.permission.WRITE_CONTACTS
10-12 15:17:36.537 13914 13914 E NabCoreServices: AccountTools - checkAccountIsValid: Exception while querying Contacts settings
10-12 15:17:36.537 13914 13914 E NabCoreServices: java.lang.SecurityException: Permission Denial: opening provider com.android.providers.contacts.ContactsProvider2 from ProcessRecord{39fb581 13914:jio.cloud.drive/u0a138} (pid=13914, uid=10138) requires android.permission.READ_CONTACTS or android.permission.WRITE_CONTACTS
10-12 15:17:36.537 13914 13914 E NabCoreServices: 	at android.os.Parcel.readException(Parcel.java:1620)
10-12 15:17:36.537 13914 13914 E NabCoreServices: 	at android.os.Parcel.readException(Parcel.java:1573)
10-12 15:17:36.537 13914 13914 E NabCoreServices: 	at android.app.ActivityManagerProxy.getContentProvider(ActivityManagerNative.java:3550)
10-12 15:17:36.537 13914 13914 E NabCoreServices: 	at android.app.ActivityThread.acquireProvider(ActivityThread.java:4778)
10-12 15:17:36.537 13914 13914 E NabCoreServices: 	at android.app.ContextImpl$ApplicationContentResolver.acquireUnstableProvider(ContextImpl.java:2018)
10-12 15:17:36.537 13914 13914 E NabCoreServices: 	at android.content.ContentResolver.acquireUnstableProvider(ContentResolver.java:1468)
10-12 15:17:36.537 13914 13914 E NabCoreServices: 	at android.content.ContentResolver.query(ContentResolver.java:475)
10-12 15:17:36.537 13914 13914 E NabCoreServices: 	at android.content.ContentResolver.query(ContentResolver.java:434)
10-12 15:17:36.537 13914 13914 E NabCoreServices: 	at com.onmobile.tools.account.AccountTools.checkAccountIsValid(jio.cloud.drive:494)
10-12 15:17:36.537 13914 13914 E NabCoreServices: 	at com.onmobile.tools.account.AccountTools.addAccountFromXml(jio.cloud.drive:374)
10-12 15:17:36.537 13914 13914 E NabCoreServices: 	at com.onmobile.tools.account.AccountTools.getContactsAccounts(jio.cloud.drive:226)
10-12 15:17:36.537 13914 13914 E NabCoreServices: 	at com.onmobile.tools.account.AccountTools.getSyncContactsAccounts(jio.cloud.drive:81)
10-12 15:17:36.537 13914 13914 E NabCoreServices: 	at com.onmobile.service.sync.AccountController.e(jio.cloud.drive:193)
10-12 15:17:36.537 13914 13914 E NabCoreServices: 	at com.onmobile.service.sync.AccountController.<init>(jio.cloud.drive:127)
10-12 15:17:36.537 13914 13914 E NabCoreServices: 	at com.onmobile.transfer.impl.ContactVcardImpl.<init>(jio.cloud.drive:71)
10-12 15:17:36.537 13914 13914 E NabCoreServices: 	at com.synchronoss.mct.sdk.engines.ExtractionEngine.<init>(jio.cloud.drive:186)
10-12 15:17:36.537 13914 13914 E NabCoreServices: 	at com.synchronoss.mct.sdk.Mct.a(jio.cloud.drive:134)
10-12 15:17:36.537 13914 13914 E NabCoreServices: 	at com.newbay.syncdrive.android.ui.application.SyncDrive.a(jio.cloud.drive:7814)
10-12 15:17:36.537 13914 13914 E NabCoreServices: 	at com.newbay.syncdrive.android.ui.application.SyncDriveApplication.onCreate(jio.cloud.drive:28)
10-12 15:17:36.537 13914 13914 E NabCoreServices: 	at android.app.Instrumentation.callApplicationOnCreate(Instrumentation.java:1013)
10-12 15:17:36.537 13914 13914 E NabCoreServices: 	at android.app.ActivityThread.handleBindApplication(ActivityThread.java:4707)
10-12 15:17:36.537 13914 13914 E NabCoreServices: 	at android.app.ActivityThread.-wrap1(ActivityThread.java)
10-12 15:17:36.537 13914 13914 E NabCoreServices: 	at android.app.ActivityThread$H.handleMessage(ActivityThread.java:1405)
10-12 15:17:36.537 13914 13914 E NabCoreServices: 	at android.os.Handler.dispatchMessage(Handler.java:102)
10-12 15:17:36.537 13914 13914 E NabCoreServices: 	at android.os.Looper.loop(Looper.java:148)
10-12 15:17:36.537 13914 13914 E NabCoreServices: 	at android.app.ActivityThread.main(ActivityThread.java:5417)
10-12 15:17:36.537 13914 13914 E NabCoreServices: 	at java.lang.reflect.Method.invoke(Native Method)
10-12 15:17:36.537 13914 13914 E NabCoreServices: 	at com.android.internal.os.ZygoteInit$MethodAndArgsCaller.run(ZygoteInit.java:726)
10-12 15:17:36.537 13914 13914 E NabCoreServices: 	at com.android.internal.os.ZygoteInit.main(ZygoteInit.java:616)
10-12 15:17:36.538780  1684 W ActivityManager: Permission Denial: opening provider com.android.providers.contacts.ContactsProvider2 from ProcessRecord{39fb581 13914:jio.cloud.drive/u0a138} (pid=13914, uid=10138) requires android.permission.READ_CONTACTS or android.permission.WRITE_CONTACTS
10-12 15:17:36.538 13914 13914 E NabCoreServices: AccountTools - checkAccountIsValid: Exception while querying Contacts settings
10-12 15:17:36.538 13914 13914 E NabCoreServices: java.lang.SecurityException: Permission Denial: opening provider com.android.providers.contacts.ContactsProvider2 from ProcessRecord{39fb581 13914:jio.cloud.drive/u0a138} (pid=13914, uid=10138) requires android.permission.READ_CONTACTS or android.permission.WRITE_CONTACTS
10-12 15:17:36.538 13914 13914 E NabCoreServices: 	at android.os.Parcel.readException(Parcel.java:1620)
10-12 15:17:36.538 13914 13914 E NabCoreServices: 	at android.os.Parcel.readException(Parcel.java:1573)
10-12 15:17:36.538 13914 13914 E NabCoreServices: 	at android.app.ActivityManagerProxy.getContentProvider(ActivityManagerNative.java:3550)
10-12 15:17:36.538 13914 13914 E NabCoreServices: 	at android.app.ActivityThread.acquireProvider(ActivityThread.java:4778)
10-12 15:17:36.538 13914 13914 E NabCoreServices: 	at android.app.ContextImpl$ApplicationContentResolver.acquireUnstableProvider(ContextImpl.java:2018)
10-12 15:17:36.538 13914 13914 E NabCoreServices: 	at android.content.ContentResolver.acquireUnstableProvider(ContentResolver.java:1468)
10-12 15:17:36.538 13914 13914 E NabCoreServices: 	at android.content.ContentResolver.query(ContentResolver.java:475)
10-12 15:17:36.538 13914 13914 E NabCoreServices: 	at android.content.ContentResolver.query(ContentResolver.java:434)
10-12 15:17:36.538 13914 13914 E NabCoreServices: 	at com.onmobile.tools.account.AccountTools.checkAccountIsValid(jio.cloud.drive:494)
10-12 15:17:36.538 13914 13914 E NabCoreServices: 	at com.onmobile.tools.account.AccountTools.addAccountFromXml(jio.cloud.drive:374)
10-12 15:17:36.538 13914 13914 E NabCoreServices: 	at com.onmobile.tools.account.AccountTools.getContactsAccounts(jio.cloud.drive:226)
10-12 15:17:36.538 13914 13914 E NabCoreServices: 	at com.onmobile.tools.account.AccountTools.getSyncContactsAccounts(jio.cloud.drive:81)
10-12 15:17:36.538 13914 13914 E NabCoreServices: 	at com.onmobile.service.sync.AccountController.e(jio.cloud.drive:193)
10-12 15:17:36.538 13914 13914 E NabCoreServices: 	at com.onmobile.service.sync.AccountController.<init>(jio.cloud.drive:127)
10-12 15:17:36.538 13914 13914 E NabCoreServices: 	at com.onmobile.transfer.impl.ContactVcardImpl.<init>(jio.cloud.drive:71)
10-12 15:17:36.538 13914 13914 E NabCoreServices: 	at com.synchronoss.mct.sdk.engines.ExtractionEngine.<init>(jio.cloud.drive:186)
10-12 15:17:36.538 13914 13914 E NabCoreServices: 	at com.synchronoss.mct.sdk.Mct.a(jio.cloud.drive:134)
10-12 15:17:36.538 13914 13914 E NabCoreServices: 	at com.newbay.syncdrive.android.ui.application.SyncDrive.a(jio.cloud.drive:7814)
10-12 15:17:36.538 13914 13914 E NabCoreServices: 	at com.newbay.syncdrive.android.ui.application.SyncDriveApplication.onCreate(jio.cloud.drive:28)
10-12 15:17:36.538 13914 13914 E NabCoreServices: 	at android.app.Instrumentation.callApplicationOnCreate(Instrumentation.java:1013)
10-12 15:17:36.538 13914 13914 E NabCoreServices: 	at android.app.ActivityThread.handleBindApplication(ActivityThread.java:4707)
10-12 15:17:36.538 13914 13914 E NabCoreServices: 	at android.app.ActivityThread.-wrap1(ActivityThread.java)
10-12 15:17:36.538 13914 13914 E NabCoreServices: 	at android.app.ActivityThread$H.handleMessage(ActivityThread.java:1405)
10-12 15:17:36.538 13914 13914 E NabCoreServices: 	at android.os.Handler.dispatchMessage(Handler.java:102)
10-12 15:17:36.538 13914 13914 E NabCoreServices: 	at android.os.Looper.loop(Looper.java:148)
10-12 15:17:36.538 13914 13914 E NabCoreServices: 	at android.app.ActivityThread.main(ActivityThread.java:5417)
10-12 15:17:36.538 13914 13914 E NabCoreServices: 	at java.lang.reflect.Method.invoke(Native Method)
10-12 15:17:36.538 13914 13914 E NabCoreServices: 	at com.android.internal.os.ZygoteInit$MethodAndArgsCaller.run(ZygoteInit.java:726)
10-12 15:17:36.538 13914 13914 E NabCoreServices: 	at com.android.internal.os.ZygoteInit.main(ZygoteInit.java:616)
10-12 15:17:36.539780  2694 W ActivityManager: Permission Denial: opening provider com.android.providers.contacts.ContactsProvider2 from ProcessRecord{39fb581 13914:jio.cloud.drive/u0a138} (pid=13914, uid=10138) requires android.permission.READ_CONTACTS or android.permission.WRITE_CONTACTS
10-12 15:17:36.539 13914 13914 E NabCoreServices: AccountTools - checkAccountIsValid: Exception while querying Contacts settings
10-12 15:17:36.539 13914 13914 E NabCoreServices: java.lang.SecurityException: Permission Denial: opening provider com.android.providers.contacts.ContactsProvider2 from ProcessRecord{39fb581 13914:jio.cloud.drive/u0a138} (pid=13914, uid=10138) requires android.permission.READ_CONTACTS or android.permission.WRITE_CONTACTS
10-12 15:17:36.539 13914 13914 E NabCoreServices: 	at android.os.Parcel.readException(Parcel.java:1620)
10-12 15:17:36.539 13914 13914 E NabCoreServices: 	at android.os.Parcel.readException(Parcel.java:1573)
10-12 15:17:36.539 13914 13914 E NabCoreServices: 	at android.app.ActivityManagerProxy.getContentProvider(ActivityManagerNative.java:3550)
10-12 15:17:36.539 13914 13914 E NabCoreServices: 	at android.app.ActivityThread.acquireProvider(ActivityThread.java:4778)
10-12 15:17:36.539 13914 13914 E NabCoreServices: 	at android.app.ContextImpl$ApplicationContentResolver.acquireUnstableProvider(ContextImpl.java:2018)
10-12 15:17:36.539 13914 13914 E NabCoreServices: 	at android.content.ContentResolver.acquireUnstableProvider(ContentResolver.java:1468)
10-12 15:17:36.539 13914 13914 E NabCoreServices: 	at android.content.ContentResolver.query(ContentResolver.java:475)
10-12 15:17:36.539 13914 13914 E NabCoreServices: 	at android.content.ContentResolver.query(ContentResolver.java:434)
10-12 15:17:36.539 13914 13914 E NabCoreServices: 	at com.onmobile.tools.account.AccountTools.checkAccountIsValid(jio.cloud.drive:494)
10-12 15:17:36.539 13914 13914 E NabCoreServices: 	at com.onmobile.tools.account.AccountTools.addAccountFromXml(jio.cloud.drive:374)
10-12 15:17:36.539 13914 13914 E NabCoreServices: 	at com.onmobile.tools.account.AccountTools.getContactsAccounts(jio.cloud.drive:226)
10-12 15:17:36.539 13914 13914 E NabCoreServices: 	at com.onmobile.tools.account.AccountTools.getSyncContactsAccounts(jio.cloud.drive:81)
10-12 15:17:36.539 13914 13914 E NabCoreServices: 	at com.onmobile.service.sync.AccountController.e(jio.cloud.drive:193)
10-12 15:17:36.539 13914 13914 E NabCoreServices: 	at com.onmobile.service.sync.AccountController.<init>(jio.cloud.drive:127)
10-12 15:17:36.539 13914 13914 E NabCoreServices: 	at com.onmobile.transfer.impl.ContactVcardImpl.<init>(jio.cloud.drive:71)
10-12 15:17:36.539 13914 13914 E NabCoreServices: 	at com.synchronoss.mct.sdk.engines.ExtractionEngine.<init>(jio.cloud.drive:186)
10-12 15:17:36.539 13914 13914 E NabCoreServices: 	at com.synchronoss.mct.sdk.Mct.a(jio.cloud.drive:134)
10-12 15:17:36.539 13914 13914 E NabCoreServices: 	at com.newbay.syncdrive.android.ui.application.SyncDrive.a(jio.cloud.drive:7814)
10-12 15:17:36.539 13914 13914 E NabCoreServices: 	at com.newbay.syncdrive.android.ui.application.SyncDriveApplication.onCreate(jio.cloud.drive:28)
10-12 15:17:36.539 13914 13914 E NabCoreServices: 	at android.app.Instrumentation.callApplicationOnCreate(Instrumentation.java:1013)
10-12 15:17:36.539 13914 13914 E NabCoreServices: 	at android.app.ActivityThread.handleBindApplication(ActivityThread.java:4707)
10-12 15:17:36.539 13914 13914 E NabCoreServices: 	at android.app.ActivityThread.-wrap1(ActivityThread.java)
10-12 15:17:36.539 13914 13914 E NabCoreServices: 	at android.app.ActivityThread$H.handleMessage(ActivityThread.java:1405)
10-12 15:17:36.539 13914 13914 E NabCoreServices: 	at android.os.Handler.dispatchMessage(Handler.java:102)
10-12 15:17:36.539 13914 13914 E NabCoreServices: 	at android.os.Looper.loop(Looper.java:148)
10-12 15:17:36.539 13914 13914 E NabCoreServices: 	at android.app.ActivityThread.main(ActivityThread.java:5417)
10-12 15:17:36.539 13914 13914 E NabCoreServices: 	at java.lang.reflect.Method.invoke(Native Method)
10-12 15:17:36.539 13914 13914 E NabCoreServices: 	at com.android.internal.os.ZygoteInit$MethodAndArgsCaller.run(ZygoteInit.java:726)
10-12 15:17:36.539 13914 13914 E NabCoreServices: 	at com.android.internal.os.ZygoteInit.main(ZygoteInit.java:616)
10-12 15:17:36.540780  4423 W ActivityManager: Permission Denial: opening provider com.android.providers.contacts.ContactsProvider2 from ProcessRecord{39fb581 13914:jio.cloud.drive/u0a138} (pid=13914, uid=10138) requires android.permission.READ_CONTACTS or android.permission.WRITE_CONTACTS
10-12 15:17:36.547 13914 13914 E NabCoreServices: AccountTools - checkAccountIsValid: Exception while querying Contacts settings
10-12 15:17:36.547 13914 13914 E NabCoreServices: java.lang.SecurityException: Permission Denial: opening provider com.android.providers.contacts.ContactsProvider2 from ProcessRecord{39fb581 13914:jio.cloud.drive/u0a138} (pid=13914, uid=10138) requires android.permission.READ_CONTACTS or android.permission.WRITE_CONTACTS
10-12 15:17:36.547 13914 13914 E NabCoreServices: 	at android.os.Parcel.readException(Parcel.java:1620)
10-12 15:17:36.547 13914 13914 E NabCoreServices: 	at android.os.Parcel.readException(Parcel.java:1573)
10-12 15:17:36.547 13914 13914 E NabCoreServices: 	at android.app.ActivityManagerProxy.getContentProvider(ActivityManagerNative.java:3550)
10-12 15:17:36.547 13914 13914 E NabCoreServices: 	at android.app.ActivityThread.acquireProvider(ActivityThread.java:4778)
10-12 15:17:36.547 13914 13914 E NabCoreServices: 	at android.app.ContextImpl$ApplicationContentResolver.acquireUnstableProvider(ContextImpl.java:2018)
10-12 15:17:36.547 13914 13914 E NabCoreServices: 	at android.content.ContentResolver.acquireUnstableProvider(ContentResolver.java:1468)
10-12 15:17:36.547 13914 13914 E NabCoreServices: 	at android.content.ContentResolver.query(ContentResolver.java:475)
10-12 15:17:36.547 13914 13914 E NabCoreServices: 	at android.content.ContentResolver.query(ContentResolver.java:434)
10-12 15:17:36.547 13914 13914 E NabCoreServices: 	at com.onmobile.tools.account.AccountTools.checkAccountIsValid(jio.cloud.drive:494)
10-12 15:17:36.547 13914 13914 E NabCoreServices: 	at com.onmobile.tools.account.AccountTools.addAccountFromXml(jio.cloud.drive:374)
10-12 15:17:36.547 13914 13914 E NabCoreServices: 	at com.onmobile.tools.account.AccountTools.getContactsAccounts(jio.cloud.drive:226)
10-12 15:17:36.547 13914 13914 E NabCoreServices: 	at com.onmobile.tools.account.AccountTools.getSyncContactsAccounts(jio.cloud.drive:81)
10-12 15:17:36.547 13914 13914 E NabCoreServices: 	at com.onmobile.service.sync.AccountController.e(jio.cloud.drive:193)
10-12 15:17:36.547 13914 13914 E NabCoreServices: 	at com.onmobile.service.sync.AccountController.<init>(jio.cloud.drive:127)
10-12 15:17:36.547 13914 13914 E NabCoreServices: 	at com.onmobile.transfer.impl.ContactVcardImpl.<init>(jio.cloud.drive:71)
10-12 15:17:36.547 13914 13914 E NabCoreServices: 	at com.synchronoss.mct.sdk.engines.ExtractionEngine.<init>(jio.cloud.drive:186)
10-12 15:17:36.547 13914 13914 E NabCoreServices: 	at com.synchronoss.mct.sdk.Mct.a(jio.cloud.drive:134)
10-12 15:17:36.547 13914 13914 E NabCoreServices: 	at com.newbay.syncdrive.android.ui.application.SyncDrive.a(jio.cloud.drive:7814)
10-12 15:17:36.547 13914 13914 E NabCoreServices: 	at com.newbay.syncdrive.android.ui.application.SyncDriveApplication.onCreate(jio.cloud.drive:28)
10-12 15:17:36.547 13914 13914 E NabCoreServices: 	at android.app.Instrumentation.callApplicationOnCreate(Instrumentation.java:1013)
10-12 15:17:36.547 13914 13914 E NabCoreServices: 	at android.app.ActivityThread.handleBindApplication(ActivityThread.java:4707)
10-12 15:17:36.547 13914 13914 E NabCoreServices: 	at android.app.ActivityThread.-wrap1(ActivityThread.java)
10-12 15:17:36.547 13914 13914 E NabCoreServices: 	at android.app.ActivityThread$H.handleMessage(ActivityThread.java:1405)
10-12 15:17:36.547 13914 13914 E NabCoreServices: 	at android.os.Handler.dispatchMessage(Handler.java:102)
10-12 15:17:36.547 13914 13914 E NabCoreServices: 	at android.os.Looper.loop(Looper.java:148)
10-12 15:17:36.547 13914 13914 E NabCoreServices: 	at android.app.ActivityThread.main(ActivityThread.java:5417)
10-12 15:17:36.547 13914 13914 E NabCoreServices: 	at java.lang.reflect.Method.invoke(Native Method)
10-12 15:17:36.547 13914 13914 E NabCoreServices: 	at com.android.internal.os.ZygoteInit$MethodAndArgsCaller.run(ZygoteInit.java:726)
10-12 15:17:36.547 13914 13914 E NabCoreServices: 	at com.android.internal.os.ZygoteInit.main(ZygoteInit.java:616)
10-12 15:17:36.547780  2320 W ActivityManager: Permission Denial: opening provider com.android.providers.contacts.ContactsProvider2 from ProcessRecord{39fb581 13914:jio.cloud.drive/u0a138} (pid=13914, uid=10138) requires android.permission.READ_CONTACTS or android.permission.WRITE_CONTACTS
10-12 15:17:36.548 13914 13914 E NabCoreServices: AccountTools - checkAccountIsValid: Exception while querying Contacts settings
10-12 15:17:36.548 13914 13914 E NabCoreServices: java.lang.SecurityException: Permission Denial: opening provider com.android.providers.contacts.ContactsProvider2 from ProcessRecord{39fb581 13914:jio.cloud.drive/u0a138} (pid=13914, uid=10138) requires android.permission.READ_CONTACTS or android.permission.WRITE_CONTACTS
10-12 15:17:36.548 13914 13914 E NabCoreServices: 	at android.os.Parcel.readException(Parcel.java:1620)
10-12 15:17:36.548 13914 13914 E NabCoreServices: 	at android.os.Parcel.readException(Parcel.java:1573)
10-12 15:17:36.548 13914 13914 E NabCoreServices: 	at android.app.ActivityManagerProxy.getContentProvider(ActivityManagerNative.java:3550)
10-12 15:17:36.548 13914 13914 E NabCoreServices: 	at android.app.ActivityThread.acquireProvider(ActivityThread.java:4778)
10-12 15:17:36.548 13914 13914 E NabCoreServices: 	at android.app.ContextImpl$ApplicationContentResolver.acquireUnstableProvider(ContextImpl.java:2018)
10-12 15:17:36.548 13914 13914 E NabCoreServices: 	at android.content.ContentResolver.acquireUnstableProvider(ContentResolver.java:1468)
10-12 15:17:36.548 13914 13914 E NabCoreServices: 	at android.content.ContentResolver.query(ContentResolver.java:475)
10-12 15:17:36.548 13914 13914 E NabCoreServices: 	at android.content.ContentResolver.query(ContentResolver.java:434)
10-12 15:17:36.548 13914 13914 E NabCoreServices: 	at com.onmobile.tools.account.AccountTools.checkAccountIsValid(jio.cloud.drive:494)
10-12 15:17:36.548 13914 13914 E NabCoreServices: 	at com.onmobile.tools.account.AccountTools.addAccountFromXml(jio.cloud.drive:374)
10-12 15:17:36.548 13914 13914 E NabCoreServices: 	at com.onmobile.tools.account.AccountTools.getContactsAccounts(jio.cloud.drive:226)
10-12 15:17:36.548 13914 13914 E NabCoreServices: 	at com.onmobile.tools.account.AccountTools.getSyncContactsAccounts(jio.cloud.drive:81)
10-12 15:17:36.548 13914 13914 E NabCoreServices: 	at com.onmobile.service.sync.AccountController.e(jio.cloud.drive:193)
10-12 15:17:36.548 13914 13914 E NabCoreServices: 	at com.onmobile.service.sync.AccountController.<init>(jio.cloud.drive:127)
10-12 15:17:36.548 13914 13914 E NabCoreServices: 	at com.onmobile.transfer.impl.ContactVcardImpl.<init>(jio.cloud.drive:71)
10-12 15:17:36.548 13914 13914 E NabCoreServices: 	at com.synchronoss.mct.sdk.engines.ExtractionEngine.<init>(jio.cloud.drive:186)
10-12 15:17:36.548 13914 13914 E NabCoreServices: 	at com.synchronoss.mct.sdk.Mct.a(jio.cloud.drive:134)
10-12 15:17:36.548 13914 13914 E NabCoreServices: 	at com.newbay.syncdrive.android.ui.application.SyncDrive.a(jio.cloud.drive:7814)
10-12 15:17:36.548 13914 13914 E NabCoreServices: 	at com.newbay.syncdrive.android.ui.application.SyncDriveApplication.onCreate(jio.cloud.drive:28)
10-12 15:17:36.548 13914 13914 E NabCoreServices: 	at android.app.Instrumentation.callApplicationOnCreate(Instrumentation.java:1013)
10-12 15:17:36.548 13914 13914 E NabCoreServices: 	at android.app.ActivityThread.handleBindApplication(ActivityThread.java:4707)
10-12 15:17:36.548 13914 13914 E NabCoreServices: 	at android.app.ActivityThread.-wrap1(ActivityThread.java)
10-12 15:17:36.548 13914 13914 E NabCoreServices: 	at android.app.ActivityThread$H.handleMessage(ActivityThread.java:1405)
10-12 15:17:36.548 13914 13914 E NabCoreServices: 	at android.os.Handler.dispatchMessage(Handler.java:102)
10-12 15:17:36.548 13914 13914 E NabCoreServices: 	at android.os.Looper.loop(Looper.java:148)
10-12 15:17:36.548 13914 13914 E NabCoreServices: 	at android.app.ActivityThread.main(ActivityThread.java:5417)
10-12 15:17:36.548 13914 13914 E NabCoreServices: 	at java.lang.reflect.Method.invoke(Native Method)
10-12 15:17:36.548 13914 13914 E NabCoreServices: 	at com.android.internal.os.ZygoteInit$MethodAndArgsCaller.run(ZygoteInit.java:726)
10-12 15:17:36.548 13914 13914 E NabCoreServices: 	at com.android.internal.os.ZygoteInit.main(ZygoteInit.java:616)
10-12 15:17:36.548780  2696 W ActivityManager: Permission Denial: opening provider com.android.providers.contacts.ContactsProvider2 from ProcessRecord{39fb581 13914:jio.cloud.drive/u0a138} (pid=13914, uid=10138) requires android.permission.READ_CONTACTS or android.permission.WRITE_CONTACTS
10-12 15:17:36.550 13914 13914 E NabCoreServices: AccountTools - checkAccountIsValid: Exception while querying Contacts settings
10-12 15:17:36.550 13914 13914 E NabCoreServices: java.lang.SecurityException: Permission Denial: opening provider com.android.providers.contacts.ContactsProvider2 from ProcessRecord{39fb581 13914:jio.cloud.drive/u0a138} (pid=13914, uid=10138) requires android.permission.READ_CONTACTS or android.permission.WRITE_CONTACTS
10-12 15:17:36.550 13914 13914 E NabCoreServices: 	at android.os.Parcel.readException(Parcel.java:1620)
10-12 15:17:36.550 13914 13914 E NabCoreServices: 	at android.os.Parcel.readException(Parcel.java:1573)
10-12 15:17:36.550 13914 13914 E NabCoreServices: 	at android.app.ActivityManagerProxy.getContentProvider(ActivityManagerNative.java:3550)
10-12 15:17:36.550 13914 13914 E NabCoreServices: 	at android.app.ActivityThread.acquireProvider(ActivityThread.java:4778)
10-12 15:17:36.550 13914 13914 E NabCoreServices: 	at android.app.ContextImpl$ApplicationContentResolver.acquireUnstableProvider(ContextImpl.java:2018)
10-12 15:17:36.550 13914 13914 E NabCoreServices: 	at android.content.ContentResolver.acquireUnstableProvider(ContentResolver.java:1468)
10-12 15:17:36.550 13914 13914 E NabCoreServices: 	at android.content.ContentResolver.query(ContentResolver.java:475)
10-12 15:17:36.550 13914 13914 E NabCoreServices: 	at android.content.ContentResolver.query(ContentResolver.java:434)
10-12 15:17:36.550 13914 13914 E NabCoreServices: 	at com.onmobile.tools.account.AccountTools.checkAccountIsValid(jio.cloud.drive:494)
10-12 15:17:36.550 13914 13914 E NabCoreServices: 	at com.onmobile.tools.account.AccountTools.addAccountFromXml(jio.cloud.drive:374)
10-12 15:17:36.550 13914 13914 E NabCoreServices: 	at com.onmobile.tools.account.AccountTools.getContactsAccounts(jio.cloud.drive:226)
10-12 15:17:36.550 13914 13914 E NabCoreServices: 	at com.onmobile.tools.account.AccountTools.getSyncContactsAccounts(jio.cloud.drive:81)
10-12 15:17:36.550 13914 13914 E NabCoreServices: 	at com.onmobile.service.sync.AccountController.e(jio.cloud.drive:193)
10-12 15:17:36.550 13914 13914 E NabCoreServices: 	at com.onmobile.service.sync.AccountController.<init>(jio.cloud.drive:127)
10-12 15:17:36.550 13914 13914 E NabCoreServices: 	at com.onmobile.transfer.impl.ContactVcardImpl.<init>(jio.cloud.drive:71)
10-12 15:17:36.550 13914 13914 E NabCoreServices: 	at com.synchronoss.mct.sdk.engines.ExtractionEngine.<init>(jio.cloud.drive:186)
10-12 15:17:36.550 13914 13914 E NabCoreServices: 	at com.synchronoss.mct.sdk.Mct.a(jio.cloud.drive:134)
10-12 15:17:36.550 13914 13914 E NabCoreServices: 	at com.newbay.syncdrive.android.ui.application.SyncDrive.a(jio.cloud.drive:7814)
10-12 15:17:36.550 13914 13914 E NabCoreServices: 	at com.newbay.syncdrive.android.ui.application.SyncDriveApplication.onCreate(jio.cloud.drive:28)
10-12 15:17:36.550 13914 13914 E NabCoreServices: 	at android.app.Instrumentation.callApplicationOnCreate(Instrumentation.java:1013)
10-12 15:17:36.550 13914 13914 E NabCoreServices: 	at android.app.ActivityThread.handleBindApplication(ActivityThread.java:4707)
10-12 15:17:36.550 13914 13914 E NabCoreServices: 	at android.app.ActivityThread.-wrap1(ActivityThread.java)
