03-08 16:35:41.429  1059  1834 I chatty  : uid=1000(system) Binder:1059_6 expire 2 lines
03-08 16:35:42.124  1059 13088 I chatty  : uid=1000(system) Binder:1059_1A expire 2 lines
03-08 16:35:42.396  1059  1735 I chatty  : uid=1000(system) Binder:1059_5 expire 5 lines
03-08 16:35:43.306  1059  8663 I chatty  : uid=1000(system) Binder:1059_12 expire 1 line
03-08 16:35:43.524  1059  1457 I chatty  : uid=1000(system) InputReader expire 1 line
03-08 16:35:44.418  1059  1128 I chatty  : uid=1000(system) PowerManagerSer expire 2 lines
03-08 16:35:44.422  1059  1123 I chatty  : uid=1000(system) android.fg expire 1 line
03-08 16:35:49.061  1059  1491 I chatty  : uid=1000(system) ConnectivitySer expire 4 lines
03-08 16:35:49.113  1059  1102 I chatty  : uid=1000(system) ActivityManager expire 5 lines
03-08 16:35:52.355  1059  5049 I chatty  : uid=1000(system) Binder:1059_E expire 1 line
03-08 16:35:53.231  1059  2323 I chatty  : uid=1000(system) Binder:1059_A expire 1 line
03-08 16:35:53.255  1059 13084 I chatty  : uid=1000(system) Binder:1059_17 expire 2 lines
03-08 16:35:53.368  1059  8664 I chatty  : uid=1000(system) Binder:1059_13 expire 4 lines
03-08 16:35:57.814  4918 19174 E ActivityThread: Failed to find provider info for com.google.android.wearable.settings
03-08 16:36:22.378  1059  1075 I chatty  : uid=1000(system) Binder:1059_2 expire 4 lines
03-08 16:36:42.367  1059  1102 I chatty  : uid=1000(system) ActivityManager expire 9 lines
03-08 16:36:42.752  1059  1101 I chatty  : uid=1000(system) android.bg expire 4 lines
03-08 16:36:47.131  1059  1487 I chatty  : uid=1000(system) WifiStateMachin expire 1 line
03-08 16:36:47.131  1059  1491 I chatty  : uid=1000(system) ConnectivitySer expire 12 lines
03-08 16:36:47.410  1059  1107 I chatty  : uid=1000(system) batterystats-sy expire 3 lines
03-08 16:36:47.467  1059  1059 I chatty  : uid=1000 system_server expire 29 lines
03-08 16:36:47.816  1059  2313 I chatty  : uid=1000(system) Binder:1059_9 expire 3 lines
03-08 16:36:48.219  1059 13089 I chatty  : uid=1000(system) Binder:1059_1B expire 6 lines
03-08 16:36:48.249  1059  2325 I chatty  : uid=1000(system) Binder:1059_B expire 4 lines
03-08 16:36:48.254  1059  9592 I chatty  : uid=1000(system) Binder:1059_15 expire 7 lines
03-08 16:36:48.498  1059  2297 I chatty  : uid=1000(system) Binder:1059_8 expire 6 lines
03-08 16:36:48.519  1059  2327 I chatty  : uid=1000(system) Binder:1059_C expire 3 lines
03-08 16:36:49.639  1059 13377 I chatty  : uid=1000(system) Binder:1059_1E expire 2 lines
03-08 16:36:49.679  1059 13085 I chatty  : uid=1000(system) Binder:1059_18 expire 2 lines
03-08 16:36:50.707  1059  1105 I chatty  : uid=1000(system) ActivityManager expire 2 lines
03-08 16:36:50.843  1059  7576 I chatty  : uid=1000(system) Binder:1059_10 expire 20 lines
03-08 16:36:51.330  1059 13087 I chatty  : uid=1000(system) Binder:1059_19 expire 4 lines
03-08 16:36:51.593  1059 13084 I chatty  : uid=1000(system) Binder:1059_17 expire 4 lines
03-08 16:36:51.596  1059  2323 I chatty  : uid=1000(system) Binder:1059_A expire 2 lines
03-08 16:36:51.657  1059 13090 I chatty  : uid=1000(system) Binder:1059_1C expire 3 lines
03-08 16:36:51.735  1059  1726 I chatty  : uid=1000(system) Binder:1059_4 expire 4 lines
03-08 16:36:52.117  1059  1500 I chatty  : uid=1000(system) Binder:1059_3 expire 2 lines
03-08 16:36:53.660  1059  5049 I chatty  : uid=1000(system) Binder:1059_E expire 2 lines
03-08 16:36:54.229  1059  2295 I chatty  : uid=1000(system) Binder:1059_7 expire 4 lines
03-08 16:36:54.283  1059  5102 I chatty  : uid=1000(system) Binder:1059_F expire 6 lines
03-08 16:36:56.939  1059 17775 I chatty  : uid=1000(system) Binder:1059_20 expire 2 lines
03-08 16:36:57.248  4918 21351 E ActivityThread: Failed to find provider info for com.google.android.wearable.settings
03-08 16:37:16.745  1059  1128 I chatty  : uid=1000(system) PowerManagerSer expire 3 lines
03-08 16:37:16.755  1059  1125 I chatty  : uid=1000(system) android.display expire 2 lines
03-08 16:37:17.022  1059  1123 I chatty  : uid=1000(system) android.fg expire 1 line
03-08 16:37:17.035  1059 13091 I chatty  : uid=1000(system) Binder:1059_1D expire 2 lines
03-08 16:37:17.216  1059  5048 I chatty  : uid=1000(system) Binder:1059_D expire 3 lines
03-08 16:37:17.634  1059 13378 I chatty  : uid=1000(system) Binder:1059_1F expire 4 lines
03-08 16:37:18.225  1059  8663 I chatty  : uid=1000(system) Binder:1059_12 expire 2 lines
03-08 16:37:19.285  1059  1834 I chatty  : uid=1000(system) Binder:1059_6 expire 3 lines
03-08 16:37:51.523  1059  1074 I chatty  : uid=1000(system) Binder:1059_1 expire 1 line
03-08 16:37:56.677  4918 18014 E ActivityThread: Failed to find provider info for com.google.android.wearable.settings
03-08 16:38:31.377  1059  7577 I chatty  : uid=1000(system) Binder:1059_11 expire 4 lines
03-08 16:38:32.479  1059  1770 I chatty  : uid=1000(system) uteStateMachine expire 21 lines
03-08 16:38:32.480  1059  1772 I chatty  : uid=1000(system) CallAudioModeSt expire 9 lines
03-08 16:38:32.543  1059  9591 I chatty  : uid=1000(system) Binder:1059_14 expire 1 line
03-08 16:38:32.752  2251 23306 I AlwaysOnHotwordDetector: onRecognitionPaused
03-08 16:38:32.754  1059  7576 I chatty  : uid=1000(system) Binder:1059_10 expire 4 lines
03-08 16:38:33.219  1059  1059 I chatty  : uid=1000 system_server expire 3 lines
03-08 16:38:37.645  1059 13088 I chatty  : uid=1000(system) Binder:1059_1A expire 22 lines
03-08 16:38:37.788  2251  2270 I AlwaysOnHotwordDetector: onRecognitionResumed
03-08 16:38:39.746  1059 12422 I chatty  : uid=1000(system) Binder:1059_16 expire 7 lines
03-08 16:39:38.650  1059 13089 I chatty  : uid=1000(system) Binder:1059_1B expire 8 lines
03-08 16:39:40.421  1059  5102 I chatty  : uid=1000(system) Binder:1059_F expire 9 lines
03-08 16:39:40.657  1059  1124 I chatty  : uid=1000(system) android.io expire 2 lines
03-08 16:39:43.950  1059  1059 I chatty  : uid=1000 system_server expire 11 lines
03-08 16:39:45.688  1059  8664 I chatty  : uid=1000(system) Binder:1059_13 expire 10 lines
03-08 16:40:02.845  1059  1456 I chatty  : uid=1000(system) InputDispatcher expire 1 line
03-08 16:40:04.118  1059  7577 I chatty  : uid=1000(system) Binder:1059_11 expire 7 lines
03-08 16:40:04.156  1059  2313 I chatty  : uid=1000(system) Binder:1059_9 expire 6 lines
03-08 16:40:04.246 22635 22635 D ActivityThread: Loading provider com.whatsapp.provider.contact: com.whatsapp.contact.ContactProvider
03-08 16:40:10.295  1059  8663 I chatty  : uid=1000(system) Binder:1059_12 expire 5 lines
03-08 16:40:21.135 26154 26154 V DeadZone: consuming errant click: (37.0,0.0)
03-08 16:40:30.647  1059  9592 I chatty  : uid=1000(system) Binder:1059_15 expire 7 lines
03-08 16:40:31.854  1059  2325 I chatty  : uid=1000(system) Binder:1059_B expire 6 lines
03-08 16:40:32.826  1059 13085 I chatty  : uid=1000(system) Binder:1059_18 expire 4 lines
03-08 16:40:35.969  1059 13378 I chatty  : uid=1000(system) Binder:1059_1F expire 5 lines
03-08 16:40:35.997  1059  1491 I chatty  : uid=1000(system) ConnectivitySer expire 13 lines
03-08 16:40:36.134  1059  1107 I chatty  : uid=1000(system) batterystats-sy expire 6 lines
03-08 16:40:36.392  1059 13088 I chatty  : uid=1000(system) Binder:1059_1A expire 2 lines
03-08 16:40:37.034  1059  2297 I chatty  : uid=1000(system) Binder:1059_8 expire 6 lines
03-08 16:40:37.267  1059 13084 I chatty  : uid=1000(system) Binder:1059_17 expire 5 lines
03-08 16:40:37.320  1059  1834 I chatty  : uid=1000(system) Binder:1059_6 expire 12 lines
03-08 16:40:37.688  1059  1487 I chatty  : uid=1000(system) WifiStateMachin expire 1 line
03-08 16:40:37.735  1059 13091 I chatty  : uid=1000(system) Binder:1059_1D expire 5 lines
03-08 16:40:38.106  1059  1101 I chatty  : uid=1000(system) android.bg expire 4 lines
03-08 16:40:38.633  1059  1105 I chatty  : uid=1000(system) ActivityManager expire 5 lines
03-08 16:40:39.500  1059  1726 I chatty  : uid=1000(system) Binder:1059_4 expire 10 lines
03-08 16:40:39.613  1059  1102 I chatty  : uid=1000(system) ActivityManager expire 9 lines
03-08 16:40:40.026  1059  1500 I chatty  : uid=1000(system) Binder:1059_3 expire 9 lines
03-08 16:40:40.049  1059  1074 I chatty  : uid=1000(system) Binder:1059_1 expire 3 lines
03-08 16:40:40.179  1059  2295 I chatty  : uid=1000(system) Binder:1059_7 expire 4 lines
03-08 16:40:40.492  1059  7576 I chatty  : uid=1000(system) Binder:1059_10 expire 2 lines
03-08 16:40:41.560  1059  1075 I chatty  : uid=1000(system) Binder:1059_2 expire 3 lines
03-08 16:40:42.496  1059  2323 I chatty  : uid=1000(system) Binder:1059_A expire 5 lines
03-08 16:40:43.474  1059 13087 I chatty  : uid=1000(system) Binder:1059_19 expire 6 lines
03-08 16:40:44.729  1059 13090 I chatty  : uid=1000(system) Binder:1059_1C expire 2 lines
03-08 16:40:45.725  1059  5048 I chatty  : uid=1000(system) Binder:1059_D expire 5 lines
03-08 16:40:46.118  1059  5049 I chatty  : uid=1000(system) Binder:1059_E expire 9 lines
03-08 16:40:47.939  1059 17775 I chatty  : uid=1000(system) Binder:1059_20 expire 4 lines
03-08 16:40:49.079  1059  9591 I chatty  : uid=1000(system) Binder:1059_14 expire 3 lines
03-08 16:41:10.511  1059  2327 I chatty  : uid=1000(system) Binder:1059_C expire 4 lines
03-08 16:42:29.078 24147 24147 D ActivityThread: Loading provider com.whatsapp.provider.contact: com.whatsapp.contact.ContactProvider
03-08 16:42:36.184  1059  1491 I chatty  : uid=1000(system) ConnectivitySer expire 1 line
03-08 16:42:53.862  1059 13377 I chatty  : uid=1000(system) Binder:1059_1E expire 4 lines
03-08 16:42:55.881  1059  1457 I chatty  : uid=1000(system) InputReader expire 1 line
03-08 16:42:56.405  1059  1125 I chatty  : uid=1000(system) android.display expire 6 lines
03-08 16:42:56.648  1059  1128 I chatty  : uid=1000(system) PowerManagerSer expire 11 lines
03-08 16:42:56.653  1059  1123 I chatty  : uid=1000(system) android.fg expire 4 lines
03-08 16:43:09.448 24451 24477 D ActivityThread: Loading provider com.google.android.gmail.provider;com.android.mail.notifier;com.google.android.gm.email.provider;com.google.android.gm.tasks.provider;com.google.android.gm.email.notifier: com.android.email.provider.EmailProvider
03-08 16:43:15.955  1059  1726 I chatty  : uid=1000(system) Binder:1059_4 expire 1 line
03-08 16:44:00.063  1059  1454 I chatty  : uid=1000(system) AlarmManager expire 3 lines
03-08 16:44:34.797  1059  2327 I chatty  : uid=1000(system) Binder:1059_C expire 4 lines
03-08 16:44:34.835  1059 13085 I chatty  : uid=1000(system) Binder:1059_18 expire 4 lines
03-08 16:44:34.837  1059  2323 I chatty  : uid=1000(system) Binder:1059_A expire 1 line
03-08 16:44:35.275  1059 12422 I chatty  : uid=1000(system) Binder:1059_16 expire 7 lines
03-08 16:45:06.193  1059  1107 I chatty  : uid=1000(system) batterystats-sy expire 14 lines
03-08 16:45:06.261  1059  1059 I chatty  : uid=1000 system_server expire 11 lines
03-08 16:45:06.377  1059  1735 I chatty  : uid=1000(system) Binder:1059_5 expire 3 lines
03-08 16:45:06.381  1059  2297 I chatty  : uid=1000(system) Binder:1059_8 expire 4 lines
03-08 16:45:06.406  1059 13378 I chatty  : uid=1000(system) Binder:1059_1F expire 4 lines
03-08 16:45:12.348  1059  2325 I chatty  : uid=1000(system) Binder:1059_B expire 5 lines
03-08 16:45:24.288  1059 13377 I chatty  : uid=1000(system) Binder:1059_1E expire 5 lines
03-08 16:45:24.300  1059  1726 I chatty  : uid=1000(system) Binder:1059_4 expire 5 lines
03-08 16:45:24.319  1059  2295 I chatty  : uid=1000(system) Binder:1059_7 expire 3 lines
03-08 16:45:24.695  1059  7577 I chatty  : uid=1000(system) Binder:1059_11 expire 4 lines
03-08 16:45:39.057  1059  1124 I chatty  : uid=1000(system) android.io expire 6 lines
03-08 16:46:05.163 26154 26154 V DeadZone: consuming errant click: (901.0,71.0)
03-08 16:46:05.585  1059  5048 I chatty  : uid=1000(system) Binder:1059_D expire 4 lines
03-08 16:46:06.405  1059 13087 I chatty  : uid=1000(system) Binder:1059_19 expire 3 lines
03-08 16:46:06.704  1059  1101 I chatty  : uid=1000(system) android.bg expire 5 lines
03-08 16:46:08.838  1059  1102 I chatty  : uid=1000(system) ActivityManager expire 6 lines
03-08 16:46:09.167  1059  7576 I chatty  : uid=1000(system) Binder:1059_10 expire 3 lines
03-08 16:46:09.185  1059  1074 I chatty  : uid=1000(system) Binder:1059_1 expire 5 lines
03-08 16:46:24.970  1059  1500 I chatty  : uid=1000(system) Binder:1059_3 expire 10 lines
03-08 16:46:28.678  1059 13089 I chatty  : uid=1000(system) Binder:1059_1B expire 4 lines
03-08 16:46:30.160  1059  1834 I chatty  : uid=1000(system) Binder:1059_6 expire 8 lines
03-08 16:46:31.231  1059  2313 I chatty  : uid=1000(system) Binder:1059_9 expire 3 lines
03-08 16:46:35.134  1059  9592 I chatty  : uid=1000(system) Binder:1059_15 expire 2 lines
03-08 16:46:41.687  1059 17775 I chatty  : uid=1000(system) Binder:1059_20 expire 2 lines
03-08 16:46:42.878  1059 13088 I chatty  : uid=1000(system) Binder:1059_1A expire 5 lines
03-08 16:46:54.095  1059 13091 I chatty  : uid=1000(system) Binder:1059_1D expire 6 lines
03-08 16:47:16.625  1059  8664 I chatty  : uid=1000(system) Binder:1059_13 expire 4 lines
03-08 16:47:16.626  1059  9591 I chatty  : uid=1000(system) Binder:1059_14 expire 5 lines
03-08 16:47:16.627  1059 13084 I chatty  : uid=1000(system) Binder:1059_17 expire 2 lines
03-08 16:47:26.141  1059  1075 I chatty  : uid=1000(system) Binder:1059_2 expire 2 lines
03-08 16:49:40.115  2251  2263 I AlwaysOnHotwordDetector: onDetected
03-08 16:49:45.576  2251  2263 I AlwaysOnHotwordDetector: onRecognitionResumed
03-08 16:54:47.152  1059 13090 I chatty  : uid=1000(system) Binder:1059_1C expire 2 lines
03-08 16:56:31.074  2251 23306 I AlwaysOnHotwordDetector: onDetected
03-08 16:56:36.367  1059  1059 I chatty  : uid=1000 system_server expire 10 lines
03-08 16:56:36.367  2251  2263 I AlwaysOnHotwordDetector: onRecognitionResumed
03-08 16:58:51.691  2251 23306 I AlwaysOnHotwordDetector: onDetected
03-08 16:58:57.016  2251 23306 I AlwaysOnHotwordDetector: onRecognitionResumed
03-08 17:04:51.126  2251  2263 I AlwaysOnHotwordDetector: onDetected
03-08 17:04:56.430  2251 23306 I AlwaysOnHotwordDetector: onRecognitionResumed
03-08 17:07:35.411  1059  5102 I chatty  : uid=1000(system) Binder:1059_F expire 1 line
03-08 17:12:58.153  2251  2263 I AlwaysOnHotwordDetector: onDetected
03-08 17:13:03.321  1059  1127 I chatty  : uid=1000(system) CpuTracker expire 1 line
03-08 17:13:03.383  2251 23306 I AlwaysOnHotwordDetector: onRecognitionResumed
03-08 17:13:06.228  2251  2270 I AlwaysOnHotwordDetector: onDetected
03-08 17:13:11.555  1059  1059 I chatty  : uid=1000 system_server expire 16 lines
03-08 17:13:11.555  2251  2263 I AlwaysOnHotwordDetector: onRecognitionResumed
03-08 17:15:06.294  1059  1107 I chatty  : uid=1000(system) batterystats-sy expire 4 lines
03-08 17:16:34.636  1059  1491 I chatty  : uid=1000(system) ConnectivitySer expire 3 lines
03-08 17:16:48.293  1059  5049 I chatty  : uid=1000(system) Binder:1059_E expire 1 line
03-08 17:18:38.109  1059  1104 I chatty  : uid=1000(system) android.ui expire 2 lines
03-08 17:18:38.430  1059  1125 I chatty  : uid=1000(system) android.display expire 12 lines
03-08 17:19:09.184 26154 26154 V DeadZone: consuming errant click: (0.0,30.0)
03-08 17:21:56.663  2345  2345 W ViewRootImpl[NexusLauncherActivity]: Cancelling event due to no window focus: KeyEvent { action=ACTION_UP, keyCode=KEYCODE_BACK, scanCode=0, metaState=0, flags=0x68, repeatCount=0, eventTime=391147270, downTime=391147185, deviceId=-1, source=0x101 }
03-08 17:21:56.663  2345  2345 W ViewRootImpl[NexusLauncherActivity]: Cancelling event due to no window focus: KeyEvent { action=ACTION_UP, keyCode=KEYCODE_BACK, scanCode=0, metaState=0, flags=0x68, repeatCount=0, eventTime=391147270, downTime=391147185, deviceId=-1, source=0x101 }
03-08 17:21:56.663  2345  2345 W ViewRootImpl[NexusLauncherActivity]: Cancelling event due to no window focus: KeyEvent { action=ACTION_UP, keyCode=KEYCODE_BACK, scanCode=0, metaState=0, flags=0x68, repeatCount=0, eventTime=391147270, downTime=391147185, deviceId=-1, source=0x101 }
03-08 17:21:56.663  2345  2345 W ViewRootImpl[NexusLauncherActivity]: Cancelling event due to no window focus: KeyEvent { action=ACTION_UP, keyCode=KEYCODE_BACK, scanCode=0, metaState=0, flags=0x68, repeatCount=0, eventTime=391147270, downTime=391147185, deviceId=-1, source=0x101 }
03-08 17:21:56.663  2345  2345 W ViewRootImpl[NexusLauncherActivity]: Cancelling event due to no window focus: KeyEvent { action=ACTION_UP, keyCode=KEYCODE_BACK, scanCode=0, metaState=0, flags=0x68, repeatCount=0, eventTime=391147270, downTime=391147185, deviceId=-1, source=0x101 }
03-08 17:21:56.663  2345  2345 W ViewRootImpl[NexusLauncherActivity]: Cancelling event due to no window focus: KeyEvent { action=ACTION_UP, keyCode=KEYCODE_BACK, scanCode=0, metaState=0, flags=0x68, repeatCount=0, eventTime=391147270, downTime=391147185, deviceId=-1, source=0x101 }
03-08 17:21:56.663  2345  2345 W ViewRootImpl[NexusLauncherActivity]: Cancelling event due to no window focus: KeyEvent { action=ACTION_UP, keyCode=KEYCODE_BACK, scanCode=0, metaState=0, flags=0x68, repeatCount=0, eventTime=391147270, downTime=391147185, deviceId=-1, source=0x101 }
03-08 17:21:56.663  2345  2345 W ViewRootImpl[NexusLauncherActivity]: Cancelling event due to no window focus: KeyEvent { action=ACTION_UP, keyCode=KEYCODE_BACK, scanCode=0, metaState=0, flags=0x68, repeatCount=0, eventTime=391147270, downTime=391147185, deviceId=-1, source=0x101 }
03-08 17:21:56.663  2345  2345 W ViewRootImpl[NexusLauncherActivity]: Cancelling event due to no window focus: KeyEvent { action=ACTION_UP, keyCode=KEYCODE_BACK, scanCode=0, metaState=0, flags=0x68, repeatCount=0, eventTime=391147270, downTime=391147185, deviceId=-1, source=0x101 }
03-08 17:21:57.165  1059  1456 I chatty  : uid=1000(system) InputDispatcher expire 5 lines
03-08 17:22:00.199  1059  1457 I chatty  : uid=1000(system) InputReader expire 5 lines
03-08 17:22:01.055  1059  1128 I chatty  : uid=1000(system) PowerManagerSer expire 18 lines
03-08 17:22:01.057  1059  1123 I chatty  : uid=1000(system) android.fg expire 8 lines
03-08 17:23:03.942  1059  8663 I chatty  : uid=1000(system) Binder:1059_12 expire 1 line
03-08 17:23:30.436  4918 27104 E ActivityThread: Failed to find provider info for com.google.android.wearable.settings
03-08 17:23:30.849  1059  1128 I chatty  : uid=1000(system) PowerManagerSer expire 3 lines
03-08 17:23:30.860  1059  1125 I chatty  : uid=1000(system) android.display expire 18 lines
03-08 17:23:32.279  1059  1128 I chatty  : uid=1000(system) PowerManagerSer expire 27 lines
03-08 17:23:32.280  1059  1123 I chatty  : uid=1000(system) android.fg expire 19 lines
03-08 17:25:00.603  1059  1457 I chatty  : uid=1000(system) InputReader expire 9 lines
03-08 17:25:00.741  1059  8663 I chatty  : uid=1000(system) Binder:1059_12 expire 4 lines
03-08 17:25:00.854  1059  1726 I chatty  : uid=1000(system) Binder:1059_4 expire 3 lines
03-08 17:25:05.284  1059  1107 I chatty  : uid=1000(system) batterystats-sy expire 6 lines
03-08 17:26:20.089  1059  1075 I chatty  : uid=1000(system) Binder:1059_2 expire 3 lines
03-08 17:26:20.172  1059 13090 I chatty  : uid=1000(system) Binder:1059_1C expire 1 line
03-08 17:26:21.937  1059  1059 I chatty  : uid=1000 system_server expire 12 lines
03-08 17:26:22.023  1059  1124 I chatty  : uid=1000(system) android.io expire 4 lines
03-08 17:26:22.235  1059 13087 I chatty  : uid=1000(system) Binder:1059_19 expire 5 lines
03-08 17:26:22.669  1059  1735 I chatty  : uid=1000(system) Binder:1059_5 expire 2 lines
03-08 17:26:23.041  1059  2323 I chatty  : uid=1000(system) Binder:1059_A expire 2 lines
03-08 17:26:24.052  1059  5102 I chatty  : uid=1000(system) Binder:1059_F expire 3 lines
03-08 17:26:24.607  1059 12422 I chatty  : uid=1000(system) Binder:1059_16 expire 4 lines
03-08 17:26:28.328  1059  7577 I chatty  : uid=1000(system) Binder:1059_11 expire 5 lines
03-08 17:26:40.817  1059  5049 I chatty  : uid=1000(system) Binder:1059_E expire 7 lines
03-08 17:26:45.521  1059  1102 I chatty  : uid=1000(system) ActivityManager expire 10 lines
03-08 17:27:20.518  1059  1456 I chatty  : uid=1000(system) InputDispatcher expire 3 lines
03-08 17:27:22.705  1059 13377 I chatty  : uid=1000(system) Binder:1059_1E expire 2 lines
03-08 17:31:52.297  1059 17775 I chatty  : uid=1000(system) Binder:1059_20 expire 5 lines
03-08 17:31:52.476  1059  8664 I chatty  : uid=1000(system) Binder:1059_13 expire 6 lines
03-08 17:32:24.660  1059  1101 I chatty  : uid=1000(system) android.bg expire 2 lines
03-08 17:32:50.505  1059  1491 I chatty  : uid=1000(system) ConnectivitySer expire 1 line
03-08 17:32:50.988  1059  1834 I chatty  : uid=1000(system) Binder:1059_6 expire 4 lines
03-08 17:32:56.043  1059  1500 I chatty  : uid=1000(system) Binder:1059_3 expire 5 lines
03-08 17:32:56.379  1059  9591 I chatty  : uid=1000(system) Binder:1059_14 expire 3 lines
03-08 17:32:57.107  1059  2327 I chatty  : uid=1000(system) Binder:1059_C expire 3 lines
03-08 17:33:05.088  1059  2297 I chatty  : uid=1000(system) Binder:1059_8 expire 2 lines
03-08 17:33:11.496  1059  2313 I chatty  : uid=1000(system) Binder:1059_9 expire 3 lines
03-08 17:33:37.470  1059 13085 I chatty  : uid=1000(system) Binder:1059_18 expire 4 lines
03-08 17:33:46.108  1059 13089 I chatty  : uid=1000(system) Binder:1059_1B expire 2 lines
03-08 17:33:47.274 28403 28403 D ActivityThread: Loading provider com.whatsapp.provider.contact: com.whatsapp.contact.ContactProvider
03-08 17:33:50.638  1059  1125 I chatty  : uid=1000(system) android.display expire 17 lines
03-08 17:33:50.885  1059  1128 I chatty  : uid=1000(system) PowerManagerSer expire 28 lines
03-08 17:35:12.426  1059  2295 I chatty  : uid=1000(system) Binder:1059_7 expire 1 line
03-08 17:36:00.748  1059 13378 I chatty  : uid=1000(system) Binder:1059_1F expire 2 lines
03-08 17:36:04.266  1059  7576 I chatty  : uid=1000(system) Binder:1059_10 expire 1 line
03-08 17:37:17.479  1059 13084 I chatty  : uid=1000(system) Binder:1059_17 expire 3 lines
03-08 17:37:17.561  1059  1074 I chatty  : uid=1000(system) Binder:1059_1 expire 2 lines
03-08 17:37:22.586  4918 28797 E ActivityThread: Failed to find provider info for com.google.android.wearable.settings
03-08 17:38:51.816 14793 14874 E ActivityThread: Failed to find provider info for com.facebook.appmanager.attribution
03-08 17:38:57.887  1059 13088 I chatty  : uid=1000(system) Binder:1059_1A expire 1 line
03-08 17:39:43.738  1059  1102 I chatty  : uid=1000(system) ActivityManager expire 2 lines
03-08 17:40:18.016  1059  1059 I chatty  : uid=1000 system_server expire 8 lines
03-08 17:40:18.066  1059  1497 I chatty  : uid=1000(system) onProviders.ECP expire 1 line
03-08 17:40:18.368  1059  1454 I chatty  : uid=1000(system) AlarmManager expire 1 line
03-08 17:40:19.586  1059  2325 I chatty  : uid=1000(system) Binder:1059_B expire 4 lines
03-08 17:40:20.681  1059 13090 I chatty  : uid=1000(system) Binder:1059_1C expire 3 lines
03-08 17:40:21.642  1059 13089 I chatty  : uid=1000(system) Binder:1059_1B expire 8 lines
03-08 17:40:21.667  1059  9592 I chatty  : uid=1000(system) Binder:1059_15 expire 3 lines
03-08 17:40:22.114  1059  1834 I chatty  : uid=1000(system) Binder:1059_6 expire 6 lines
03-08 17:40:22.213  1059  2295 I chatty  : uid=1000(system) Binder:1059_7 expire 6 lines
03-08 17:40:22.213  1059  1491 I chatty  : uid=1000(system) ConnectivitySer expire 16 lines
03-08 17:40:28.909  1059 13378 I chatty  : uid=1000(system) Binder:1059_1F expire 5 lines
03-08 17:40:34.868  1059  1102 I chatty  : uid=1000(system) ActivityManager expire 11 lines
03-08 17:40:49.920  1059  1726 I chatty  : uid=1000(system) Binder:1059_4 expire 9 lines
03-08 17:40:49.985  1059 17775 I chatty  : uid=1000(system) Binder:1059_20 expire 5 lines
03-08 17:40:59.193  1059  8664 I chatty  : uid=1000(system) Binder:1059_13 expire 5 lines
03-08 17:40:59.224  1059  9591 I chatty  : uid=1000(system) Binder:1059_14 expire 5 lines
03-08 17:40:59.251  1059  2323 I chatty  : uid=1000(system) Binder:1059_A expire 5 lines
03-08 17:40:59.252  1059  2327 I chatty  : uid=1000(system) Binder:1059_C expire 2 lines
03-08 17:41:01.281  1059  1456 I chatty  : uid=1000(system) InputDispatcher expire 1 line
03-08 17:41:02.078  1059  1457 I chatty  : uid=1000(system) InputReader expire 1 line
03-08 17:41:02.089  1059  1059 I chatty  : uid=1000 system_server expire 5 lines
03-08 17:41:02.623  1059  1125 I chatty  : uid=1000(system) android.display expire 1 line
03-08 17:41:02.851  1059  1128 I chatty  : uid=1000(system) PowerManagerSer expire 2 lines
03-08 17:41:02.852  1059  1123 I chatty  : uid=1000(system) android.fg expire 1 line
03-08 17:41:02.927  1059 13085 I chatty  : uid=1000(system) Binder:1059_18 expire 7 lines
03-08 17:41:05.687  1059  1107 I chatty  : uid=1000(system) batterystats-sy expire 10 lines
03-08 17:41:19.981  4918 29755 E ActivityThread: Failed to find provider info for com.google.android.wearable.settings
03-08 17:41:28.395  1059  2297 I chatty  : uid=1000(system) Binder:1059_8 expire 3 lines
03-08 17:41:30.458  1059  1500 I chatty  : uid=1000(system) Binder:1059_3 expire 10 lines
03-08 17:41:40.935  1059  1105 I chatty  : uid=1000(system) ActivityManager expire 2 lines
03-08 17:41:41.228  1059  1075 I chatty  : uid=1000(system) Binder:1059_2 expire 6 lines
03-08 17:41:41.516  1059  8663 I chatty  : uid=1000(system) Binder:1059_12 expire 4 lines
03-08 17:41:41.793  1059 13084 I chatty  : uid=1000(system) Binder:1059_17 expire 5 lines
03-08 17:41:42.271  1059  2313 I chatty  : uid=1000(system) Binder:1059_9 expire 3 lines
03-08 17:41:42.294  1059  7576 I chatty  : uid=1000(system) Binder:1059_10 expire 4 lines
03-08 17:41:43.083  1059  1735 I chatty  : uid=1000(system) Binder:1059_5 expire 4 lines
03-08 17:41:44.215  1059  5048 I chatty  : uid=1000(system) Binder:1059_D expire 3 lines
03-08 17:41:44.215  1059 13377 I chatty  : uid=1000(system) Binder:1059_1E expire 3 lines
03-08 17:41:45.641  1059 12422 I chatty  : uid=1000(system) Binder:1059_16 expire 6 lines
03-08 17:41:46.277  1059  1101 I chatty  : uid=1000(system) android.bg expire 1 line
03-08 17:41:49.390  1059  5049 I chatty  : uid=1000(system) Binder:1059_E expire 8 lines
03-08 17:41:57.464  1059  1074 I chatty  : uid=1000(system) Binder:1059_1 expire 3 lines
03-08 17:42:19.458  4918 28798 E ActivityThread: Failed to find provider info for com.google.android.wearable.settings
03-08 17:42:59.943  1059  1487 I chatty  : uid=1000(system) WifiStateMachin expire 4 lines
03-08 17:43:08.833  1059 13088 I chatty  : uid=1000(system) Binder:1059_1A expire 2 lines
03-08 17:43:15.523  1059  7577 I chatty  : uid=1000(system) Binder:1059_11 expire 9 lines
03-08 17:43:19.151  4918 28240 E ActivityThread: Failed to find provider info for com.google.android.wearable.settings
03-08 17:44:01.679  1059  1491 I chatty  : uid=1000(system) ConnectivitySer expire 13 lines
03-08 17:44:19.150  4918 29870 E ActivityThread: Failed to find provider info for com.google.android.wearable.settings
03-08 17:44:45.720  1059  1491 I chatty  : uid=1000(system) ConnectivitySer expire 18 lines
03-08 17:44:45.779  1059 13087 I chatty  : uid=1000(system) Binder:1059_19 expire 1 line
03-08 17:44:45.892  1059  1107 I chatty  : uid=1000(system) batterystats-sy expire 7 lines
03-08 17:44:46.936  1059  1124 I chatty  : uid=1000(system) android.io expire 4 lines
03-08 17:45:18.096  4918 29870 E ActivityThread: Failed to find provider info for com.google.android.wearable.settings
03-08 17:45:53.398  1059  1454 I chatty  : uid=1000(system) AlarmManager expire 2 lines
03-08 17:46:17.509  4918 29870 E ActivityThread: Failed to find provider info for com.google.android.wearable.settings
03-08 17:46:35.384  1059  1491 I chatty  : uid=1000(system) ConnectivitySer expire 2 lines
03-08 17:47:09.425  1059  5102 I chatty  : uid=1000(system) Binder:1059_F expire 2 lines
03-08 17:47:27.641  4918 28240 E ActivityThread: Failed to find provider info for com.google.android.wearable.settings
03-08 17:48:16.818  4918 29753 E ActivityThread: Failed to find provider info for com.google.android.wearable.settings
03-08 17:50:12.245  4918 29870 E ActivityThread: Failed to find provider info for com.google.android.wearable.settings
03-08 17:50:35.747  4918 29870 E ActivityThread: Failed to find provider info for com.google.android.wearable.settings
03-08 17:51:22.721  4918 30581 E ActivityThread: Failed to find provider info for com.google.android.wearable.settings
03-08 17:52:36.613  4918 30581 E ActivityThread: Failed to find provider info for com.google.android.wearable.settings
03-08 17:53:48.874  4918 31385 E ActivityThread: Failed to find provider info for com.google.android.wearable.settings
03-08 17:54:48.789  4918 31385 E ActivityThread: Failed to find provider info for com.google.android.wearable.settings
03-08 17:54:50.896  1059  1102 I chatty  : uid=1000(system) ActivityManager expire 4 lines
03-08 17:55:48.634  4918 31383 E ActivityThread: Failed to find provider info for com.google.android.wearable.settings
03-08 17:57:52.325  4918 30581 E ActivityThread: Failed to find provider info for com.google.android.wearable.settings
03-08 17:59:02.833  1059 13091 I chatty  : uid=1000(system) Binder:1059_1D expire 4 lines
03-08 17:59:02.844  4918 31383 E ActivityThread: Failed to find provider info for com.google.android.wearable.settings
03-08 17:59:46.124  4918 31385 E ActivityThread: Failed to find provider info for com.google.android.wearable.settings
03-08 18:08:20.933  4918 31383 E ActivityThread: Failed to find provider info for com.google.android.wearable.settings
03-08 18:08:26.721 32047 32047 D ActivityThread: Loading provider com.whatsapp.provider.contact: com.whatsapp.contact.ContactProvider
03-08 18:08:35.585  1059 17775 I chatty  : uid=1000(system) Binder:1059_20 expire 3 lines
03-08 18:08:41.632  1059  1102 I chatty  : uid=1000(system) ActivityManager expire 10 lines
03-08 18:09:12.302  4918 31385 E ActivityThread: Failed to find provider info for com.google.android.wearable.settings
03-08 18:10:11.982  4918 31385 E ActivityThread: Failed to find provider info for com.google.android.wearable.settings
03-08 18:11:10.571  4918 31385 E ActivityThread: Failed to find provider info for com.google.android.wearable.settings
03-08 18:12:09.804  4918 31385 E ActivityThread: Failed to find provider info for com.google.android.wearable.settings
03-08 18:12:58.712  1059  1487 I chatty  : uid=1000(system) WifiStateMachin expire 3 lines
03-08 18:12:58.712  1059  1491 I chatty  : uid=1000(system) ConnectivitySer expire 14 lines
03-08 18:13:09.191  4918 31385 E ActivityThread: Failed to find provider info for com.google.android.wearable.settings
03-08 18:13:40.063  1059  1101 I chatty  : uid=1000(system) android.bg expire 3 lines
03-08 18:14:06.127  1059  1074 I chatty  : uid=1000(system) Binder:1059_1 expire 15 lines
03-08 18:14:08.628  4918 31385 E ActivityThread: Failed to find provider info for com.google.android.wearable.settings
03-08 18:14:29.804  1059  1454 I chatty  : uid=1000(system) AlarmManager expire 1 line
03-08 18:14:30.069  1059  2325 I chatty  : uid=1000(system) Binder:1059_B expire 3 lines
03-08 18:14:30.078  1059  7576 I chatty  : uid=1000(system) Binder:1059_10 expire 1 line
03-08 18:14:31.151  1059 13089 I chatty  : uid=1000(system) Binder:1059_1B expire 4 lines
03-08 18:15:08.064  4918 31999 E ActivityThread: Failed to find provider info for com.google.android.wearable.settings
03-08 18:16:07.546  4918 32277 E ActivityThread: Failed to find provider info for com.google.android.wearable.settings
03-08 18:17:06.977  4918 31999 E ActivityThread: Failed to find provider info for com.google.android.wearable.settings
03-08 18:18:01.679  1059 13087 I chatty  : uid=1000(system) Binder:1059_19 expire 7 lines
03-08 18:18:01.739  1059  1059 I chatty  : uid=1000 system_server expire 29 lines
03-08 18:18:01.762  1059  2323 I chatty  : uid=1000(system) Binder:1059_A expire 1 line
03-08 18:18:01.791  1059 32482 I chatty  : uid=1000 system_server expire 1 line
03-08 18:18:01.824  1059  1770 I chatty  : uid=1000(system) uteStateMachine expire 14 lines
03-08 18:18:01.826  1059  1772 I chatty  : uid=1000(system) CallAudioModeSt expire 10 lines
03-08 18:18:01.839  1059 32489 I chatty  : uid=1000 system_server expire 3 lines
03-08 18:18:01.880  2251  2270 I AlwaysOnHotwordDetector: onRecognitionPaused
03-08 18:18:02.015  1059  8663 I chatty  : uid=1000(system) Binder:1059_12 expire 3 lines
03-08 18:18:02.374  1059 13085 I chatty  : uid=1000(system) Binder:1059_18 expire 9 lines
03-08 18:18:02.404  1059  1128 I chatty  : uid=1000(system) PowerManagerSer expire 3 lines
03-08 18:18:02.404  1059  1123 I chatty  : uid=1000(system) android.fg expire 1 line
03-08 18:18:02.742  1059  1125 I chatty  : uid=1000(system) android.display expire 4 lines
03-08 18:18:02.751  1059  8664 I chatty  : uid=1000(system) Binder:1059_13 expire 6 lines
03-08 18:18:03.680  1059  1726 I chatty  : uid=1000(system) Binder:1059_4 expire 2 lines
03-08 18:18:06.439  4918 32277 E ActivityThread: Failed to find provider info for com.google.android.wearable.settings
03-08 18:18:09.819  1059  9591 I chatty  : uid=1000(system) Binder:1059_14 expire 5 lines
03-08 18:18:10.446  1059  1834 I chatty  : uid=1000(system) Binder:1059_6 expire 1 line
03-08 18:18:11.661  1059 13090 I chatty  : uid=1000(system) Binder:1059_1C expire 4 lines
03-08 18:18:12.612  1059  1735 I chatty  : uid=1000(system) Binder:1059_5 expire 5 lines
03-08 18:18:13.648  1059  1500 I chatty  : uid=1000(system) Binder:1059_3 expire 20 lines
03-08 18:18:16.723  1059  1107 I chatty  : uid=1000(system) batterystats-sy expire 3 lines
03-08 18:18:16.965  1059  7577 I chatty  : uid=1000(system) Binder:1059_11 expire 1 line
03-08 18:18:19.132  1059  5048 I chatty  : uid=1000(system) Binder:1059_D expire 1 line
03-08 18:18:20.414  1059 13088 I chatty  : uid=1000(system) Binder:1059_1A expire 2 lines
03-08 18:18:20.783  1059  9592 I chatty  : uid=1000(system) Binder:1059_15 expire 23 lines
03-08 18:18:21.021  1059  1105 I chatty  : uid=1000(system) ActivityManager expire 2 lines
03-08 18:18:22.218  1059  1074 I chatty  : uid=1000(system) Binder:1059_1 expire 4 lines
03-08 18:18:23.301  2251 23306 I AlwaysOnHotwordDetector: onRecognitionResumed
03-08 18:18:23.413  1059  1772 I chatty  : uid=1000(system) CallAudioModeSt expire 2 lines
03-08 18:18:23.592  1059  1770 I chatty  : uid=1000(system) uteStateMachine expire 5 lines
03-08 18:18:23.692  1059 13377 I chatty  : uid=1000(system) Binder:1059_1E expire 1 line
03-08 18:18:23.884  1059  1059 I chatty  : uid=1000 system_server expire 6 lines
03-08 18:18:24.150  1059  1075 I chatty  : uid=1000(system) Binder:1059_2 expire 3 lines
03-08 18:18:24.269  1059 12422 I chatty  : uid=1000(system) Binder:1059_16 expire 1 line
03-08 18:18:24.284  1059  1491 I chatty  : uid=1000(system) ConnectivitySer expire 1 line
03-08 18:18:25.294  1059  5049 I chatty  : uid=1000(system) Binder:1059_E expire 3 lines
03-08 18:18:25.310  1059  2295 I chatty  : uid=1000(system) Binder:1059_7 expire 3 lines
03-08 18:18:28.283  1059  2313 I chatty  : uid=1000(system) Binder:1059_9 expire 1 line
03-08 18:18:28.630  1059  5102 I chatty  : uid=1000(system) Binder:1059_F expire 2 lines
03-08 18:18:32.405  1059  1102 I chatty  : uid=1000(system) ActivityManager expire 2 lines
03-08 18:18:36.393  1059  1124 I chatty  : uid=1000(system) android.io expire 6 lines
03-08 18:18:43.180  1059  1059 I chatty  : uid=1000 system_server expire 19 lines
03-08 18:18:43.382  1059  5102 I chatty  : uid=1000(system) Binder:1059_F expire 5 lines
03-08 18:18:54.504  1059  1456 I chatty  : uid=1000(system) InputDispatcher expire 4 lines
03-08 18:18:59.002  1059  2323 I chatty  : uid=1000(system) Binder:1059_A expire 9 lines
03-08 18:18:59.029  1059  1075 I chatty  : uid=1000(system) Binder:1059_2 expire 6 lines
03-08 18:19:01.452  1059  2295 I chatty  : uid=1000(system) Binder:1059_7 expire 13 lines
03-08 18:19:01.510  1059  1500 I chatty  : uid=1000(system) Binder:1059_3 expire 6 lines
03-08 18:19:01.838  1059  2297 I chatty  : uid=1000(system) Binder:1059_8 expire 5 lines
03-08 18:19:02.065  1059 13089 I chatty  : uid=1000(system) Binder:1059_1B expire 4 lines
03-08 18:19:05.895  4918  1155 E ActivityThread: Failed to find provider info for com.google.android.wearable.settings
03-08 18:19:07.596  1059  1102 I chatty  : uid=1000(system) ActivityManager expire 16 lines
03-08 18:19:08.146  1059 13084 I chatty  : uid=1000(system) Binder:1059_17 expire 3 lines
03-08 18:19:08.437  1059 13377 I chatty  : uid=1000(system) Binder:1059_1E expire 4 lines
03-08 18:19:11.840  1059  7577 I chatty  : uid=1000(system) Binder:1059_11 expire 6 lines
03-08 18:19:13.380  1059  1726 I chatty  : uid=1000(system) Binder:1059_4 expire 6 lines
03-08 18:19:17.394  1059  2325 I chatty  : uid=1000(system) Binder:1059_B expire 2 lines
03-08 18:19:22.468  1059  8663 I chatty  : uid=1000(system) Binder:1059_12 expire 5 lines
03-08 18:19:34.742  1059 13087 I chatty  : uid=1000(system) Binder:1059_19 expire 4 lines
03-08 18:19:34.752  1059 13091 I chatty  : uid=1000(system) Binder:1059_1D expire 3 lines
03-08 18:19:34.779  1059  8664 I chatty  : uid=1000(system) Binder:1059_13 expire 8 lines
03-08 18:19:37.456  1059  9592 I chatty  : uid=1000(system) Binder:1059_15 expire 4 lines
03-08 18:19:41.371  1059  1074 I chatty  : uid=1000(system) Binder:1059_1 expire 5 lines
03-08 18:19:42.686  1059  1735 I chatty  : uid=1000(system) Binder:1059_5 expire 2 lines
03-08 18:20:06.101  1059 13378 I chatty  : uid=1000(system) Binder:1059_1F expire 3 lines
03-08 18:20:13.591  1059 13085 I chatty  : uid=1000(system) Binder:1059_18 expire 1 line
03-08 18:20:44.450  1059  2313 I chatty  : uid=1000(system) Binder:1059_9 expire 3 lines
03-08 18:21:08.442  1059 13088 I chatty  : uid=1000(system) Binder:1059_1A expire 6 lines
03-08 18:21:28.878  1059  1107 I chatty  : uid=1000(system) batterystats-sy expire 10 lines
03-08 18:22:10.587  1059  1457 I chatty  : uid=1000(system) InputReader expire 6 lines
03-08 18:22:11.262  1059  1125 I chatty  : uid=1000(system) android.display expire 17 lines
03-08 18:22:11.514  1059  1128 I chatty  : uid=1000(system) PowerManagerSer expire 23 lines
03-08 18:22:11.516  1059  1123 I chatty  : uid=1000(system) android.fg expire 6 lines
03-08 18:27:11.772  1059  2327 I chatty  : uid=1000(system) Binder:1059_C expire 2 lines
03-08 18:27:11.857  1059  7576 I chatty  : uid=1000(system) Binder:1059_10 expire 2 lines
03-08 18:28:11.682  1059  1454 I chatty  : uid=1000(system) AlarmManager expire 5 lines
03-08 18:32:20.685  1059  1834 I chatty  : uid=1000(system) Binder:1059_6 expire 5 lines
03-08 18:32:25.551  1059 17775 I chatty  : uid=1000(system) Binder:1059_20 expire 2 lines
03-08 18:37:33.088  1059  1101 I chatty  : uid=1000(system) android.bg expire 3 lines
03-08 18:38:00.349  1059  5049 I chatty  : uid=1000(system) Binder:1059_E expire 1 line
03-08 18:39:46.395  1059  1491 I chatty  : uid=1000(system) ConnectivitySer expire 3 lines
03-08 18:41:47.011  1059  5048 I chatty  : uid=1000(system) Binder:1059_D expire 2 lines
03-08 18:51:03.403  1059  9591 I chatty  : uid=1000(system) Binder:1059_14 expire 2 lines
03-08 18:51:05.099  1059 12422 I chatty  : uid=1000(system) Binder:1059_16 expire 6 lines
03-08 18:51:05.120  1059 13090 I chatty  : uid=1000(system) Binder:1059_1C expire 7 lines
03-08 18:55:38.442  1059  1128 I chatty  : uid=1000(system) PowerManagerSer expire 31 lines
03-08 18:55:38.443  1059  1123 I chatty  : uid=1000(system) android.fg expire 9 lines
03-08 18:55:38.511  1059  1735 I chatty  : uid=1000(system) Binder:1059_5 expire 4 lines
03-08 18:56:09.728  1059  1102 I chatty  : uid=1000(system) ActivityManager expire 16 lines
03-08 19:00:38.547  1059 13088 I chatty  : uid=1000(system) Binder:1059_1A expire 7 lines
03-08 19:00:38.555  1059 17775 I chatty  : uid=1000(system) Binder:1059_20 expire 4 lines
03-08 19:00:38.610  1059  7576 I chatty  : uid=1000(system) Binder:1059_10 expire 5 lines
03-08 19:01:41.593  1059  2297 I chatty  : uid=1000(system) Binder:1059_8 expire 1 line
03-08 19:04:07.016  1059  1101 I chatty  : uid=1000(system) android.bg expire 3 lines
03-08 19:04:15.925  1059  1107 I chatty  : uid=1000(system) batterystats-sy expire 10 lines
03-08 19:04:26.987  1059  1491 I chatty  : uid=1000(system) ConnectivitySer expire 6 lines
03-08 19:05:26.315  1059  1834 I chatty  : uid=1000(system) Binder:1059_6 expire 6 lines
03-08 19:05:37.169  1059  1454 I chatty  : uid=1000(system) AlarmManager expire 3 lines
03-08 19:06:02.502  1059  5102 I chatty  : uid=1000(system) Binder:1059_F expire 2 lines
03-08 19:07:31.329  1059  1500 I chatty  : uid=1000(system) Binder:1059_3 expire 2 lines
03-08 19:07:33.223  1059  7577 I chatty  : uid=1000(system) Binder:1059_11 expire 2 lines
03-08 19:08:16.908  1059  8664 I chatty  : uid=1000(system) Binder:1059_13 expire 9 lines
03-08 19:10:46.676  1059 13377 I chatty  : uid=1000(system) Binder:1059_1E expire 7 lines
03-08 19:10:49.861  1059  8663 I chatty  : uid=1000(system) Binder:1059_12 expire 6 lines
03-08 19:10:49.874  1059  2313 I chatty  : uid=1000(system) Binder:1059_9 expire 4 lines
03-08 19:15:20.090  1059 13378 I chatty  : uid=1000(system) Binder:1059_1F expire 5 lines
03-08 19:15:21.158  1059 13087 I chatty  : uid=1000(system) Binder:1059_19 expire 3 lines
03-08 19:15:21.184  1059  2323 I chatty  : uid=1000(system) Binder:1059_A expire 2 lines
03-08 19:15:21.251  1059  9591 I chatty  : uid=1000(system) Binder:1059_14 expire 4 lines
03-08 19:15:21.773  1059  1074 I chatty  : uid=1000(system) Binder:1059_1 expire 2 lines
03-08 19:15:22.359  1059 13085 I chatty  : uid=1000(system) Binder:1059_18 expire 2 lines
03-08 19:15:22.439  1059  1125 I chatty  : uid=1000(system) android.display expire 19 lines
03-08 19:15:22.889  1059  1075 I chatty  : uid=1000(system) Binder:1059_2 expire 2 lines
03-08 19:15:22.942  1059 13091 I chatty  : uid=1000(system) Binder:1059_1D expire 1 line
03-08 19:15:22.943  1059 13084 I chatty  : uid=1000(system) Binder:1059_17 expire 7 lines
03-08 19:15:32.391  1059 13089 I chatty  : uid=1000(system) Binder:1059_1B expire 2 lines
03-08 19:15:43.027  1059  5049 I chatty  : uid=1000(system) Binder:1059_E expire 8 lines
03-08 19:16:05.569  1059  2325 I chatty  : uid=1000(system) Binder:1059_B expire 4 lines
03-08 19:19:14.459  1059  1124 I chatty  : uid=1000(system) android.io expire 6 lines
03-08 19:19:16.065  1059  1105 I chatty  : uid=1000(system) ActivityManager expire 1 line
03-08 19:22:10.750  1059  1059 I chatty  : uid=1000 system_server expire 20 lines
03-08 19:22:10.845  1059  1726 I chatty  : uid=1000(system) Binder:1059_4 expire 4 lines
03-08 19:22:14.792  1059  9592 I chatty  : uid=1000(system) Binder:1059_15 expire 4 lines
03-08 19:22:18.354  1059  5048 I chatty  : uid=1000(system) Binder:1059_D expire 2 lines
03-08 19:22:18.365  1059 12422 I chatty  : uid=1000(system) Binder:1059_16 expire 3 lines
03-08 19:22:43.724  1059  1456 I chatty  : uid=1000(system) InputDispatcher expire 2 lines
03-08 19:22:44.667  1059  1457 I chatty  : uid=1000(system) InputReader expire 2 lines
03-08 19:30:49.940  1059  1104 I chatty  : uid=1000(system) android.ui expire 2 lines
03-08 19:31:47.037  1059  2295 I chatty  : uid=1000(system) Binder:1059_7 expire 7 lines
03-08 19:34:06.815  1059  2327 I chatty  : uid=1000(system) Binder:1059_C expire 6 lines
03-08 19:35:14.749  1059  1125 I chatty  : uid=1000(system) android.display expire 11 lines
03-08 19:35:14.836  1059  1128 I chatty  : uid=1000(system) PowerManagerSer expire 14 lines
03-08 19:35:23.493  1059  1101 I chatty  : uid=1000(system) android.bg expire 3 lines
03-08 19:35:24.535  1059  1102 I chatty  : uid=1000(system) ActivityManager expire 11 lines
03-08 19:35:34.041  1059  5102 I chatty  : uid=1000(system) Binder:1059_F expire 6 lines
03-08 19:36:21.246  1059  1059 I chatty  : uid=1000 system_server expire 10 lines
03-08 19:36:21.252  1059  7577 I chatty  : uid=1000(system) Binder:1059_11 expire 6 lines
03-08 19:36:21.435  1059 13090 I chatty  : uid=1000(system) Binder:1059_1C expire 4 lines
03-08 19:36:21.465  1059 13088 I chatty  : uid=1000(system) Binder:1059_1A expire 5 lines
03-08 19:36:21.465  1059  1123 I chatty  : uid=1000(system) android.fg expire 5 lines
03-08 19:36:21.553  1059  5048 I chatty  : uid=1000(system) Binder:1059_D expire 2 lines
03-08 19:36:21.646  1059  1834 I chatty  : uid=1000(system) Binder:1059_6 expire 2 lines
03-08 19:36:25.266  1059 13091 I chatty  : uid=1000(system) Binder:1059_1D expire 6 lines
03-08 19:36:26.303  1059 13087 I chatty  : uid=1000(system) Binder:1059_19 expire 4 lines
03-08 19:36:26.528  1059  2325 I chatty  : uid=1000(system) Binder:1059_B expire 5 lines
03-08 19:36:43.403  1059  1456 I chatty  : uid=1000(system) InputDispatcher expire 1 line
03-08 19:37:46.436  1059 13378 I chatty  : uid=1000(system) Binder:1059_1F expire 10 lines
03-08 19:38:34.895  1059  1457 I chatty  : uid=1000(system) InputReader expire 2 lines
03-08 19:38:35.018  1059  5049 I chatty  : uid=1000(system) Binder:1059_E expire 4 lines
03-08 19:38:38.051  1059 13089 I chatty  : uid=1000(system) Binder:1059_1B expire 3 lines
03-08 19:38:38.468  1059  1500 I chatty  : uid=1000(system) Binder:1059_3 expire 5 lines
03-08 19:38:40.301  1059  1074 I chatty  : uid=1000(system) Binder:1059_1 expire 5 lines
03-08 19:38:42.323  1059  2297 I chatty  : uid=1000(system) Binder:1059_8 expire 7 lines
03-08 19:40:39.143  1059  2313 I chatty  : uid=1000(system) Binder:1059_9 expire 4 lines
03-08 19:40:41.478  4918  9121 E ActivityThread: Failed to find provider info for com.google.android.wearable.settings
03-08 19:41:21.368  1059  1491 I chatty  : uid=1000(system) ConnectivitySer expire 15 lines
03-08 19:41:21.524  1059  1107 I chatty  : uid=1000(system) batterystats-sy expire 10 lines
03-08 19:41:21.726  1059  1105 I chatty  : uid=1000(system) ActivityManager expire 5 lines
03-08 19:41:22.647  1059  2323 I chatty  : uid=1000(system) Binder:1059_A expire 6 lines
03-08 19:41:24.392  1059  2295 I chatty  : uid=1000(system) Binder:1059_7 expire 3 lines
03-08 19:41:24.538  1059  1075 I chatty  : uid=1000(system) Binder:1059_2 expire 7 lines
03-08 19:41:24.638  1059  9591 I chatty  : uid=1000(system) Binder:1059_14 expire 2 lines
03-08 19:41:24.948  1059  7576 I chatty  : uid=1000(system) Binder:1059_10 expire 3 lines
03-08 19:41:25.784  1059  1735 I chatty  : uid=1000(system) Binder:1059_5 expire 2 lines
03-08 19:41:27.469  1059  8664 I chatty  : uid=1000(system) Binder:1059_13 expire 4 lines
03-08 19:41:31.172  1059 12422 I chatty  : uid=1000(system) Binder:1059_16 expire 7 lines
03-08 19:41:40.971  4918  9160 E ActivityThread: Failed to find provider info for com.google.android.wearable.settings
03-08 19:42:15.796  1059  1487 I chatty  : uid=1000(system) WifiStateMachin expire 3 lines
03-08 19:42:16.119  1059 17775 I chatty  : uid=1000(system) Binder:1059_20 expire 2 lines
03-08 19:42:16.123  1059  8663 I chatty  : uid=1000(system) Binder:1059_12 expire 3 lines
03-08 19:42:16.929  1059  9592 I chatty  : uid=1000(system) Binder:1059_15 expire 2 lines
03-08 19:42:17.573  1059 13085 I chatty  : uid=1000(system) Binder:1059_18 expire 2 lines
03-08 19:42:29.604  1059  1726 I chatty  : uid=1000(system) Binder:1059_4 expire 3 lines
03-08 19:42:41.059  4918  9159 E ActivityThread: Failed to find provider info for com.google.android.wearable.settings
03-08 19:42:41.151  1059  1491 I chatty  : uid=1000(system) ConnectivitySer expire 10 lines
03-08 19:42:42.501  1059  1124 I chatty  : uid=1000(system) android.io expire 2 lines
03-08 19:43:39.923  4918 10017 E ActivityThread: Failed to find provider info for com.google.android.wearable.settings
03-08 19:43:44.106  1059 13377 I chatty  : uid=1000(system) Binder:1059_1E expire 1 line
03-08 19:43:45.190  1059  1102 I chatty  : uid=1000(system) ActivityManager expire 3 lines
03-08 19:48:39.193  1059  1491 I chatty  : uid=1000(system) ConnectivitySer expire 12 lines
03-08 19:48:39.255  4918 10017 E ActivityThread: Failed to find provider info for com.google.android.wearable.settings
03-08 19:49:36.666  4918  9121 E ActivityThread: Failed to find provider info for com.google.android.wearable.settings
03-08 19:51:05.685  1059  1128 I chatty  : uid=1000(system) PowerManagerSer expire 3 lines
03-08 19:51:07.211  1059  1059 I chatty  : uid=1000 system_server expire 10 lines
03-08 19:51:09.390  1059  1735 I chatty  : uid=1000(system) Binder:1059_5 expire 1 line
03-08 19:51:10.123  1059 13084 I chatty  : uid=1000(system) Binder:1059_17 expire 3 lines
03-08 19:51:19.191  1059  1834 I chatty  : uid=1000(system) Binder:1059_6 expire 2 lines
03-08 19:51:19.933  1059 13088 I chatty  : uid=1000(system) Binder:1059_1A expire 1 line
03-08 19:51:29.345  1059  1454 I chatty  : uid=1000(system) AlarmManager expire 1 line
03-08 19:51:29.473  1059  9592 I chatty  : uid=1000(system) Binder:1059_15 expire 1 line
03-08 19:51:30.341  1059  1104 I chatty  : uid=1000(system) android.ui expire 2 lines
03-08 19:51:30.442  1059  2248 I chatty  : uid=1000(system) backup expire 1 line
03-08 19:51:30.620  1059  1125 I chatty  : uid=1000(system) android.display expire 9 lines
03-08 19:51:35.478  4918 11109 E ActivityThread: Failed to find provider info for com.google.android.wearable.settings
03-08 19:51:38.568  1059  1074 I chatty  : uid=1000(system) Binder:1059_1 expire 4 lines
03-08 19:51:42.680  1059  1124 I chatty  : uid=1000(system) android.io expire 21 lines
03-08 19:51:43.149  1059 13091 I chatty  : uid=1000(system) Binder:1059_1D expire 1 line
03-08 19:51:43.192  1059  1726 I chatty  : uid=1000(system) Binder:1059_4 expire 4 lines
03-08 19:51:44.174  2251 23306 I AlwaysOnHotwordDetector: onRecognitionPaused
03-08 19:51:49.675  1059  2325 I chatty  : uid=1000(system) Binder:1059_B expire 4 lines
03-08 19:51:49.726  1059 13085 I chatty  : uid=1000(system) Binder:1059_18 expire 3 lines
