03-01 19:42:13.900 13590 11225 F google-breakpad: S FFAFD780 11000000640000000300000034A0AAAA0400000020000000050000000900000007000000005085E808000000000000000900000004B5AAAA0B000000000000000C000000000000000D000000000000000E000000000000001700000001000000190000000CD8AFFF1A0000001F0000001F000000DEDFAFFF0F0000001CD8AFFF00000000000000000000000064DF92A0CF47A7CECAA07B06243CD13A76386C000000000000000000000000000000000000000000000000000000000000000000000000000000000000000000000000000000000000000000000000000000000000000000000000000000000000000000000000000000000000000000000000000000000000000000000000000000000000000000000000000000000000000000000000000000000000000000000000000000000000000000000000000000000000000000000000000000000000000000000000000000000000000000000000000000000000000000000000000000000000000000000000000000000000000000
03-01 19:42:13.901 13590 11225 F google-breakpad: S FFAFD900 000000000000000000000000000000000000000000000000000000000000000000000000000000000000000000000000000000000000000000000000000000000000000000000000000000000000000000000000000000000000000000000000000000000000000000000000000000000000000000000000000000000000000000000000000000000000000000000000000000000000000000000000000000000000000000000000000000000000000000000000000000000000000000000000000000000000000000000000000000000000000000000000000000000000000000000000000000000000000000000000000000000000000000000000000000000000000000000000000000000000000000000000000000000000000000000000000000000000000000000000000000000000000000000000000000000000000000000000000000000000000000000000000000000000000000000000000000000000000000000000000000000000000000000000000000000000000000000000
03-01 19:42:13.901 13590 11225 F google-breakpad: S FFAFDA80 000000000000000000000000000000000000000000000000000000000000000000000000000000000000000000000000000000000000000000000000000000000000000000000000000000000000000000000000000000000000000000000000000000000000000000000000000000000000000000000000000000000000000000000000000000000000000000000000000000000000000000000000000000000000000000000000000000000000000000000000000000000000000000000000000000000000000000000000000000000000000000000000000000000000000000000000000000000000000000000000000000000000000000000000000000000000000000000000000000000000000000000000000000000000000000000000000000000000000000000000000000000000000000000000000000000000000000000000000000000000000000000000000000000000000000000000000000000000000000000000000000000000000000000000000000000000000000000000
03-01 19:42:13.901 13590 11225 F google-breakpad: S FFAFDC00 0000000000000000000000000000000000000000000000000000000000000000000000000000636F6D2E6373616D2E69636963692E62616E6B2E696D6F62696C65000000000000000000000000000000000000000000000000000000000000000000000000000000000000000000000000000000000000000000000000504154483D2F7362696E3A2F76656E646F722F62696E3A2F73797374656D2F7362696E3A2F73797374656D2F62696E3A2F73797374656D2F7862696E00444F574E4C4F41445F43414348453D2F646174612F636163686500414E44524F49445F424F4F544C4F474F3D3100414E44524F49445F524F4F543D2F73797374656D00414E44524F49445F4153534554533D2F73797374656D2F61707000414E44524F49445F444154413D2F6461746100414E44524F49445F53544F524147453D2F73746F726167650045585445524E414C5F53544F524147453D2F73646361726400415345435F4D4F554E54504F494E543D2F6D6E742F6173656300424F4F54434C415353
03-01 19:42:13.901 13590 11225 F google-breakpad: S FFAFDD80 504154483D2F73797374656D2F6672616D65776F726B2F636F72652D6F6A2E6A61723A2F73797374656D2F6672616D65776F726B2F636F72652D6C69626172742E6A61723A2F73797374656D2F6672616D65776F726B2F636F6E7363727970742E6A61723A2F73797374656D2F6672616D65776F726B2F6F6B687474702E6A61723A2F73797374656D2F6672616D65776F726B2F636F72652D6A756E69742E6A61723A2F73797374656D2F6672616D65776F726B2F626F756E6379636173746C652E6A61723A2F73797374656D2F6672616D65776F726B2F6578742E6A61723A2F73797374656D2F6672616D65776F726B2F6672616D65776F726B2E6A61723A2F73797374656D2F6672616D65776F726B2F74656C6570686F6E792D636F6D6D6F6E2E6A61723A2F73797374656D2F6672616D65776F726B2F766F69702D636F6D6D6F6E2E6A61723A2F73797374656D2F6672616D65776F726B2F696D732D636F6D6D6F6E2E6A61723A2F73797374656D2F6672616D65776F726B2F61706163
03-01 19:42:13.902 13590 11225 F google-breakpad: S FFAFDF00 68652D786D6C2E6A61723A2F73797374656D2F6672616D65776F726B2F6F72672E6170616368652E687474702E6C65676163792E626F6F742E6A61720053595354454D534552564552434C415353504154483D2F73797374656D2F6672616D65776F726B2F73657276696365732E6A61723A2F73797374656D2F6672616D65776F726B2F65746865726E65742D736572766963652E6A61723A2F73797374656D2F6672616D65776F726B2F776966692D736572766963652E6A617200414E44524F49445F534F434B45545F7A79676F74655F7365636F6E646172793D39002F73797374656D2F62696E2F6170705F70726F636573733332000000000000000000
03-01 19:42:13.902 13590 11225 F google-breakpad: C 0600004000000000D92B000006000000080000008CA58BE80600000034A58BE80C01000008605BE7ECAEAFFF00000000210010000B00000040AAAFFFC71557E7303E57E710000F600000000000000000000000000000000000000000000000000000000000000000000000000000000000000000000000000000000000000000000000000000000000000000000000000000000000000000000000000000000000000000000000000000000000000000000000000000000000000000000000000000000000000000000000000000000000000000000000000000000000000000000000000000000000000000000000000000000000000000000000000000000000000000000000000000000000000000000000000000000000000000000000000000000000000000000000000000000000000000000000000000000000000000000000000000000000000000000000000000000000000000000000000000000000000000000000000000000000000000
03-01 19:42:13.902 13590 11225 F google-breakpad: M AAAAA000 00000000 00005000 7A2D3AA25388BBD7421FBA5031838DCB0 app_process32
03-01 19:42:13.902 13590 11225 F google-breakpad: M 70660000 0051A000 002EB000 000000000000000000000000000000000 boot.oat
03-01 19:42:13.902 13590 11225 F google-breakpad: M 70DCA000 0047D000 00242000 000000000000000000000000000000000 boot-core-libart.oat
03-01 19:42:13.902 13590 11225 F google-breakpad: M 71079000 0006B000 0003E000 000000000000000000000000000000000 boot-conscrypt.oat
03-01 19:42:13.902 13590 11225 F google-breakpad: M 7113E000 00085000 0004A000 000000000000000000000000000000000 boot-okhttp.oat
03-01 19:42:13.903 13590 11225 F google-breakpad: M 71193000 00009000 00002000 000000000000000000000000000000000 boot-core-junit.oat
03-01 19:42:13.903 13590 11225 F google-breakpad: M 71301000 0016A000 00035000 000000000000000000000000000000000 boot-bouncycastle.oat
03-01 19:42:13.903 13590 11225 F google-breakpad: M 71453000 0011B000 00030000 000000000000000000000000000000000 boot-ext.oat
03-01 19:42:13.903 13590 11225 F google-breakpad: M 72A10000 0158B000 00C03000 000000000000000000000000000000000 boot-framework.oat
03-01 19:42:13.903 13590 11225 F google-breakpad: M 738E1000 002CC000 00184000 000000000000000000000000000000000 boot-telephony-common.oat
03-01 19:42:13.903 13590 11225 F google-breakpad: M 73A96000 0002F000 0000D000 000000000000000000000000000000000 boot-voip-common.oat
03-01 19:42:13.903 13590 11225 F google-breakpad: M 73ACF000 0002A000 00016000 000000000000000000000000000000000 boot-ims-common.oat
03-01 19:42:13.903 13590 11225 F google-breakpad: M 73C37000 00150000 0001C000 000000000000000000000000000000000 boot-apache-xml.oat
03-01 19:42:13.904 13590 11225 F google-breakpad: M 73CFC000 000A7000 00055000 000000000000000000000000000000000 boot-org.apache.http.legacy.boot.oat
03-01 19:42:13.904 13590 11225 F google-breakpad: M CB702000 00A3C000 007DF000 000000000000000000000000000000000 base.odex
03-01 19:42:13.904 13590 11225 F google-breakpad: M CC506000 005AD000 000AC000 000000000000000000000000000000000 base.odex
03-01 19:42:13.904 13590 11225 F google-breakpad: M CE60F000 00000000 02000000 000000000000000000000000000000000 dalvik-jit-code-cache (deleted)
03-01 19:42:13.904 13590 11225 F google-breakpad: M D13CE000 04236000 02A51000 B1D42BA83EFC1ACCE589459021FC96040 libmonochrome.so
03-01 19:42:13.904 13590 11225 F google-breakpad: M D858D000 00000000 00004000 BDB2636106D606085C9F9D9A01A056530 libwebviewchromium_loader.so
03-01 19:42:13.904 13590 11225 F google-breakpad: M D86AE000 00000000 00007000 2C338CC64F832EC7D97851D8E256ED5F0 libmemalloc.so
03-01 19:42:13.904 13590 11225 F google-breakpad: M D86B5000 00000000 0000C000 6EDAA2E7D2148F55AC876AFEE860BCDE0 libqservice.so
03-01 19:42:13.905 13590 11225 F google-breakpad: M D86B4000 00000000 0032B000 4FDFB1AA377F7250DEAE37762B6B64210 libGLESv2_adreno.so
03-01 19:42:13.905 13590 11225 F google-breakpad: M D8B0F000 00000000 0084F000 E469AD5B3AFA7021E918F68DFC47F5220 libllvm-glnext.so
03-01 19:42:13.905 13590 11225 F google-breakpad: M D93A2000 00000000 00006000 AD10232D0112B949E822BB990AEE3E580 libqdutils.so
03-01 19:42:13.905 13590 11225 F google-breakpad: M D93AB000 00000000 00007000 7794CFFDDB6951AA02424F35AFB15D430 gralloc.msm8996.so
03-01 19:42:13.905 13590 11225 F google-breakpad: M D93B4000 00000000 00003000 E88FAC6BBB64ADFE01C8A8E6AFEC17500 libqdMetaData.so
03-01 19:42:13.905 13590 11225 F google-breakpad: M D93BC000 00000000 0000B000 3802138F432B044C31AAD78A7E75B3390 eglSubDriverAndroid.so
03-01 19:42:13.905 13590 11225 F google-breakpad: M D93CA000 00000000 00024000 05A6B921AFE94828E2C48C2CDCFF82B60 libGLESv1_CM_adreno.so
03-01 19:42:13.905 13590 11225 F google-breakpad: M D93F0000 00000000 00012000 045EA6F1B8F777600A57F4ADDD808FD30 libEGL_adreno.so
03-01 19:42:13.905 13590 11225 F google-breakpad: M D9405000 00000000 00006000 B8AD083C76CFD83773D3FBF849C3B1550 libadreno_utils.so
03-01 19:42:13.905 13590 11225 F google-breakpad: M D940F000 00000000 0003E000 DC7510CC274D61A8A69F8132C72FC6900 libgsl.so
03-01 19:42:13.905 13590 11225 F google-breakpad: M D9450000 00000000 00009000 B5D85D362CAE09769881512014A0076F0 libcompiler_rt.so
03-01 19:42:13.905 13590 11225 F google-breakpad: M DA97F000 00000000 00018000 3D68D4C5DC659DFADC45C2FCC9FC97A10 libsoftkeymasterdevice.so
03-01 19:42:13.905 13590 11225 F google-breakpad: M DA99A000 00000000 00004000 5B8E462CBEEFA37F66CD29994ED515E60 libkeystore-engine.so
03-01 19:42:13.905 13590 11225 F google-breakpad: M DA9A0000 00000000 00020000 68EA79E0E2CE554CFBB040189B2C6B060 libkeymaster1.so
03-01 19:42:13.906 13590 11225 F google-breakpad: M DA9C3000 00000000 0000B000 A09D8C0FB3393C4C89E14E5EF10759D40 libkeymaster_messages.so
03-01 19:42:13.906 13590 11225 F google-breakpad: M DA9D0000 00000000 00016000 EA67943B037C49C4B925B58A5995A99A0 libkeystore_binder.so
03-01 19:42:13.906 13590 11225 F google-breakpad: M DA9E8000 00000000 0001A000 70E1A216F8FF3BC044778A86A6D318CE0 libjavacrypto.so
03-01 19:42:13.906 13590 11225 F google-breakpad: M DAA73000 00000000 00016000 B6B4B692D974AC0CFF9C55562F9ACEB30 libmtp.so
03-01 19:42:13.906 13590 11225 F google-breakpad: M DAA89000 00000000 00021000 2271ED7E7B53E6A060FDAE5A4954136D0 libexif.so
03-01 19:42:13.906 13590 11225 F google-breakpad: M DAAB4000 00000000 00051000 9B1B2ED60A2BA103A84F10D80D2EBDEC0 libmedia_jni.so
03-01 19:42:13.906 13590 11225 F google-breakpad: M DBEA0000 00000000 0000F000 BDB1B42ECBD1EF0689096F32005044A90 libstagefright_amrnb_common.so
03-01 19:42:13.906 13590 11225 F google-breakpad: M E0058000 00000000 000B2000 631012F304C56792DFD220EFECCC7E260 libvixl.so
03-01 19:42:13.906 13590 11225 F google-breakpad: M E0103000 00000000 002B3000 A243905EFA51BD557DFCDBB8AF9E4E5E0 libart-compiler.so
03-01 19:42:13.906 13590 11225 F google-breakpad: M E5711000 00000000 00462000 6B09DA5F29A89436BAFE07589F70AE1D0 libart.so
03-01 19:42:13.906 13590 11225 F google-breakpad: M E5D56000 00000000 00007000 F4E4B0612DE05A6E4E65EA760BF542D30 libnetutils.so
03-01 19:42:13.906 13590 11225 F google-breakpad: M E5D5F000 00000000 00003000 55972B8A70A9E24F48AF87F7F3B449660 libsync.so
03-01 19:42:13.906 13590 11225 F google-breakpad: M E5D49000 00000000 000C2000 26366558BB7B9968D832642F069713720 libmedia.so
03-01 19:42:13.906 13590 11225 F google-breakpad: M E5E2C000 00000000 00010000 6468CDBB3EDB5ABC6F0F28947E69CEF00 libGLESv2.so
03-01 19:42:13.907 13590 11225 F google-breakpad: M E5E3E000 00000000 00005000 25D665BA594EBB83F7C25028F3D6CC030 libwpa_client.so
03-01 19:42:13.907 13590 11225 F google-breakpad: M E5E45000 00000000 00011000 EAF027BE72D7343ADC54DCA5FA5B5C990 libselinux.so
03-01 19:42:13.907 13590 11225 F google-breakpad: M E5E57000 00000000 00086000 012BD7F7EF8706A965848BA9257389750 libdng_sdk.so
03-01 19:42:13.907 13590 11225 F google-breakpad: M E5EE3000 00000000 00015000 2A6AA47B7417DF87F86AB840875A47FB0 libexpat.so
03-01 19:42:13.907 13590 11225 F google-breakpad: M E5EEB000 00000000 000F7000 BD012696ECCDE8CE1FA86BE57D4A87DC0 libandroid_runtime.so
03-01 19:42:13.907 13590 11225 F google-breakpad: M E5FF3000 00000000 0001A000 B63B0D47AE39C54FB923D071C0E9589B0 libprotobuf-cpp-lite.so
03-01 19:42:13.907 13590 11225 F google-breakpad: M E600A000 00000000 00056000 61C833BF56C4B55A7772DB21E36EEC8E0 libbinder.so
03-01 19:42:13.907 13590 11225 F google-breakpad: M E606B000 00000000 0006D000 2C59DEA54138EB2DB9D437DD4B28F10D0 libft2.so
03-01 19:42:13.907 13590 11225 F google-breakpad: M E60D8000 00000000 0002E000 489F852BA320965291F71FBEFFD290520 libwilhelm.so
03-01 19:42:13.907 13590 11225 F google-breakpad: M E610C000 00000000 0000E000 E7E9C2C439D6F11037B21F0B45AAD48E0 liblog.so
03-01 19:42:13.907 13590 11225 F google-breakpad: M E611D000 00000000 00008000 F9A58B205A02002C9BF681E18F81A7310 libnativeloader.so
03-01 19:42:13.907 13590 11225 F google-breakpad: M E6126000 00000000 0007A000 E4C360B0AD6E60EABB6A20205A91F4E70 libsqlite.so
03-01 19:42:13.907 13590 11225 F google-breakpad: M E61A2000 00000000 0008B000 AFF70BF76A5F15BC9F40D5064AC946C40 libc++.so
03-01 19:42:13.908 13590 11225 F google-breakpad: M E6234000 00000000 00017000 B775FFE1508F454134BE3B9307A6E2240 libminikin.so
03-01 19:42:13.908 13590 11225 F google-breakpad: M E624F000 00000000 00009000 5BBB08EC2CBC4A842305CBE7055603C50 libpiex.so
03-01 19:42:13.908 13590 11225 F google-breakpad: M E625A000 00000000 00017000 A4ECAF8E9585061266B82406FE051E7D0 libcutils.so
03-01 19:42:13.908 13590 11225 F google-breakpad: M E6274000 00000000 00014000 C2CF3C13FB2AEC48A3AAB486CEA70A4F0 libpcre.so
03-01 19:42:13.908 13590 11225 F google-breakpad: M E628A000 00000000 000A1000 80EC9CE51EE688B0354524AA67746D1E0 libcrypto.so
03-01 19:42:13.908 13590 11225 F google-breakpad: M E6338000 00000000 00031000 9EACE2E326DE092CFA388F09F67428BC0 libandroidfw.so
03-01 19:42:13.908 13590 11225 F google-breakpad: M E636C000 00000000 00024000 73F2CCEF6DE46773F8A58600BCAF3E900 libpng.so
03-01 19:42:13.908 13590 11225 F google-breakpad: M E6390000 00000000 0000E000 4B90D7D16E7F2360B31A9224BDD1F4300 libsoundtrigger.so
03-01 19:42:13.908 13590 11225 F google-breakpad: M E639C000 00000000 00110000 661BF05513AEC753D3E76BA20209522B0 libicuuc.so
03-01 19:42:13.908 13590 11225 F google-breakpad: M E64BA000 00000000 00015000 E262C1CB34B29AE6B1C64E57444531480 libui.so
03-01 19:42:13.908 13590 11225 F google-breakpad: M E64D2000 00000000 00015000 A0C25FA0E449D5B6F680FF734D19B1250 libunwind.so
03-01 19:42:13.908 13590 11225 F google-breakpad: M E652F000 00000000 0000A000 0FFCDC6F8954D63D0EAAB8CBF87C1C490 libbase.so
03-01 19:42:13.908 13590 11225 F google-breakpad: M E6539000 00000000 0000E000 E980F7FC5E83A7A4087AA4912C78F1020 libradio.so
03-01 19:42:13.908 13590 11225 F google-breakpad: M E654B000 00000000 00009000 E7F39E06173315859C4991833B8D47A60 libmediautils.so
03-01 19:42:13.909 13590 11225 F google-breakpad: M E6557000 00000000 00021000 71B03265AE270A596DB0B94003268A790 libstagefright_foundation.so
03-01 19:42:13.909 13590 11225 F google-breakpad: M E6571000 00000000 0005F000 933C6588A96903A38152DFDB601BD7A90 libgui.so
03-01 19:42:13.909 13590 11225 F google-breakpad: M E65DE000 00000000 0000E000 3317EFA78453C6A0EE10401DDC33D59B0 libimg_utils.so
03-01 19:42:13.909 13590 11225 F google-breakpad: M E65EF000 00000000 00015000 5EC7D95FCAF8F134B7D924F7AB6715A20 libvulkan.so
03-01 19:42:13.909 13590 11225 F google-breakpad: M E6607000 00000000 00008000 CBF18370E175A0D2B79456C9860E27EC0 libnbaio.so
03-01 19:42:13.909 13590 11225 F google-breakpad: M E6612000 00000000 00037000 0579152B7ABCF79CB8D2A352CC043E420 libopus.so
03-01 19:42:13.909 13590 11225 F google-breakpad: M E664C000 00000000 00007000 AA5F1A6DDFA2686C4231A27BAFEC9AAD0 libaudioutils.so
03-01 19:42:13.909 13590 11225 F google-breakpad: M E6655000 00000000 00003000 3D9AB979209A8892515E6BEBA3395E440 libmemtrack.so
03-01 19:42:13.909 13590 11225 F google-breakpad: M E665A000 00000000 00003000 C3464B9470E1AD2B4E8F73489BC6B25F0 libradio_metadata.so
03-01 19:42:13.909 13590 11225 F google-breakpad: M E665F000 00000000 00038000 D20AAA13B4DCF525BED2837C386034890 libRS_internal.so
03-01 19:42:13.909 13590 11225 F google-breakpad: M E669A000 00000000 00004000 51E1E51C45C867F6B83C2EDB239A70130 libnetd_client.so
03-01 19:42:13.909 13590 11225 F google-breakpad: M E66A0000 00000000 00003000 D06917E2E6ECC5238D621230AD6EEEF10 libpackagelistparser.so
03-01 19:42:13.909 13590 11225 F google-breakpad: M E66A6000 00000000 00008000 A22D1CE0D8BE36C4B8C125FB5BE9DB880 libstagefright_avc_common.so
03-01 19:42:13.909 13590 11225 F google-breakpad: M E66B0000 00000000 00017000 D928C5A116CB0C63FFDEF77C57090B2E0 libmemunreachable.so
03-01 19:42:13.909 13590 11225 F google-breakpad: M E66C8000 00000000 0001F000 E79F027B55BCA10079FC51D92D4B58390 libinput.so
03-01 19:42:13.909 13590 11225 F google-breakpad: M E66ED000 00000000 00007000 C513A308FCE394DBF3FAA7501C8872220 libimage_type_recognition.so
03-01 19:42:13.909 13590 11225 F google-breakpad: M E66F5000 00000000 00040000 522503A9F9760B6237A750A3045D86E00 libinputflinger.so
03-01 19:42:13.910 13590 11225 F google-breakpad: M E6737000 00000000 00019000 B2F9F833C3B1DCAD5A86875A8BDC26970 libEGL.so
03-01 19:42:13.910 13590 11225 F google-breakpad: M E6757000 00000000 00005000 C0AB91ED14765352A43B5BB4DEB614870 libbinary_parse.so
03-01 19:42:13.910 13590 11225 F google-breakpad: M E675E000 00000000 00005000 F4A96462EC509CF19F53E6C30DF9ACAA0 libstagefright_yuv.so
03-01 19:42:13.910 13590 11225 F google-breakpad: M E6765000 00000000 00036000 982D23312C992C8048C220FA6A7AF6A90 libbcinfo.so
03-01 19:42:13.910 13590 11225 F google-breakpad: M E6776000 00000000 00B3A000 CB1A9894546A25EEB47E7E0FE96FA4E50 libLLVM.so
03-01 19:42:13.910 13590 11225 F google-breakpad: M E730B000 00000000 00004000 81DC7008B83D84ABF23A06ADCA044F780 libnativebridge.so
03-01 19:42:13.910 13590 11225 F google-breakpad: M E730F000 00000000 00019000 B69ED7FA542628E5138A3EB918E909000 libdrmframework.so
03-01 19:42:13.910 13590 11225 F google-breakpad: M E732D000 00000000 00005000 881B228ABB1DA645758D9C1BF00840E80 libspeexresampler.so
03-01 19:42:13.910 13590 11225 F google-breakpad: M E7335000 00000000 0000A000 E40B5F42F23F671C759D838CD2422B9F0 libRS.so
03-01 19:42:13.910 13590 11225 F google-breakpad: M E7341000 00000000 00004000 036133BB05FB086E40C1A8AA11B024B10 libprocessgroup.so
03-01 19:42:13.910 13590 11225 F google-breakpad: M E7347000 00000000 00005000 8577D8EFC1D890A8B7E0850EFEBE34C50 libstdc++.so
03-01 19:42:13.910 13590 11225 F google-breakpad: M E734E000 00000000 0001E000 24BA2B8A2D0B88F60EB0B636701E3F790 libvorbisidec.so
03-01 19:42:13.910 13590 11225 F google-breakpad: M E736E000 00000000 00017000 CA20D957DED5068447648825DAEEDB700 liblzma.so
03-01 19:42:13.910 13590 11225 F google-breakpad: M E7385000 00000000 00183000 6004CF8C5D8E721A997E9A867FF0A3460 libicui18n.so
03-01 19:42:13.911 13590 11225 F google-breakpad: M E7514000 00000000 00003000 37CF91CEBF39AEE87A924649F1BDF5A00 libhardware.so
03-01 19:42:13.911 13590 11225 F google-breakpad: M E7519000 00000000 00007000 AE7E59A1AA36F4FCE9DD63D9C520EA2C0 libnativehelper.so
03-01 19:42:13.911 13590 11225 F google-breakpad: M E7522000 00000000 00005000 DB51F0B4B2FCFC6A545EDBE2418515DF0 libpowermanager.so
03-01 19:42:13.911 13590 11225 F google-breakpad: M E752A000 00000000 00084000 66FC1D6404E9E2689D2842A3EFE4BC3B0 libc.so
03-01 19:42:13.911 13590 11225 F google-breakpad: M E75BC000 00000000 00004000 9BB1015E0A97D58C48E8AF0751F5820B0 libETC1.so
03-01 19:42:13.911 13590 11225 F google-breakpad: M E75C2000 00000000 00025000 98281ABE14C668D18D09B0A19409CB760 libssl.so
03-01 19:42:13.911 13590 11225 F google-breakpad: M E75D7000 00000000 00167000 80DBD6FC2E0A7391D2716698C06ECAD40 libstagefright.so
03-01 19:42:13.911 13590 11225 F google-breakpad: M E7755000 00000000 0007B000 2442C8B2578D56AB4603BAD90D8EB3780 libhwui.so
03-01 19:42:13.911 13590 11225 F google-breakpad: M E77D5000 00000000 00003000 3C09A7FE9AF9361948ABF41D8F8468C90 libstagefright_enc_common.so
03-01 19:42:13.911 13590 11225 F google-breakpad: M E77DA000 00000000 00006000 DFA4C1A214FCAF04901BA110F37AD5960 libtiff_directory.so
03-01 19:42:13.911 13590 11225 F google-breakpad: M E77E3000 00000000 00018000 B9A2F4FCCEF2DEF92EC928E3D8B9580C0 libutils.so
03-01 19:42:13.911 13590 11225 F google-breakpad: M E77FD000 00000000 0003C000 B9197B02A76D5D1662932DCBF1A5C8D10 libRScpp.so
03-01 19:42:13.911 13590 11225 F google-breakpad: M E783B000 00000000 00008000 D826D952724AD914F4863615487803B70 libcamera_metadata.so
03-01 19:42:13.911 13590 11225 F google-breakpad: M E7846000 00000000 00006000 CA474EC151AF16C5D1BF5F7BAF4367760 libhardware_legacy.so
03-01 19:42:13.911 13590 11225 F google-breakpad: M E7849000 00000000 00039000 4A887A5D24E5082456D744595B4581AD0 libcamera_client.so
03-01 19:42:13.911 13590 11225 F google-breakpad: M E788C000 00000000 00008000 6C73E9ADCA4548750B5693CBB45CDF8A0 libGLESv1_CM.so
03-01 19:42:13.911 13590 11225 F google-breakpad: M E788F000 00000000 00488000 6E347BACB774EEA0C14F4E6FB5DC48230 libpdfium.so
03-01 19:42:13.911 13590 11225 F google-breakpad: M E7D27000 00000000 0000D000 CD485195A074BA302DFF9BE2FC271FF60 libbacktrace.so
03-01 19:42:13.911 13590 11225 F google-breakpad: M E7D37000 00000000 00055000 9E6C981BAB78F9644E7D77FFBA669CD00 libsonivox.so
03-01 19:42:13.911 13590 11225 F google-breakpad: M E7D93000 00000000 00016000 BD9662D6B39A14B10726B04697BC7E440 libz.so
03-01 19:42:13.911 13590 11225 F google-breakpad: M E7DAB000 00000000 00030000 979EC6EBE9153FF397D19C57293EF3300 libstagefright_omx.so
03-01 19:42:13.912 13590 11225 F google-breakpad: M E7DDF000 00000000 00004000 7356A81C0C66C5216EB882D0782024F70 libusbhost.so
03-01 19:42:13.912 13590 11225 F google-breakpad: M E7DE6000 00000000 0004C000 BA2390B8790A772C9C354E3187B5CA220 libharfbuzz_ng.so
03-01 19:42:13.912 13590 11225 F google-breakpad: M E7E35000 00000000 00003000 C22D2A350064BE6D2EA7FDEC75F2CD420 libstagefright_http_support.so
03-01 19:42:13.912 13590 11225 F google-breakpad: M E7E25000 00000000 003A6000 3DB540246DCCDAB52EC473FEFE6851090 libskia.so
03-01 19:42:13.912 13590 11225 F google-breakpad: M E81F1000 00000000 0001F000 33FDCD8150CE77EC3BDACE492CE579E50 libm.so
03-01 19:42:13.912 13590 11225 F google-breakpad: M E8212000 00000000 0003B000 4CC0ABC448DE0D21AFAD11FF7DD2660C0 libjpeg.so
03-01 19:42:13.912 13590 11225 F google-breakpad: M E84CC000 00000000 0002B000 7832868C236186387C806A9D1224C4B60 libopenjdk.so
03-01 19:42:13.912 13590 11225 F google-breakpad: M E8508000 00000000 00003000 2898E0130E6A0301D1CCBD827B8E7A640 memtrack.msm8996.so
03-01 19:42:13.912 13590 11225 F google-breakpad: M E8510000 00000000 00008000 591C6AE1571D584027AB6FC87C36D2590 libopenjdkjvm.so
03-01 19:42:13.912 13590 11225 F google-breakpad: M E851E000 00000000 00029000 9F939287E10A5AA1E53D8139A09945110 libjavacore.so
03-01 19:42:13.912 13590 11225 F google-breakpad: M E8551000 00000000 0000F000 9D4E85D6BC03445A1DBAA3264E069B2E0 libmediadrm.so
03-01 19:42:13.912 13590 11225 F google-breakpad: M E8563000 00000000 00011000 ACFB61A3E4772A72F7E996B9C6AD67260 libmediandk.so
03-01 19:42:13.912 13590 11225 F google-breakpad: M E8576000 00000000 00016000 9429BB98826BC828A6CDFB9D6C94DCCC0 libcamera2ndk.so
03-01 19:42:13.912 13590 11225 F google-breakpad: M E85F1000 00000000 00013000 8FF810369B03D914F53DC7F69A5990070 libandroid.so
03-01 19:42:13.912 13590 11225 F google-breakpad: M E862B000 00000000 00004000 81AB43AFE00F9C07837048496AD987790 libwebviewchromium_plat_support.so
03-01 19:42:13.912 13590 11225 F google-breakpad: M E8631000 00000000 00004000 1E19ACB9CD19969377B9ABA7E2FD2E500 libOpenSLES.so
03-01 19:42:13.912 13590 11225 F google-breakpad: M E863B000 00000000 00010000 36E29785E7EDFE2289C1FCC9834321B00 libGLESv3.so
03-01 19:42:13.912 13590 11225 F google-breakpad: M E870F000 00000000 00004000 4039E5FFC6F5B05D177EBA4A611CA7D90 libOpenMAXAL.so
03-01 19:42:13.912 13590 11225 F google-breakpad: M E873B000 00000000 00003000 B3A1529A9164193FDA662758E92A31E00 libjnigraphics.so
03-01 19:42:13.912 13590 11225 F google-breakpad: M E8777000 00000000 00003000 0AC609307E2D45FE43985D9A2683CFA90 libsigchain.so
03-01 19:42:13.912 13590 11225 F google-breakpad: M E877C000 00000000 0000A000 237BDAE1F53BAF8818E3EA974941F5770 liblz4.so
03-01 19:42:13.912 13590 11225 F google-breakpad: M E8855000 00000000 0005F000 7E5891142E9BB7DDC7CD25A1F463349D0 linker
03-01 19:42:13.912 13590 11225 F google-breakpad: -----END BREAKPAD MICRODUMP-----
03-01 19:42:13.945 11225 11225 F libc    : Fatal signal 6 (SIGABRT), code -6 in tid 11225 (ci.bank.imobile)
03-01 19:42:14.052 13592 13592 F DEBUG   : *** *** *** *** *** *** *** *** *** *** *** *** *** *** *** ***
03-01 19:42:14.052 13592 13592 F DEBUG   : Build fingerprint: 'google/sailfish/sailfish:7.1.1/NOF26V/3636322:user/release-keys'
03-01 19:42:14.052 13592 13592 F DEBUG   : Revision: '0'
03-01 19:42:14.052 13592 13592 F DEBUG   : ABI: 'arm'
03-01 19:42:14.052 13592 13592 F DEBUG   : pid: 11225, tid: 11225, name: ci.bank.imobile  >>> com.csam.icici.bank.imobile <<<
03-01 19:42:14.052 13592 13592 F DEBUG   : signal 6 (SIGABRT), code -6 (SI_TKILL), fault addr --------
03-01 19:42:14.062 13592 13592 F DEBUG   : Abort message: '[FATAL:jni_android.cc(236)] Please include Java exception stack in crash report
03-01 19:42:14.062 13592 13592 F DEBUG   : '
03-01 19:42:14.062 13592 13592 F DEBUG   :     r0 00000000  r1 00002bd9  r2 00000006  r3 00000008
03-01 19:42:14.062 13592 13592 F DEBUG   :     r4 e88ba58c  r5 00000006  r6 e88ba534  r7 0000010c
03-01 19:42:14.062 13592 13592 F DEBUG   :     r8 e75b6008  r9 ffafaeec  sl 00000000  fp 00100021
03-01 19:42:14.062 13592 13592 F DEBUG   :     ip 0000000b  sp ffafaa40  lr e75715c7  pc e7573e30  cpsr 600f0010
03-01 19:42:14.073 13592 13592 F DEBUG   : 
03-01 19:42:14.073 13592 13592 F DEBUG   : backtrace:
03-01 19:42:14.073 13592 13592 F DEBUG   :     #00 pc 00049e30  /system/lib/libc.so (tgkill+12)
03-01 19:42:14.073 13592 13592 F DEBUG   :     #01 pc 000475c3  /system/lib/libc.so (pthread_kill+34)
03-01 19:42:14.074 13592 13592 F DEBUG   :     #02 pc 0001d635  /system/lib/libc.so (raise+10)
03-01 19:42:14.074 13592 13592 F DEBUG   :     #03 pc 00019181  /system/lib/libc.so (__libc_android_abort+34)
03-01 19:42:14.074 13592 13592 F DEBUG   :     #04 pc 00017048  /system/lib/libc.so (abort+4)
03-01 19:42:14.074 13592 13592 F DEBUG   :     #05 pc 008fa231  /data/app/com.android.chrome-1/base.apk (offset 0x4236000)
03-02 17:13:39.225 27842 29452 F libc    : Fatal signal 11 (SIGSEGV), code 2, fault addr 0xc9ffcdcc in tid 29452 (pool-4-thread-2)
03-04 22:04:17.286 27353 22118 E AndroidRuntime: FATAL EXCEPTION: AsyncTask #5
03-04 22:04:17.286 27353 22118 E AndroidRuntime: Process: com.csam.icici.bank.imobile, PID: 27353
03-04 22:04:17.286 27353 22118 E AndroidRuntime: java.lang.RuntimeException: An error occurred while executing doInBackground()
03-04 22:04:17.286 27353 22118 E AndroidRuntime: 	at android.os.AsyncTask$3.done(AsyncTask.java:325)
03-04 22:04:17.286 27353 22118 E AndroidRuntime: 	at java.util.concurrent.FutureTask.finishCompletion(FutureTask.java:354)
03-04 22:04:17.286 27353 22118 E AndroidRuntime: 	at java.util.concurrent.FutureTask.setException(FutureTask.java:223)
03-04 22:04:17.286 27353 22118 E AndroidRuntime: 	at java.util.concurrent.FutureTask.run(FutureTask.java:242)
03-04 22:04:17.286 27353 22118 E AndroidRuntime: 	at android.os.AsyncTask$SerialExecutor$1.run(AsyncTask.java:243)
03-04 22:04:17.286 27353 22118 E AndroidRuntime: 	at java.util.concurrent.ThreadPoolExecutor.runWorker(ThreadPoolExecutor.java:1133)
03-04 22:04:17.286 27353 22118 E AndroidRuntime: 	at java.util.concurrent.ThreadPoolExecutor$Worker.run(ThreadPoolExecutor.java:607)
03-04 22:04:17.286 27353 22118 E AndroidRuntime: 	at java.lang.Thread.run(Thread.java:761)
03-04 22:04:17.286 27353 22118 E AndroidRuntime: Caused by: java.lang.IllegalStateException: Must Initialize Fabric before using singleton()
03-04 22:04:17.286 27353 22118 E AndroidRuntime: 	at a.a.a.a.c.a(SourceFile:516)
03-04 22:04:17.286 27353 22118 E AndroidRuntime: 	at com.a.a.a.e(SourceFile:188)
03-04 22:04:17.286 27353 22118 E AndroidRuntime: 	at com.a.a.a.a(SourceFile:207)
03-04 22:04:17.286 27353 22118 E AndroidRuntime: 	at com.csam.icici.bank.imobile.K.a(SourceFile:216)
03-04 22:04:17.286 27353 22118 E AndroidRuntime: 	at com.csam.icici.bank.imobile.K.doInBackground(SourceFile:1)
03-04 22:04:17.286 27353 22118 E AndroidRuntime: 	at android.os.AsyncTask$2.call(AsyncTask.java:305)
03-04 22:04:17.286 27353 22118 E AndroidRuntime: 	at java.util.concurrent.FutureTask.run(FutureTask.java:237)
03-04 22:04:17.286 27353 22118 E AndroidRuntime: 	... 4 more
--------- beginning of system
03-07 18:22:53.695  4918  7363 E ActivityThread: Failed to find provider info for com.google.android.wearable.settings
03-07 18:22:53.803  1059 13377 I chatty  : uid=1000(system) Binder:1059_1E expire 3 lines
03-07 18:22:54.027  1059  5102 I chatty  : uid=1000(system) Binder:1059_F expire 2 lines
03-07 18:22:54.224  1059  2325 I chatty  : uid=1000(system) Binder:1059_B expire 3 lines
03-07 18:23:45.481  1059 12422 I chatty  : uid=1000(system) Binder:1059_16 expire 2 lines
03-07 18:23:45.534  1059 13089 I chatty  : uid=1000(system) Binder:1059_1B expire 1 line
03-07 18:24:23.352  2251  2263 I AlwaysOnHotwordDetector: onDetected
03-07 18:24:25.630  1059  9591 I chatty  : uid=1000(system) Binder:1059_14 expire 1 line
03-07 18:24:28.768  1059  1059 I chatty  : uid=1000 system_server expire 23 lines
03-07 18:24:28.769  2251  2263 I AlwaysOnHotwordDetector: onRecognitionResumed
03-07 18:25:17.580  1059  1128 I chatty  : uid=1000(system) PowerManagerSer expire 14 lines
03-07 18:25:17.582  1059  1125 I chatty  : uid=1000(system) android.display expire 11 lines
03-07 18:25:48.431  1059 13088 I chatty  : uid=1000(system) Binder:1059_1A expire 1 line
03-07 18:26:03.724  1059  8664 I chatty  : uid=1000(system) Binder:1059_13 expire 2 lines
03-07 18:26:03.783  1059  9592 I chatty  : uid=1000(system) Binder:1059_15 expire 8 lines
03-07 18:26:30.795  4918  6229 E ActivityThread: Failed to find provider info for com.google.android.wearable.settings
03-07 18:30:53.667  1059  1834 I chatty  : uid=1000(system) Binder:1059_6 expire 1 line
03-07 18:30:54.330  1059  1128 I chatty  : uid=1000(system) PowerManagerSer expire 3 lines
03-07 18:30:54.519  1059  2327 I chatty  : uid=1000(system) Binder:1059_C expire 4 lines
03-07 18:30:54.620  1059  2323 I chatty  : uid=1000(system) Binder:1059_A expire 1 line
03-07 18:30:54.852  1059  2295 I chatty  : uid=1000(system) Binder:1059_7 expire 2 lines
03-07 18:32:16.871  1059  1101 I chatty  : uid=1000(system) android.bg expire 2 lines
03-07 18:34:10.900  1059  1454 I chatty  : uid=1000(system) AlarmManager expire 1 line
03-07 18:35:11.936  1059 13090 I chatty  : uid=1000(system) Binder:1059_1C expire 1 line
03-07 18:38:46.482  1059  7576 I chatty  : uid=1000(system) Binder:1059_10 expire 1 line
03-07 18:38:46.489  1059  1074 I chatty  : uid=1000(system) Binder:1059_1 expire 8 lines
03-07 18:38:46.508  1059  8149 I chatty  : uid=1000 system_server expire 1 line
03-07 18:38:46.536  1059  1770 I chatty  : uid=1000(system) uteStateMachine expire 7 lines
03-07 18:38:46.543  1059  8158 I chatty  : uid=1000 system_server expire 2 lines
03-07 18:38:46.581  2251  2270 I AlwaysOnHotwordDetector: onRecognitionPaused
03-07 18:38:46.700  1059  1059 I chatty  : uid=1000 system_server expire 3 lines
03-07 18:38:46.932  1059 13084 I chatty  : uid=1000(system) Binder:1059_17 expire 1 line
03-07 18:38:46.951  1059  1123 I chatty  : uid=1000(system) android.fg expire 3 lines
03-07 18:38:47.267  1059  1125 I chatty  : uid=1000(system) android.display expire 9 lines
03-07 18:38:47.277  1059  1128 I chatty  : uid=1000(system) PowerManagerSer expire 7 lines
03-07 18:38:47.287  1059  1059 I chatty  : uid=1000 system_server expire 11 lines
03-07 18:38:47.305  1059 13378 I chatty  : uid=1000(system) Binder:1059_1F expire 2 lines
03-07 18:38:52.231  1059  1726 I chatty  : uid=1000(system) Binder:1059_4 expire 3 lines
03-07 18:38:52.232  1059  1772 I chatty  : uid=1000(system) CallAudioModeSt expire 12 lines
03-07 18:38:52.234  1059  8158 I chatty  : uid=1000 system_server expire 1 line
03-07 18:38:52.548  1059  2313 I chatty  : uid=1000(system) Binder:1059_9 expire 16 lines
03-07 18:38:52.561  1059  1102 I chatty  : uid=1000(system) ActivityManager expire 13 lines
03-07 18:38:52.572  1059  1770 I chatty  : uid=1000(system) uteStateMachine expire 12 lines
03-07 18:39:03.124  1059  1075 I chatty  : uid=1000(system) Binder:1059_2 expire 21 lines
03-07 18:39:03.219  2251  2270 I AlwaysOnHotwordDetector: onRecognitionResumed
03-07 18:39:03.291  1059  2323 I chatty  : uid=1000(system) Binder:1059_A expire 4 lines
03-07 18:39:05.317  1059 13090 I chatty  : uid=1000(system) Binder:1059_1C expire 7 lines
03-07 18:39:05.433  1059  1735 I chatty  : uid=1000(system) Binder:1059_5 expire 1 line
03-07 18:39:09.091  1059  7577 I chatty  : uid=1000(system) Binder:1059_11 expire 4 lines
03-07 18:39:09.960  1059  1457 I chatty  : uid=1000(system) InputReader expire 1 line
03-07 18:43:39.650  2251  2263 I AlwaysOnHotwordDetector: onDetected
03-07 18:43:39.984  1059  2313 I chatty  : uid=1000(system) Binder:1059_9 expire 2 lines
03-07 18:43:41.894  1059  5048 I chatty  : uid=1000(system) Binder:1059_D expire 2 lines
03-07 18:43:44.987  1059  1059 I chatty  : uid=1000 system_server expire 24 lines
03-07 18:43:44.988  2251 23306 I AlwaysOnHotwordDetector: onRecognitionResumed
03-07 18:45:59.953  2251  2270 I AlwaysOnHotwordDetector: onDetected
03-07 18:46:00.094  1059  2297 I chatty  : uid=1000(system) Binder:1059_8 expire 23 lines
03-07 18:46:02.415  1059 13088 I chatty  : uid=1000(system) Binder:1059_1A expire 9 lines
03-07 18:46:02.468  1059  1075 I chatty  : uid=1000(system) Binder:1059_2 expire 1 line
03-07 18:46:05.249  2251  2270 I AlwaysOnHotwordDetector: onRecognitionResumed
03-07 18:48:00.900  1059  1454 I chatty  : uid=1000(system) AlarmManager expire 2 lines
03-07 18:48:02.515  1059  1834 I chatty  : uid=1000(system) Binder:1059_6 expire 2 lines
03-07 18:48:02.668  1059  1107 I chatty  : uid=1000(system) batterystats-sy expire 2 lines
03-07 18:48:03.289  1059 13091 I chatty  : uid=1000(system) Binder:1059_1D expire 1 line
03-07 18:48:03.368  1059 12422 I chatty  : uid=1000(system) Binder:1059_16 expire 2 lines
03-07 18:48:03.427  1059  9592 I chatty  : uid=1000(system) Binder:1059_15 expire 2 lines
03-07 18:48:03.506  1059  1105 I chatty  : uid=1000(system) ActivityManager expire 1 line
03-07 18:48:03.870  1059  1124 I chatty  : uid=1000(system) android.io expire 4 lines
03-07 18:48:05.054  1059  1074 I chatty  : uid=1000(system) Binder:1059_1 expire 1 line
03-07 18:48:05.074  1059  2295 I chatty  : uid=1000(system) Binder:1059_7 expire 2 lines
03-07 18:48:05.074  1059 13085 I chatty  : uid=1000(system) Binder:1059_18 expire 1 line
03-07 18:48:06.015  1059  1101 I chatty  : uid=1000(system) android.bg expire 1 line
03-07 18:48:11.583  1059  1491 I chatty  : uid=1000(system) ConnectivitySer expire 1 line
03-07 19:02:10.884  1059  2327 I chatty  : uid=1000(system) Binder:1059_C expire 7 lines
03-07 19:02:36.823  1059  1104 I chatty  : uid=1000(system) android.ui expire 1 line
03-07 19:03:16.738  1059  9023 I chatty  : uid=1000 system_server expire 1 line
03-07 19:03:16.756  1059  1770 I chatty  : uid=1000(system) uteStateMachine expire 15 lines
03-07 19:03:16.764  1059  9030 I chatty  : uid=1000 system_server expire 3 lines
03-07 19:03:16.797  2251 23306 I AlwaysOnHotwordDetector: onRecognitionPaused
03-07 19:03:16.806  1059  1059 I chatty  : uid=1000 system_server expire 8 lines
03-07 19:03:17.019  1059 13089 I chatty  : uid=1000(system) Binder:1059_1B expire 1 line
03-07 19:03:17.220  1059  9591 I chatty  : uid=1000(system) Binder:1059_14 expire 1 line
03-07 19:03:18.880  1059  2325 I chatty  : uid=1000(system) Binder:1059_B expire 2 lines
03-07 19:03:18.885  1059  8663 I chatty  : uid=1000(system) Binder:1059_12 expire 2 lines
03-07 19:03:19.220  1059  1772 I chatty  : uid=1000(system) CallAudioModeSt expire 2 lines
03-07 19:03:19.226  1059  1102 I chatty  : uid=1000(system) ActivityManager expire 10 lines
03-07 19:03:19.289  2251 23306 I AlwaysOnHotwordDetector: onRecognitionResumed
03-07 19:03:19.510  1059  1059 I chatty  : uid=1000 system_server expire 11 lines
03-07 19:03:19.566  1059  5048 I chatty  : uid=1000(system) Binder:1059_D expire 11 lines
03-07 19:03:29.859  1059  1128 I chatty  : uid=1000(system) PowerManagerSer expire 11 lines
03-07 19:03:30.414  1059  1125 I chatty  : uid=1000(system) android.display expire 11 lines
03-07 19:03:30.670  1059  1123 I chatty  : uid=1000(system) android.fg expire 7 lines
03-07 19:04:01.079  1059  2297 I chatty  : uid=1000(system) Binder:1059_8 expire 4 lines
03-07 19:04:40.439  2251 23306 I AlwaysOnHotwordDetector: onDetected
03-07 19:04:42.686  1059  1075 I chatty  : uid=1000(system) Binder:1059_2 expire 9 lines
03-07 19:04:45.687  2251  2270 I AlwaysOnHotwordDetector: onRecognitionResumed
03-07 19:05:04.824  1059  1454 I chatty  : uid=1000(system) AlarmManager expire 7 lines
03-07 19:05:31.901  1059 13091 I chatty  : uid=1000(system) Binder:1059_1D expire 2 lines
03-07 19:07:25.975  1059  2327 I chatty  : uid=1000(system) Binder:1059_C expire 3 lines
03-07 19:07:26.175  9191  9191 D ActivityThread: Loading provider com.whatsapp.provider.contact: com.whatsapp.contact.ContactProvider
03-07 19:07:26.887  1059 13378 I chatty  : uid=1000(system) Binder:1059_1F expire 5 lines
03-07 19:07:28.802  1059  5049 I chatty  : uid=1000(system) Binder:1059_E expire 5 lines
03-07 19:07:28.842  1059  1726 I chatty  : uid=1000(system) Binder:1059_4 expire 10 lines
03-07 19:08:39.860  1059  1483 I chatty  : uid=1000(system) NetworkStats expire 1 line
03-07 19:08:39.984  1059  1484 I chatty  : uid=1000(system) NetworkPolicy expire 1 line
03-07 19:11:52.748  1059  5102 I chatty  : uid=1000(system) Binder:1059_F expire 3 lines
03-07 19:11:52.813  1059  7576 I chatty  : uid=1000(system) Binder:1059_10 expire 3 lines
03-07 19:11:53.172  1059  1500 I chatty  : uid=1000(system) Binder:1059_3 expire 6 lines
03-07 19:11:53.734  1059  1834 I chatty  : uid=1000(system) Binder:1059_6 expire 5 lines
03-07 19:11:54.501  1059 12422 I chatty  : uid=1000(system) Binder:1059_16 expire 2 lines
03-07 19:11:55.092  1059  2325 I chatty  : uid=1000(system) Binder:1059_B expire 4 lines
03-07 19:12:14.043  2251 23306 I AlwaysOnHotwordDetector: onDetected
03-07 19:12:19.319  2251 23306 I AlwaysOnHotwordDetector: onRecognitionResumed
03-07 19:13:52.831  1059  1101 I chatty  : uid=1000(system) android.bg expire 4 lines
03-07 19:13:52.882  1059  8663 I chatty  : uid=1000(system) Binder:1059_12 expire 3 lines
03-07 19:13:52.931  1059  8664 I chatty  : uid=1000(system) Binder:1059_13 expire 9 lines
03-07 19:13:52.932  1059  1491 I chatty  : uid=1000(system) ConnectivitySer expire 8 lines
03-07 19:14:02.022  1059 13087 I chatty  : uid=1000(system) Binder:1059_19 expire 3 lines
03-07 19:16:28.004  1059 13377 I chatty  : uid=1000(system) Binder:1059_1E expire 4 lines
03-07 19:16:29.453  1059 13089 I chatty  : uid=1000(system) Binder:1059_1B expire 3 lines
03-07 19:17:37.847  1059  1107 I chatty  : uid=1000(system) batterystats-sy expire 10 lines
03-07 19:18:13.570  1059  9591 I chatty  : uid=1000(system) Binder:1059_14 expire 3 lines
03-07 19:18:13.733  1059  1105 I chatty  : uid=1000(system) ActivityManager expire 2 lines
03-07 19:18:14.115  1059  1124 I chatty  : uid=1000(system) android.io expire 6 lines
03-07 19:18:14.118  1059  1735 I chatty  : uid=1000(system) Binder:1059_5 expire 3 lines
03-07 19:18:15.427  1059  1074 I chatty  : uid=1000(system) Binder:1059_1 expire 3 lines
03-07 19:18:15.592  1059  2295 I chatty  : uid=1000(system) Binder:1059_7 expire 3 lines
03-07 19:33:03.835  1059  1104 I chatty  : uid=1000(system) android.ui expire 1 line
03-07 19:45:01.028 10199 10330 E ActivityThread: Failed to find provider info for com.sonyericsson.extras.liveware.aef.notification
03-07 19:49:25.610  1059  2313 I chatty  : uid=1000(system) Binder:1059_9 expire 4 lines
03-07 19:49:25.621  1059  2248 I chatty  : uid=1000(system) backup expire 1 line
03-07 19:50:02.891 10199 10395 E ActivityThread: Failed to find provider info for com.sonyericsson.extras.liveware.aef.notification
03-07 19:55:03.994 10199 10419 E ActivityThread: Failed to find provider info for com.sonyericsson.extras.liveware.aef.notification
03-07 20:00:04.914 10199 10453 E ActivityThread: Failed to find provider info for com.sonyericsson.extras.liveware.aef.notification
03-07 20:00:05.089  1059  1128 I chatty  : uid=1000(system) PowerManagerSer expire 16 lines
03-07 20:00:05.560  1059 17775 I chatty  : uid=1000(system) Binder:1059_20 expire 2 lines
03-07 20:02:42.985  4918 10410 E ActivityThread: Failed to find provider info for com.google.android.wearable.settings
03-07 20:03:37.924  4918 10410 E ActivityThread: Failed to find provider info for com.google.android.wearable.settings
03-07 20:04:02.488  4918 10090 E ActivityThread: Failed to find provider info for com.google.android.wearable.settings
03-07 20:05:02.952  4918 10090 E ActivityThread: Failed to find provider info for com.google.android.wearable.settings
03-07 20:05:05.090 10562 10597 E ActivityThread: Failed to find provider info for com.sonyericsson.extras.liveware.aef.notification
03-07 20:06:05.018  4918 10090 E ActivityThread: Failed to find provider info for com.google.android.wearable.settings
03-07 20:08:09.120  1059 13085 I chatty  : uid=1000(system) Binder:1059_18 expire 2 lines
03-07 20:08:10.271  1059 13088 I chatty  : uid=1000(system) Binder:1059_1A expire 2 lines
03-07 20:08:10.490 10685 10685 D ActivityThread: Loading provider com.whatsapp.provider.contact: com.whatsapp.contact.ContactProvider
03-07 20:10:06.894 10562 10763 E ActivityThread: Failed to find provider info for com.sonyericsson.extras.liveware.aef.notification
03-07 20:10:26.319  1059  7577 I chatty  : uid=1000(system) Binder:1059_11 expire 3 lines
03-07 20:14:13.104  4918 10794 E ActivityThread: Failed to find provider info for com.google.android.wearable.settings
03-07 20:15:08.028 10562 10837 E ActivityThread: Failed to find provider info for com.sonyericsson.extras.liveware.aef.notification
03-07 20:18:12.890  4918  9124 E ActivityThread: Failed to find provider info for com.google.android.wearable.settings
03-07 20:20:08.234 10562 10903 E ActivityThread: Failed to find provider info for com.sonyericsson.extras.liveware.aef.notification
03-07 20:25:08.994 10562 10939 E ActivityThread: Failed to find provider info for com.sonyericsson.extras.liveware.aef.notification
03-07 20:28:34.082  4918 10931 E ActivityThread: Failed to find provider info for com.google.android.wearable.settings
03-07 20:29:04.916  4918 10931 E ActivityThread: Failed to find provider info for com.google.android.wearable.settings
03-07 20:30:10.994  4918  8972 E ActivityThread: Failed to find provider info for com.google.android.wearable.settings
03-07 20:30:11.015 10562 10987 E ActivityThread: Failed to find provider info for com.sonyericsson.extras.liveware.aef.notification
03-07 20:30:16.858  1059  1125 I chatty  : uid=1000(system) android.display expire 7 lines
03-07 20:30:19.355  1059  1059 I chatty  : uid=1000 system_server expire 11 lines
03-07 20:30:34.165  1059  5048 I chatty  : uid=1000(system) Binder:1059_D expire 3 lines
03-07 20:30:34.932  1059 13084 I chatty  : uid=1000(system) Binder:1059_17 expire 2 lines
03-07 20:30:38.240  1059  1456 I chatty  : uid=1000(system) InputDispatcher expire 1 line
03-07 20:30:39.620  1059  1457 I chatty  : uid=1000(system) InputReader expire 2 lines
03-07 20:31:09.254  1059  1107 I chatty  : uid=1000(system) batterystats-sy expire 3 lines
03-07 20:31:16.919  1059 13090 I chatty  : uid=1000(system) Binder:1059_1C expire 1 line
03-07 20:31:24.229  1059  1487 I chatty  : uid=1000(system) WifiStateMachin expire 1 line
03-07 20:31:24.596  1059  7577 I chatty  : uid=1000(system) Binder:1059_11 expire 3 lines
03-07 20:31:24.597  1059  1074 I chatty  : uid=1000(system) Binder:1059_1 expire 8 lines
03-07 20:31:24.617  1059 13090 I chatty  : uid=1000(system) Binder:1059_1C expire 5 lines
03-07 20:31:24.625  1059  8663 I chatty  : uid=1000(system) Binder:1059_12 expire 7 lines
03-07 20:31:24.625  1059 12422 I chatty  : uid=1000(system) Binder:1059_16 expire 8 lines
03-07 20:31:24.627  1059 13377 I chatty  : uid=1000(system) Binder:1059_1E expire 7 lines
03-07 20:31:24.670  1059  9592 I chatty  : uid=1000(system) Binder:1059_15 expire 9 lines
03-07 20:31:24.707  1059 13084 I chatty  : uid=1000(system) Binder:1059_17 expire 4 lines
03-07 20:31:24.707  1059 13088 I chatty  : uid=1000(system) Binder:1059_1A expire 7 lines
03-07 20:31:24.716  1059 13378 I chatty  : uid=1000(system) Binder:1059_1F expire 10 lines
03-07 20:31:24.718  1059  2323 I chatty  : uid=1000(system) Binder:1059_A expire 9 lines
03-07 20:31:25.273  1059  1101 I chatty  : uid=1000(system) android.bg expire 4 lines
03-07 20:31:25.624 11569 11601 D ActivityThread: Loading provider com.google.android.gmail.provider;com.android.mail.notifier;com.google.android.gm.email.provider;com.google.android.gm.tasks.provider;com.google.android.gm.email.notifier: com.android.email.provider.EmailProvider
03-07 20:31:25.625  1059  2297 I chatty  : uid=1000(system) Binder:1059_8 expire 5 lines
03-07 20:31:25.843  1059 13091 I chatty  : uid=1000(system) Binder:1059_1D expire 4 lines
03-07 20:31:25.972  1059  1726 I chatty  : uid=1000(system) Binder:1059_4 expire 5 lines
03-07 20:31:26.056  1059 17775 I chatty  : uid=1000(system) Binder:1059_20 expire 6 lines
03-07 20:31:26.540  1059  5102 I chatty  : uid=1000(system) Binder:1059_F expire 5 lines
03-07 20:31:26.708  1059  1834 I chatty  : uid=1000(system) Binder:1059_6 expire 4 lines
03-07 20:31:26.784  1059  1102 I chatty  : uid=1000(system) ActivityManager expire 10 lines
03-07 20:31:26.902  1059 13087 I chatty  : uid=1000(system) Binder:1059_19 expire 5 lines
03-07 20:31:26.951  1059  7576 I chatty  : uid=1000(system) Binder:1059_10 expire 8 lines
03-07 20:31:27.007  1059  1075 I chatty  : uid=1000(system) Binder:1059_2 expire 5 lines
03-07 20:31:27.386  1059  2327 I chatty  : uid=1000(system) Binder:1059_C expire 10 lines
03-07 20:31:27.431  1059  1735 I chatty  : uid=1000(system) Binder:1059_5 expire 9 lines
03-07 20:31:27.531  1059 13089 I chatty  : uid=1000(system) Binder:1059_1B expire 6 lines
03-07 20:31:27.657  1059  5048 I chatty  : uid=1000(system) Binder:1059_D expire 7 lines
03-07 20:31:28.042  1059  1500 I chatty  : uid=1000(system) Binder:1059_3 expire 7 lines
03-07 20:31:28.415  1059  2295 I chatty  : uid=1000(system) Binder:1059_7 expire 9 lines
03-07 20:31:28.963  1059  2325 I chatty  : uid=1000(system) Binder:1059_B expire 4 lines
03-07 20:31:29.368  1059  9591 I chatty  : uid=1000(system) Binder:1059_14 expire 4 lines
03-07 20:31:29.924  1059  1491 I chatty  : uid=1000(system) ConnectivitySer expire 9 lines
03-07 20:31:33.158  1059  5049 I chatty  : uid=1000(system) Binder:1059_E expire 9 lines
03-07 20:31:35.204  1059  1105 I chatty  : uid=1000(system) ActivityManager expire 5 lines
03-07 20:31:36.212  1059  2313 I chatty  : uid=1000(system) Binder:1059_9 expire 4 lines
03-07 20:31:40.035 12342 12342 D ActivityThread: Loading provider com.whatsapp.provider.contact: com.whatsapp.contact.ContactProvider
03-07 20:31:47.681  1059  1107 I chatty  : uid=1000(system) batterystats-sy expire 10 lines
03-07 20:31:48.074  1059  1059 I chatty  : uid=1000 system_server expire 4 lines
03-07 20:31:51.506  1059  1124 I chatty  : uid=1000(system) android.io expire 2 lines
03-07 20:32:14.802  1059 13085 I chatty  : uid=1000(system) Binder:1059_18 expire 6 lines
03-07 20:32:20.028  1059  8664 I chatty  : uid=1000(system) Binder:1059_13 expire 1 line
03-07 20:33:04.892 26154 26154 V DeadZone: consuming errant click: (9.0,2.0)
03-07 20:33:22.215  1059  1456 I chatty  : uid=1000(system) InputDispatcher expire 1 line
03-07 20:35:24.478  1059 13378 I chatty  : uid=1000(system) Binder:1059_1F expire 5 lines
03-07 20:36:45.059  1059  1125 I chatty  : uid=1000(system) android.display expire 1 line
03-07 20:36:48.809  1059  1454 I chatty  : uid=1000(system) AlarmManager expire 1 line
03-07 20:36:48.935 13484 13503 D ActivityThread: Loading provider com.google.android.gmail.provider;com.android.mail.notifier;com.google.android.gm.email.provider;com.google.android.gm.tasks.provider;com.google.android.gm.email.notifier: com.android.email.provider.EmailProvider
03-07 20:37:11.627  1059  1107 I chatty  : uid=1000(system) batterystats-sy expire 2 lines
03-07 20:37:25.389  1059  1102 I chatty  : uid=1000(system) ActivityManager expire 14 lines
03-07 20:37:32.520  1059  1075 I chatty  : uid=1000(system) Binder:1059_2 expire 6 lines
03-07 20:37:32.554  1059  7576 I chatty  : uid=1000(system) Binder:1059_10 expire 4 lines
03-07 20:37:50.089  1059  1074 I chatty  : uid=1000(system) Binder:1059_1 expire 6 lines
03-07 20:38:09.321  1059  1107 I chatty  : uid=1000(system) batterystats-sy expire 18 lines
03-07 20:38:31.311  1059  9591 I chatty  : uid=1000(system) Binder:1059_14 expire 8 lines
03-07 20:38:31.530  1059 13090 I chatty  : uid=1000(system) Binder:1059_1C expire 2 lines
