03-08 08:02:36.457  1059  7576 I chatty  : uid=1000(system) Binder:1059_10 expire 4 lines
03-08 08:02:38.210  1059  1834 I chatty  : uid=1000(system) Binder:1059_6 expire 5 lines
03-08 08:02:38.307  1059 13377 I chatty  : uid=1000(system) Binder:1059_1E expire 10 lines
03-08 08:02:38.810  1059  2295 I chatty  : uid=1000(system) Binder:1059_7 expire 6 lines
03-08 08:02:39.368  1059  5049 I chatty  : uid=1000(system) Binder:1059_E expire 5 lines
03-08 08:02:39.464  1059  9592 I chatty  : uid=1000(system) Binder:1059_15 expire 5 lines
03-08 08:02:39.574  1059  7577 I chatty  : uid=1000(system) Binder:1059_11 expire 5 lines
03-08 08:02:39.591  1059  1105 I chatty  : uid=1000(system) ActivityManager expire 4 lines
03-08 08:02:39.623  1059  2313 I chatty  : uid=1000(system) Binder:1059_9 expire 5 lines
03-08 08:02:42.555  1059  1454 I chatty  : uid=1000(system) AlarmManager expire 1 line
03-08 08:02:42.968  1059  8664 I chatty  : uid=1000(system) Binder:1059_13 expire 11 lines
03-08 08:02:43.692  1059  1735 I chatty  : uid=1000(system) Binder:1059_5 expire 5 lines
03-08 08:02:44.103  1059  9591 I chatty  : uid=1000(system) Binder:1059_14 expire 6 lines
03-08 08:02:44.842  1059 13378 I chatty  : uid=1000(system) Binder:1059_1F expire 6 lines
03-08 08:02:44.866  1059  5048 I chatty  : uid=1000(system) Binder:1059_D expire 5 lines
03-08 08:02:51.079  1059  1059 I chatty  : uid=1000 system_server expire 11 lines
03-08 08:02:51.212  1059  2323 I chatty  : uid=1000(system) Binder:1059_A expire 3 lines
03-08 08:02:51.345  1059  1491 I chatty  : uid=1000(system) ConnectivitySer expire 13 lines
03-08 08:02:51.368  1059  1102 I chatty  : uid=1000(system) ActivityManager expire 12 lines
03-08 08:02:51.529  1059  1107 I chatty  : uid=1000(system) batterystats-sy expire 10 lines
03-08 08:02:52.493  1059  1500 I chatty  : uid=1000(system) Binder:1059_3 expire 4 lines
03-08 08:02:52.571  1059 13084 I chatty  : uid=1000(system) Binder:1059_17 expire 5 lines
03-08 08:02:52.572  1059 13088 I chatty  : uid=1000(system) Binder:1059_1A expire 4 lines
03-08 08:02:52.891  1059 17775 I chatty  : uid=1000(system) Binder:1059_20 expire 2 lines
03-08 08:02:52.910  1059  2297 I chatty  : uid=1000(system) Binder:1059_8 expire 2 lines
03-08 08:02:53.141  1059 13087 I chatty  : uid=1000(system) Binder:1059_19 expire 4 lines
03-08 08:02:53.666  1059  1075 I chatty  : uid=1000(system) Binder:1059_2 expire 5 lines
03-08 08:02:55.069  1059 13091 I chatty  : uid=1000(system) Binder:1059_1D expire 9 lines
03-08 08:02:57.254  1059  2327 I chatty  : uid=1000(system) Binder:1059_C expire 7 lines
03-08 08:02:57.726  1059  8663 I chatty  : uid=1000(system) Binder:1059_12 expire 4 lines
03-08 08:03:00.874  1059 12422 I chatty  : uid=1000(system) Binder:1059_16 expire 9 lines
03-08 08:03:12.620  1059  1457 I chatty  : uid=1000(system) InputReader expire 3 lines
03-08 08:03:13.397  1059  1125 I chatty  : uid=1000(system) android.display expire 11 lines
03-08 08:03:13.640  1059  1128 I chatty  : uid=1000(system) PowerManagerSer expire 14 lines
03-08 08:03:13.645  1059  1123 I chatty  : uid=1000(system) android.fg expire 4 lines
03-08 08:03:13.728  1059 13085 I chatty  : uid=1000(system) Binder:1059_18 expire 4 lines
03-08 08:03:15.433  1059  1726 I chatty  : uid=1000(system) Binder:1059_4 expire 1 line
03-08 08:03:44.010  1059 13090 I chatty  : uid=1000(system) Binder:1059_1C expire 4 lines
03-08 08:15:45.336  1059  1101 I chatty  : uid=1000(system) android.bg expire 4 lines
03-08 08:15:45.617  1059  2325 I chatty  : uid=1000(system) Binder:1059_B expire 3 lines
03-08 08:18:23.385  1059 13089 I chatty  : uid=1000(system) Binder:1059_1B expire 5 lines
03-08 08:18:30.701 26154 26154 V DeadZone: consuming errant click: (0.0,546.0)
03-08 08:18:30.907 26154 26154 V DeadZone: consuming errant click: (0.0,555.0)
03-08 08:18:31.151 26154 26154 V DeadZone: consuming errant click: (0.0,533.0)
03-08 08:18:31.441 26154 26154 V DeadZone: consuming errant click: (0.0,499.0)
03-08 08:18:31.771 26154 26154 V DeadZone: consuming errant click: (0.0,528.0)
03-08 08:18:32.084 26154 26154 V DeadZone: consuming errant click: (4.0,551.0)
03-08 08:18:32.355 26154 26154 V DeadZone: consuming errant click: (22.0,555.0)
03-08 08:18:32.651 26154 26154 V DeadZone: consuming errant click: (1.0,260.0)
03-08 08:18:32.897 26154 26154 V DeadZone: consuming errant click: (0.0,269.0)
03-08 08:18:33.560  1059  1104 I chatty  : uid=1000(system) android.ui expire 1 line
03-08 08:18:34.909  1059  1456 I chatty  : uid=1000(system) InputDispatcher expire 2 lines
03-08 08:18:59.077  1059  1487 I chatty  : uid=1000(system) WifiStateMachin expire 1 line
03-08 08:19:18.903  1059  1074 I chatty  : uid=1000(system) Binder:1059_1 expire 1 line
03-08 08:19:20.520  1059  1124 I chatty  : uid=1000(system) android.io expire 10 lines
03-08 08:19:22.671  4918  6609 E ActivityThread: Failed to find provider info for com.google.android.wearable.settings
03-08 08:22:07.185  1059  1491 I chatty  : uid=1000(system) ConnectivitySer expire 9 lines
03-08 08:22:07.307  1059  1735 I chatty  : uid=1000(system) Binder:1059_5 expire 6 lines
03-08 08:22:07.846  1059  5048 I chatty  : uid=1000(system) Binder:1059_D expire 5 lines
03-08 08:22:07.952  1059  7576 I chatty  : uid=1000(system) Binder:1059_10 expire 8 lines
03-08 08:22:12.592  1059  7577 I chatty  : uid=1000(system) Binder:1059_11 expire 3 lines
03-08 08:22:12.630  1059 13087 I chatty  : uid=1000(system) Binder:1059_19 expire 4 lines
03-08 08:22:12.825  1059 13377 I chatty  : uid=1000(system) Binder:1059_1E expire 4 lines
03-08 08:22:20.151  1059  1107 I chatty  : uid=1000(system) batterystats-sy expire 14 lines
03-08 08:22:20.982  1059  2323 I chatty  : uid=1000(system) Binder:1059_A expire 3 lines
03-08 08:22:21.008  1059  1726 I chatty  : uid=1000(system) Binder:1059_4 expire 8 lines
03-08 08:22:40.852  1059  5049 I chatty  : uid=1000(system) Binder:1059_E expire 4 lines
03-08 08:22:40.866  1059  5102 I chatty  : uid=1000(system) Binder:1059_F expire 4 lines
03-08 08:22:52.014  1059 13088 I chatty  : uid=1000(system) Binder:1059_1A expire 5 lines
03-08 08:22:52.853  1059 13089 I chatty  : uid=1000(system) Binder:1059_1B expire 6 lines
03-08 08:23:02.539  1059 13090 I chatty  : uid=1000(system) Binder:1059_1C expire 3 lines
03-08 08:23:46.667  1059  1127 I chatty  : uid=1000(system) CpuTracker expire 1 line
03-08 08:24:38.372  1059  1834 I chatty  : uid=1000(system) Binder:1059_6 expire 4 lines
03-08 08:24:38.373  1059 12422 I chatty  : uid=1000(system) Binder:1059_16 expire 15 lines
03-08 08:24:38.376  1059  9592 I chatty  : uid=1000(system) Binder:1059_15 expire 5 lines
03-08 08:24:38.419  1059 13378 I chatty  : uid=1000(system) Binder:1059_1F expire 1 line
03-08 08:24:38.419  1059  2325 I chatty  : uid=1000(system) Binder:1059_B expire 7 lines
03-08 08:24:39.434  1059  1102 I chatty  : uid=1000(system) ActivityManager expire 7 lines
03-08 08:25:27.549  1059  1128 I chatty  : uid=1000(system) PowerManagerSer expire 19 lines
03-08 08:25:27.600  1059  1059 I chatty  : uid=1000 system_server expire 13 lines
03-08 08:25:28.141  1059  1125 I chatty  : uid=1000(system) android.display expire 15 lines
03-08 08:25:28.358  1059  1123 I chatty  : uid=1000(system) android.fg expire 4 lines
03-08 08:25:32.572  1059  2297 I chatty  : uid=1000(system) Binder:1059_8 expire 4 lines
03-08 08:27:01.318  1059  2313 I chatty  : uid=1000(system) Binder:1059_9 expire 8 lines
03-08 08:27:05.518  1059  2295 I chatty  : uid=1000(system) Binder:1059_7 expire 3 lines
03-08 08:27:21.242  1059 13084 I chatty  : uid=1000(system) Binder:1059_17 expire 6 lines
03-08 08:27:24.206  1059  8663 I chatty  : uid=1000(system) Binder:1059_12 expire 5 lines
03-08 08:27:29.041  1059  1145 I chatty  : uid=1000(system) PackageManager expire 1 line
03-08 08:27:31.624  1059  8664 I chatty  : uid=1000(system) Binder:1059_13 expire 5 lines
03-08 08:27:43.420  1059  1500 I chatty  : uid=1000(system) Binder:1059_3 expire 1 line
03-08 08:27:45.852  1059 17775 I chatty  : uid=1000(system) Binder:1059_20 expire 9 lines
03-08 08:28:06.343  1059  1454 I chatty  : uid=1000(system) AlarmManager expire 2 lines
03-08 08:28:06.584  1059  1105 I chatty  : uid=1000(system) ActivityManager expire 5 lines
03-08 08:30:16.253  1059  2327 I chatty  : uid=1000(system) Binder:1059_C expire 4 lines
03-08 08:30:16.620  1059 13085 I chatty  : uid=1000(system) Binder:1059_18 expire 1 line
03-08 08:30:21.385  1059  1074 I chatty  : uid=1000(system) Binder:1059_1 expire 2 lines
03-08 08:30:22.949  1059  9591 I chatty  : uid=1000(system) Binder:1059_14 expire 3 lines
03-08 08:31:07.693  1059 13091 I chatty  : uid=1000(system) Binder:1059_1D expire 5 lines
03-08 08:31:10.071  1059  1456 I chatty  : uid=1000(system) InputDispatcher expire 3 lines
03-08 08:31:34.969  1059  1457 I chatty  : uid=1000(system) InputReader expire 1 line
03-08 08:31:35.803  1059  1075 I chatty  : uid=1000(system) Binder:1059_2 expire 4 lines
03-08 08:34:31.120  1059 13089 I chatty  : uid=1000(system) Binder:1059_1B expire 2 lines
03-08 08:34:56.775  1059  1834 I chatty  : uid=1000(system) Binder:1059_6 expire 3 lines
03-08 08:34:56.845  1059  2325 I chatty  : uid=1000(system) Binder:1059_B expire 3 lines
03-08 08:35:07.824  1059  1104 I chatty  : uid=1000(system) android.ui expire 3 lines
03-08 08:35:08.058  1059  1125 I chatty  : uid=1000(system) android.display expire 10 lines
03-08 08:35:37.483  1059  1107 I chatty  : uid=1000(system) batterystats-sy expire 17 lines
03-08 08:35:41.332  1059  1102 I chatty  : uid=1000(system) ActivityManager expire 13 lines
03-08 08:35:41.366  1059 13378 I chatty  : uid=1000(system) Binder:1059_1F expire 5 lines
03-08 08:35:41.384  1059 13091 I chatty  : uid=1000(system) Binder:1059_1D expire 3 lines
03-08 08:36:02.860  1059  2297 I chatty  : uid=1000(system) Binder:1059_8 expire 3 lines
03-08 08:36:02.861  1059 13085 I chatty  : uid=1000(system) Binder:1059_18 expire 7 lines
03-08 08:37:15.123  4918 10523 E ActivityThread: Failed to find provider info for com.google.android.wearable.settings
03-08 08:37:18.992  1059  1456 I chatty  : uid=1000(system) InputDispatcher expire 2 lines
03-08 08:37:19.764  1059  1457 I chatty  : uid=1000(system) InputReader expire 2 lines
03-08 08:37:19.791  1059  1059 I chatty  : uid=1000 system_server expire 10 lines
03-08 08:37:20.595  1059  1128 I chatty  : uid=1000(system) PowerManagerSer expire 11 lines
03-08 08:37:20.598  1059  1123 I chatty  : uid=1000(system) android.fg expire 3 lines
03-08 08:37:20.671  1059  1735 I chatty  : uid=1000(system) Binder:1059_5 expire 6 lines
03-08 08:37:21.196  1059  1101 I chatty  : uid=1000(system) android.bg expire 6 lines
03-08 08:37:31.149  1059  1491 I chatty  : uid=1000(system) ConnectivitySer expire 7 lines
03-08 08:40:55.731  1059 13088 I chatty  : uid=1000(system) Binder:1059_1A expire 3 lines
03-08 08:40:56.969  1059  5048 I chatty  : uid=1000(system) Binder:1059_D expire 5 lines
03-08 08:41:42.856  1059  2327 I chatty  : uid=1000(system) Binder:1059_C expire 1 line
03-08 08:42:00.381  1059  1454 I chatty  : uid=1000(system) AlarmManager expire 4 lines
03-08 08:42:12.932  1059  1500 I chatty  : uid=1000(system) Binder:1059_3 expire 3 lines
03-08 08:43:01.544  1059  8664 I chatty  : uid=1000(system) Binder:1059_13 expire 3 lines
03-08 08:43:01.591  1059 17775 I chatty  : uid=1000(system) Binder:1059_20 expire 7 lines
03-08 08:44:50.629  1059  2295 I chatty  : uid=1000(system) Binder:1059_7 expire 11 lines
03-08 08:44:50.682  1059  5102 I chatty  : uid=1000(system) Binder:1059_F expire 4 lines
03-08 08:48:24.678  1059  1105 I chatty  : uid=1000(system) ActivityManager expire 1 line
03-08 08:48:24.679  1059  2313 I chatty  : uid=1000(system) Binder:1059_9 expire 3 lines
03-08 08:48:24.719  5883 11190 E ActivityThread: Failed to find provider info for com.google.android.wearable.settings
03-08 08:48:24.906  1059  1107 I chatty  : uid=1000(system) batterystats-sy expire 15 lines
03-08 08:48:30.148  1059  8663 I chatty  : uid=1000(system) Binder:1059_12 expire 3 lines
03-08 08:48:30.205  5883 11190 E ActivityThread: Failed to find provider info for com.google.android.wearable.settings
03-08 08:48:30.776  1059 12422 I chatty  : uid=1000(system) Binder:1059_16 expire 3 lines
03-08 08:49:28.003  1059 13377 I chatty  : uid=1000(system) Binder:1059_1E expire 3 lines
03-08 08:56:01.455  1059  9591 I chatty  : uid=1000(system) Binder:1059_14 expire 6 lines
03-08 08:56:01.700  1059  7576 I chatty  : uid=1000(system) Binder:1059_10 expire 2 lines
03-08 08:56:03.364  1059 13090 I chatty  : uid=1000(system) Binder:1059_1C expire 3 lines
03-08 08:56:03.589  1059  5049 I chatty  : uid=1000(system) Binder:1059_E expire 2 lines
03-08 08:56:39.397 26154 26154 V DeadZone: consuming errant click: (587.0,4.0)
03-08 08:56:56.962  1059  1145 I chatty  : uid=1000(system) PackageManager expire 1 line
03-08 08:56:58.949  1059 13087 I chatty  : uid=1000(system) Binder:1059_19 expire 2 lines
03-08 08:57:03.803  1059  1107 I chatty  : uid=1000(system) batterystats-sy expire 37 lines
03-08 08:57:07.850  1059  1074 I chatty  : uid=1000(system) Binder:1059_1 expire 1 line
03-08 08:57:10.314  4918 11293 E ActivityThread: Failed to find provider info for com.google.android.wearable.settings
03-08 08:57:58.209  1059  9592 I chatty  : uid=1000(system) Binder:1059_15 expire 3 lines
03-08 08:58:12.383  4918 11532 E ActivityThread: Failed to find provider info for com.google.android.wearable.settings
03-08 09:01:47.613  1059  7577 I chatty  : uid=1000(system) Binder:1059_11 expire 3 lines
03-08 09:02:13.105  1059  1124 I chatty  : uid=1000(system) android.io expire 4 lines
03-08 09:02:16.170  1059  1125 I chatty  : uid=1000(system) android.display expire 2 lines
03-08 09:04:11.204  1059  2323 I chatty  : uid=1000(system) Binder:1059_A expire 1 line
03-08 09:10:00.597  1059  1059 I chatty  : uid=1000 system_server expire 7 lines
03-08 09:17:34.282  1059 13087 I chatty  : uid=1000(system) Binder:1059_19 expire 1 line
03-08 09:18:07.066  1059  1107 I chatty  : uid=1000(system) batterystats-sy expire 64 lines
03-08 09:18:50.203  1059 13091 I chatty  : uid=1000(system) Binder:1059_1D expire 4 lines
03-08 09:18:50.217  1059  1128 I chatty  : uid=1000(system) PowerManagerSer expire 17 lines
03-08 09:18:50.225  1059  1125 I chatty  : uid=1000(system) android.display expire 10 lines
03-08 09:18:50.343  1059  2313 I chatty  : uid=1000(system) Binder:1059_9 expire 4 lines
03-08 09:18:50.409  1059 13085 I chatty  : uid=1000(system) Binder:1059_18 expire 3 lines
03-08 09:18:50.517  1059 12422 I chatty  : uid=1000(system) Binder:1059_16 expire 5 lines
03-08 09:18:50.541  1059 13089 I chatty  : uid=1000(system) Binder:1059_1B expire 2 lines
03-08 09:18:50.548  1059  1101 I chatty  : uid=1000(system) android.bg expire 7 lines
03-08 09:18:50.566  1059  5048 I chatty  : uid=1000(system) Binder:1059_D expire 4 lines
03-08 09:18:50.566  1059  1123 I chatty  : uid=1000(system) android.fg expire 6 lines
03-08 09:18:50.766  1059  8664 I chatty  : uid=1000(system) Binder:1059_13 expire 2 lines
03-08 09:18:51.307  1059  9591 I chatty  : uid=1000(system) Binder:1059_14 expire 5 lines
03-08 09:18:51.646  1059 13378 I chatty  : uid=1000(system) Binder:1059_1F expire 5 lines
03-08 09:18:51.676  1059 13090 I chatty  : uid=1000(system) Binder:1059_1C expire 5 lines
03-08 09:18:53.996  1059  1074 I chatty  : uid=1000(system) Binder:1059_1 expire 4 lines
03-08 09:18:57.228  1059  1500 I chatty  : uid=1000(system) Binder:1059_3 expire 1 line
03-08 09:18:57.334  1059  1726 I chatty  : uid=1000(system) Binder:1059_4 expire 3 lines
03-08 09:18:57.458  1059  7577 I chatty  : uid=1000(system) Binder:1059_11 expire 3 lines
03-08 09:18:58.095  1059  1457 I chatty  : uid=1000(system) InputReader expire 4 lines
03-08 09:18:58.940  1059  8663 I chatty  : uid=1000(system) Binder:1059_12 expire 11 lines
03-08 09:19:37.884  1059  1075 I chatty  : uid=1000(system) Binder:1059_2 expire 3 lines
03-08 09:21:07.323  1059  1454 I chatty  : uid=1000(system) AlarmManager expire 3 lines
03-08 09:21:07.705  1059  2327 I chatty  : uid=1000(system) Binder:1059_C expire 6 lines
03-08 09:24:57.638  1059  1102 I chatty  : uid=1000(system) ActivityManager expire 10 lines
03-08 09:24:57.664  1059  2323 I chatty  : uid=1000(system) Binder:1059_A expire 4 lines
03-08 09:24:57.666  1059  5102 I chatty  : uid=1000(system) Binder:1059_F expire 3 lines
03-08 09:27:33.436  1059 13084 I chatty  : uid=1000(system) Binder:1059_17 expire 2 lines
03-08 09:28:19.501  1059  1491 I chatty  : uid=1000(system) ConnectivitySer expire 10 lines
03-08 09:31:37.433  1059  2295 I chatty  : uid=1000(system) Binder:1059_7 expire 3 lines
03-08 09:31:46.978  1059 13088 I chatty  : uid=1000(system) Binder:1059_1A expire 5 lines
03-08 09:35:18.559  1059  1735 I chatty  : uid=1000(system) Binder:1059_5 expire 3 lines
03-08 09:35:45.691  1059  1124 I chatty  : uid=1000(system) android.io expire 4 lines
03-08 09:36:08.579  1059  7576 I chatty  : uid=1000(system) Binder:1059_10 expire 4 lines
03-08 09:36:44.078  1059 13377 I chatty  : uid=1000(system) Binder:1059_1E expire 2 lines
03-08 09:37:28.964  1059  2297 I chatty  : uid=1000(system) Binder:1059_8 expire 4 lines
03-08 09:38:00.625  1059  2325 I chatty  : uid=1000(system) Binder:1059_B expire 1 line
03-08 09:40:02.523  1059 17775 I chatty  : uid=1000(system) Binder:1059_20 expire 6 lines
03-08 09:41:19.401  1059  9592 I chatty  : uid=1000(system) Binder:1059_15 expire 1 line
03-08 09:47:28.385  1059  5049 I chatty  : uid=1000(system) Binder:1059_E expire 1 line
03-08 09:47:29.293  1059  1105 I chatty  : uid=1000(system) ActivityManager expire 10 lines
03-08 09:59:58.669  1059  1457 I chatty  : uid=1000(system) InputReader expire 3 lines
03-08 09:59:59.174  1059  1125 I chatty  : uid=1000(system) android.display expire 7 lines
03-08 09:59:59.409  1059  1128 I chatty  : uid=1000(system) PowerManagerSer expire 12 lines
03-08 09:59:59.410  1059  1123 I chatty  : uid=1000(system) android.fg expire 6 lines
03-08 09:59:59.481  1059  7576 I chatty  : uid=1000(system) Binder:1059_10 expire 5 lines
03-08 09:59:59.647  1059 12422 I chatty  : uid=1000(system) Binder:1059_16 expire 1 line
03-08 10:00:00.002  1059  1059 I chatty  : uid=1000 system_server expire 12 lines
03-08 10:01:45.509  4918 14269 E ActivityThread: Failed to find provider info for com.google.android.wearable.settings
03-08 10:02:01.383  4918 14222 E ActivityThread: Failed to find provider info for com.google.android.wearable.settings
03-08 10:02:50.862  1059  5049 I chatty  : uid=1000(system) Binder:1059_E expire 6 lines
03-08 10:05:39.703  4918 14222 E ActivityThread: Failed to find provider info for com.google.android.wearable.settings
03-08 10:06:13.040  4918 14269 E ActivityThread: Failed to find provider info for com.google.android.wearable.settings
03-08 10:06:41.411  1059  1454 I chatty  : uid=1000(system) AlarmManager expire 2 lines
03-08 10:06:41.717  1059  1101 I chatty  : uid=1000(system) android.bg expire 3 lines
03-08 10:06:43.145  1059  1124 I chatty  : uid=1000(system) android.io expire 4 lines
03-08 10:06:45.439  1059  1075 I chatty  : uid=1000(system) Binder:1059_2 expire 8 lines
03-08 10:06:46.296  1059 13088 I chatty  : uid=1000(system) Binder:1059_1A expire 3 lines
03-08 10:06:46.388  1059 13091 I chatty  : uid=1000(system) Binder:1059_1D expire 7 lines
03-08 10:06:59.789  4918 14269 E ActivityThread: Failed to find provider info for com.google.android.wearable.settings
03-08 10:07:03.835  1059  1491 I chatty  : uid=1000(system) ConnectivitySer expire 24 lines
03-08 10:07:06.613  1059 13087 I chatty  : uid=1000(system) Binder:1059_19 expire 2 lines
03-08 10:07:25.070  1059  1107 I chatty  : uid=1000(system) batterystats-sy expire 10 lines
03-08 10:07:59.186  4918 14222 E ActivityThread: Failed to find provider info for com.google.android.wearable.settings
03-08 10:08:58.183  4918 14269 E ActivityThread: Failed to find provider info for com.google.android.wearable.settings
03-08 10:12:08.696  4918 14222 E ActivityThread: Failed to find provider info for com.google.android.wearable.settings
03-08 10:12:55.726  4918 14222 E ActivityThread: Failed to find provider info for com.google.android.wearable.settings
03-08 10:13:20.653  1059  1102 I chatty  : uid=1000(system) ActivityManager expire 11 lines
03-08 10:13:54.626  4918 14269 E ActivityThread: Failed to find provider info for com.google.android.wearable.settings
03-08 10:15:04.572  4918 14269 E ActivityThread: Failed to find provider info for com.google.android.wearable.settings
03-08 10:17:43.558  1059  2325 I chatty  : uid=1000(system) Binder:1059_B expire 10 lines
03-08 10:17:54.074  1059  1104 I chatty  : uid=1000(system) android.ui expire 1 line
03-08 10:17:54.108  4918 14830 E ActivityThread: Failed to find provider info for com.google.android.wearable.settings
03-08 10:18:14.572  1703  1703 D MccTable: updateMccMncConfiguration mccmnc='null' fromServiceState=true
03-08 10:18:14.572  1703  1703 D MccTable: WIFI_COUNTRY_CODE set to 
03-08 10:18:14.658  1059  8664 I chatty  : uid=1000(system) Binder:1059_13 expire 5 lines
03-08 10:18:14.688  1059  7577 I chatty  : uid=1000(system) Binder:1059_11 expire 2 lines
03-08 10:18:14.824  1059  8663 I chatty  : uid=1000(system) Binder:1059_12 expire 8 lines
03-08 10:18:15.174  1059  9592 I chatty  : uid=1000(system) Binder:1059_15 expire 4 lines
03-08 10:18:17.615  1703  1703 D MccTable: updateMccMncConfiguration mccmnc='40427' fromServiceState=true
03-08 10:18:17.618  1703  1703 D MccTable: updateMccMncConfiguration defaultMccMnc=40427
03-08 10:18:17.619  1703  1703 D MccTable: updateMccMncConfiguration: mcc=404, mnc=27
03-08 10:18:17.619  1703  1703 D MccTable: WIFI_COUNTRY_CODE set to in
03-08 10:18:17.619  1059 13377 I chatty  : uid=1000(system) Binder:1059_1E expire 3 lines
03-08 10:18:17.708  1059  5048 I chatty  : uid=1000(system) Binder:1059_D expire 6 lines
03-08 10:18:17.770  1059  2313 I chatty  : uid=1000(system) Binder:1059_9 expire 6 lines
03-08 10:19:11.936  4918 15039 E ActivityThread: Failed to find provider info for com.google.android.wearable.settings
03-08 10:20:00.007  4918 14623 E ActivityThread: Failed to find provider info for com.google.android.wearable.settings
03-08 10:21:02.467  4918 14623 E ActivityThread: Failed to find provider info for com.google.android.wearable.settings
03-08 10:22:56.415  4918 15039 E ActivityThread: Failed to find provider info for com.google.android.wearable.settings
03-08 10:24:42.716  1059  1487 I chatty  : uid=1000(system) WifiStateMachin expire 2 lines
03-08 10:24:48.969  1059 13378 I chatty  : uid=1000(system) Binder:1059_1F expire 4 lines
03-08 10:24:48.974  1059 17775 I chatty  : uid=1000(system) Binder:1059_20 expire 5 lines
03-08 10:24:48.980  1059 13085 I chatty  : uid=1000(system) Binder:1059_18 expire 1 line
03-08 10:24:48.983  1059  1834 I chatty  : uid=1000(system) Binder:1059_6 expire 6 lines
03-08 10:24:48.992  1059 13084 I chatty  : uid=1000(system) Binder:1059_17 expire 6 lines
03-08 10:24:49.021  1059 13089 I chatty  : uid=1000(system) Binder:1059_1B expire 5 lines
03-08 10:24:49.132  1059  5102 I chatty  : uid=1000(system) Binder:1059_F expire 3 lines
03-08 10:24:50.055  1059  1500 I chatty  : uid=1000(system) Binder:1059_3 expire 6 lines
03-08 10:24:50.947  1059  1735 I chatty  : uid=1000(system) Binder:1059_5 expire 5 lines
03-08 10:24:51.236  1059  2297 I chatty  : uid=1000(system) Binder:1059_8 expire 5 lines
03-08 10:24:51.255  4918 15039 E ActivityThread: Failed to find provider info for com.google.android.wearable.settings
03-08 10:24:52.372  1059  9591 I chatty  : uid=1000(system) Binder:1059_14 expire 4 lines
03-08 10:24:53.432  1059  2325 I chatty  : uid=1000(system) Binder:1059_B expire 4 lines
03-08 10:24:55.485  1059  1726 I chatty  : uid=1000(system) Binder:1059_4 expire 3 lines
03-08 10:24:59.666  1059  2323 I chatty  : uid=1000(system) Binder:1059_A expire 2 lines
03-08 10:24:59.749  1059 13090 I chatty  : uid=1000(system) Binder:1059_1C expire 3 lines
03-08 10:25:21.744  1059  2295 I chatty  : uid=1000(system) Binder:1059_7 expire 3 lines
03-08 10:25:25.545  1059  1074 I chatty  : uid=1000(system) Binder:1059_1 expire 4 lines
03-08 10:25:33.125  1059  2327 I chatty  : uid=1000(system) Binder:1059_C expire 4 lines
03-08 10:25:50.677  4918 14623 E ActivityThread: Failed to find provider info for com.google.android.wearable.settings
03-08 10:25:52.138  1059  1491 I chatty  : uid=1000(system) ConnectivitySer expire 12 lines
03-08 10:25:56.971  1059  8663 I chatty  : uid=1000(system) Binder:1059_12 expire 8 lines
03-08 10:25:58.037  1059  1102 I chatty  : uid=1000(system) ActivityManager expire 10 lines
03-08 10:25:58.230  1059 17775 I chatty  : uid=1000(system) Binder:1059_20 expire 4 lines
03-08 10:25:58.796  1059  1735 I chatty  : uid=1000(system) Binder:1059_5 expire 12 lines
03-08 10:25:58.924  1059 13377 I chatty  : uid=1000(system) Binder:1059_1E expire 2 lines
03-08 10:25:59.677  1059  7576 I chatty  : uid=1000(system) Binder:1059_10 expire 8 lines
03-08 10:25:59.729  1059 13087 I chatty  : uid=1000(system) Binder:1059_19 expire 6 lines
03-08 10:25:59.730  1059  2327 I chatty  : uid=1000(system) Binder:1059_C expire 4 lines
03-08 10:25:59.890  1059  2325 I chatty  : uid=1000(system) Binder:1059_B expire 4 lines
03-08 10:25:59.929  1059  5102 I chatty  : uid=1000(system) Binder:1059_F expire 4 lines
03-08 10:26:01.539  1059  1059 I chatty  : uid=1000 system_server expire 10 lines
03-08 10:26:01.665  1059 12422 I chatty  : uid=1000(system) Binder:1059_16 expire 6 lines
03-08 10:26:01.695  1059  1726 I chatty  : uid=1000(system) Binder:1059_4 expire 5 lines
03-08 10:26:21.985  1059 13090 I chatty  : uid=1000(system) Binder:1059_1C expire 7 lines
03-08 10:26:22.004  1059 13084 I chatty  : uid=1000(system) Binder:1059_17 expire 6 lines
03-08 10:26:28.889  1059  1487 I chatty  : uid=1000(system) WifiStateMachin expire 2 lines
03-08 10:26:28.953  1059 13088 I chatty  : uid=1000(system) Binder:1059_1A expire 7 lines
03-08 10:26:28.981  1059  9591 I chatty  : uid=1000(system) Binder:1059_14 expire 5 lines
03-08 10:26:33.729  1059  1107 I chatty  : uid=1000(system) batterystats-sy expire 8 lines
03-08 10:26:33.770  1059  1075 I chatty  : uid=1000(system) Binder:1059_2 expire 3 lines
03-08 10:26:33.775  1059  1074 I chatty  : uid=1000(system) Binder:1059_1 expire 8 lines
03-08 10:26:33.777  1059  2323 I chatty  : uid=1000(system) Binder:1059_A expire 9 lines
03-08 10:26:33.778  1059  2297 I chatty  : uid=1000(system) Binder:1059_8 expire 2 lines
03-08 10:26:33.780  1059 13085 I chatty  : uid=1000(system) Binder:1059_18 expire 4 lines
03-08 10:26:33.795  1059  8664 I chatty  : uid=1000(system) Binder:1059_13 expire 6 lines
03-08 10:26:34.802  1059  2313 I chatty  : uid=1000(system) Binder:1059_9 expire 8 lines
03-08 10:26:34.853  1059 13378 I chatty  : uid=1000(system) Binder:1059_1F expire 8 lines
03-08 10:26:36.220  1059  1500 I chatty  : uid=1000(system) Binder:1059_3 expire 3 lines
03-08 10:26:36.323  1059  5049 I chatty  : uid=1000(system) Binder:1059_E expire 1 line
03-08 10:26:37.416  1059  1834 I chatty  : uid=1000(system) Binder:1059_6 expire 4 lines
03-08 10:26:50.108  4918 16060 E ActivityThread: Failed to find provider info for com.google.android.wearable.settings
03-08 10:27:02.730  1059  1491 I chatty  : uid=1000(system) ConnectivitySer expire 13 lines
03-08 10:27:03.346  1059 13089 I chatty  : uid=1000(system) Binder:1059_1B expire 5 lines
03-08 10:27:49.515  4918 17488 E ActivityThread: Failed to find provider info for com.google.android.wearable.settings
03-08 10:28:48.977  4918 17487 E ActivityThread: Failed to find provider info for com.google.android.wearable.settings
03-08 10:30:48.036  4918 17634 E ActivityThread: Failed to find provider info for com.google.android.wearable.settings
03-08 10:31:47.639  4918 17634 E ActivityThread: Failed to find provider info for com.google.android.wearable.settings
03-08 10:32:16.158  1059  1101 I chatty  : uid=1000(system) android.bg expire 3 lines
03-08 10:32:18.189  1059 13091 I chatty  : uid=1000(system) Binder:1059_1D expire 2 lines
03-08 10:32:21.183  1059  1497 I chatty  : uid=1000(system) onProviders.ECP expire 1 line
03-08 10:32:23.440  1059  7577 I chatty  : uid=1000(system) Binder:1059_11 expire 2 lines
03-08 10:32:46.061  4918 17634 E ActivityThread: Failed to find provider info for com.google.android.wearable.settings
03-08 10:32:52.010  1059  9592 I chatty  : uid=1000(system) Binder:1059_15 expire 5 lines
03-08 10:33:45.316  4918 17634 E ActivityThread: Failed to find provider info for com.google.android.wearable.settings
03-08 10:34:49.469  1059  1454 I chatty  : uid=1000(system) AlarmManager expire 2 lines
03-08 10:36:17.827 18458 18475 D ActivityThread: Loading provider com.google.android.gmail.provider;com.android.mail.notifier;com.google.android.gm.email.provider;com.google.android.gm.tasks.provider;com.google.android.gm.email.notifier: com.android.email.provider.EmailProvider
03-08 10:37:03.491  1059  1491 I chatty  : uid=1000(system) ConnectivitySer expire 7 lines
03-08 10:37:03.551  1059  1105 I chatty  : uid=1000(system) ActivityManager expire 3 lines
03-08 10:37:26.190  1059  1102 I chatty  : uid=1000(system) ActivityManager expire 6 lines
03-08 10:37:26.294  1059  1124 I chatty  : uid=1000(system) android.io expire 4 lines
03-08 10:37:39.803  1059  2295 I chatty  : uid=1000(system) Binder:1059_7 expire 2 lines
03-08 10:37:43.035  4918 18453 E ActivityThread: Failed to find provider info for com.google.android.wearable.settings
03-08 10:38:42.522  4918 18780 E ActivityThread: Failed to find provider info for com.google.android.wearable.settings
03-08 10:40:41.461  4918 18321 E ActivityThread: Failed to find provider info for com.google.android.wearable.settings
03-08 10:40:52.823  1059  1059 I chatty  : uid=1000 system_server expire 5 lines
03-08 10:40:52.856  1059  1128 I chatty  : uid=1000(system) PowerManagerSer expire 5 lines
03-08 10:40:52.868  1059  1125 I chatty  : uid=1000(system) android.display expire 3 lines
03-08 10:40:53.307  1059  1123 I chatty  : uid=1000(system) android.fg expire 2 lines
03-08 10:41:06.778  1059  5048 I chatty  : uid=1000(system) Binder:1059_D expire 1 line
03-08 10:41:08.492  1059  1457 I chatty  : uid=1000(system) InputReader expire 7 lines
03-08 10:41:39.857  1059 13378 I chatty  : uid=1000(system) Binder:1059_1F expire 4 lines
03-08 10:41:39.913  1059  1075 I chatty  : uid=1000(system) Binder:1059_2 expire 3 lines
03-08 10:41:40.957  4918 18321 E ActivityThread: Failed to find provider info for com.google.android.wearable.settings
03-08 10:41:47.649  1059 17775 I chatty  : uid=1000(system) Binder:1059_20 expire 5 lines
03-08 10:41:47.702  1059 13377 I chatty  : uid=1000(system) Binder:1059_1E expire 7 lines
03-08 10:41:48.840  1059  8664 I chatty  : uid=1000(system) Binder:1059_13 expire 5 lines
03-08 10:41:48.840  1059  1102 I chatty  : uid=1000(system) ActivityManager expire 10 lines
03-08 10:41:48.842  9930 19666 E ActivityThread: Failed to find provider info for com.google.android.gsf.gservices
03-08 10:41:56.013  1059  5102 I chatty  : uid=1000(system) Binder:1059_F expire 5 lines
03-08 10:42:46.044  4918 18598 E ActivityThread: Failed to find provider info for com.google.android.wearable.settings
03-08 10:42:47.459  1059  1487 I chatty  : uid=1000(system) WifiStateMachin expire 1 line
03-08 10:42:47.459  1059  1491 I chatty  : uid=1000(system) ConnectivitySer expire 8 lines
03-08 10:42:48.015  1059  7576 I chatty  : uid=1000(system) Binder:1059_10 expire 6 lines
03-08 10:42:48.048  1059  1107 I chatty  : uid=1000(system) batterystats-sy expire 9 lines
03-08 10:42:48.101  1059 13088 I chatty  : uid=1000(system) Binder:1059_1A expire 5 lines
03-08 10:42:48.102  1059 13084 I chatty  : uid=1000(system) Binder:1059_17 expire 4 lines
03-08 10:42:48.102  1059  2327 I chatty  : uid=1000(system) Binder:1059_C expire 3 lines
03-08 10:42:48.329  1059  1726 I chatty  : uid=1000(system) Binder:1059_4 expire 2 lines
03-08 10:42:48.618  1059  1074 I chatty  : uid=1000(system) Binder:1059_1 expire 8 lines
03-08 10:42:48.910  1059 13090 I chatty  : uid=1000(system) Binder:1059_1C expire 3 lines
03-08 10:42:48.917  1059 13085 I chatty  : uid=1000(system) Binder:1059_18 expire 2 lines
03-08 10:42:50.807  1059  5049 I chatty  : uid=1000(system) Binder:1059_E expire 1 line
03-08 10:43:34.962  1059  1059 I chatty  : uid=1000 system_server expire 10 lines
03-08 10:43:34.967  1059  2325 I chatty  : uid=1000(system) Binder:1059_B expire 6 lines
03-08 10:43:34.983  1059  1128 I chatty  : uid=1000(system) PowerManagerSer expire 10 lines
03-08 10:43:34.991  1059  1125 I chatty  : uid=1000(system) android.display expire 10 lines
03-08 10:43:35.237  1059  8663 I chatty  : uid=1000(system) Binder:1059_12 expire 3 lines
03-08 10:43:35.241  1059  1123 I chatty  : uid=1000(system) android.fg expire 9 lines
03-08 10:43:36.063  1059  1500 I chatty  : uid=1000(system) Binder:1059_3 expire 3 lines
03-08 10:43:39.872  4918 18321 E ActivityThread: Failed to find provider info for com.google.android.wearable.settings
03-08 10:43:43.773  1059 13091 I chatty  : uid=1000(system) Binder:1059_1D expire 3 lines
03-08 10:43:44.103  1059  1124 I chatty  : uid=1000(system) android.io expire 6 lines
03-08 10:43:46.282  1059 13089 I chatty  : uid=1000(system) Binder:1059_1B expire 4 lines
03-08 10:43:55.973  1059  1101 I chatty  : uid=1000(system) android.bg expire 3 lines
03-08 10:43:56.105 20059 20077 D ActivityThread: Loading provider com.google.android.gmail.provider;com.android.mail.notifier;com.google.android.gm.email.provider;com.google.android.gm.tasks.provider;com.google.android.gm.email.notifier: com.android.email.provider.EmailProvider
03-08 10:43:56.291  1059  2323 I chatty  : uid=1000(system) Binder:1059_A expire 7 lines
03-08 10:43:56.392  1059  7577 I chatty  : uid=1000(system) Binder:1059_11 expire 7 lines
03-08 10:43:58.587  1059  1456 I chatty  : uid=1000(system) InputDispatcher expire 3 lines
03-08 10:44:32.106  1059  9591 I chatty  : uid=1000(system) Binder:1059_14 expire 4 lines
03-08 10:44:32.156  1059 12422 I chatty  : uid=1000(system) Binder:1059_16 expire 6 lines
03-08 10:44:39.334  4918 20114 E ActivityThread: Failed to find provider info for com.google.android.wearable.settings
03-08 10:46:11.878  1059  1735 I chatty  : uid=1000(system) Binder:1059_5 expire 5 lines
03-08 10:46:15.862  1059  2295 I chatty  : uid=1000(system) Binder:1059_7 expire 3 lines
03-08 10:47:37.929  4918 20316 E ActivityThread: Failed to find provider info for com.google.android.wearable.settings
03-08 10:49:31.409  1059  1454 I chatty  : uid=1000(system) AlarmManager expire 2 lines
03-08 10:49:36.570  4918 20449 E ActivityThread: Failed to find provider info for com.google.android.wearable.settings
03-08 10:51:42.313  1059  1834 I chatty  : uid=1000(system) Binder:1059_6 expire 2 lines
03-08 10:52:33.393  1059  1059 I chatty  : uid=1000 system_server expire 8 lines
03-08 10:56:38.633  1059  9592 I chatty  : uid=1000(system) Binder:1059_15 expire 4 lines
03-08 10:57:32.175  4918 20449 E ActivityThread: Failed to find provider info for com.google.android.wearable.settings
03-08 10:58:31.623  4918 20450 E ActivityThread: Failed to find provider info for com.google.android.wearable.settings
03-08 10:58:49.852  1059  1102 I chatty  : uid=1000(system) ActivityManager expire 12 lines
03-08 10:59:01.512  1059  1128 I chatty  : uid=1000(system) PowerManagerSer expire 13 lines
03-08 10:59:01.524  1059  1125 I chatty  : uid=1000(system) android.display expire 7 lines
03-08 10:59:01.876  1059 13087 I chatty  : uid=1000(system) Binder:1059_19 expire 5 lines
03-08 10:59:31.026  4918 21373 E ActivityThread: Failed to find provider info for com.google.android.wearable.settings
03-08 11:00:30.705  4918 20114 E ActivityThread: Failed to find provider info for com.google.android.wearable.settings
03-08 11:01:30.038  4918 21564 E ActivityThread: Failed to find provider info for com.google.android.wearable.settings
03-08 11:03:49.728  1059  2313 I chatty  : uid=1000(system) Binder:1059_9 expire 2 lines
03-08 11:15:00.140 22432 22880 E ActivityThread: Failed to find provider info for com.sonyericsson.extras.liveware.aef.notification
03-08 11:15:07.936  1059  5048 I chatty  : uid=1000(system) Binder:1059_D expire 6 lines
03-08 11:16:16.634  1059  1125 I chatty  : uid=1000(system) android.display expire 12 lines
03-08 11:16:16.729  1059  1457 I chatty  : uid=1000(system) InputReader expire 3 lines
03-08 11:16:16.748  1059  1128 I chatty  : uid=1000(system) PowerManagerSer expire 13 lines
03-08 11:16:16.757  1059  2325 I chatty  : uid=1000(system) Binder:1059_B expire 7 lines
03-08 11:16:16.785  1059 13084 I chatty  : uid=1000(system) Binder:1059_17 expire 5 lines
03-08 11:16:18.360  1059  1123 I chatty  : uid=1000(system) android.fg expire 7 lines
03-08 11:16:38.267  1059  8663 I chatty  : uid=1000(system) Binder:1059_12 expire 6 lines
03-08 11:16:38.333  1059 13377 I chatty  : uid=1000(system) Binder:1059_1E expire 4 lines
03-08 11:16:44.771  1059 13378 I chatty  : uid=1000(system) Binder:1059_1F expire 4 lines
03-08 11:16:44.823  1059  8664 I chatty  : uid=1000(system) Binder:1059_13 expire 6 lines
03-08 11:17:06.141  1059  7576 I chatty  : uid=1000(system) Binder:1059_10 expire 8 lines
03-08 11:17:20.975  4918 22129 E ActivityThread: Failed to find provider info for com.google.android.wearable.settings
03-08 11:17:24.249  1059  2313 I chatty  : uid=1000(system) Binder:1059_9 expire 8 lines
03-08 11:17:26.395  1059 12422 I chatty  : uid=1000(system) Binder:1059_16 expire 2 lines
03-08 11:17:41.463  1059  1128 I chatty  : uid=1000(system) PowerManagerSer expire 8 lines
03-08 11:17:54.729  1059  1074 I chatty  : uid=1000(system) Binder:1059_1 expire 10 lines
03-08 11:18:07.435  1059  1491 I chatty  : uid=1000(system) ConnectivitySer expire 13 lines
03-08 11:18:07.623  1059  1107 I chatty  : uid=1000(system) batterystats-sy expire 10 lines
03-08 11:18:08.014  1059 13087 I chatty  : uid=1000(system) Binder:1059_19 expire 3 lines
03-08 11:18:08.264  1059  7577 I chatty  : uid=1000(system) Binder:1059_11 expire 7 lines
03-08 11:18:08.318  1059  5049 I chatty  : uid=1000(system) Binder:1059_E expire 4 lines
03-08 11:18:08.509  1059  2297 I chatty  : uid=1000(system) Binder:1059_8 expire 5 lines
03-08 11:18:08.670  1059  1102 I chatty  : uid=1000(system) ActivityManager expire 10 lines
03-08 11:18:08.922  1059  1105 I chatty  : uid=1000(system) ActivityManager expire 2 lines
03-08 11:18:09.197  1059 13091 I chatty  : uid=1000(system) Binder:1059_1D expire 3 lines
03-08 11:18:09.642  1059  1834 I chatty  : uid=1000(system) Binder:1059_6 expire 5 lines
03-08 11:18:09.992  1059 13088 I chatty  : uid=1000(system) Binder:1059_1A expire 3 lines
03-08 11:18:11.291  1059  2323 I chatty  : uid=1000(system) Binder:1059_A expire 3 lines
03-08 11:18:15.810  1059  9592 I chatty  : uid=1000(system) Binder:1059_15 expire 4 lines
03-08 11:18:15.852  1059 13090 I chatty  : uid=1000(system) Binder:1059_1C expire 5 lines
03-08 11:18:19.398  1059  1487 I chatty  : uid=1000(system) WifiStateMachin expire 2 lines
03-08 11:18:19.773  1059  2327 I chatty  : uid=1000(system) Binder:1059_C expire 2 lines
03-08 11:18:19.915  1059  9591 I chatty  : uid=1000(system) Binder:1059_14 expire 2 lines
03-08 11:18:20.425  1059  5102 I chatty  : uid=1000(system) Binder:1059_F expire 1 line
03-08 11:18:20.428  4918 23318 E ActivityThread: Failed to find provider info for com.google.android.wearable.settings
03-08 11:18:21.137  1059  1491 I chatty  : uid=1000(system) ConnectivitySer expire 14 lines
03-08 11:18:22.833  1059  1726 I chatty  : uid=1000(system) Binder:1059_4 expire 6 lines
03-08 11:18:29.904  1059  1101 I chatty  : uid=1000(system) android.bg expire 4 lines
03-08 11:18:33.593  1059 17775 I chatty  : uid=1000(system) Binder:1059_20 expire 2 lines
03-08 11:19:19.836  4918 23317 E ActivityThread: Failed to find provider info for com.google.android.wearable.settings
03-08 11:20:53.815  1059 13085 I chatty  : uid=1000(system) Binder:1059_18 expire 2 lines
03-08 11:23:17.460  4918 23317 E ActivityThread: Failed to find provider info for com.google.android.wearable.settings
03-08 11:28:31.626  1059  1075 I chatty  : uid=1000(system) Binder:1059_2 expire 4 lines
03-08 11:30:44.599  1059  1500 I chatty  : uid=1000(system) Binder:1059_3 expire 10 lines
03-08 11:31:32.171  1059  1454 I chatty  : uid=1000(system) AlarmManager expire 1 line
03-08 11:34:10.868  4918 24382 E ActivityThread: Failed to find provider info for com.google.android.wearable.settings
03-08 11:34:51.506  1059  1059 I chatty  : uid=1000 system_server expire 6 lines
03-08 11:34:54.811  1059  2295 I chatty  : uid=1000(system) Binder:1059_7 expire 1 line
03-08 11:34:56.657  1059  1104 I chatty  : uid=1000(system) android.ui expire 1 line
03-08 11:35:09.563  1059  1735 I chatty  : uid=1000(system) Binder:1059_5 expire 2 lines
03-08 11:35:10.271  4918 24634 E ActivityThread: Failed to find provider info for com.google.android.wearable.settings
03-08 11:35:17.374  1059  1456 I chatty  : uid=1000(system) InputDispatcher expire 3 lines
03-08 11:35:26.097  1059  1125 I chatty  : uid=1000(system) android.display expire 1 line
03-08 11:36:09.765  4918 24382 E ActivityThread: Failed to find provider info for com.google.android.wearable.settings
03-08 11:36:44.493  1059 13089 I chatty  : uid=1000(system) Binder:1059_1B expire 4 lines
03-08 11:36:45.865  1059  1102 I chatty  : uid=1000(system) ActivityManager expire 11 lines
03-08 11:37:09.163  4918 24382 E ActivityThread: Failed to find provider info for com.google.android.wearable.settings
03-08 11:37:16.761  1059  5048 I chatty  : uid=1000(system) Binder:1059_D expire 4 lines
03-08 11:37:16.792  1059  2297 I chatty  : uid=1000(system) Binder:1059_8 expire 6 lines
03-08 11:37:17.514  1059  1491 I chatty  : uid=1000(system) ConnectivitySer expire 9 lines
03-08 11:37:44.331  1059 13090 I chatty  : uid=1000(system) Binder:1059_1C expire 5 lines
03-08 11:37:53.369  1059  1124 I chatty  : uid=1000(system) android.io expire 6 lines
03-08 11:38:08.348  1059 13085 I chatty  : uid=1000(system) Binder:1059_18 expire 5 lines
03-08 11:38:08.655  1059  2295 I chatty  : uid=1000(system) Binder:1059_7 expire 10 lines
03-08 11:38:08.657  4918 24634 E ActivityThread: Failed to find provider info for com.google.android.wearable.settings
03-08 11:38:08.803  1059  1075 I chatty  : uid=1000(system) Binder:1059_2 expire 3 lines
03-08 11:38:08.822  1059 13084 I chatty  : uid=1000(system) Binder:1059_17 expire 5 lines
03-08 11:38:09.228  1059  1500 I chatty  : uid=1000(system) Binder:1059_3 expire 9 lines
03-08 11:38:09.821  1059 17775 I chatty  : uid=1000(system) Binder:1059_20 expire 6 lines
03-08 11:38:09.998  1059  8663 I chatty  : uid=1000(system) Binder:1059_12 expire 7 lines
03-08 11:38:10.018  1059  1726 I chatty  : uid=1000(system) Binder:1059_4 expire 4 lines
03-08 11:38:10.075  1059 13377 I chatty  : uid=1000(system) Binder:1059_1E expire 8 lines
03-08 11:38:10.104  1059  5049 I chatty  : uid=1000(system) Binder:1059_E expire 2 lines
03-08 11:38:10.790  1059  1735 I chatty  : uid=1000(system) Binder:1059_5 expire 4 lines
03-08 11:38:11.100  1059  1105 I chatty  : uid=1000(system) ActivityManager expire 3 lines
03-08 11:38:11.227  1059  2313 I chatty  : uid=1000(system) Binder:1059_9 expire 5 lines
03-08 11:38:11.785  1059 12422 I chatty  : uid=1000(system) Binder:1059_16 expire 8 lines
03-08 11:38:11.803  1059  2325 I chatty  : uid=1000(system) Binder:1059_B expire 2 lines
03-08 11:38:12.395  1059  9591 I chatty  : uid=1000(system) Binder:1059_14 expire 5 lines
03-08 11:38:14.130  1059  8664 I chatty  : uid=1000(system) Binder:1059_13 expire 2 lines
03-08 11:38:15.316  1059  2323 I chatty  : uid=1000(system) Binder:1059_A expire 3 lines
03-08 11:38:16.176  1059  1059 I chatty  : uid=1000 system_server expire 16 lines
03-08 11:38:16.197  1059  1128 I chatty  : uid=1000(system) PowerManagerSer expire 20 lines
03-08 11:38:16.205  1059  1125 I chatty  : uid=1000(system) android.display expire 10 lines
03-08 11:38:16.452  1059  1123 I chatty  : uid=1000(system) android.fg expire 8 lines
03-08 11:38:23.011  1059  1834 I chatty  : uid=1000(system) Binder:1059_6 expire 4 lines
03-08 11:38:23.596  1059  1457 I chatty  : uid=1000(system) InputReader expire 6 lines
03-08 11:38:28.282  1059  1107 I chatty  : uid=1000(system) batterystats-sy expire 4 lines
03-08 11:38:31.363  1059  1101 I chatty  : uid=1000(system) android.bg expire 8 lines
03-08 11:38:39.319  1059 13378 I chatty  : uid=1000(system) Binder:1059_1F expire 6 lines
03-08 11:38:39.551  1059 13091 I chatty  : uid=1000(system) Binder:1059_1D expire 2 lines
03-08 11:38:39.738  1059  7577 I chatty  : uid=1000(system) Binder:1059_11 expire 3 lines
03-08 11:38:40.171  1059  5102 I chatty  : uid=1000(system) Binder:1059_F expire 3 lines
03-08 11:38:40.220  1059 13087 I chatty  : uid=1000(system) Binder:1059_19 expire 1 line
03-08 11:38:45.834  1059  9592 I chatty  : uid=1000(system) Binder:1059_15 expire 3 lines
03-08 11:39:08.074  4918 26307 E ActivityThread: Failed to find provider info for com.google.android.wearable.settings
03-08 11:40:17.706  1059  1102 I chatty  : uid=1000(system) ActivityManager expire 8 lines
03-08 11:40:18.842  1059 13089 I chatty  : uid=1000(system) Binder:1059_1B expire 5 lines
03-08 11:45:28.279  1059 13088 I chatty  : uid=1000(system) Binder:1059_1A expire 4 lines
03-08 11:47:11.076  4918 26614 E ActivityThread: Failed to find provider info for com.google.android.wearable.settings
03-08 11:48:13.793  4918 26615 E ActivityThread: Failed to find provider info for com.google.android.wearable.settings
03-08 11:49:33.873  4918 26614 E ActivityThread: Failed to find provider info for com.google.android.wearable.settings
03-08 11:50:17.810  4918 26743 E ActivityThread: Failed to find provider info for com.google.android.wearable.settings
03-08 11:51:05.088  4918 26743 E ActivityThread: Failed to find provider info for com.google.android.wearable.settings
03-08 11:51:08.032  1059  1059 I chatty  : uid=1000 system_server expire 8 lines
03-08 11:51:15.916  1059  2327 I chatty  : uid=1000(system) Binder:1059_C expire 2 lines
03-08 11:51:16.302  1059  1074 I chatty  : uid=1000(system) Binder:1059_1 expire 3 lines
03-08 11:52:21.001  4918 26742 E ActivityThread: Failed to find provider info for com.google.android.wearable.settings
03-08 11:53:38.350  4918 26615 E ActivityThread: Failed to find provider info for com.google.android.wearable.settings
03-08 11:55:40.386  4918 26614 E ActivityThread: Failed to find provider info for com.google.android.wearable.settings
03-08 11:56:58.114  1059  2295 I chatty  : uid=1000(system) Binder:1059_7 expire 6 lines
03-08 11:57:00.390  1059 17775 I chatty  : uid=1000(system) Binder:1059_20 expire 12 lines
03-08 11:57:01.021  1059 13085 I chatty  : uid=1000(system) Binder:1059_18 expire 3 lines
03-08 11:57:01.418  1059  1059 I chatty  : uid=1000 system_server expire 23 lines
03-08 11:57:01.431  1059 12422 I chatty  : uid=1000(system) Binder:1059_16 expire 4 lines
03-08 11:57:01.450  1059 13087 I chatty  : uid=1000(system) Binder:1059_19 expire 10 lines
03-08 11:57:09.812  1059 13378 I chatty  : uid=1000(system) Binder:1059_1F expire 7 lines
03-08 11:57:09.868  1059  7577 I chatty  : uid=1000(system) Binder:1059_11 expire 3 lines
03-08 12:00:02.499  1059  2323 I chatty  : uid=1000(system) Binder:1059_A expire 2 lines
03-08 12:00:46.300  1059  1101 I chatty  : uid=1000(system) android.bg expire 5 lines
03-08 12:00:46.386  1059  9591 I chatty  : uid=1000(system) Binder:1059_14 expire 3 lines
03-08 12:00:46.415  1059  1726 I chatty  : uid=1000(system) Binder:1059_4 expire 3 lines
03-08 12:01:46.165  1059  1102 I chatty  : uid=1000(system) ActivityManager expire 9 lines
03-08 12:03:46.270  1059  1500 I chatty  : uid=1000(system) Binder:1059_3 expire 5 lines
03-08 12:03:46.272  1059  1491 I chatty  : uid=1000(system) ConnectivitySer expire 11 lines
03-08 12:08:43.527  1059  5048 I chatty  : uid=1000(system) Binder:1059_D expire 4 lines
03-08 12:09:04.175  1059  1104 I chatty  : uid=1000(system) android.ui expire 1 line
03-08 12:09:04.177  1059  1454 I chatty  : uid=1000(system) AlarmManager expire 4 lines
03-08 12:09:09.577  1059  1107 I chatty  : uid=1000(system) batterystats-sy expire 6 lines
03-08 12:09:10.735  1059  1124 I chatty  : uid=1000(system) android.io expire 8 lines
03-08 12:09:12.405  1059  1075 I chatty  : uid=1000(system) Binder:1059_2 expire 5 lines
03-08 12:09:12.453  1059  1735 I chatty  : uid=1000(system) Binder:1059_5 expire 2 lines
03-08 12:09:15.448  1059  8664 I chatty  : uid=1000(system) Binder:1059_13 expire 5 lines
03-08 12:09:15.503  1059  7576 I chatty  : uid=1000(system) Binder:1059_10 expire 2 lines
03-08 12:09:15.596  1059  2297 I chatty  : uid=1000(system) Binder:1059_8 expire 8 lines
03-08 12:09:17.036  1059  9592 I chatty  : uid=1000(system) Binder:1059_15 expire 2 lines
03-08 12:17:05.442  4918 26742 E ActivityThread: Failed to find provider info for com.google.android.wearable.settings
03-08 12:19:08.265  4918 27599 E ActivityThread: Failed to find provider info for com.google.android.wearable.settings
03-08 12:22:09.647  1059  1128 I chatty  : uid=1000(system) PowerManagerSer expire 21 lines
03-08 12:22:09.649  1059  1125 I chatty  : uid=1000(system) android.display expire 12 lines
03-08 12:22:09.849  1059  1834 I chatty  : uid=1000(system) Binder:1059_6 expire 5 lines
03-08 12:22:09.914  1059  1123 I chatty  : uid=1000(system) android.fg expire 9 lines
03-08 12:22:10.014  1059 13090 I chatty  : uid=1000(system) Binder:1059_1C expire 3 lines
03-08 12:22:18.823  1059 13084 I chatty  : uid=1000(system) Binder:1059_17 expire 4 lines
03-08 12:22:18.847  1059 13088 I chatty  : uid=1000(system) Binder:1059_1A expire 8 lines
