10-12 15:17:36.550 13914 13914 E NabCoreServices: 	at android.app.ActivityThread$H.handleMessage(ActivityThread.java:1405)
10-12 15:17:36.550 13914 13914 E NabCoreServices: 	at android.os.Handler.dispatchMessage(Handler.java:102)
10-12 15:17:36.550 13914 13914 E NabCoreServices: 	at android.os.Looper.loop(Looper.java:148)
10-12 15:17:36.550 13914 13914 E NabCoreServices: 	at android.app.ActivityThread.main(ActivityThread.java:5417)
10-12 15:17:36.550 13914 13914 E NabCoreServices: 	at java.lang.reflect.Method.invoke(Native Method)
10-12 15:17:36.550 13914 13914 E NabCoreServices: 	at com.android.internal.os.ZygoteInit$MethodAndArgsCaller.run(ZygoteInit.java:726)
10-12 15:17:36.550 13914 13914 E NabCoreServices: 	at com.android.internal.os.ZygoteInit.main(ZygoteInit.java:616)
10-12 15:17:36.550780791 W ActivityManager: Permission Denial: opening provider com.android.providers.contacts.ContactsProvider2 from ProcessRecord{39fb581 13914:jio.cloud.drive/u0a138} (pid=13914, uid=10138) requires android.permission.READ_CONTACTS or android.permission.WRITE_CONTACTS
10-12 15:17:36.552 13914 13914 E NabCoreServices: AccountTools - checkAccountIsValid: Exception while querying Contacts settings
10-12 15:17:36.552 13914 13914 E NabCoreServices: java.lang.SecurityException: Permission Denial: opening provider com.android.providers.contacts.ContactsProvider2 from ProcessRecord{39fb581 13914:jio.cloud.drive/u0a138} (pid=13914, uid=10138) requires android.permission.READ_CONTACTS or android.permission.WRITE_CONTACTS
10-12 15:17:36.552 13914 13914 E NabCoreServices: 	at android.os.Parcel.readException(Parcel.java:1620)
10-12 15:17:36.552 13914 13914 E NabCoreServices: 	at android.os.Parcel.readException(Parcel.java:1573)
10-12 15:17:36.552 13914 13914 E NabCoreServices: 	at android.app.ActivityManagerProxy.getContentProvider(ActivityManagerNative.java:3550)
10-12 15:17:36.552 13914 13914 E NabCoreServices: 	at android.app.ActivityThread.acquireProvider(ActivityThread.java:4778)
10-12 15:17:36.552 13914 13914 E NabCoreServices: 	at android.app.ContextImpl$ApplicationContentResolver.acquireUnstableProvider(ContextImpl.java:2018)
10-12 15:17:36.552 13914 13914 E NabCoreServices: 	at android.content.ContentResolver.acquireUnstableProvider(ContentResolver.java:1468)
10-12 15:17:36.552 13914 13914 E NabCoreServices: 	at android.content.ContentResolver.query(ContentResolver.java:475)
10-12 15:17:36.552 13914 13914 E NabCoreServices: 	at android.content.ContentResolver.query(ContentResolver.java:434)
10-12 15:17:36.552 13914 13914 E NabCoreServices: 	at com.onmobile.tools.account.AccountTools.checkAccountIsValid(jio.cloud.drive:494)
10-12 15:17:36.552 13914 13914 E NabCoreServices: 	at com.onmobile.tools.account.AccountTools.addAccountFromXml(jio.cloud.drive:374)
10-12 15:17:36.552 13914 13914 E NabCoreServices: 	at com.onmobile.tools.account.AccountTools.getContactsAccounts(jio.cloud.drive:226)
10-12 15:17:36.552 13914 13914 E NabCoreServices: 	at com.onmobile.tools.account.AccountTools.getSyncContactsAccounts(jio.cloud.drive:81)
10-12 15:17:36.552 13914 13914 E NabCoreServices: 	at com.onmobile.service.sync.AccountController.e(jio.cloud.drive:193)
10-12 15:17:36.552 13914 13914 E NabCoreServices: 	at com.onmobile.service.sync.AccountController.<init>(jio.cloud.drive:127)
10-12 15:17:36.552 13914 13914 E NabCoreServices: 	at com.onmobile.transfer.impl.ContactVcardImpl.<init>(jio.cloud.drive:71)
10-12 15:17:36.552 13914 13914 E NabCoreServices: 	at com.synchronoss.mct.sdk.engines.ExtractionEngine.<init>(jio.cloud.drive:186)
10-12 15:17:36.552 13914 13914 E NabCoreServices: 	at com.synchronoss.mct.sdk.Mct.a(jio.cloud.drive:134)
10-12 15:17:36.552 13914 13914 E NabCoreServices: 	at com.newbay.syncdrive.android.ui.application.SyncDrive.a(jio.cloud.drive:7814)
10-12 15:17:36.552 13914 13914 E NabCoreServices: 	at com.newbay.syncdrive.android.ui.application.SyncDriveApplication.onCreate(jio.cloud.drive:28)
10-12 15:17:36.552 13914 13914 E NabCoreServices: 	at android.app.Instrumentation.callApplicationOnCreate(Instrumentation.java:1013)
10-12 15:17:36.552 13914 13914 E NabCoreServices: 	at android.app.ActivityThread.handleBindApplication(ActivityThread.java:4707)
10-12 15:17:36.552 13914 13914 E NabCoreServices: 	at android.app.ActivityThread.-wrap1(ActivityThread.java)
10-12 15:17:36.552 13914 13914 E NabCoreServices: 	at android.app.ActivityThread$H.handleMessage(ActivityThread.java:1405)
10-12 15:17:36.552 13914 13914 E NabCoreServices: 	at android.os.Handler.dispatchMessage(Handler.java:102)
10-12 15:17:36.552 13914 13914 E NabCoreServices: 	at android.os.Looper.loop(Looper.java:148)
10-12 15:17:36.552 13914 13914 E NabCoreServices: 	at android.app.ActivityThread.main(ActivityThread.java:5417)
10-12 15:17:36.552 13914 13914 E NabCoreServices: 	at java.lang.reflect.Method.invoke(Native Method)
10-12 15:17:36.552 13914 13914 E NabCoreServices: 	at com.android.internal.os.ZygoteInit$MethodAndArgsCaller.run(ZygoteInit.java:726)
10-12 15:17:36.552 13914 13914 E NabCoreServices: 	at com.android.internal.os.ZygoteInit.main(ZygoteInit.java:616)
10-12 15:17:36.553780961 W ActivityManager: Permission Denial: opening provider com.android.providers.contacts.ContactsProvider2 from ProcessRecord{39fb581 13914:jio.cloud.drive/u0a138} (pid=13914, uid=10138) requires android.permission.READ_CONTACTS or android.permission.WRITE_CONTACTS
10-12 15:17:36.555 13914 13914 E NabCoreServices: AccountTools - checkAccountIsValid: Exception while querying Contacts settings
10-12 15:17:36.555 13914 13914 E NabCoreServices: java.lang.SecurityException: Permission Denial: opening provider com.android.providers.contacts.ContactsProvider2 from ProcessRecord{39fb581 13914:jio.cloud.drive/u0a138} (pid=13914, uid=10138) requires android.permission.READ_CONTACTS or android.permission.WRITE_CONTACTS
10-12 15:17:36.555 13914 13914 E NabCoreServices: 	at android.os.Parcel.readException(Parcel.java:1620)
10-12 15:17:36.555 13914 13914 E NabCoreServices: 	at android.os.Parcel.readException(Parcel.java:1573)
10-12 15:17:36.555 13914 13914 E NabCoreServices: 	at android.app.ActivityManagerProxy.getContentProvider(ActivityManagerNative.java:3550)
10-12 15:17:36.555 13914 13914 E NabCoreServices: 	at android.app.ActivityThread.acquireProvider(ActivityThread.java:4778)
10-12 15:17:36.555 13914 13914 E NabCoreServices: 	at android.app.ContextImpl$ApplicationContentResolver.acquireUnstableProvider(ContextImpl.java:2018)
10-12 15:17:36.555 13914 13914 E NabCoreServices: 	at android.content.ContentResolver.acquireUnstableProvider(ContentResolver.java:1468)
10-12 15:17:36.555 13914 13914 E NabCoreServices: 	at android.content.ContentResolver.query(ContentResolver.java:475)
10-12 15:17:36.555 13914 13914 E NabCoreServices: 	at android.content.ContentResolver.query(ContentResolver.java:434)
10-12 15:17:36.555 13914 13914 E NabCoreServices: 	at com.onmobile.tools.account.AccountTools.checkAccountIsValid(jio.cloud.drive:494)
10-12 15:17:36.555 13914 13914 E NabCoreServices: 	at com.onmobile.tools.account.AccountTools.addAccountFromXml(jio.cloud.drive:374)
10-12 15:17:36.555 13914 13914 E NabCoreServices: 	at com.onmobile.tools.account.AccountTools.getContactsAccounts(jio.cloud.drive:226)
10-12 15:17:36.555 13914 13914 E NabCoreServices: 	at com.onmobile.tools.account.AccountTools.getSyncContactsAccounts(jio.cloud.drive:81)
10-12 15:17:36.555 13914 13914 E NabCoreServices: 	at com.onmobile.service.sync.AccountController.e(jio.cloud.drive:193)
10-12 15:17:36.555 13914 13914 E NabCoreServices: 	at com.onmobile.service.sync.AccountController.<init>(jio.cloud.drive:127)
10-12 15:17:36.555 13914 13914 E NabCoreServices: 	at com.onmobile.transfer.impl.ContactVcardImpl.<init>(jio.cloud.drive:71)
10-12 15:17:36.555 13914 13914 E NabCoreServices: 	at com.synchronoss.mct.sdk.engines.ExtractionEngine.<init>(jio.cloud.drive:186)
10-12 15:17:36.555 13914 13914 E NabCoreServices: 	at com.synchronoss.mct.sdk.Mct.a(jio.cloud.drive:134)
10-12 15:17:36.555 13914 13914 E NabCoreServices: 	at com.newbay.syncdrive.android.ui.application.SyncDrive.a(jio.cloud.drive:7814)
10-12 15:17:36.555 13914 13914 E NabCoreServices: 	at com.newbay.syncdrive.android.ui.application.SyncDriveApplication.onCreate(jio.cloud.drive:28)
10-12 15:17:36.555 13914 13914 E NabCoreServices: 	at android.app.Instrumentation.callApplicationOnCreate(Instrumentation.java:1013)
10-12 15:17:36.555 13914 13914 E NabCoreServices: 	at android.app.ActivityThread.handleBindApplication(ActivityThread.java:4707)
10-12 15:17:36.555 13914 13914 E NabCoreServices: 	at android.app.ActivityThread.-wrap1(ActivityThread.java)
10-12 15:17:36.555 13914 13914 E NabCoreServices: 	at android.app.ActivityThread$H.handleMessage(ActivityThread.java:1405)
10-12 15:17:36.555 13914 13914 E NabCoreServices: 	at android.os.Handler.dispatchMessage(Handler.java:102)
10-12 15:17:36.555 13914 13914 E NabCoreServices: 	at android.os.Looper.loop(Looper.java:148)
10-12 15:17:36.555 13914 13914 E NabCoreServices: 	at android.app.ActivityThread.main(ActivityThread.java:5417)
10-12 15:17:36.555 13914 13914 E NabCoreServices: 	at java.lang.reflect.Method.invoke(Native Method)
10-12 15:17:36.555 13914 13914 E NabCoreServices: 	at com.android.internal.os.ZygoteInit$MethodAndArgsCaller.run(ZygoteInit.java:726)
10-12 15:17:36.555 13914 13914 E NabCoreServices: 	at com.android.internal.os.ZygoteInit.main(ZygoteInit.java:616)
10-12 15:17:36.555780  1684 W ActivityManager: Permission Denial: opening provider com.android.providers.contacts.ContactsProvider2 from ProcessRecord{39fb581 13914:jio.cloud.drive/u0a138} (pid=13914, uid=10138) requires android.permission.READ_CONTACTS or android.permission.WRITE_CONTACTS
10-12 15:17:36.556 13914 13914 E NabCoreServices: AccountTools - checkAccountIsValid: Exception while querying Contacts settings
10-12 15:17:36.556 13914 13914 E NabCoreServices: java.lang.SecurityException: Permission Denial: opening provider com.android.providers.contacts.ContactsProvider2 from ProcessRecord{39fb581 13914:jio.cloud.drive/u0a138} (pid=13914, uid=10138) requires android.permission.READ_CONTACTS or android.permission.WRITE_CONTACTS
10-12 15:17:36.556 13914 13914 E NabCoreServices: 	at android.os.Parcel.readException(Parcel.java:1620)
10-12 15:17:36.556 13914 13914 E NabCoreServices: 	at android.os.Parcel.readException(Parcel.java:1573)
10-12 15:17:36.556 13914 13914 E NabCoreServices: 	at android.app.ActivityManagerProxy.getContentProvider(ActivityManagerNative.java:3550)
10-12 15:17:36.556 13914 13914 E NabCoreServices: 	at android.app.ActivityThread.acquireProvider(ActivityThread.java:4778)
10-12 15:17:36.556 13914 13914 E NabCoreServices: 	at android.app.ContextImpl$ApplicationContentResolver.acquireUnstableProvider(ContextImpl.java:2018)
10-12 15:17:36.556 13914 13914 E NabCoreServices: 	at android.content.ContentResolver.acquireUnstableProvider(ContentResolver.java:1468)
10-12 15:17:36.556 13914 13914 E NabCoreServices: 	at android.content.ContentResolver.query(ContentResolver.java:475)
10-12 15:17:36.556 13914 13914 E NabCoreServices: 	at android.content.ContentResolver.query(ContentResolver.java:434)
10-12 15:17:36.556 13914 13914 E NabCoreServices: 	at com.onmobile.tools.account.AccountTools.checkAccountIsValid(jio.cloud.drive:494)
10-12 15:17:36.556 13914 13914 E NabCoreServices: 	at com.onmobile.tools.account.AccountTools.addAccountFromXml(jio.cloud.drive:374)
10-12 15:17:36.556 13914 13914 E NabCoreServices: 	at com.onmobile.tools.account.AccountTools.getContactsAccounts(jio.cloud.drive:226)
10-12 15:17:36.556 13914 13914 E NabCoreServices: 	at com.onmobile.tools.account.AccountTools.getSyncContactsAccounts(jio.cloud.drive:81)
10-12 15:17:36.556 13914 13914 E NabCoreServices: 	at com.onmobile.service.sync.AccountController.e(jio.cloud.drive:193)
10-12 15:17:36.556 13914 13914 E NabCoreServices: 	at com.onmobile.service.sync.AccountController.<init>(jio.cloud.drive:127)
10-12 15:17:36.556 13914 13914 E NabCoreServices: 	at com.onmobile.transfer.impl.ContactVcardImpl.<init>(jio.cloud.drive:71)
10-12 15:17:36.556 13914 13914 E NabCoreServices: 	at com.synchronoss.mct.sdk.engines.ExtractionEngine.<init>(jio.cloud.drive:186)
10-12 15:17:36.556 13914 13914 E NabCoreServices: 	at com.synchronoss.mct.sdk.Mct.a(jio.cloud.drive:134)
10-12 15:17:36.556 13914 13914 E NabCoreServices: 	at com.newbay.syncdrive.android.ui.application.SyncDrive.a(jio.cloud.drive:7814)
10-12 15:17:36.556 13914 13914 E NabCoreServices: 	at com.newbay.syncdrive.android.ui.application.SyncDriveApplication.onCreate(jio.cloud.drive:28)
10-12 15:17:36.556 13914 13914 E NabCoreServices: 	at android.app.Instrumentation.callApplicationOnCreate(Instrumentation.java:1013)
10-12 15:17:36.556 13914 13914 E NabCoreServices: 	at android.app.ActivityThread.handleBindApplication(ActivityThread.java:4707)
10-12 15:17:36.556 13914 13914 E NabCoreServices: 	at android.app.ActivityThread.-wrap1(ActivityThread.java)
10-12 15:17:36.556 13914 13914 E NabCoreServices: 	at android.app.ActivityThread$H.handleMessage(ActivityThread.java:1405)
10-12 15:17:36.556 13914 13914 E NabCoreServices: 	at android.os.Handler.dispatchMessage(Handler.java:102)
10-12 15:17:36.556 13914 13914 E NabCoreServices: 	at android.os.Looper.loop(Looper.java:148)
10-12 15:17:36.556 13914 13914 E NabCoreServices: 	at android.app.ActivityThread.main(ActivityThread.java:5417)
10-12 15:17:36.556 13914 13914 E NabCoreServices: 	at java.lang.reflect.Method.invoke(Native Method)
10-12 15:17:36.556 13914 13914 E NabCoreServices: 	at com.android.internal.os.ZygoteInit$MethodAndArgsCaller.run(ZygoteInit.java:726)
10-12 15:17:36.556 13914 13914 E NabCoreServices: 	at com.android.internal.os.ZygoteInit.main(ZygoteInit.java:616)
10-12 15:17:36.556780  1917 W ActivityManager: Permission Denial: opening provider com.android.providers.contacts.ContactsProvider2 from ProcessRecord{39fb581 13914:jio.cloud.drive/u0a138} (pid=13914, uid=10138) requires android.permission.READ_CONTACTS or android.permission.WRITE_CONTACTS
10-12 15:17:36.557 13914 13914 E NabCoreServices: AccountTools - checkAccountIsValid: Exception while querying Contacts settings
10-12 15:17:36.557 13914 13914 E NabCoreServices: java.lang.SecurityException: Permission Denial: opening provider com.android.providers.contacts.ContactsProvider2 from ProcessRecord{39fb581 13914:jio.cloud.drive/u0a138} (pid=13914, uid=10138) requires android.permission.READ_CONTACTS or android.permission.WRITE_CONTACTS
10-12 15:17:36.557 13914 13914 E NabCoreServices: 	at android.os.Parcel.readException(Parcel.java:1620)
10-12 15:17:36.557 13914 13914 E NabCoreServices: 	at android.os.Parcel.readException(Parcel.java:1573)
10-12 15:17:36.557 13914 13914 E NabCoreServices: 	at android.app.ActivityManagerProxy.getContentProvider(ActivityManagerNative.java:3550)
10-12 15:17:36.557 13914 13914 E NabCoreServices: 	at android.app.ActivityThread.acquireProvider(ActivityThread.java:4778)
10-12 15:17:36.557 13914 13914 E NabCoreServices: 	at android.app.ContextImpl$ApplicationContentResolver.acquireUnstableProvider(ContextImpl.java:2018)
10-12 15:17:36.557 13914 13914 E NabCoreServices: 	at android.content.ContentResolver.acquireUnstableProvider(ContentResolver.java:1468)
10-12 15:17:36.557 13914 13914 E NabCoreServices: 	at android.content.ContentResolver.query(ContentResolver.java:475)
10-12 15:17:36.557 13914 13914 E NabCoreServices: 	at android.content.ContentResolver.query(ContentResolver.java:434)
10-12 15:17:36.557 13914 13914 E NabCoreServices: 	at com.onmobile.tools.account.AccountTools.checkAccountIsValid(jio.cloud.drive:494)
10-12 15:17:36.557 13914 13914 E NabCoreServices: 	at com.onmobile.tools.account.AccountTools.addAccountFromXml(jio.cloud.drive:374)
10-12 15:17:36.557 13914 13914 E NabCoreServices: 	at com.onmobile.tools.account.AccountTools.getContactsAccounts(jio.cloud.drive:226)
10-12 15:17:36.557 13914 13914 E NabCoreServices: 	at com.onmobile.tools.account.AccountTools.getSyncContactsAccounts(jio.cloud.drive:81)
10-12 15:17:36.557 13914 13914 E NabCoreServices: 	at com.onmobile.service.sync.AccountController.e(jio.cloud.drive:193)
10-12 15:17:36.557 13914 13914 E NabCoreServices: 	at com.onmobile.service.sync.AccountController.<init>(jio.cloud.drive:127)
10-12 15:17:36.557 13914 13914 E NabCoreServices: 	at com.onmobile.transfer.impl.ContactVcardImpl.<init>(jio.cloud.drive:71)
10-12 15:17:36.557 13914 13914 E NabCoreServices: 	at com.synchronoss.mct.sdk.engines.ExtractionEngine.<init>(jio.cloud.drive:186)
10-12 15:17:36.557 13914 13914 E NabCoreServices: 	at com.synchronoss.mct.sdk.Mct.a(jio.cloud.drive:134)
10-12 15:17:36.557 13914 13914 E NabCoreServices: 	at com.newbay.syncdrive.android.ui.application.SyncDrive.a(jio.cloud.drive:7814)
10-12 15:17:36.557 13914 13914 E NabCoreServices: 	at com.newbay.syncdrive.android.ui.application.SyncDriveApplication.onCreate(jio.cloud.drive:28)
10-12 15:17:36.557 13914 13914 E NabCoreServices: 	at android.app.Instrumentation.callApplicationOnCreate(Instrumentation.java:1013)
10-12 15:17:36.557 13914 13914 E NabCoreServices: 	at android.app.ActivityThread.handleBindApplication(ActivityThread.java:4707)
10-12 15:17:36.557 13914 13914 E NabCoreServices: 	at android.app.ActivityThread.-wrap1(ActivityThread.java)
10-12 15:17:36.557 13914 13914 E NabCoreServices: 	at android.app.ActivityThread$H.handleMessage(ActivityThread.java:1405)
10-12 15:17:36.557 13914 13914 E NabCoreServices: 	at android.os.Handler.dispatchMessage(Handler.java:102)
10-12 15:17:36.557 13914 13914 E NabCoreServices: 	at android.os.Looper.loop(Looper.java:148)
10-12 15:17:36.557 13914 13914 E NabCoreServices: 	at android.app.ActivityThread.main(ActivityThread.java:5417)
10-12 15:17:36.557 13914 13914 E NabCoreServices: 	at java.lang.reflect.Method.invoke(Native Method)
10-12 15:17:36.557 13914 13914 E NabCoreServices: 	at com.android.internal.os.ZygoteInit$MethodAndArgsCaller.run(ZygoteInit.java:726)
10-12 15:17:36.557 13914 13914 E NabCoreServices: 	at com.android.internal.os.ZygoteInit.main(ZygoteInit.java:616)
10-12 15:17:36.558780  2320 W ActivityManager: Permission Denial: opening provider com.android.providers.contacts.ContactsProvider2 from ProcessRecord{39fb581 13914:jio.cloud.drive/u0a138} (pid=13914, uid=10138) requires android.permission.READ_CONTACTS or android.permission.WRITE_CONTACTS
10-12 15:17:36.558 13914 13914 E NabCoreServices: AccountTools - checkAccountIsValid: Exception while querying Contacts settings
10-12 15:17:36.558 13914 13914 E NabCoreServices: java.lang.SecurityException: Permission Denial: opening provider com.android.providers.contacts.ContactsProvider2 from ProcessRecord{39fb581 13914:jio.cloud.drive/u0a138} (pid=13914, uid=10138) requires android.permission.READ_CONTACTS or android.permission.WRITE_CONTACTS
10-12 15:17:36.558 13914 13914 E NabCoreServices: 	at android.os.Parcel.readException(Parcel.java:1620)
10-12 15:17:36.558 13914 13914 E NabCoreServices: 	at android.os.Parcel.readException(Parcel.java:1573)
10-12 15:17:36.558 13914 13914 E NabCoreServices: 	at android.app.ActivityManagerProxy.getContentProvider(ActivityManagerNative.java:3550)
10-12 15:17:36.558 13914 13914 E NabCoreServices: 	at android.app.ActivityThread.acquireProvider(ActivityThread.java:4778)
10-12 15:17:36.558 13914 13914 E NabCoreServices: 	at android.app.ContextImpl$ApplicationContentResolver.acquireUnstableProvider(ContextImpl.java:2018)
10-12 15:17:36.558 13914 13914 E NabCoreServices: 	at android.content.ContentResolver.acquireUnstableProvider(ContentResolver.java:1468)
10-12 15:17:36.558 13914 13914 E NabCoreServices: 	at android.content.ContentResolver.query(ContentResolver.java:475)
10-12 15:17:36.558 13914 13914 E NabCoreServices: 	at android.content.ContentResolver.query(ContentResolver.java:434)
10-12 15:17:36.558 13914 13914 E NabCoreServices: 	at com.onmobile.tools.account.AccountTools.checkAccountIsValid(jio.cloud.drive:494)
10-12 15:17:36.558 13914 13914 E NabCoreServices: 	at com.onmobile.tools.account.AccountTools.addAccountFromXml(jio.cloud.drive:374)
10-12 15:17:36.558 13914 13914 E NabCoreServices: 	at com.onmobile.tools.account.AccountTools.getContactsAccounts(jio.cloud.drive:226)
10-12 15:17:36.558 13914 13914 E NabCoreServices: 	at com.onmobile.tools.account.AccountTools.getSyncContactsAccounts(jio.cloud.drive:81)
10-12 15:17:36.558 13914 13914 E NabCoreServices: 	at com.onmobile.service.sync.AccountController.e(jio.cloud.drive:193)
10-12 15:17:36.558 13914 13914 E NabCoreServices: 	at com.onmobile.service.sync.AccountController.<init>(jio.cloud.drive:127)
10-12 15:17:36.558 13914 13914 E NabCoreServices: 	at com.onmobile.transfer.impl.ContactVcardImpl.<init>(jio.cloud.drive:71)
10-12 15:17:36.558 13914 13914 E NabCoreServices: 	at com.synchronoss.mct.sdk.engines.ExtractionEngine.<init>(jio.cloud.drive:186)
10-12 15:17:36.558 13914 13914 E NabCoreServices: 	at com.synchronoss.mct.sdk.Mct.a(jio.cloud.drive:134)
10-12 15:17:36.558 13914 13914 E NabCoreServices: 	at com.newbay.syncdrive.android.ui.application.SyncDrive.a(jio.cloud.drive:7814)
10-12 15:17:36.558 13914 13914 E NabCoreServices: 	at com.newbay.syncdrive.android.ui.application.SyncDriveApplication.onCreate(jio.cloud.drive:28)
10-12 15:17:36.558 13914 13914 E NabCoreServices: 	at android.app.Instrumentation.callApplicationOnCreate(Instrumentation.java:1013)
10-12 15:17:36.558 13914 13914 E NabCoreServices: 	at android.app.ActivityThread.handleBindApplication(ActivityThread.java:4707)
10-12 15:17:36.558 13914 13914 E NabCoreServices: 	at android.app.ActivityThread.-wrap1(ActivityThread.java)
10-12 15:17:36.558 13914 13914 E NabCoreServices: 	at android.app.ActivityThread$H.handleMessage(ActivityThread.java:1405)
10-12 15:17:36.558 13914 13914 E NabCoreServices: 	at android.os.Handler.dispatchMessage(Handler.java:102)
10-12 15:17:36.558 13914 13914 E NabCoreServices: 	at android.os.Looper.loop(Looper.java:148)
10-12 15:17:36.558 13914 13914 E NabCoreServices: 	at android.app.ActivityThread.main(ActivityThread.java:5417)
10-12 15:17:36.558 13914 13914 E NabCoreServices: 	at java.lang.reflect.Method.invoke(Native Method)
10-12 15:17:36.558 13914 13914 E NabCoreServices: 	at com.android.internal.os.ZygoteInit$MethodAndArgsCaller.run(ZygoteInit.java:726)
10-12 15:17:36.558 13914 13914 E NabCoreServices: 	at com.android.internal.os.ZygoteInit.main(ZygoteInit.java:616)
10-12 15:17:36.559780  1915 W ActivityManager: Permission Denial: opening provider com.android.providers.contacts.ContactsProvider2 from ProcessRecord{39fb581 13914:jio.cloud.drive/u0a138} (pid=13914, uid=10138) requires android.permission.READ_CONTACTS or android.permission.WRITE_CONTACTS
10-12 15:17:36.560 13914 13914 E NabCoreServices: AccountTools - checkAccountIsValid: Exception while querying Contacts settings
10-12 15:17:36.560 13914 13914 E NabCoreServices: java.lang.SecurityException: Permission Denial: opening provider com.android.providers.contacts.ContactsProvider2 from ProcessRecord{39fb581 13914:jio.cloud.drive/u0a138} (pid=13914, uid=10138) requires android.permission.READ_CONTACTS or android.permission.WRITE_CONTACTS
10-12 15:17:36.560 13914 13914 E NabCoreServices: 	at android.os.Parcel.readException(Parcel.java:1620)
10-12 15:17:36.560 13914 13914 E NabCoreServices: 	at android.os.Parcel.readException(Parcel.java:1573)
10-12 15:17:36.560 13914 13914 E NabCoreServices: 	at android.app.ActivityManagerProxy.getContentProvider(ActivityManagerNative.java:3550)
10-12 15:17:36.560 13914 13914 E NabCoreServices: 	at android.app.ActivityThread.acquireProvider(ActivityThread.java:4778)
10-12 15:17:36.560 13914 13914 E NabCoreServices: 	at android.app.ContextImpl$ApplicationContentResolver.acquireUnstableProvider(ContextImpl.java:2018)
10-12 15:17:36.560 13914 13914 E NabCoreServices: 	at android.content.ContentResolver.acquireUnstableProvider(ContentResolver.java:1468)
10-12 15:17:36.560 13914 13914 E NabCoreServices: 	at android.content.ContentResolver.query(ContentResolver.java:475)
10-12 15:17:36.560 13914 13914 E NabCoreServices: 	at android.content.ContentResolver.query(ContentResolver.java:434)
10-12 15:17:36.560 13914 13914 E NabCoreServices: 	at com.onmobile.tools.account.AccountTools.checkAccountIsValid(jio.cloud.drive:494)
10-12 15:17:36.560 13914 13914 E NabCoreServices: 	at com.onmobile.tools.account.AccountTools.addAccountFromXml(jio.cloud.drive:374)
10-12 15:17:36.560 13914 13914 E NabCoreServices: 	at com.onmobile.tools.account.AccountTools.getContactsAccounts(jio.cloud.drive:226)
10-12 15:17:36.560 13914 13914 E NabCoreServices: 	at com.onmobile.tools.account.AccountTools.getSyncContactsAccounts(jio.cloud.drive:81)
10-12 15:17:36.560 13914 13914 E NabCoreServices: 	at com.onmobile.service.sync.AccountController.e(jio.cloud.drive:193)
10-12 15:17:36.560 13914 13914 E NabCoreServices: 	at com.onmobile.service.sync.AccountController.<init>(jio.cloud.drive:127)
10-12 15:17:36.560 13914 13914 E NabCoreServices: 	at com.onmobile.transfer.impl.ContactVcardImpl.<init>(jio.cloud.drive:71)
10-12 15:17:36.560 13914 13914 E NabCoreServices: 	at com.synchronoss.mct.sdk.engines.ExtractionEngine.<init>(jio.cloud.drive:186)
10-12 15:17:36.560 13914 13914 E NabCoreServices: 	at com.synchronoss.mct.sdk.Mct.a(jio.cloud.drive:134)
10-12 15:17:36.560 13914 13914 E NabCoreServices: 	at com.newbay.syncdrive.android.ui.application.SyncDrive.a(jio.cloud.drive:7814)
10-12 15:17:36.560 13914 13914 E NabCoreServices: 	at com.newbay.syncdrive.android.ui.application.SyncDriveApplication.onCreate(jio.cloud.drive:28)
10-12 15:17:36.560 13914 13914 E NabCoreServices: 	at android.app.Instrumentation.callApplicationOnCreate(Instrumentation.java:1013)
10-12 15:17:36.560 13914 13914 E NabCoreServices: 	at android.app.ActivityThread.handleBindApplication(ActivityThread.java:4707)
10-12 15:17:36.560 13914 13914 E NabCoreServices: 	at android.app.ActivityThread.-wrap1(ActivityThread.java)
10-12 15:17:36.560 13914 13914 E NabCoreServices: 	at android.app.ActivityThread$H.handleMessage(ActivityThread.java:1405)
10-12 15:17:36.560 13914 13914 E NabCoreServices: 	at android.os.Handler.dispatchMessage(Handler.java:102)
10-12 15:17:36.560 13914 13914 E NabCoreServices: 	at android.os.Looper.loop(Looper.java:148)
10-12 15:17:36.560 13914 13914 E NabCoreServices: 	at android.app.ActivityThread.main(ActivityThread.java:5417)
10-12 15:17:36.560 13914 13914 E NabCoreServices: 	at java.lang.reflect.Method.invoke(Native Method)
10-12 15:17:36.560 13914 13914 E NabCoreServices: 	at com.android.internal.os.ZygoteInit$MethodAndArgsCaller.run(ZygoteInit.java:726)
10-12 15:17:36.560 13914 13914 E NabCoreServices: 	at com.android.internal.os.ZygoteInit.main(ZygoteInit.java:616)
10-12 15:17:36.564  2477  2477 I chatty  : uid=10081(com.cleanmaster.mguard) AutostartServic expire 13 lines
10-12 15:17:36.581 13934 13934 I Radio-JNI: register_android_hardware_Radio DONE
10-12 15:17:36.590780  2322 W ActivityManager: Permission Denial: opening provider com.android.providers.contacts.ContactsProvider2 from ProcessRecord{39fb581 13914:jio.cloud.drive/u0a138} (pid=13914, uid=10138) requires android.permission.READ_CONTACTS or android.permission.WRITE_CONTACTS
10-12 15:17:36.634 13934 13934 D AndroidRuntime: Calling main entry com.android.commands.pm.Pm
10-12 15:17:36.671780  2696 I ActivityManager: Killing 13421:com.google.android.partnersetup/u0a11 (adj 15): empty #17
10-12 15:17:36.720 13934 13934 I art  : System.exit called, status: 0
10-12 15:17:36.720 13934 13934 I AndroidRuntime: VM exiting with result code 0.
10-12 15:17:36.737780  1917 D ActivityManager: cleanUpApplicationRecord -- 13421
10-12 15:17:36.783780  2323 I ActivityManager: Start proc 13991:com.jio.myjio/u0a192 for broadcast com.jio.myjio/com.jio.mhood.services.HandShakeReceiver
10-12 15:17:36.876 13991 13991 I MultiDex: VM with version 2.1.0 has multidex support
10-12 15:17:36.876 13991 13991 I MultiDex: install
10-12 15:17:36.876 13991 13991 I MultiDex: VM has multidex support, MultiDex support library is disabled.
10-12 15:17:36.876 13991 13991 I MultiDex: install
10-12 15:17:36.876 13991 13991 I MultiDex: VM has multidex support, MultiDex support library is disabled.
10-12 15:17:36.915 13991 13991 I GMPM : App measurement is starting up, version: 8487
10-12 15:17:36.915 13991 13991 I GMPM : To enable debug logging run: adb shell setprop log.tag.GMPM VERBOSE
10-12 15:17:36.936 13991 13991 E GMPM : GoogleService failed to initialize, status: 10, Missing an expected resource: 'R.string.google_app_id' for initializing Google services.  Possible causes are missing google-services.json or com.google.gms.google-services gradle plugin.
10-12 15:17:36.936 13991 13991 E GMPM : Scheduler not set. Not logging error/warn.
10-12 15:17:36.955 13991 14011 E GMPM : Uploading is not possible. App measurement disabled
10-12 15:17:36.980 13991 13991 D ACRA : ACRA is enabled for com.jio.myjio, intializing...
10-12 15:17:36.989 13991 13991 D ACRA : Looking for error files in /data/user/0/com.jio.myjio/files
10-12 15:17:37.003780790 I ActivityManager: Start proc 14016:com.jio.myjio:HPRumService/u0a192 for service com.jio.myjio/com.hp.rum.mobile.rmservice.RUMMonitorService
10-12 15:17:37.065 13991 13991 D RTSSApplication: onCreate
10-12 15:17:37.130 13991 13991 I CrashlyticsCore: Initializing Crashlytics 2.3.8.97
10-12 15:17:37.138780  6670 I ActivityManager: Killing 13439:com.android.musicfx/u0a13 (adj 15): empty #17
10-12 15:17:37.171780  4423 D ActivityManager: cleanUpApplicationRecord -- 13439
10-12 15:17:37.176 13991 13991 D RTSSApplication:  MadmeService.init(getApplicationContext())
10-12 15:17:37.177 13991 13991 V RtssApplication: DEBUG OUTPUT=ApplicationInfo{e9fede0 com.jio.myjio}
10-12 15:17:37.188 13991 13991 D test : initLoggers()
10-12 15:17:37.409780790 I ActivityManager: Start proc 14072:com.lenovo.anyshare.gps/u0a176 for broadcast com.lenovo.anyshare.gps/com.ushareit.family.FamilyReceiver
10-12 15:17:37.410780790 I ActivityManager: Killing 13480:com.google.android.gm.exchange/u0a118 (adj 15): empty #17
10-12 15:17:37.429  1073  1073 I wpa_supplicant: wlan0: Trying to associate with d0:c7:89:0a:c3:5b (SSID='AmdocsMobile' freq=5805 MHz)
10-12 15:17:37.465780961 D ActivityManager: cleanUpApplicationRecord -- 13480
10-12 15:17:37.529 14072 14072 I AS.  : 15:17:37.529[1] Logger Started, DebugVersion = false
10-12 15:17:37.602780  2696 I ActivityManager: Start proc 14086:com.estrongs.android.pop/u0a102 for broadcast com.estrongs.android.pop/.app.InstallMonitorReceiver
10-12 15:17:37.604780  2696 I ActivityManager: Killing 13495:com.google.android.apps.docs/u0a35 (adj 15): empty #17
10-12 15:17:37.612  1073  1073 I wpa_supplicant: wlan0: CTRL-EVENT-ASSOC-REJECT bssid=d0:c7:89:0a:c3:5b status_code=1
10-12 15:17:37.626780  1915 D ActivityManager: cleanUpApplicationRecord -- 13495
10-12 15:17:37.701 14086 14086 I MultiDex: VM with version 2.1.0 has multidex support
10-12 15:17:37.701 14086 14086 I MultiDex: install
10-12 15:17:37.701 14086 14086 I MultiDex: VM has multidex support, MultiDex support library is disabled.
10-12 15:17:37.701 14086 14086 I MultiDex: install
10-12 15:17:37.701 14086 14086 I MultiDex: VM has multidex support, MultiDex support library is disabled.
10-12 15:17:38.004 14086 14103 E FlurryAgent: GOOGLE PLAY SERVICES EXCEPTION: com.google.android.gms.common.GooglePlayServicesUtil
10-12 15:17:38.004 14086 14103 E FlurryAgent: There is a problem with the Google Play Services library, which is required for Android Advertising ID support. The Google Play Services library should be integrated in any app shipping in the Play Store that uses analytics or advertising.
10-12 15:17:38.070780  2697 I ActivityManager: START u0 {flg=0x10800000 cmp=com.estrongs.android.pop/.app.InstallMonitorActivity (has extras)} from uid 10102 on display 0
10-12 15:17:38.232204816 D audio_hw_primary: out_set_parameters: enter: usecase(1: low-latency-playback) kvpairs: routing=2
10-12 15:17:38.242204816 D audio_hw_primary: select_devices: out_snd_device(2: speaker) in_snd_device(0: none)
10-12 15:17:38.242204816 D msm8974_platform: platform_send_audio_calibration: sending audio calibration for snd_device(2) acdb_id(15)
10-12 15:17:38.242204816 D audio_hw_primary: enable_snd_device: snd_device(2: speaker)
10-12 15:17:38.246204816 D audio_hw_primary: enable_audio_route: apply and update mixer path: low-latency-playback
10-12 15:17:38.253 14086 14103 W FlurryAgent: Flurry session started for context:com.estrongs.android.pop.app.InstallMonitorActivity@4d04bc3
10-12 15:17:38.253 14086 14103 W FlurryAgent: Flurry session resumed for context:com.estrongs.android.pop.app.InstallMonitorActivity@4d04bc3
10-12 15:17:38.295  2297  2451 I chatty  : uid=10081(com.cleanmaster.mguard) appMonitor expire 2 lines
10-12 15:17:38.307  2297  2406 I chatty  : uid=10081(com.cleanmaster.mguard) BackgroundThrea expire 11 lines
10-12 15:17:38.334  2694  2694 W Binder_C: type=1400 audit(0.0:519179): avc: denied { ioctl } for path="socket:[390299]" dev="sockfs" ino=390299 ioctlcmd=7704 scontext=u:r:system_server:s0 tcontext=u:r:system_server:s0 tclass=unix_stream_socket permissive=0
10-12 15:17:38.334  2694  2694 W Binder_C: type=1400 audit(0.0:519180): avc: denied { ioctl } for path="socket:[390299]" dev="sockfs" ino=390299 ioctlcmd=7704 scontext=u:r:system_server:s0 tcontext=u:r:system_server:s0 tclass=unix_stream_socket permissive=0
10-12 15:17:38.347  2105  2105 I Keyboard.Facilitator: onFinishInput()
10-12 15:17:38.349 14086 14103 I WebViewFactory: Loading com.google.android.webview version 49.0.2623.105 (code 262310500)
10-12 15:17:38.380780  2323 I ActivityManager: Killing 13509:com.google.process.gapps/u0a86 (adj 15): empty #17
10-12 15:17:38.417780800 D BluetoothManagerService: Added callback: android.bluetooth.IBluetoothManagerCallback$Stub$Proxy@6a53e3c:true
10-12 15:17:38.421780  1915 D ActivityManager: cleanUpApplicationRecord -- 13509
10-12 15:17:38.462 14086 14120 E sdkstat : 
10-12 15:17:38.472780887 D WifiService: New client listening to asynchronous messages
10-12 15:17:38.484 14086 14103 I cr_LibraryLoader: Time to load native libraries: 2 ms (timestamps 2592-2594)
10-12 15:17:38.484 14086 14103 I cr_LibraryLoader: Expected native library version number "49.0.2623.105", actual native library version number "49.0.2623.105"
10-12 15:17:38.502 14086 14103 V WebViewChromiumFactoryProvider: Binding Chromium to main looper Looper (main, tid 1) {2fed596}
10-12 15:17:38.503 14086 14086 I cr_LibraryLoader: Expected native library version number "49.0.2623.105", actual native library version number "49.0.2623.105"
10-12 15:17:38.505 14086 14086 I chromium: [INFO:library_loader_hooks.cc(144)] Chromium logging enabled: level = 0, default verbosity = 0
10-12 15:17:38.513 14086 14086 I cr_BrowserStartup: Initializing chromium process, singleProcess=true
10-12 15:17:38.546 14086 14086 I Adreno-EGL: <qeglDrvAPI_eglInitialize:379>: QUALCOMM Build: 10/21/15, 369a2ea, I96aee987eb
10-12 15:17:38.615 14086 14103 E FlurryAgent: GOOGLE PLAY SERVICES EXCEPTION: com.google.android.gms.common.GooglePlayServicesUtil
10-12 15:17:38.615 14086 14103 E FlurryAgent: There is a problem with the Google Play Services library, which is required for Android Advertising ID support. The Google Play Services library should be integrated in any app shipping in the Play Store that uses analytics or advertising.
10-12 15:17:38.626780  1684 D ConnectivityService: listenForNetwork for Listen from uid/pid:10102/14086 for NetworkRequest [ id=97, legacyType=-1, [ Capabilities: INTERNET&NOT_RESTRICTED&TRUSTED&NOT_VPN] ]
10-12 15:17:38.639 14086 14103 W FlurryAgent: Flurry session paused for context:com.estrongs.android.pop.app.InstallMonitorActivity@4d04bc3
10-12 15:17:38.652  1449  1449 D AndroidRuntime: Shutting down VM
10-12 15:17:38.657  1449  1449 D Analytics SDK: Service Unbound: uncaughtException
10-12 15:17:38.727  1449  1449 E uncaughtException: CustomUncaughtExceptionHandler.uncaughtException: Thread 1 Message Unable to start receiver com.jio.media.market.AppInstallListener: java.lang.NullPointerException: Attempt to invoke virtual method 'int java.util.ArrayList.size()' on a null object reference
10-12 15:17:38.727  1449  1449 W System.err: java.lang.RuntimeException: Unable to start receiver com.jio.media.market.AppInstallListener: java.lang.NullPointerException: Attempt to invoke virtual method 'int java.util.ArrayList.size()' on a null object reference
10-12 15:17:38.727  1449  1449 W System.err: 	at android.app.ActivityThread.handleReceiver(ActivityThread.java:2732)
10-12 15:17:38.727  1449  1449 W System.err: 	at android.app.ActivityThread.-wrap14(ActivityThread.java)
10-12 15:17:38.727  1449  1449 W System.err: 	at android.app.ActivityThread$H.handleMessage(ActivityThread.java:1421)
10-12 15:17:38.727  1449  1449 W System.err: 	at android.os.Handler.dispatchMessage(Handler.java:102)
10-12 15:17:38.728  1449  1449 W System.err: 	at android.os.Looper.loop(Looper.java:148)
10-12 15:17:38.728  1449  1449 W System.err: 	at android.app.ActivityThread.main(ActivityThread.java:5417)
10-12 15:17:38.728  1449  1449 W System.err: 	at java.lang.reflect.Method.invoke(Native Method)
10-12 15:17:38.728  1449  1449 W System.err: 	at com.android.internal.os.ZygoteInit$MethodAndArgsCaller.run(ZygoteInit.java:726)
10-12 15:17:38.728  1449  1449 W System.err: 	at com.android.internal.os.ZygoteInit.main(ZygoteInit.java:616)
10-12 15:17:38.728  1449  1449 W System.err: Caused by: java.lang.NullPointerException: Attempt to invoke virtual method 'int java.util.ArrayList.size()' on a null object reference
10-12 15:17:38.732  1449  1449 W System.err: 	at com.jio.media.market.AppInstallListener.installApplication(AppInstallListener.java:28)
10-12 15:17:38.732  1449  1449 W System.err: 	at com.jio.media.market.AppInstallListener.onReceive(AppInstallListener.java:23)
10-12 15:17:38.732  1449  1449 W System.err: 	at android.app.ActivityThread.handleReceiver(ActivityThread.java:2725)
10-12 15:17:38.732  1449  1449 W System.err: 	... 8 more
10-12 15:17:38.740  1449  1449 I art  : System.exit called, status: 1
10-12 15:17:38.740  1449  1449 I AndroidRuntime: VM exiting with result code 1, cleanup skipped.
10-12 15:17:38.760215215 I Zygote  : Process 1449 exited cleanly (1)
10-12 15:17:38.770780  2323 I ActivityManager: Process com.jio.media.ondemand (pid 1449) has died
10-12 15:17:38.770780  2323 D ActivityManager: cleanUpApplicationRecord -- 1449
10-12 15:17:38.770780  2323 W ActivityManager: Scheduling restart of crashed service com.jio.media.ondemand/com.jio.media.framework.services.external.mediamanager.JioMediaDownloaderService in 1000ms
10-12 15:17:38.770780  2323 W ActivityManager: Scheduling restart of crashed service com.jio.media.ondemand/com.jio.media.analytics.AnalyticsService in 11000ms
10-12 15:17:38.942  2745  2745 I psl.event.dispatcher: onReceive: Received an event. action=android.intent.action.PACKAGE_REPLACED
10-12 15:17:38.978780  2696 I ActivityManager: Start proc 14164:com.android.musicfx/u0a13 for broadcast com.android.musicfx/.Compatibility$Receiver
10-12 15:17:38.987  2745  2745 I ManagementService: no need to handle management intent base on license
10-12 15:17:39.025 14164 14164 W System  : ClassLoader referenced unknown path: /system/priv-app/MusicFX/lib/arm
10-12 15:17:39.104780  6670 I ActivityManager: Killing 13572:com.google.android.apps.plus/u0a63 (adj 15): empty #17
10-12 15:17:39.170780790 D ActivityManager: cleanUpApplicationRecord -- 13572
10-12 15:17:39.184  2929  2929 E NetworkScheduler.SR: Invalid parameter app
10-12 15:17:39.184  2929  2929 E NetworkScheduler.SR: Invalid package name : Perhaps you didn't include a PendingIntent in the extras?
10-12 15:17:39.195780  2694 I ActivityManager: Start proc 14180:com.google.android.apps.magazines/u0a56 for broadcast com.google.android.apps.magazines/com.google.apps.dots.android.app.receiver.FirstInstallNotificationReceiver
10-12 15:17:39.247  1073  1073 I wpa_supplicant: wlan0: Trying to associate with 0c:27:24:87:28:8b (SSID='AmdocsMobile' freq=5220 MHz)
10-12 15:17:39.327780886 D WifiStateMachine: shouldSwitchNetwork  txSuccessRate=0.01 rxSuccessRate=0.01 delta 1000 -> 1000
10-12 15:17:39.334780886 D WifiStateMachine: CMD_AUTO_CONNECT sup state ScanState my state DisconnectedState nid=48 roam=3
10-12 15:17:39.334780886 E WifiConfigStore: saveWifiConfigBSSID Setting BSSID for "AmdocsMobile"WPA_PSK to any
10-12 15:17:39.349780886 D WifiStateMachine: CMD_AUTO_CONNECT will save config -> "AmdocsMobile" nid=48
10-12 15:17:39.381 14180 14180 W System  : ClassLoader referenced unknown path: /data/app/com.google.android.apps.magazines-1/lib/arm
10-12 15:17:39.394780886 D WifiStateMachine: CMD_AUTO_CONNECT did save config ->  nid=48
10-12 15:17:39.489  1320 14207 W IcingInternalCorpora: getNumBytesRead when not calculated.
10-12 15:17:39.543  1320  7375 I Icing: Usage reports 0 indexed 0 rejected 0 imm upload false
10-12 15:17:39.547  1320  7375 I Icing: Usage reports 0 indexed 0 rejected 0 imm upload false
10-12 15:17:39.572 14180 14180 I MultiDex: VM with version 2.1.0 has multidex support
10-12 15:17:39.572 14180 14180 I MultiDex: install
10-12 15:17:39.572 14180 14180 I MultiDex: VM has multidex support, MultiDex support library is disabled.
10-12 15:17:39.763  1320  7289 V NativeCrypto: SSL shutdown failed: ssl=0x93134600: I/O error during system call, Connection timed out
10-12 15:17:39.781780793 I ActivityManager: Start proc 14212:com.jio.media.ondemand/u0a188 for service com.jio.media.ondemand/com.jio.media.framework.services.external.mediamanager.JioMediaDownloaderService
10-12 15:17:39.824 14212 14212 W System  : ClassLoader referenced unknown path: /data/app/com.jio.media.ondemand-1/lib/arm
10-12 15:17:39.837 14212 14212 I MultiDex: VM with version 2.1.0 has multidex support
10-12 15:17:39.837 14212 14212 I MultiDex: install
10-12 15:17:39.837 14212 14212 I MultiDex: VM has multidex support, MultiDex support library is disabled.
10-12 15:17:39.837 14212 14212 I MultiDex: install
10-12 15:17:39.837 14212 14212 I MultiDex: VM has multidex support, MultiDex support library is disabled.
10-12 15:17:39.886 14212 14212 I FirebaseInitProvider: FirebaseApp initialization unsuccessful
10-12 15:17:39.952 14180 14180 I GAv4 : Google Analytics 8.2.98 is starting up. To enable debug logging on a device run:
10-12 15:17:39.952 14180 14180 I GAv4 :adb shell setprop log.tag.GAv4 DEBUG
10-12 15:17:39.952 14180 14180 I GAv4 :adb logcat -s GAv4
10-12 15:17:39.981 14212 14212 V GoogleSignatureVerifier: com.google.android.gms signature not valid.  Found: 
10-12 15:17:39.981 14212 14212 V GoogleSignatureVerifier: MIIEQzCCAyugAwIBAgIJAMLgh0ZkSjCNMA0GCSqGSIb3DQEBBAUAMHQxCzAJBgNVBAYTAlVTMRMw
10-12 15:17:39.981 14212 14212 V GoogleSignatureVerifier: EQYDVQQIEwpDYWxpZm9ybmlhMRYwFAYDVQQHEw1Nb3VudGFpbiBWaWV3MRQwEgYDVQQKEwtHb29n
10-12 15:17:39.981 14212 14212 V GoogleSignatureVerifier: bGUgSW5jLjEQMA4GA1UECxMHQW5kcm9pZDEQMA4GA1UEAxMHQW5kcm9pZDAeFw0wODA4MjEyMzEz
10-12 15:17:39.981 14212 14212 V GoogleSignatureVerifier: MzRaFw0zNjAxMDcyMzEzMzRaMHQxCzAJBgNVBAYTAlVTMRMwEQYDVQQIEwpDYWxpZm9ybmlhMRYw
10-12 15:17:39.981 14212 14212 V GoogleSignatureVerifier: FAYDVQQHEw1Nb3VudGFpbiBWaWV3MRQwEgYDVQQKEwtHb29nbGUgSW5jLjEQMA4GA1UECxMHQW5k
10-12 15:17:39.981 14212 14212 V GoogleSignatureVerifier: cm9pZDEQMA4GA1UEAxMHQW5kcm9pZDCCASAwDQYJKoZIhvcNAQEBBQADggENADCCAQgCggEBAKtW
10-12 15:17:39.981 14212 14212 V GoogleSignatureVerifier: LgDYO6IIrgqWbxJOKdoR8qtW0I9Y4sypEwPpt1TTcvZApxsdyxMJZ2JORland2qSGT2y5b+3JKke
10-12 15:17:39.981 14212 14212 V GoogleSignatureVerifier: dxiLDmpHpDsz2WCbdxgxRczfey5YZnTJ4VZbH0xqWVW/8lGmPav5xVwnIiJS6HXk+BVKZF+JcWjA
10-12 15:17:39.981 14212 14212 V GoogleSignatureVerifier: sb/GEuq/eFdpuzSqeYTcfi6idkyugwfYwXFU1+5fZKUaRKYCwkkFQVfcAs1fXA5V+++FGfvjJ/Cx
10-12 15:17:39.981 14212 14212 V GoogleSignatureVerifier: URaSxaBvGdGDhfXE28LWuT9ozCl5xw4Yq5OGazvV24mZVSoOO0yZ31j7kYvtwYK6NeADwbSxDdJE
10-12 15:17:39.981 14212 14212 V GoogleSignatureVerifier: qO4k//0zOHKrUiGYXtqw/A0LFFtqoZKFjnkCAQOjgdkwgdYwHQYDVR0OBBYEFMd9jMIhF1Ylmn/T
10-12 15:17:39.981 14212 14212 V GoogleSignatureVerifier: gt9r45jk14alMIGmBgNVHSMEgZ4wgZuAFMd9jMIhF1Ylmn/Tgt9r45jk14aloXikdjB0MQswCQYD
10-12 15:17:39.981 14212 14212 V GoogleSignatureVerifier: VQQGEwJVUzETMBEGA1UECBMKQ2FsaWZvcm5pYTEWMBQGA1UEBxMNTW91bnRhaW4gVmlldzEUMBIG
10-12 15:17:39.981 14212 14212 V GoogleSignatureVerifier: A1UEChMLR29vZ2xlIEluYy4xEDAOBgNVBAsTB0FuZHJvaWQxEDAOBgNVBAMTB0FuZHJvaWSCCQDC
10-12 15:17:39.981 14212 14212 V GoogleSignatureVerifier: 4IdGZEowjTAMBgNVHRMEBTADAQH/MA0GCSqGSIb3DQEBBAUAA4IBAQBt0lLO74UwLDYKqs6Tm8/y
10-12 15:17:39.981 14212 14212 V GoogleSignatureVerifier: zKkEu116FmH4rkaymUIE0P9KaMftGlMexFlaYjzmB2OxZyl6euNXEsQH8gjwyxCUKRJNexBiGcCE
10-12 15:17:39.981 14212 14212 V GoogleSignatureVerifier: yj6z+a1fuHHvkiaai+KL8W1EyNmgjmyy8AW7P+LLlkR+ho5zEHatRbM/YAnqGcFh5iZBqpknHf1S
10-12 15:17:39.981 14212 14212 V GoogleSignatureVerifier: KMXFh4dd239FJ1jWYfbMDMy3NS5CTMQ2XFI1MvcyUTdZPErjQfTbQe3aDQsQcafEQPD+nqActifK
10-12 15:17:39.981 14212 14212 V GoogleSignatureVerifier: Z0Np0IS9L9kR/wbNvyz6ENwPiTrjV2KRkEjH78ZMcUQXg0L3BYHJ3lc69Vs5Ddf9uUGGMYldX3Wf
10-12 15:17:39.981 14212 14212 V GoogleSignatureVerifier: MBEmh/9iFBDAaTCK
10-12 15:17:40.008 14180 14180 W GAv4 : AnalyticsReceiver is not registered or is disabled. Register the receiver for reliable dispatching on non-Google Play devices. See http://goo.gl/8Rd3yj for instructions.
10-12 15:17:40.015 14180 14180 W GAv4 : CampaignTrackingReceiver is not registered, not exported or is disabled. Installation campaign tracking is not possible. See http://goo.gl/8Rd3yj for instructions.
10-12 15:17:40.025 14212 14212 D test : initLoggers()
10-12 15:17:40.032 14180 14233 W GAv4 : AnalyticsService not registered in the app manifest. Hits might not be delivered reliably. See http://goo.gl/8Rd3yj for instructions.
10-12 15:17:40.108 14212 14212 D SSOVersionManager: isCompatible() : localVersion : 1.0 serverVersion : 0
10-12 15:17:40.167 14212 14212 D LoadingUrls: Loading App Urls request Initiated
10-12 15:17:40.243 14212 14212 I com.jio.media.analytics.AnalyticsServiceConnection: Triggered AnalyticsService
10-12 15:17:40.243 14212 14212 I com.jio.media.analytics.AnalyticsServiceConnection: Initialised
10-12 15:17:40.263  1073  1073 I wpa_supplicant: wlan0: CTRL-EVENT-ASSOC-REJECT bssid=0c:27:24:87:28:8b status_code=1
10-12 15:17:40.265 14212 14212 D LoadingUrls:  loadURLPath() now map putLoading App Urls
10-12 15:17:40.265 14212 14212 D Analytics SDK: Service is Null
10-12 15:17:40.288780789 I art  : Background partial concurrent mark sweep GC freed 110629(7MB) AllocSpace objects, 30(1932KB) LOS objects, 28% free, 40MB/56MB, paused 1.446ms total 129.083ms
10-12 15:17:40.387 14180 14180 I NSApplication: Starting up...
10-12 15:17:40.405 14212 14242 D JSSCommonService: Already set for 12 hour running
10-12 15:17:40.410780  1917 I ActivityManager: Start proc 14279:com.google.android.apps.cloudprint/u0a32 for broadcast com.google.android.apps.cloudprint/.printdialog.receivers.UpgradeBroadcastReceiver
10-12 15:17:40.412780  1917 I ActivityManager: Killing 12716:com.android.vending/u0a14 (adj 15): empty #17
10-12 15:17:40.422 14212 14242 D SSOVersionManager: getting version from server
10-12 15:17:40.422 14212 14242 D SSOVersionManager: Server : SSO library version : 0
10-12 15:17:40.422 14212 14242 D SSOVersionManager: Time needed to get version information from server : 17 miliseconds
10-12 15:17:40.422 14212 14242 D SSOVersionManager: isCompatible() : localVersion : 1.0 serverVersion : 0
10-12 15:17:40.464780962 D ActivityManager: cleanUpApplicationRecord -- 12716
10-12 15:17:40.568 14279 14279 W System  : ClassLoader referenced unknown path: /data/app/com.google.android.apps.cloudprint-1/lib/arm
10-12 15:17:40.584  1320  7375 I Icing: Indexing BDC0AB7EAD17C90286F50129AABC3E5B0AE0183C from com.google.android.gms
10-12 15:17:40.681  1320  7375 I Icing: Indexing done BDC0AB7EAD17C90286F50129AABC3E5B0AE0183C
10-12 15:17:40.694  2697  2697 W Binder_E: type=1400 audit(0.0:519181): avc: denied { ioctl } for path="socket:[390299]" dev="sockfs" ino=390299 ioctlcmd=7704 scontext=u:r:system_server:s0 tcontext=u:r:system_server:s0 tclass=unix_stream_socket permissive=0
10-12 15:17:40.694  2697  2697 W Binder_E: type=1400 audit(0.0:519182): avc: denied { ioctl } for path="socket:[390299]" dev="sockfs" ino=390299 ioctlcmd=7704 scontext=u:r:system_server:s0 tcontext=u:r:system_server:s0 tclass=unix_stream_socket permissive=0
10-12 15:17:40.706 12622 12622 D cr_Ime  : [InputMethodManagerWrapper.java:39] restartInput
10-12 15:17:40.707 12622 12622 D cr_Ime  : [InputMethodManagerWrapper.java:47] showSoftInput
10-12 15:17:40.708  2105  2105 I Keyboard.Facilitator: onStartInput()
10-12 15:17:40.747  2105  2105 I LatinIME: Starting input. Cursor position = 0,0
10-12 15:17:40.777  2105  2105 I Keyboard.Facilitator: resetDictionaries() : no-op
10-12 15:17:40.777  2105  2105 I StatsUtilsManager: onLoadSettings()
10-12 15:17:40.839780  2323 I ActivityManager: Killing 13652:com.microsoft.office.powerpoint/u0a139 (adj 15): empty #17
10-12 15:17:40.910780  2697 D ActivityManager: cleanUpApplicationRecord -- 13652
10-12 15:17:40.998780790 I ActivityManager: Start proc 14315:com.UCMobile.intl/u0a155 for broadcast com.UCMobile.intl/com.uc.base.system.receivers.SysReceiver
10-12 15:17:41.036 14212 14242 E ActivityThread: Failed to find provider info for com.jio.myjio.SSO
10-12 15:17:41.299 14315 14315 I art  : System.exit called, status: 0
