10-12 15:17:41.299 14315 14315 I AndroidRuntime: VM exiting with result code 0, cleanup skipped.
10-12 15:17:41.320780962 I ActivityManager: Process com.UCMobile.intl (pid 14315) has died
10-12 15:17:41.320780962 D ActivityManager: cleanUpApplicationRecord -- 14315
10-12 15:17:41.332780793 I ActivityManager: Start proc 14332:com.microsoft.office.powerpoint/u0a139 for broadcast com.microsoft.office.powerpoint/com.microsoft.tokenshare.PackageChangeReceiver
10-12 15:17:41.388 14180 14329 W linker  : /data/app/com.google.android.gms-2/lib/arm/libgmscore.so: unused DT entry: type 0x7ffffffd arg 0x79f
10-12 15:17:41.415 14180 14329 W linker  : /data/app/com.google.android.gms-2/lib/arm/libconscrypt_gmscore_jni.so: unused DT entry: type 0x1d arg 0xe0
10-12 15:17:41.415 14180 14329 W linker  : /data/app/com.google.android.gms-2/lib/arm/libconscrypt_gmscore_jni.so: unused DT entry: type 0x7ffffffd arg 0x1cb
10-12 15:17:41.419 14180 14329 V JNIHelp : Registering com/google/android/gms/org/conscrypt/NativeCrypto's 254 native methods...
10-12 15:17:41.455204816 D audio_hw_primary: disable_audio_route: reset and update mixer path: low-latency-playback
10-12 15:17:41.455204816 D audio_hw_primary: disable_snd_device: snd_device(2: speaker)
10-12 15:17:41.489 14180 14329 I art  : Rejecting re-init on previously-failed class java.lang.Class<com.google.android.gms.org.conscrypt.OpenSSLExtendedSessionImpl>
10-12 15:17:41.489 14180 14329 I art  : Rejecting re-init on previously-failed class java.lang.Class<com.google.android.gms.org.conscrypt.OpenSSLExtendedSessionImpl>
10-12 15:17:41.535  1073  1073 I wpa_supplicant: wlan0: Trying to associate with 0c:27:24:93:03:04 (SSID='AmdocsMobile' freq=2412 MHz)
10-12 15:17:41.574  2477  2477 I chatty  : uid=10081(com.cleanmaster.mguard) AutostartServic expire 6 lines
10-12 15:17:41.658 14332 14332 I MSMAM - MAMComponents: Not initializing MAM classes because the MDM package is not installed.
10-12 15:17:41.661 14332 14332 I MultiDex: VM with version 2.1.0 has multidex support
10-12 15:17:41.661 14332 14332 I MultiDex: install
10-12 15:17:41.661 14332 14332 I MultiDex: VM has multidex support, MultiDex support library is disabled.
10-12 15:17:41.738 14332 14332 I AMEnrollmentStatusCache: No MAM enrollment status found.
10-12 15:17:41.741 14332 14332 D PackageUtils: Package io.cordova.hellocordova is signed with d3:df:31:04:f8:c8:28:2e:1c:f3:6d:56:4e:be:96:48:af:7c:8c:a4:ff:13:5e:7b:f4:00:cd:4c:2a:0a:ad:cb
10-12 15:17:41.756780790 I ActivityManager: Start proc 14354:com.kog.alarmclock/u0a88 for broadcast com.kog.alarmclock/.lib.receivers.AlarmUpdateRequiredReceiver
10-12 15:17:41.757780790 I ActivityManager: Killing 13669:com.huawei.mw/u0a158 (adj 15): empty #17
10-12 15:17:41.782780  1684 D ActivityManager: cleanUpApplicationRecord -- 13669
10-12 15:17:41.814 14354 14354 W System  : ClassLoader referenced unknown path: /data/app/com.kog.alarmclock-2/lib/arm
10-12 15:17:41.945 14354 14354 D ICantWakeUp: == Logger initialized ==
10-12 15:17:41.959 14354 14354 D ICantWakeUp: AlarmsUpdateRequired: android.intent.action.PACKAGE_REPLACED
10-12 15:17:41.959 14354 14354 D ICantWakeUp: AlarmCheckRequired checking
10-12 15:17:41.959 14354 14354 D ICantWakeUp: updateAllAlarmsTime
10-12 15:17:41.963 14354 14354 D ICantWakeUp: BroadcastsManager
10-12 15:17:41.967 14354 14354 D ICantWakeUp: no alarms to post
10-12 15:17:41.968 14354 14354 D ICantWakeUp: canceling alarm notification 1
10-12 15:17:41.984 14354 14372 E Mint : NetSender: Transmitting Exception Unable to resolve host "7e868236.api.splkmobile.com": No address associated with hostname
10-12 15:17:41.984 14354 14371 E Mint : NetSender: Transmitting Exception Unable to resolve host "7e868236.api.splkmobile.com": No address associated with hostname
10-12 15:17:41.984 14354 14371 W Mint : NetSender: Couldn't send data, saving...
10-12 15:17:41.990 13804 13804 D PackageUtils: Package io.cordova.hellocordova is signed with d3:df:31:04:f8:c8:28:2e:1c:f3:6d:56:4e:be:96:48:af:7c:8c:a4:ff:13:5e:7b:f4:00:cd:4c:2a:0a:ad:cb
10-12 15:17:42.002780  4423 I ActivityManager: Killing 13695:com.huawei.mw:pushservice/u0a158 (adj 15): empty #17
10-12 15:17:42.032780  2694 D ActivityManager: cleanUpApplicationRecord -- 13695
10-12 15:17:42.068780  2323 I ActivityManager: Start proc 14378:com.airwatch.contentlocker/u0a167 for broadcast com.airwatch.contentlocker/.ApplicationUpdateReceiver
10-12 15:17:42.236 14378 14378 I MultiDex: VM with version 2.1.0 has multidex support
10-12 15:17:42.237 14378 14378 I MultiDex: install
10-12 15:17:42.237 14378 14378 I MultiDex: VM has multidex support, MultiDex support library is disabled.
10-12 15:17:42.263 14378 14378 I AirWatchSCL: In onCreate of Application class. Resetting the downloading content to to_be_downloaded.
10-12 15:17:42.581780  6670 I ActivityManager: Start proc 14412:com.bigbasket.mobileapp/u0a44 for broadcast com.bigbasket.mobileapp/.receivers.AppUpdateReceiver
10-12 15:17:42.585780  6670 I ActivityManager: Killing 13723:com.cleanmaster.mguard/u0a81 (adj 15): empty #17
10-12 15:17:42.613780961 D ConnectivityService: ConnectivityService NetworkRequestInfo binderDied(NetworkRequest [ id=96, legacyType=-1, [ Capabilities: INTERNET&NOT_RESTRICTED&TRUSTED&NOT_VPN] ], android.os.BinderProxy@64ccc71)
10-12 15:17:42.613780887 D WifiService: Client connection lost with reason: 4
10-12 15:17:42.613780888 D ConnectivityService: releasing NetworkRequest NetworkRequest [ id=96, legacyType=-1, [ Capabilities: INTERNET&NOT_RESTRICTED&TRUSTED&NOT_VPN] ]
10-12 15:17:42.647780888 E ConnectivityService: RemoteException caught trying to send a callback msg for NetworkRequest [ id=96, legacyType=-1, [ Capabilities: INTERNET&NOT_RESTRICTED&TRUSTED&NOT_VPN] ]
10-12 15:17:42.694780  1684 D ActivityManager: cleanUpApplicationRecord -- 13723
10-12 15:17:42.738 14412 14412 W System  : ClassLoader referenced unknown path: /data/app/com.bigbasket.mobileapp-2/lib/arm
10-12 15:17:42.856  1073  1073 I wpa_supplicant: wlan0: CTRL-EVENT-ASSOC-REJECT bssid=0c:27:24:93:03:04 status_code=1
10-12 15:17:43.543 14412 14412 W Settings: Setting airplane_mode_on has moved from android.provider.Settings.System to android.provider.Settings.Global, returning read-only value.
10-12 15:17:43.618 14412 14412 I GAv4 : Google Analytics 8.1.15 is starting up. To enable debug logging on a device run:
10-12 15:17:43.618 14412 14412 I GAv4 :adb shell setprop log.tag.GAv4 DEBUG
10-12 15:17:43.618 14412 14412 I GAv4 :adb logcat -s GAv4
10-12 15:17:43.638 14412 14412 W GAv4 : CampaignTrackingReceiver is not registered, not exported or is disabled. Installation campaign tracking is not possible. See http://goo.gl/8Rd3yj for instructions.
10-12 15:17:43.701 13869 13869 D PackageUtils: Package io.cordova.hellocordova is signed with d3:df:31:04:f8:c8:28:2e:1c:f3:6d:56:4e:be:96:48:af:7c:8c:a4:ff:13:5e:7b:f4:00:cd:4c:2a:0a:ad:cb
10-12 15:17:43.808780  2323 I ActivityManager: Killing 13991:com.jio.myjio/u0a192 (adj 15): empty #17
10-12 15:17:43.881780  2320 D ActivityManager: cleanUpApplicationRecord -- 13991
10-12 15:17:43.917780961 I ActivityManager: Start proc 14490:cn.xender/u0a114 for broadcast cn.xender/.basicservice.NetworkChangeReceiver
10-12 15:17:43.997 14427 14427 D AndroidRuntime: >>>>>> START com.android.internal.os.RuntimeInit uid 10164 <<<<<<
10-12 15:17:44.021 14427 14427 D AndroidRuntime: CheckJNI is OFF
10-12 15:17:44.092 14490 14490 W System  : ClassLoader referenced unknown path: /data/app/cn.xender-2/lib/arm
10-12 15:17:44.093  1073  1073 I wpa_supplicant: wlan0: Trying to associate with 0c:27:24:87:28:84 (SSID='AmdocsMobile' freq=2437 MHz)
10-12 15:17:44.152780886 D WifiStateMachine: shouldSwitchNetwork  txSuccessRate=0.00 rxSuccessRate=0.00 delta 1000 -> 1000
10-12 15:17:44.160780886 D WifiStateMachine: CMD_AUTO_CONNECT sup state ScanState my state DisconnectedState nid=31 roam=3
10-12 15:17:44.160780886 E WifiConfigStore: saveWifiConfigBSSID Setting BSSID for "AmdCns"WPA_PSK to any
10-12 15:17:44.174780886 D WifiStateMachine: CMD_AUTO_CONNECT will save config -> "AmdCns" nid=31
10-12 15:17:44.195 14427 14427 D ICU  : No timezone override file found: /data/misc/zoneinfo/current/icu/icu_tzdata.dat
10-12 15:17:44.219780886 D WifiStateMachine: CMD_AUTO_CONNECT did save config ->  nid=31
10-12 15:17:44.219  1073  1073 I wpa_supplicant: wlan0: CTRL-EVENT-SSID-REENABLED id=31 ssid="AmdCns"
10-12 15:17:44.235  1073  1073 I wpa_supplicant: wlan0: CTRL-EVENT-DISCONNECTED bssid=0c:27:24:87:28:84 reason=3 locally_generated=1
10-12 15:17:44.264  1073  1073 I wpa_supplicant: wlan0: Trying to associate with 0c:27:24:87:28:8a (SSID='AmdCns' freq=2437 MHz)
10-12 15:17:44.291780  2320 I ActivityManager: Start proc 14511:com.huawei.mw/u0a158 for broadcast com.huawei.mw/.receiver.WifiStateReceiver
10-12 15:17:44.292780  2320 I ActivityManager: Killing 14016:com.jio.myjio:HPRumService/u0a192 (adj 15): empty #17
10-12 15:17:44.340780  1917 D ActivityManager: cleanUpApplicationRecord -- 14016
10-12 15:17:44.371 14427 14427 I Radio-JNI: register_android_hardware_Radio DONE
10-12 15:17:44.384 14511 14523 D MC_LOG  : wdwd---file is not exists
10-12 15:17:44.448 14427 14427 D AndroidRuntime: Calling main entry com.android.commands.pm.Pm
10-12 15:17:44.481780887 D WifiService: New client listening to asynchronous messages
10-12 15:17:44.526780  2322 I ActivityManager: Killing 14072:com.lenovo.anyshare.gps/u0a176 (adj 15): empty #17
10-12 15:17:44.541 14427 14427 I art  : System.exit called, status: 0
10-12 15:17:44.541 14427 14427 I AndroidRuntime: VM exiting with result code 0.
10-12 15:17:44.572780  1915 D ActivityManager: cleanUpApplicationRecord -- 14072
10-12 15:17:44.804791791 W Binder_2: type=1400 audit(0.0:519195): avc: denied { ioctl } for path="socket:[390299]" dev="sockfs" ino=390299 ioctlcmd=7704 scontext=u:r:system_server:s0 tcontext=u:r:system_server:s0 tclass=unix_stream_socket permissive=0
10-12 15:17:44.804791791 W Binder_2: type=1400 audit(0.0:519196): avc: denied { ioctl } for path="socket:[390299]" dev="sockfs" ino=390299 ioctlcmd=7704 scontext=u:r:system_server:s0 tcontext=u:r:system_server:s0 tclass=unix_stream_socket permissive=0
10-12 15:17:44.804  1917  1917 W Binder_7: type=1400 audit(0.0:519197): avc: denied { ioctl } for path="socket:[390299]" dev="sockfs" ino=390299 ioctlcmd=7704 scontext=u:r:system_server:s0 tcontext=u:r:system_server:s0 tclass=unix_stream_socket permissive=0
10-12 15:17:44.814  1917  1917 W Binder_7: type=1400 audit(0.0:519198): avc: denied { ioctl } for path="socket:[390299]" dev="sockfs" ino=390299 ioctlcmd=7704 scontext=u:r:system_server:s0 tcontext=u:r:system_server:s0 tclass=unix_stream_socket permissive=0
10-12 15:17:44.814 12622 12622 D cr_Ime  : [InputMethodManagerWrapper.java:39] restartInput
10-12 15:17:44.815  2105  2105 I Keyboard.Facilitator: onStartInput()
10-12 15:17:44.818 12622 12622 D cr_Ime  : [InputMethodManagerWrapper.java:39] restartInput
10-12 15:17:44.819  2105  2105 I LatinIME: Starting input. Cursor position = 0,0
10-12 15:17:44.820 12622 12622 D cr_Ime  : [InputMethodManagerWrapper.java:47] showSoftInput
10-12 15:17:44.821 12622 12622 W IInputConnectionWrapper: getSelectedText on inactive InputConnection
10-12 15:17:44.821 12622 12622 W IInputConnectionWrapper: requestCursorAnchorInfo on inactive InputConnection
10-12 15:17:44.822 12622 12622 W IInputConnectionWrapper: getTextBeforeCursor on inactive InputConnection
10-12 15:17:44.822  2105  2105 E RichInputConnection: Unable to connect to the editor to retrieve text.
10-12 15:17:44.822  2105  2105 D RichInputConnection: Will try to retrieve text later.
10-12 15:17:44.823  2105  2105 I Keyboard.Facilitator: onStartInput()
10-12 15:17:44.827  2105  2105 I LatinIME: Starting input. Cursor position = 0,0
10-12 15:17:44.832780886 D WifiStateMachine: ConnectModeState SSID state=re-enabled nid=31 [id=31 ssid="AmdCns"]
10-12 15:17:44.832780886 E WifiConfigStore: Ignoring SSID re-enabled from supplicant:  "AmdCns"WPA_PSK had autoJoinStatus=0 self added false ephemeral false
10-12 15:17:44.833  2105  2105 I Keyboard.Facilitator: resetDictionaries() : no-op
10-12 15:17:44.833  2105  2105 I StatsUtilsManager: onLoadSettings()
10-12 15:17:45.048  2297  2297 I chatty  : uid=10081 com.cleanmaster.mguard:service expire 2 lines
10-12 15:17:45.550780789 I art  : Background partial concurrent mark sweep GC freed 93305(6MB) AllocSpace objects, 16(1000KB) LOS objects, 28% free, 39MB/55MB, paused 13.233ms total 128.246ms
10-12 15:17:45.828  1073  1073 I wpa_supplicant: wlan0: CTRL-EVENT-ASSOC-REJECT bssid=0c:27:24:87:28:8a status_code=1
10-12 15:17:47.084  1073  1073 I wpa_supplicant: wlan0: Trying to associate with 0c:27:24:87:28:85 (SSID='AmdCns' freq=5220 MHz)
10-12 15:17:48.655  1073  1073 I wpa_supplicant: wlan0: CTRL-EVENT-ASSOC-REJECT bssid=0c:27:24:87:28:8a status_code=1
10-12 15:17:48.655  1073  1073 I wpa_supplicant: wlan0: CTRL-EVENT-SSID-TEMP-DISABLED id=31 ssid="AmdCns" auth_failures=1 duration=10 reason=CONN_FAILED
10-12 15:17:48.659780886 D WifiStateMachine: ConnectModeState SSID state=temp-disabled nid=31 [id=31 ssid="AmdCns" auth_failures=1 duration=10 reason=CONN_FAILED]
10-12 15:17:48.660780886 E WifiConfigStore: SSID temp disabled for  "AmdCns"WPA_PSK had autoJoinStatus=0 self added false ephemeral false
10-12 15:17:48.660780886 E WifiConfigStore:  message=id=31 ssid="AmdCns" auth_failures=1 duration=10 reason=CONN_FAILED
10-12 15:17:48.695 14086 14103 W FlurryAgent: Flurry session ended
10-12 15:17:49.626780794 I ActivityManager: Config changes=480 {1.0 404mcc27mnc en_US ldltr sw360dp w592dp h336dp 480dpi nrml land finger -keyb/v/h -nav/h s.14}
10-12 15:17:49.718780878 I InputReader: Reconfiguring input devices.  changes=0x00000004
10-12 15:17:49.718780878 I InputReader: Device reconfigured: id=4, name='touch_dev', size 1080x1920, orientation 3, mode 1, display id 0
10-12 15:17:49.944791791 W Binder_2: type=1400 audit(0.0:519199): avc: denied { ioctl } for path="socket:[395324]" dev="sockfs" ino=395324 ioctlcmd=7704 scontext=u:r:system_server:s0 tcontext=u:r:system_server:s0 tclass=unix_stream_socket permissive=0
10-12 15:17:49.944791791 W Binder_2: type=1400 audit(0.0:519200): avc: denied { ioctl } for path="socket:[395324]" dev="sockfs" ino=395324 ioctlcmd=7704 scontext=u:r:system_server:s0 tcontext=u:r:system_server:s0 tclass=unix_stream_socket permissive=0
10-12 15:17:50.001  2105  2105 W RichInputMethodSubtype: Can't find emoji subtype
10-12 15:17:50.001  2105  2105 W RichInputMethodSubtype: No input method subtype found; returning dummy subtype: Multi-lingual subtype: android.view.inputmethod.InputMethodSubtype@d78b2ed0, zz
10-12 15:17:50.094  6670  6670 W Binder_10: type=1400 audit(0.0:519201): avc: denied { ioctl } for path="socket:[394520]" dev="sockfs" ino=394520 ioctlcmd=7704 scontext=u:r:system_server:s0 tcontext=u:r:system_server:s0 tclass=unix_stream_socket permissive=0
10-12 15:17:50.094  6670  6670 W Binder_10: type=1400 audit(0.0:519202): avc: denied { ioctl } for path="socket:[394520]" dev="sockfs" ino=394520 ioctlcmd=7704 scontext=u:r:system_server:s0 tcontext=u:r:system_server:s0 tclass=unix_stream_socket permissive=0
10-12 15:17:50.114  2105  2105 I EmojiCategory: Last Emoji category id is 0
10-12 15:17:50.129  2105  2105 W ViewPager: Requested offscreen page limit 0 too small; defaulting to 1
10-12 15:17:50.131  2105  2105 I Keyboard.Facilitator: onStartInput()
10-12 15:17:50.138  2105  2105 I LatinIME: Starting input. Cursor position = 0,0
10-12 15:17:50.147  2105  2105 I Keyboard.Facilitator: resetDictionaries() : no-op
10-12 15:17:50.147  2105  2105 I StatsUtilsManager: onLoadSettings()
10-12 15:17:50.185  2105  2105 I Choreographer: Skipped 30 frames!  The application may be doing too much work on its main thread.
10-12 15:17:50.282780875 I ActivityManager: Start proc 14585:com.android.vending/u0a14 for service com.android.vending/com.google.android.finsky.services.ContentSyncService
10-12 15:17:50.292780801 I WindowManager: Screen frozen for +707ms due to Window{d17665f u0 InputMethod}
10-12 15:17:50.310780793 I ActivityManager: Start proc 14603:com.application.zomato/u0a150 for broadcast com.application.zomato/com.demach.konotor.KonotorAlarmReceiver
10-12 15:17:50.378 14585 14585 W System  : ClassLoader referenced unknown path: /data/app/com.android.vending-1/lib/arm
10-12 15:17:50.386  2297  2297 I cm.log.servpro: [forcestop_listener][D]/  onAccessibilityEvent android.view.View, mListened = false
10-12 15:17:50.389  2297  2297 I cm.log.servpro: [JunkAccSys:Listener][D]/ onAccEvent:com.google.android.inputmethod.latin mIsCleanCache = false
10-12 15:17:50.656 14603 14603 I MultiDex: VM with version 2.1.0 has multidex support
10-12 15:17:50.657 14603 14603 I MultiDex: install
10-12 15:17:50.657 14603 14603 I MultiDex: VM has multidex support, MultiDex support library is disabled.
10-12 15:17:50.867 14585 14585 I Finsky  : [1] com.google.android.finsky.services.DailyHygiene.a(227): No need to run daily hygiene.
10-12 15:17:50.887 14603 14647 I GMPM : App measurement is starting up
10-12 15:17:50.893 14585 14585 W Settings: Setting download_manager_max_bytes_over_mobile has moved from android.provider.Settings.Secure to android.provider.Settings.Global.
10-12 15:17:50.896 14585 14585 W Settings: Setting download_manager_recommended_max_bytes_over_mobile has moved from android.provider.Settings.Secure to android.provider.Settings.Global.
10-12 15:17:50.915 14585 14585 I Finsky  : [1] com.google.android.finsky.utils.bq.a(175): Enabling bucket experiment: factor=2.000, zeroDelta=0ms, forceNetwork=false
10-12 15:17:50.991 14585 14651 V GoogleSignatureVerifier: com.google.android.gms signature not valid.  Found: 
10-12 15:17:50.991 14585 14651 V GoogleSignatureVerifier: MIIEQzCCAyugAwIBAgIJAMLgh0ZkSjCNMA0GCSqGSIb3DQEBBAUAMHQxCzAJBgNVBAYTAlVTMRMw
10-12 15:17:50.991 14585 14651 V GoogleSignatureVerifier: EQYDVQQIEwpDYWxpZm9ybmlhMRYwFAYDVQQHEw1Nb3VudGFpbiBWaWV3MRQwEgYDVQQKEwtHb29n
10-12 15:17:50.991 14585 14651 V GoogleSignatureVerifier: bGUgSW5jLjEQMA4GA1UECxMHQW5kcm9pZDEQMA4GA1UEAxMHQW5kcm9pZDAeFw0wODA4MjEyMzEz
10-12 15:17:50.991 14585 14651 V GoogleSignatureVerifier: MzRaFw0zNjAxMDcyMzEzMzRaMHQxCzAJBgNVBAYTAlVTMRMwEQYDVQQIEwpDYWxpZm9ybmlhMRYw
10-12 15:17:50.991 14585 14651 V GoogleSignatureVerifier: FAYDVQQHEw1Nb3VudGFpbiBWaWV3MRQwEgYDVQQKEwtHb29nbGUgSW5jLjEQMA4GA1UECxMHQW5k
10-12 15:17:50.991 14585 14651 V GoogleSignatureVerifier: cm9pZDEQMA4GA1UEAxMHQW5kcm9pZDCCASAwDQYJKoZIhvcNAQEBBQADggENADCCAQgCggEBAKtW
10-12 15:17:50.991 14585 14651 V GoogleSignatureVerifier: LgDYO6IIrgqWbxJOKdoR8qtW0I9Y4sypEwPpt1TTcvZApxsdyxMJZ2JORland2qSGT2y5b+3JKke
10-12 15:17:50.991 14585 14651 V GoogleSignatureVerifier: dxiLDmpHpDsz2WCbdxgxRczfey5YZnTJ4VZbH0xqWVW/8lGmPav5xVwnIiJS6HXk+BVKZF+JcWjA
10-12 15:17:50.991 14585 14651 V GoogleSignatureVerifier: sb/GEuq/eFdpuzSqeYTcfi6idkyugwfYwXFU1+5fZKUaRKYCwkkFQVfcAs1fXA5V+++FGfvjJ/Cx
10-12 15:17:50.991 14585 14651 V GoogleSignatureVerifier: URaSxaBvGdGDhfXE28LWuT9ozCl5xw4Yq5OGazvV24mZVSoOO0yZ31j7kYvtwYK6NeADwbSxDdJE
10-12 15:17:50.991 14585 14651 V GoogleSignatureVerifier: qO4k//0zOHKrUiGYXtqw/A0LFFtqoZKFjnkCAQOjgdkwgdYwHQYDVR0OBBYEFMd9jMIhF1Ylmn/T
10-12 15:17:50.991 14585 14651 V GoogleSignatureVerifier: gt9r45jk14alMIGmBgNVHSMEgZ4wgZuAFMd9jMIhF1Ylmn/Tgt9r45jk14aloXikdjB0MQswCQYD
10-12 15:17:50.991 14585 14651 V GoogleSignatureVerifier: VQQGEwJVUzETMBEGA1UECBMKQ2FsaWZvcm5pYTEWMBQGA1UEBxMNTW91bnRhaW4gVmlldzEUMBIG
10-12 15:17:50.991 14585 14651 V GoogleSignatureVerifier: A1UEChMLR29vZ2xlIEluYy4xEDAOBgNVBAsTB0FuZHJvaWQxEDAOBgNVBAMTB0FuZHJvaWSCCQDC
10-12 15:17:50.991 14585 14651 V GoogleSignatureVerifier: 4IdGZEowjTAMBgNVHRMEBTADAQH/MA0GCSqGSIb3DQEBBAUAA4IBAQBt0lLO74UwLDYKqs6Tm8/y
10-12 15:17:50.991 14585 14651 V GoogleSignatureVerifier: zKkEu116FmH4rkaymUIE0P9KaMftGlMexFlaYjzmB2OxZyl6euNXEsQH8gjwyxCUKRJNexBiGcCE
10-12 15:17:50.991 14585 14651 V GoogleSignatureVerifier: yj6z+a1fuHHvkiaai+KL8W1EyNmgjmyy8AW7P+LLlkR+ho5zEHatRbM/YAnqGcFh5iZBqpknHf1S
10-12 15:17:50.991 14585 14651 V GoogleSignatureVerifier: KMXFh4dd239FJ1jWYfbMDMy3NS5CTMQ2XFI1MvcyUTdZPErjQfTbQe3aDQsQcafEQPD+nqActifK
10-12 15:17:50.991 14585 14651 V GoogleSignatureVerifier: Z0Np0IS9L9kR/wbNvyz6ENwPiTrjV2KRkEjH78ZMcUQXg0L3BYHJ3lc69Vs5Ddf9uUGGMYldX3Wf
10-12 15:17:50.991 14585 14651 V GoogleSignatureVerifier: MBEmh/9iFBDAaTCK
10-12 15:17:50.997 14585 14650 V GoogleSignatureVerifier: com.google.android.gms signature not valid.  Found: 
10-12 15:17:50.997 14585 14650 V GoogleSignatureVerifier: MIIEQzCCAyugAwIBAgIJAMLgh0ZkSjCNMA0GCSqGSIb3DQEBBAUAMHQxCzAJBgNVBAYTAlVTMRMw
10-12 15:17:50.997 14585 14650 V GoogleSignatureVerifier: EQYDVQQIEwpDYWxpZm9ybmlhMRYwFAYDVQQHEw1Nb3VudGFpbiBWaWV3MRQwEgYDVQQKEwtHb29n
10-12 15:17:50.997 14585 14650 V GoogleSignatureVerifier: bGUgSW5jLjEQMA4GA1UECxMHQW5kcm9pZDEQMA4GA1UEAxMHQW5kcm9pZDAeFw0wODA4MjEyMzEz
10-12 15:17:50.997 14585 14650 V GoogleSignatureVerifier: MzRaFw0zNjAxMDcyMzEzMzRaMHQxCzAJBgNVBAYTAlVTMRMwEQYDVQQIEwpDYWxpZm9ybmlhMRYw
10-12 15:17:50.997 14585 14650 V GoogleSignatureVerifier: FAYDVQQHEw1Nb3VudGFpbiBWaWV3MRQwEgYDVQQKEwtHb29nbGUgSW5jLjEQMA4GA1UECxMHQW5k
10-12 15:17:50.997 14585 14650 V GoogleSignatureVerifier: cm9pZDEQMA4GA1UEAxMHQW5kcm9pZDCCASAwDQYJKoZIhvcNAQEBBQADggENADCCAQgCggEBAKtW
10-12 15:17:50.997 14585 14650 V GoogleSignatureVerifier: LgDYO6IIrgqWbxJOKdoR8qtW0I9Y4sypEwPpt1TTcvZApxsdyxMJZ2JORland2qSGT2y5b+3JKke
10-12 15:17:50.997 14585 14650 V GoogleSignatureVerifier: dxiLDmpHpDsz2WCbdxgxRczfey5YZnTJ4VZbH0xqWVW/8lGmPav5xVwnIiJS6HXk+BVKZF+JcWjA
10-12 15:17:50.997 14585 14650 V GoogleSignatureVerifier: sb/GEuq/eFdpuzSqeYTcfi6idkyugwfYwXFU1+5fZKUaRKYCwkkFQVfcAs1fXA5V+++FGfvjJ/Cx
10-12 15:17:50.997 14585 14650 V GoogleSignatureVerifier: URaSxaBvGdGDhfXE28LWuT9ozCl5xw4Yq5OGazvV24mZVSoOO0yZ31j7kYvtwYK6NeADwbSxDdJE
10-12 15:17:50.997 14585 14650 V GoogleSignatureVerifier: qO4k//0zOHKrUiGYXtqw/A0LFFtqoZKFjnkCAQOjgdkwgdYwHQYDVR0OBBYEFMd9jMIhF1Ylmn/T
10-12 15:17:50.997 14585 14650 V GoogleSignatureVerifier: gt9r45jk14alMIGmBgNVHSMEgZ4wgZuAFMd9jMIhF1Ylmn/Tgt9r45jk14aloXikdjB0MQswCQYD
10-12 15:17:50.997 14585 14650 V GoogleSignatureVerifier: VQQGEwJVUzETMBEGA1UECBMKQ2FsaWZvcm5pYTEWMBQGA1UEBxMNTW91bnRhaW4gVmlldzEUMBIG
10-12 15:17:50.997 14585 14650 V GoogleSignatureVerifier: A1UEChMLR29vZ2xlIEluYy4xEDAOBgNVBAsTB0FuZHJvaWQxEDAOBgNVBAMTB0FuZHJvaWSCCQDC
10-12 15:17:50.997 14585 14650 V GoogleSignatureVerifier: 4IdGZEowjTAMBgNVHRMEBTADAQH/MA0GCSqGSIb3DQEBBAUAA4IBAQBt0lLO74UwLDYKqs6Tm8/y
10-12 15:17:50.997 14585 14650 V GoogleSignatureVerifier: zKkEu116FmH4rkaymUIE0P9KaMftGlMexFlaYjzmB2OxZyl6euNXEsQH8gjwyxCUKRJNexBiGcCE
10-12 15:17:50.997 14585 14650 V GoogleSignatureVerifier: yj6z+a1fuHHvkiaai+KL8W1EyNmgjmyy8AW7P+LLlkR+ho5zEHatRbM/YAnqGcFh5iZBqpknHf1S
10-12 15:17:50.997 14585 14650 V GoogleSignatureVerifier: KMXFh4dd239FJ1jWYfbMDMy3NS5CTMQ2XFI1MvcyUTdZPErjQfTbQe3aDQsQcafEQPD+nqActifK
10-12 15:17:50.997 14585 14650 V GoogleSignatureVerifier: Z0Np0IS9L9kR/wbNvyz6ENwPiTrjV2KRkEjH78ZMcUQXg0L3BYHJ3lc69Vs5Ddf9uUGGMYldX3Wf
10-12 15:17:50.997 14585 14650 V GoogleSignatureVerifier: MBEmh/9iFBDAaTCK
10-12 15:17:51.006 14585 14585 I Finsky  : [1] com.google.android.finsky.l.j.run(206): Loaded library for account: [CXPJt2vKYyWAcESmgXlpHFyt-Lw]
10-12 15:17:51.035 14585 14585 I Finsky  : [1] com.google.android.finsky.l.j.run(206): Loaded library for account: [9aYKuSdpphJFhzs2fOHskqJlzq0]
10-12 15:17:51.035 14585 14585 I Finsky  : [1] com.google.android.finsky.l.j.run(212): Finished loading 2 libraries.
10-12 15:17:51.079 14585 14585 E Finsky  : [1] com.google.android.finsky.wear.bo.a(836): onConnectionFailed: ConnectionResult{statusCode=API_UNAVAILABLE, resolution=null, message=null}
10-12 15:17:51.080 14585 14585 I Finsky  : [1] com.google.android.finsky.wear.an.run(2394): Dropping command=send_installed_apps due to Gms not connected
10-12 15:17:51.091 14585 14646 I Finsky  : [6117] com.google.android.finsky.c.e.run(2152): Replicating app states via AMAS.
10-12 15:17:51.103 14603 14603 I GAv4 : Google Analytics 8.2.98 is starting up. To enable debug logging on a device run:
10-12 15:17:51.103 14603 14603 I GAv4 :adb shell setprop log.tag.GAv4 DEBUG
10-12 15:17:51.103 14603 14603 I GAv4 :adb logcat -s GAv4
10-12 15:17:51.129 14585 14585 I Finsky  : [1] com.google.android.finsky.c.l.a(250): result=false type=4
10-12 15:17:51.154 14585 14585 I Finsky  : [1] com.google.android.finsky.services.bd.a(1071): Restore complete with 0 success and 0 failed.
10-12 15:17:51.180 14603 14666 W System.err: java.net.UnknownHostException: Unable to resolve host "api.zomato.com": No address associated with hostname
10-12 15:17:51.188 14603 14666 W System.err: 	at java.net.InetAddress.lookupHostByName(InetAddress.java:470)
10-12 15:17:51.188 14603 14666 W System.err: 	at java.net.InetAddress.getAllByNameImpl(InetAddress.java:252)
10-12 15:17:51.188 14603 14666 W System.err: 	at java.net.InetAddress.getAllByName(InetAddress.java:215)
10-12 15:17:51.188 14603 14666 W System.err: 	at b.z.a(Dns.java:39)
10-12 15:17:51.188 14603 14666 W System.err: 	at b.a.b.ad.a(RouteSelector.java:173)
10-12 15:17:51.188 14603 14666 W System.err: 	at b.a.b.ad.d(RouteSelector.java:139)
10-12 15:17:51.189 14603 14666 W System.err: 	at b.a.b.ad.b(RouteSelector.java:81)
10-12 15:17:51.189 14603 14666 W System.err: 	at b.a.b.af.a(StreamAllocation.java:174)
10-12 15:17:51.189 14603 14666 W System.err: 	at b.a.b.af.b(StreamAllocation.java:127)
10-12 15:17:51.189 14603 14666 W System.err: 	at b.a.b.af.a(StreamAllocation.java:97)
10-12 15:17:51.189 14603 14666 W System.err: 	at b.a.b.r.j(HttpEngine.java:289)
10-12 15:17:51.189 14603 14666 W System.err: 	at b.a.b.r.a(HttpEngine.java:241)
10-12 15:17:51.189 14603 14666 W System.err: 	at b.av.a(RealCall.java:240)
10-12 15:17:51.189 14603 14666 W System.err: 	at b.aw.proceed(RealCall.java:198)
10-12 15:17:51.189 14603 14666 W System.err: 	at b.av.a(RealCall.java:160)
10-12 15:17:51.189 14603 14666 W System.err: 	at b.av.a(RealCall.java:57)
10-12 15:17:51.189 14603 14666 W System.err: 	at com.application.zomato.app.by.b(HttpManager.java:101)
10-12 15:17:51.189 14603 14666 W System.err: 	at com.application.zomato.app.cg.c(RequestWrapper.java:1050)
10-12 15:17:51.189 14603 14666 W System.err: 	at com.application.zomato.app.cr.a(ZomatoApp.java:830)
10-12 15:17:51.189 14603 14666 W System.err: 	at com.application.zomato.app.cr.doInBackground(ZomatoApp.java:821)
10-12 15:17:51.189 14603 14666 W System.err: 	at android.os.AsyncTask$2.call(AsyncTask.java:295)
10-12 15:17:51.189 14603 14666 W System.err: 	at java.util.concurrent.FutureTask.run(FutureTask.java:237)
10-12 15:17:51.189 14603 14666 W System.err: 	at java.util.concurrent.ThreadPoolExecutor.runWorker(ThreadPoolExecutor.java:1113)
10-12 15:17:51.189 14603 14666 W System.err: 	at java.util.concurrent.ThreadPoolExecutor$Worker.run(ThreadPoolExecutor.java:588)
10-12 15:17:51.189 14603 14666 W System.err: 	at java.lang.Thread.run(Thread.java:818)
10-12 15:17:51.189 14603 14666 W System.err: Caused by: android.system.GaiException: android_getaddrinfo failed: EAI_NODATA (No address associated with hostname)
10-12 15:17:51.190 14603 14666 W System.err: 	at libcore.io.Posix.android_getaddrinfo(Native Method)
10-12 15:17:51.190 14603 14666 W System.err: 	at libcore.io.ForwardingOs.android_getaddrinfo(ForwardingOs.java:55)
10-12 15:17:51.190 14603 14666 W System.err: 	at java.net.InetAddress.lookupHostByName(InetAddress.java:451)
10-12 15:17:51.190 14603 14666 W System.err: 	... 24 more
10-12 15:17:51.193 14603 14666 W System.err: java.lang.NullPointerException: lock == null
10-12 15:17:51.195 14603 14666 W System.err: 	at java.io.Reader.<init>(Reader.java:64)
10-12 15:17:51.195 14603 14666 W System.err: 	at java.io.InputStreamReader.<init>(InputStreamReader.java:122)
10-12 15:17:51.195 14603 14666 W System.err: 	at java.io.InputStreamReader.<init>(InputStreamReader.java:57)
10-12 15:17:51.195 14603 14666 W System.err: 	at com.application.zomato.app.cg.a(RequestWrapper.java:998)
10-12 15:17:51.195 14603 14666 W System.err: 	at com.application.zomato.app.cr.a(ZomatoApp.java:831)
10-12 15:17:51.195 14603 14666 W System.err: 	at com.application.zomato.app.cr.doInBackground(ZomatoApp.java:821)
10-12 15:17:51.195 14603 14666 W System.err: 	at android.os.AsyncTask$2.call(AsyncTask.java:295)
10-12 15:17:51.195 14603 14666 W System.err: 	at java.util.concurrent.FutureTask.run(FutureTask.java:237)
10-12 15:17:51.195 14603 14666 W System.err: 	at java.util.concurrent.ThreadPoolExecutor.runWorker(ThreadPoolExecutor.java:1113)
10-12 15:17:51.195 14603 14666 W System.err: 	at java.util.concurrent.ThreadPoolExecutor$Worker.run(ThreadPoolExecutor.java:588)
10-12 15:17:51.195 14603 14666 W System.err: 	at java.lang.Thread.run(Thread.java:818)
10-12 15:17:51.208 14603 14666 W System.err: java.lang.IllegalArgumentException: Illegal argument for setDoc
10-12 15:17:51.208 14603 14666 W System.err: 	at com.zomato.a.f.aa.a(VTDGen.java:2453)
10-12 15:17:51.208 14603 14666 W System.err: 	at com.zomato.a.f.aa.a(VTDGen.java:2343)
10-12 15:17:51.208 14603 14666 W System.err: 	at com.application.zomato.app.cr.a(ZomatoApp.java:835)
10-12 15:17:51.208 14603 14666 W System.err: 	at com.application.zomato.app.cr.doInBackground(ZomatoApp.java:821)
10-12 15:17:51.208 14603 14666 W System.err: 	at android.os.AsyncTask$2.call(AsyncTask.java:295)
10-12 15:17:51.208 14603 14666 W System.err: 	at java.util.concurrent.FutureTask.run(FutureTask.java:237)
10-12 15:17:51.208 14603 14666 W System.err: 	at java.util.concurrent.ThreadPoolExecutor.runWorker(ThreadPoolExecutor.java:1113)
10-12 15:17:51.208 14603 14666 W System.err: 	at java.util.concurrent.ThreadPoolExecutor$Worker.run(ThreadPoolExecutor.java:588)
10-12 15:17:51.208 14603 14666 W System.err: 	at java.lang.Thread.run(Thread.java:818)
10-12 15:17:51.254 14603 14670 W System.err: java.net.UnknownHostException: Unable to resolve host "api.zomato.com": No address associated with hostname
10-12 15:17:51.256 14603 14670 W System.err: 	at java.net.InetAddress.lookupHostByName(InetAddress.java:440)
10-12 15:17:51.256 14603 14670 W System.err: 	at java.net.InetAddress.getAllByNameImpl(InetAddress.java:252)
10-12 15:17:51.256 14603 14670 W System.err: 	at java.net.InetAddress.getAllByName(InetAddress.java:215)
10-12 15:17:51.256 14603 14670 W System.err: 	at b.z.a(Dns.java:39)
10-12 15:17:51.256 14603 14670 W System.err: 	at b.a.b.ad.a(RouteSelector.java:173)
10-12 15:17:51.256 14603 14670 W System.err: 	at b.a.b.ad.d(RouteSelector.java:139)
10-12 15:17:51.256 14603 14670 W System.err: 	at b.a.b.ad.b(RouteSelector.java:81)
10-12 15:17:51.257 14603 14670 W System.err: 	at b.a.b.af.a(StreamAllocation.java:174)
10-12 15:17:51.257 14603 14670 W System.err: 	at b.a.b.af.b(StreamAllocation.java:127)
10-12 15:17:51.257 14603 14670 W System.err: 	at b.a.b.af.a(StreamAllocation.java:97)
10-12 15:17:51.257 14603 14670 W System.err: 	at b.a.b.r.j(HttpEngine.java:289)
10-12 15:17:51.257 14603 14670 W System.err: 	at b.a.b.r.a(HttpEngine.java:241)
10-12 15:17:51.257 14603 14670 W System.err: 	at b.av.a(RealCall.java:240)
10-12 15:17:51.257 14603 14670 W System.err: 	at b.aw.proceed(RealCall.java:198)
10-12 15:17:51.257 14603 14670 W System.err: 	at b.av.a(RealCall.java:160)
10-12 15:17:51.257 14603 14670 W System.err: 	at b.av.a(RealCall.java:57)
10-12 15:17:51.257 14603 14670 W System.err: 	at com.library.zomato.ordering.api.HttpManager.simple_execute(HttpManager.java:81)
10-12 15:17:51.257 14603 14670 W System.err: 	at com.library.zomato.ordering.api.RequestWrapper.fetchSimpleHttp(RequestWrapper.java:673)
10-12 15:17:51.257 14603 14670 W System.err: 	at com.library.zomato.ordering.common.OrderSDK$InitializeHttpManager.doInBackground(OrderSDK.java:536)
10-12 15:17:51.257 14603 14670 W System.err: 	at com.library.zomato.ordering.common.OrderSDK$InitializeHttpManager.doInBackground(OrderSDK.java:528)
10-12 15:17:51.257 14603 14670 W System.err: 	at android.os.AsyncTask$2.call(AsyncTask.java:295)
10-12 15:17:51.257 14603 14670 W System.err: 	at java.util.concurrent.FutureTask.run(FutureTask.java:237)
10-12 15:17:51.257 14603 14670 W System.err: 	at java.util.concurrent.ThreadPoolExecutor.runWorker(ThreadPoolExecutor.java:1113)
10-12 15:17:51.257 14603 14670 W System.err: 	at java.util.concurrent.ThreadPoolExecutor$Worker.run(ThreadPoolExecutor.java:588)
10-12 15:17:51.257 14603 14670 W System.err: 	at java.lang.Thread.run(Thread.java:818)
10-12 15:17:51.259 14603 14670 W System.err: java.lang.IllegalArgumentException: Illegal argument for setDoc
10-12 15:17:51.259 14603 14670 W System.err: 	at com.zomato.a.f.aa.a(VTDGen.java:2453)
10-12 15:17:51.259 14603 14670 W System.err: 	at com.zomato.a.f.aa.a(VTDGen.java:2343)
10-12 15:17:51.259 14603 14670 W System.err: 	at com.library.zomato.ordering.common.OrderSDK$InitializeHttpManager.doInBackground(OrderSDK.java:541)
10-12 15:17:51.259 14603 14670 W System.err: 	at com.library.zomato.ordering.common.OrderSDK$InitializeHttpManager.doInBackground(OrderSDK.java:528)
10-12 15:17:51.259 14603 14670 W System.err: 	at android.os.AsyncTask$2.call(AsyncTask.java:295)
10-12 15:17:51.259 14603 14670 W System.err: 	at java.util.concurrent.FutureTask.run(FutureTask.java:237)
10-12 15:17:51.259 14603 14670 W System.err: 	at java.util.concurrent.ThreadPoolExecutor.runWorker(ThreadPoolExecutor.java:1113)
10-12 15:17:51.259 14603 14670 W System.err: 	at java.util.concurrent.ThreadPoolExecutor$Worker.run(ThreadPoolExecutor.java:588)
10-12 15:17:51.261 14603 14670 W System.err: 	at java.lang.Thread.run(Thread.java:818)
10-12 15:17:51.297 14603 14679 W System.err: java.lang.RuntimeException: java.lang.RuntimeException: java.net.UnknownHostException: Unable to resolve host "app.konotor.com": No address associated with hostname
10-12 15:17:51.298 14603 14679 W System.err: 	at com.demach.konotor.client.a.b(demach:408)
10-12 15:17:51.298 14603 14679 W System.err: 	at com.demach.konotor.asynctask.t.a(demach:30)
10-12 15:17:51.298 14603 14679 W System.err: 	at com.demach.konotor.asynctask.t.call(demach:1)
10-12 15:17:51.298 14603 14679 W System.err: 	at java.util.concurrent.FutureTask.run(FutureTask.java:237)
10-12 15:17:51.298 14603 14679 W System.err: 	at java.util.concurrent.ThreadPoolExecutor.runWorker(ThreadPoolExecutor.java:1113)
10-12 15:17:51.298 14603 14679 W System.err: 	at java.util.concurrent.ThreadPoolExecutor$Worker.run(ThreadPoolExecutor.java:588)
10-12 15:17:51.298 14603 14679 W System.err: 	at java.lang.Thread.run(Thread.java:818)
10-12 15:17:51.298 14603 14679 W System.err: Caused by: java.lang.RuntimeException: java.net.UnknownHostException: Unable to resolve host "app.konotor.com": No address associated with hostname
10-12 15:17:51.298 14603 14679 W System.err: 	at com.demach.konotor.client.b.a.b(demach:73)
10-12 15:17:51.298 14603 14679 W System.err: 	at com.demach.konotor.client.a.b(demach:393)
10-12 15:17:51.298 14603 14679 W System.err: 	... 6 more
10-12 15:17:51.298 14603 14679 W System.err: Caused by: java.net.UnknownHostException: Unable to resolve host "app.konotor.com": No address associated with hostname
10-12 15:17:51.299 14603 14679 W System.err: 	at java.net.InetAddress.lookupHostByName(InetAddress.java:440)
10-12 15:17:51.299 14603 14679 W System.err: 	at java.net.InetAddress.getAllByNameImpl(InetAddress.java:252)
10-12 15:17:51.299 14603 14679 W System.err: 	at java.net.InetAddress.getAllByName(InetAddress.java:215)
10-12 15:17:51.299 14603 14679 W System.err: 	at com.android.okhttp.internal.Network$1.resolveInetAddresses(Network.java:29)
10-12 15:17:51.299 14603 14679 W System.err: 	at com.android.okhttp.internal.http.RouteSelector.resetNextInetSocketAddress(RouteSelector.java:188)
10-12 15:17:51.299 14603 14679 W System.err: 	at com.android.okhttp.internal.http.RouteSelector.nextProxy(RouteSelector.java:157)
10-12 15:17:51.299 14603 14679 W System.err: 	at com.android.okhttp.internal.http.RouteSelector.next(RouteSelector.java:100)
10-12 15:17:51.299 14603 14679 W System.err: 	at com.android.okhttp.internal.http.HttpEngine.createNextConnection(HttpEngine.java:357)
10-12 15:17:51.299 14603 14679 W System.err: 	at com.android.okhttp.internal.http.HttpEngine.nextConnection(HttpEngine.java:340)
10-12 15:17:51.299 14603 14679 W System.err: 	at com.android.okhttp.internal.http.HttpEngine.connect(HttpEngine.java:330)
10-12 15:17:51.299 14603 14679 W System.err: 	at com.android.okhttp.internal.http.HttpEngine.sendRequest(HttpEngine.java:248)
10-12 15:17:51.299 14603 14679 W System.err: 	at com.android.okhttp.internal.huc.HttpURLConnectionImpl.execute(HttpURLConnectionImpl.java:437)
10-12 15:17:51.299 14603 14679 W System.err: 	at com.android.okhttp.internal.huc.HttpURLConnectionImpl.connect(HttpURLConnectionImpl.java:114)
10-12 15:17:51.299 14603 14679 W System.err: 	at com.android.okhttp.internal.huc.DelegatingHttpsURLConnection.connect(DelegatingHttpsURLConnection.java:89)
10-12 15:17:51.300 14603 14679 W System.err: 	at com.android.okhttp.internal.huc.HttpsURLConnectionImpl.connect(HttpsURLConnectionImpl.java)
10-12 15:17:51.300 14603 14679 W System.err: 	at com.demach.konotor.client.b.a.b(demach:60)
10-12 15:17:51.300 14603 14679 W System.err: 	... 7 more
10-12 15:17:51.300 14603 14679 W com.demach.konotor.c.a: java.lang.RuntimeException: java.net.UnknownHostException: Unable to resolve host "app.konotor.com": No address associated with hostname
10-12 15:17:51.308 14585 14646 I Finsky  : [6117] com.google.android.finsky.c.c.a(314): Completed 0 account content syncs with 0 successful.
10-12 15:17:51.309 14585 14585 I Finsky  : [1] com.google.android.finsky.services.j.a(148): Installation state replication succeeded.
10-12 15:17:51.312780  2696 I ActivityManager: Killing 14086:com.estrongs.android.pop/u0a102 (adj 15): empty #17
10-12 15:17:51.326 14603 14672 W MixpanelAPI.RsrcReader: Can't load names for Android view ids from 'com.application.zomato.R$id', ids by name will not be available in the events editor.
10-12 15:17:51.326 14603 14672 I MixpanelAPI.RsrcReader: You may be missing a Resources class for your package due to your proguard configuration, or you may be using an applicationId in your build that isn't the same as the package declared in your AndroidManifest.xml file.
10-12 15:17:51.326 14603 14672 I MixpanelAPI.RsrcReader: If you're using proguard, you can fix this issue by adding the following to your proguard configuration:
10-12 15:17:51.326 14603 14672 I MixpanelAPI.RsrcReader: 
10-12 15:17:51.326 14603 14672 I MixpanelAPI.RsrcReader: -keep class **.R$* {
10-12 15:17:51.326 14603 14672 I MixpanelAPI.RsrcReader:  <fields>;
10-12 15:17:51.326 14603 14672 I MixpanelAPI.RsrcReader: }
10-12 15:17:51.326 14603 14672 I MixpanelAPI.RsrcReader: 
10-12 15:17:51.326 14603 14672 I MixpanelAPI.RsrcReader: If you're not using proguard, or if your proguard configuration already contains the directive above, you can add the following to your AndroidManifest.xml file to explicitly point the Mixpanel library to the appropriate library for your resources class:
10-12 15:17:51.326 14603 14672 I MixpanelAPI.RsrcReader: 
10-12 15:17:51.326 14603 14672 I MixpanelAPI.RsrcReader: <meta-data android:name="com.mixpanel.android.MPConfig.ResourcePackageName" android:value="YOUR_PACKAGE_NAME" />
10-12 15:17:51.326 14603 14672 I MixpanelAPI.RsrcReader: 
10-12 15:17:51.326 14603 14672 I MixpanelAPI.RsrcReader: where YOUR_PACKAGE_NAME is the same string you use for the "package" attribute in your <manifest> tag.
10-12 15:17:51.339780962 D ConnectivityService: ConnectivityService NetworkRequestInfo binderDied(NetworkRequest [ id=97, legacyType=-1, [ Capabilities: INTERNET&NOT_RESTRICTED&TRUSTED&NOT_VPN] ], android.os.BinderProxy@2728ed8)
10-12 15:17:51.339780888 D ConnectivityService: releasing NetworkRequest NetworkRequest [ id=97, legacyType=-1, [ Capabilities: INTERNET&NOT_RESTRICTED&TRUSTED&NOT_VPN] ]
10-12 15:17:51.339780887 D WifiService: Client connection lost with reason: 4
10-12 15:17:51.357 14603 14672 D MixpanelAPI.AL: Context is not an instance of Activity. To detect inbound App Links, pass an instance of an Activity to getInstance.
10-12 15:17:51.362780888 E ConnectivityService: RemoteException caught trying to send a callback msg for NetworkRequest [ id=97, legacyType=-1, [ Capabilities: INTERNET&NOT_RESTRICTED&TRUSTED&NOT_VPN] ]
10-12 15:17:51.388 14603 14684 W InstanceID/Rpc: Found 10007
10-12 15:17:51.420780  4423 D ActivityManager: cleanUpApplicationRecord -- 14086
10-12 15:17:51.424 14603 14672 I CrashlyticsCore: Initializing Crashlytics 2.3.8.97
10-12 15:17:51.442 14603 14666 W System.err: java.net.UnknownHostException: Unable to resolve host "api.zomato.com": No address associated with hostname
10-12 15:17:51.442 14603 14666 W System.err: 	at java.net.InetAddress.lookupHostByName(InetAddress.java:440)
10-12 15:17:51.445 14603 14666 W System.err: 	at java.net.InetAddress.getAllByNameImpl(InetAddress.java:252)
10-12 15:17:51.445 14603 14666 W System.err: 	at java.net.InetAddress.getAllByName(InetAddress.java:215)
10-12 15:17:51.445 14603 14666 W System.err: 	at b.z.a(Dns.java:39)
10-12 15:17:51.445 14603 14666 W System.err: 	at b.a.b.ad.a(RouteSelector.java:173)
10-12 15:17:51.445 14603 14666 W System.err: 	at b.a.b.ad.d(RouteSelector.java:139)
10-12 15:17:51.445 14603 14666 W System.err: 	at b.a.b.ad.b(RouteSelector.java:81)
10-12 15:17:51.445 14603 14666 W System.err: 	at b.a.b.af.a(StreamAllocation.java:174)
10-12 15:17:51.445 14603 14666 W System.err: 	at b.a.b.af.b(StreamAllocation.java:127)
10-12 15:17:51.445 14603 14666 W System.err: 	at b.a.b.af.a(StreamAllocation.java:97)
10-12 15:17:51.445 14603 14666 W System.err: 	at b.a.b.r.j(HttpEngine.java:289)
10-12 15:17:51.445 14603 14666 W System.err: 	at b.a.b.r.a(HttpEngine.java:241)
10-12 15:17:51.445 14603 14666 W System.err: 	at b.av.a(RealCall.java:240)
10-12 15:17:51.445 14603 14666 W System.err: 	at b.aw.proceed(RealCall.java:198)
10-12 15:17:51.445 14603 14666 W System.err: 	at b.av.a(RealCall.java:160)
10-12 15:17:51.445 14603 14666 W System.err: 	at b.av.a(RealCall.java:57)
10-12 15:17:51.445 14603 14666 W System.err: 	at com.application.zomato.app.by.b(HttpManager.java:101)
10-12 15:17:51.446 14603 14666 W System.err: 	at com.application.zomato.app.cg.c(RequestWrapper.java:1050)
10-12 15:17:51.446 14603 14666 W System.err: 	at com.application.zomato.app.cg.b(RequestWrapper.java:1436)
10-12 15:17:51.446 14603 14666 W System.err: 	at com.application.zomato.app.bj.a(GetCityFromServer.java:24)
10-12 15:17:51.446 14603 14666 W System.err: 	at com.application.zomato.app.bj.doInBackground(GetCityFromServer.java:9)
10-12 15:17:51.446 14603 14666 W System.err: 	at android.os.AsyncTask$2.call(AsyncTask.java:295)
10-12 15:17:51.446 14603 14666 W System.err: 	at java.util.concurrent.FutureTask.run(FutureTask.java:237)
10-12 15:17:51.446 14603 14666 W System.err: 	at java.util.concurrent.ThreadPoolExecutor.runWorker(ThreadPoolExecutor.java:1113)
10-12 15:17:51.446 14603 14666 W System.err: 	at java.util.concurrent.ThreadPoolExecutor$Worker.run(ThreadPoolExecutor.java:588)
10-12 15:17:51.446 14603 14666 W System.err: 	at java.lang.Thread.run(Thread.java:818)
10-12 15:17:51.490 14603 14700 E Fabric  : Unknown error while loading Crashlytics settings. Crashes will be cached until settings can be retrieved.
10-12 15:17:51.491 14603 14702 E Answers : Failed to retrieve settings
10-12 15:17:51.511 14603 14703 W CrashlyticsCore: Received null settings, skipping initialization!
10-12 15:17:51.570  2929  2998 W GCoreFlp: No location to return for getLastLocation()
10-12 15:17:51.574  2477  2477 W AutostartServic: type=1400 audit(0.0:519203): avc: denied { search } for name="14557" dev="proc" ino=393197 scontext=u:r:untrusted_app:s0:c512,c768 tcontext=u:r:kernel:s0 tclass=dir permissive=0
10-12 15:17:51.574  2477  2477 W AutostartServic: type=1400 audit(0.0:519204): avc: denied { search } for name="14558" dev="proc" ino=393198 scontext=u:r:untrusted_app:s0:c512,c768 tcontext=u:r:kernel:s0 tclass=dir permissive=0
10-12 15:17:51.574  2477  2477 W AutostartServic: type=1400 audit(0.0:519205): avc: denied { search } for name="14559" dev="proc" ino=393199 scontext=u:r:untrusted_app:s0:c512,c768 tcontext=u:r:kernel:s0 tclass=dir permissive=0
10-12 15:17:51.574  2477  2477 W AutostartServic: type=1400 audit(0.0:519206): avc: denied { search } for name="14560" dev="proc" ino=393200 scontext=u:r:untrusted_app:s0:c512,c768 tcontext=u:r:kernel:s0 tclass=dir permissive=0
10-12 15:17:51.574  2477  2477 W AutostartServic: type=1400 audit(0.0:519207): avc: denied { search } for name="14561" dev="proc" ino=393201 scontext=u:r:untrusted_app:s0:c512,c768 tcontext=u:r:kernel:s0 tclass=dir permissive=0
10-12 15:17:51.574  2477  2477 W AutostartServic: type=1400 audit(0.0:519208): avc: denied { search } for name="14562" dev="proc" ino=393202 scontext=u:r:untrusted_app:s0:c512,c768 tcontext=u:r:kernel:s0 tclass=dir permissive=0
10-12 15:17:51.574  2477  2477 W AutostartServic: type=1400 audit(0.0:519209): avc: denied { search } for name="14563" dev="proc" ino=393203 scontext=u:r:untrusted_app:s0:c512,c768 tcontext=u:r:kernel:s0 tclass=dir permissive=0
10-12 15:17:51.574  2477  2477 W AutostartServic: type=1400 audit(0.0:519210): avc: denied { search } for name="14654" dev="proc" ino=393204 scontext=u:r:untrusted_app:s0:c512,c768 tcontext=u:r:kernel:s0 tclass=dir permissive=0
10-12 15:17:51.574  2477  2477 W AutostartServic: type=1400 audit(0.0:519211): avc: denied { search } for name="14655" dev="proc" ino=393205 scontext=u:r:untrusted_app:s0:c512,c768 tcontext=u:r:kernel:s0 tclass=dir permissive=0
10-12 15:17:51.574  2477  2477 W AutostartServic: type=1400 audit(0.0:519212): avc: denied { search } for name="14656" dev="proc" ino=393206 scontext=u:r:untrusted_app:s0:c512,c768 tcontext=u:r:kernel:s0 tclass=dir permis