03-08 12:22:24.798  1059  1456 I chatty  : uid=1000(system) InputDispatcher expire 4 lines
03-08 12:22:26.357  1059  1457 I chatty  : uid=1000(system) InputReader expire 3 lines
03-08 12:22:29.655  1059  2313 I chatty  : uid=1000(system) Binder:1059_9 expire 2 lines
03-08 12:22:44.792  1059 17775 I chatty  : uid=1000(system) Binder:1059_20 expire 1 line
03-08 12:23:28.193  1059 13091 I chatty  : uid=1000(system) Binder:1059_1D expire 1 line
03-08 12:28:00.542  1059 13377 I chatty  : uid=1000(system) Binder:1059_1E expire 3 lines
03-08 12:28:29.724  1059  8663 I chatty  : uid=1000(system) Binder:1059_12 expire 3 lines
03-08 12:28:36.679  1059  2327 I chatty  : uid=1000(system) Binder:1059_C expire 1 line
03-08 12:38:52.861  4918 28721 E ActivityThread: Failed to find provider info for com.google.android.wearable.settings
03-08 12:39:42.694  1703  1703 D MccTable: updateMccMncConfiguration mccmnc='null' fromServiceState=true
03-08 12:39:42.694  1703  1703 D MccTable: WIFI_COUNTRY_CODE set to 
03-08 12:39:43.956  1703  1703 D MccTable: updateMccMncConfiguration mccmnc='40427' fromServiceState=true
03-08 12:39:43.966  1703  1703 D MccTable: updateMccMncConfiguration defaultMccMnc=40427
03-08 12:39:43.966  1703  1703 D MccTable: updateMccMncConfiguration: mcc=404, mnc=27
03-08 12:39:43.966  1703  1703 D MccTable: WIFI_COUNTRY_CODE set to in
03-08 12:39:44.095  1059  5102 I chatty  : uid=1000(system) Binder:1059_F expire 6 lines
03-08 12:40:22.261  4918 28300 E ActivityThread: Failed to find provider info for com.google.android.wearable.settings
03-08 12:41:29.422  4918 28300 E ActivityThread: Failed to find provider info for com.google.android.wearable.settings
03-08 12:41:48.586  1059  5049 I chatty  : uid=1000(system) Binder:1059_E expire 1 line
03-08 12:44:46.962  1059  2325 I chatty  : uid=1000(system) Binder:1059_B expire 3 lines
03-08 12:44:46.978  1059 13087 I chatty  : uid=1000(system) Binder:1059_19 expire 3 lines
03-08 12:46:58.843  4918 28300 E ActivityThread: Failed to find provider info for com.google.android.wearable.settings
03-08 12:46:58.906  1059  1059 I chatty  : uid=1000 system_server expire 3 lines
03-08 12:46:58.929  1059  1128 I chatty  : uid=1000(system) PowerManagerSer expire 3 lines
03-08 12:46:58.939  1059  1125 I chatty  : uid=1000(system) android.display expire 2 lines
03-08 12:47:02.651  1059  1145 I chatty  : uid=1000(system) PackageManager expire 1 line
03-08 12:47:08.190  1059  1487 I chatty  : uid=1000(system) WifiStateMachin expire 1 line
03-08 12:47:08.827  1059  1735 I chatty  : uid=1000(system) Binder:1059_5 expire 4 lines
03-08 12:47:09.038  1059  8663 I chatty  : uid=1000(system) Binder:1059_12 expire 4 lines
03-08 12:47:09.084  1059 13089 I chatty  : uid=1000(system) Binder:1059_1B expire 8 lines
03-08 12:47:09.520  1059 13378 I chatty  : uid=1000(system) Binder:1059_1F expire 3 lines
03-08 12:47:09.534  1059 13088 I chatty  : uid=1000(system) Binder:1059_1A expire 5 lines
03-08 12:47:09.697  1059 13087 I chatty  : uid=1000(system) Binder:1059_19 expire 4 lines
03-08 12:47:10.742  1059  5048 I chatty  : uid=1000(system) Binder:1059_D expire 6 lines
03-08 12:47:10.756  1059  9592 I chatty  : uid=1000(system) Binder:1059_15 expire 8 lines
03-08 12:47:10.758  1059  2297 I chatty  : uid=1000(system) Binder:1059_8 expire 5 lines
03-08 12:47:10.796  1059  2323 I chatty  : uid=1000(system) Binder:1059_A expire 5 lines
03-08 12:47:10.816  1059 13085 I chatty  : uid=1000(system) Binder:1059_18 expire 5 lines
03-08 12:47:10.871  1059  1500 I chatty  : uid=1000(system) Binder:1059_3 expire 4 lines
03-08 12:47:10.910  1059 13084 I chatty  : uid=1000(system) Binder:1059_17 expire 4 lines
03-08 12:47:11.039  1059 13090 I chatty  : uid=1000(system) Binder:1059_1C expire 2 lines
03-08 12:47:11.283  1059  5102 I chatty  : uid=1000(system) Binder:1059_F expire 10 lines
03-08 12:47:11.317  1059 13377 I chatty  : uid=1000(system) Binder:1059_1E expire 9 lines
03-08 12:47:11.373  1059  8664 I chatty  : uid=1000(system) Binder:1059_13 expire 3 lines
03-08 12:47:11.376  1059  2325 I chatty  : uid=1000(system) Binder:1059_B expire 9 lines
03-08 12:47:11.412  1059  1075 I chatty  : uid=1000(system) Binder:1059_2 expire 8 lines
03-08 12:47:11.752  1059  1102 I chatty  : uid=1000(system) ActivityManager expire 15 lines
03-08 12:47:11.929  1059  2327 I chatty  : uid=1000(system) Binder:1059_C expire 8 lines
03-08 12:47:12.735  1059  9591 I chatty  : uid=1000(system) Binder:1059_14 expire 4 lines
03-08 12:47:12.816  1059  2295 I chatty  : uid=1000(system) Binder:1059_7 expire 8 lines
03-08 12:47:12.829  1059 17775 I chatty  : uid=1000(system) Binder:1059_20 expire 7 lines
03-08 12:47:12.963  1059  1105 I chatty  : uid=1000(system) ActivityManager expire 5 lines
03-08 12:47:13.642  1059  7577 I chatty  : uid=1000(system) Binder:1059_11 expire 6 lines
03-08 12:47:13.970  1059  1491 I chatty  : uid=1000(system) ConnectivitySer expire 7 lines
03-08 12:47:15.423  1059 13091 I chatty  : uid=1000(system) Binder:1059_1D expire 2 lines
03-08 12:47:15.543  1059  5049 I chatty  : uid=1000(system) Binder:1059_E expire 2 lines
03-08 12:47:15.742  1059  2313 I chatty  : uid=1000(system) Binder:1059_9 expire 3 lines
03-08 12:47:22.702  1059 12422 I chatty  : uid=1000(system) Binder:1059_16 expire 9 lines
03-08 12:47:30.229  1059  1726 I chatty  : uid=1000(system) Binder:1059_4 expire 5 lines
03-08 12:47:35.060  1059  1145 I chatty  : uid=1000(system) PackageManager expire 12 lines
03-08 12:47:35.435  1059  7576 I chatty  : uid=1000(system) Binder:1059_10 expire 9 lines
03-08 12:47:36.426  1059  1074 I chatty  : uid=1000(system) Binder:1059_1 expire 4 lines
03-08 12:47:39.541  1059  1834 I chatty  : uid=1000(system) Binder:1059_6 expire 6 lines
03-08 12:48:49.521  1059  1107 I chatty  : uid=1000(system) batterystats-sy expire 8 lines
03-08 12:49:15.273  1059  1101 I chatty  : uid=1000(system) android.bg expire 1 line
03-08 12:50:07.414  1059  1456 I chatty  : uid=1000(system) InputDispatcher expire 1 line
03-08 12:50:08.218  1059  1457 I chatty  : uid=1000(system) InputReader expire 1 line
03-08 12:50:08.232  1059  1059 I chatty  : uid=1000 system_server expire 7 lines
03-08 12:50:08.747  1059  1125 I chatty  : uid=1000(system) android.display expire 5 lines
03-08 12:50:08.977  1059  1128 I chatty  : uid=1000(system) PowerManagerSer expire 7 lines
03-08 12:50:08.980  1059  1123 I chatty  : uid=1000(system) android.fg expire 2 lines
03-08 12:53:46.292  1059  1454 I chatty  : uid=1000(system) AlarmManager expire 3 lines
03-08 13:07:49.098  1059  2313 I chatty  : uid=1000(system) Binder:1059_9 expire 2 lines
03-08 13:07:49.234  1059  8664 I chatty  : uid=1000(system) Binder:1059_13 expire 5 lines
03-08 13:07:49.677  1059  2325 I chatty  : uid=1000(system) Binder:1059_B expire 5 lines
03-08 13:07:50.160  1059 17775 I chatty  : uid=1000(system) Binder:1059_20 expire 7 lines
03-08 13:07:50.186  1059  7576 I chatty  : uid=1000(system) Binder:1059_10 expire 1 line
03-08 13:07:50.349  1059  1735 I chatty  : uid=1000(system) Binder:1059_5 expire 2 lines
03-08 13:07:50.366  1059  9591 I chatty  : uid=1000(system) Binder:1059_14 expire 3 lines
03-08 13:07:50.388  1059 13088 I chatty  : uid=1000(system) Binder:1059_1A expire 5 lines
03-08 13:07:51.079  1059  1101 I chatty  : uid=1000(system) android.bg expire 3 lines
03-08 13:07:55.036  1059  1102 I chatty  : uid=1000(system) ActivityManager expire 6 lines
03-08 13:07:55.493  1059  1491 I chatty  : uid=1000(system) ConnectivitySer expire 3 lines
03-08 13:07:56.651  1059  2297 I chatty  : uid=1000(system) Binder:1059_8 expire 4 lines
03-08 13:07:56.883  1059  2323 I chatty  : uid=1000(system) Binder:1059_A expire 3 lines
03-08 13:07:59.392  1059 13085 I chatty  : uid=1000(system) Binder:1059_18 expire 10 lines
03-08 13:08:01.187  1059  1125 I chatty  : uid=1000(system) android.display expire 20 lines
03-08 13:08:08.134  1059 13378 I chatty  : uid=1000(system) Binder:1059_1F expire 3 lines
03-08 13:08:08.434  1059  1124 I chatty  : uid=1000(system) android.io expire 6 lines
03-08 13:08:09.963  1059 13090 I chatty  : uid=1000(system) Binder:1059_1C expire 10 lines
03-08 13:08:09.974  1059  5102 I chatty  : uid=1000(system) Binder:1059_F expire 3 lines
03-08 13:08:10.701  1059 12422 I chatty  : uid=1000(system) Binder:1059_16 expire 2 lines
03-08 13:08:12.129  1059  2295 I chatty  : uid=1000(system) Binder:1059_7 expire 2 lines
03-08 13:08:12.151  1059 13087 I chatty  : uid=1000(system) Binder:1059_19 expire 3 lines
03-08 13:08:27.385  1059 13377 I chatty  : uid=1000(system) Binder:1059_1E expire 21 lines
03-08 13:08:27.639  1059  1834 I chatty  : uid=1000(system) Binder:1059_6 expire 6 lines
03-08 13:08:38.848  1059  8663 I chatty  : uid=1000(system) Binder:1059_12 expire 2 lines
03-08 13:08:41.066  1059  1107 I chatty  : uid=1000(system) batterystats-sy expire 12 lines
03-08 13:09:17.414  1059  1128 I chatty  : uid=1000(system) PowerManagerSer expire 26 lines
03-08 13:09:17.459  1059  1059 I chatty  : uid=1000 system_server expire 15 lines
03-08 13:09:18.454  1059  1123 I chatty  : uid=1000(system) android.fg expire 9 lines
03-08 13:09:59.728  1059 13084 I chatty  : uid=1000(system) Binder:1059_17 expire 3 lines
03-08 13:10:37.919  1059  1726 I chatty  : uid=1000(system) Binder:1059_4 expire 8 lines
03-08 13:13:33.762  1059  9592 I chatty  : uid=1000(system) Binder:1059_15 expire 2 lines
03-08 13:13:34.115  1059  2327 I chatty  : uid=1000(system) Binder:1059_C expire 2 lines
03-08 13:13:34.182  1059  1074 I chatty  : uid=1000(system) Binder:1059_1 expire 2 lines
03-08 13:16:20.638  1059  1456 I chatty  : uid=1000(system) InputDispatcher expire 3 lines
03-08 13:16:22.096  1059  1075 I chatty  : uid=1000(system) Binder:1059_2 expire 5 lines
03-08 13:16:24.299  1059  1500 I chatty  : uid=1000(system) Binder:1059_3 expire 1 line
03-08 13:16:24.299  1059  7577 I chatty  : uid=1000(system) Binder:1059_11 expire 2 lines
03-08 13:16:24.300  1059 13091 I chatty  : uid=1000(system) Binder:1059_1D expire 2 lines
03-08 13:16:24.388  1059  1105 I chatty  : uid=1000(system) ActivityManager expire 1 line
03-08 13:16:25.289  1059 13089 I chatty  : uid=1000(system) Binder:1059_1B expire 2 lines
03-08 13:16:28.314  1059  1104 I chatty  : uid=1000(system) android.ui expire 3 lines
03-08 13:16:43.507  1059  5048 I chatty  : uid=1000(system) Binder:1059_D expire 2 lines
03-08 13:16:45.156  1059  1457 I chatty  : uid=1000(system) InputReader expire 4 lines
03-08 13:22:48.920  1059  5049 I chatty  : uid=1000(system) Binder:1059_E expire 7 lines
03-08 13:25:12.311  1059  1128 I chatty  : uid=1000(system) PowerManagerSer expire 9 lines
03-08 13:25:12.324  1059  1726 I chatty  : uid=1000(system) Binder:1059_4 expire 7 lines
03-08 13:25:12.325  1059  1123 I chatty  : uid=1000(system) android.fg expire 4 lines
03-08 13:25:12.679  1059  5048 I chatty  : uid=1000(system) Binder:1059_D expire 2 lines
03-08 13:25:15.527  1059 17775 I chatty  : uid=1000(system) Binder:1059_20 expire 3 lines
03-08 13:25:15.558  1059  2295 I chatty  : uid=1000(system) Binder:1059_7 expire 6 lines
03-08 13:25:15.583  1059  1074 I chatty  : uid=1000(system) Binder:1059_1 expire 8 lines
03-08 13:25:15.584  1059 13088 I chatty  : uid=1000(system) Binder:1059_1A expire 3 lines
03-08 13:25:26.082  1059  1125 I chatty  : uid=1000(system) android.display expire 4 lines
03-08 13:25:35.655  4918  1623 E ActivityThread: Failed to find provider info for com.google.android.wearable.settings
03-08 13:26:16.624  1059  1491 I chatty  : uid=1000(system) ConnectivitySer expire 16 lines
03-08 13:26:16.766  1059  1107 I chatty  : uid=1000(system) batterystats-sy expire 10 lines
03-08 13:26:17.162  1059 13089 I chatty  : uid=1000(system) Binder:1059_1B expire 4 lines
03-08 13:26:17.582  1059 13091 I chatty  : uid=1000(system) Binder:1059_1D expire 6 lines
03-08 13:26:17.620  1059 12422 I chatty  : uid=1000(system) Binder:1059_16 expire 4 lines
03-08 13:26:17.909  1059  7577 I chatty  : uid=1000(system) Binder:1059_11 expire 6 lines
03-08 13:26:17.958  1059  5102 I chatty  : uid=1000(system) Binder:1059_F expire 3 lines
03-08 13:26:19.230  1059  1735 I chatty  : uid=1000(system) Binder:1059_5 expire 3 lines
03-08 13:26:19.883  1059  1102 I chatty  : uid=1000(system) ActivityManager expire 10 lines
03-08 13:26:19.909  1059  2327 I chatty  : uid=1000(system) Binder:1059_C expire 5 lines
03-08 13:26:20.485  1059  9592 I chatty  : uid=1000(system) Binder:1059_15 expire 11 lines
03-08 13:26:20.857  1059  1105 I chatty  : uid=1000(system) ActivityManager expire 4 lines
03-08 13:26:20.974  1059 13087 I chatty  : uid=1000(system) Binder:1059_19 expire 3 lines
03-08 13:26:21.232  1059  2325 I chatty  : uid=1000(system) Binder:1059_B expire 5 lines
03-08 13:26:21.233  1059  2297 I chatty  : uid=1000(system) Binder:1059_8 expire 6 lines
03-08 13:26:22.082  1059  7576 I chatty  : uid=1000(system) Binder:1059_10 expire 3 lines
03-08 13:26:25.698  1059 13090 I chatty  : uid=1000(system) Binder:1059_1C expire 4 lines
03-08 13:26:25.968  1059 13085 I chatty  : uid=1000(system) Binder:1059_18 expire 6 lines
03-08 13:26:27.402  1059  1500 I chatty  : uid=1000(system) Binder:1059_3 expire 5 lines
03-08 13:26:27.460  1059  2323 I chatty  : uid=1000(system) Binder:1059_A expire 3 lines
03-08 13:26:35.173  4918  3983 E ActivityThread: Failed to find provider info for com.google.android.wearable.settings
03-08 13:27:00.068  1059 13377 I chatty  : uid=1000(system) Binder:1059_1E expire 5 lines
03-08 13:27:00.656  1059  8664 I chatty  : uid=1000(system) Binder:1059_13 expire 5 lines
03-08 13:27:35.823  4918  4323 E ActivityThread: Failed to find provider info for com.google.android.wearable.settings
03-08 13:27:36.794  1059  1487 I chatty  : uid=1000(system) WifiStateMachin expire 2 lines
03-08 13:27:40.315  1059 13378 I chatty  : uid=1000(system) Binder:1059_1F expire 7 lines
03-08 13:27:44.248  1059  8663 I chatty  : uid=1000(system) Binder:1059_12 expire 2 lines
03-08 13:28:34.131  4918  5174 E ActivityThread: Failed to find provider info for com.google.android.wearable.settings
03-08 13:30:31.712  1059  1059 I chatty  : uid=1000 system_server expire 5 lines
03-08 13:30:32.131  1059  1075 I chatty  : uid=1000(system) Binder:1059_2 expire 4 lines
03-08 13:30:32.871  1059  1834 I chatty  : uid=1000(system) Binder:1059_6 expire 5 lines
03-08 13:30:32.891  1059 13084 I chatty  : uid=1000(system) Binder:1059_17 expire 3 lines
03-08 13:30:33.002  4918  5396 E ActivityThread: Failed to find provider info for com.google.android.wearable.settings
03-08 13:31:12.170  1059  1101 I chatty  : uid=1000(system) android.bg expire 2 lines
03-08 13:31:27.703  1059  1456 I chatty  : uid=1000(system) InputDispatcher expire 1 line
03-08 13:31:28.672  1059  1457 I chatty  : uid=1000(system) InputReader expire 1 line
03-08 13:32:31.905  4918  5174 E ActivityThread: Failed to find provider info for com.google.android.wearable.settings
03-08 13:33:31.365  4918  5582 E ActivityThread: Failed to find provider info for com.google.android.wearable.settings
03-08 13:33:50.890  1059  1491 I chatty  : uid=1000(system) ConnectivitySer expire 13 lines
03-08 13:33:52.107  1059  1124 I chatty  : uid=1000(system) android.io expire 4 lines
03-08 13:33:57.188  1059  2313 I chatty  : uid=1000(system) Binder:1059_9 expire 2 lines
03-08 13:34:30.820  4918  5395 E ActivityThread: Failed to find provider info for com.google.android.wearable.settings
03-08 13:35:30.282  4918  5395 E ActivityThread: Failed to find provider info for com.google.android.wearable.settings
03-08 13:36:29.245  1059  1454 I chatty  : uid=1000(system) AlarmManager expire 1 line
03-08 13:36:29.757  4918  5395 E ActivityThread: Failed to find provider info for com.google.android.wearable.settings
03-08 13:37:22.633  1059  9591 I chatty  : uid=1000(system) Binder:1059_14 expire 1 line
03-08 13:37:29.153  4918  5395 E ActivityThread: Failed to find provider info for com.google.android.wearable.settings
03-08 13:38:28.553  4918  5174 E ActivityThread: Failed to find provider info for com.google.android.wearable.settings
03-08 13:39:27.950  4918  5509 E ActivityThread: Failed to find provider info for com.google.android.wearable.settings
03-08 13:41:37.395  1059  1102 I chatty  : uid=1000(system) ActivityManager expire 5 lines
03-08 13:43:25.581  4918  5509 E ActivityThread: Failed to find provider info for com.google.android.wearable.settings
03-08 13:44:24.971  4918  6691 E ActivityThread: Failed to find provider info for com.google.android.wearable.settings
03-08 13:47:40.097  1059  1491 I chatty  : uid=1000(system) ConnectivitySer expire 17 lines
03-08 13:51:18.969  1059  1726 I chatty  : uid=1000(system) Binder:1059_4 expire 9 lines
03-08 13:51:21.726  1059  1101 I chatty  : uid=1000(system) android.bg expire 5 lines
03-08 13:52:19.201  6964  6964 D ActivityThread: Loading provider com.whatsapp.provider.contact: com.whatsapp.contact.ContactProvider
03-08 13:52:19.241  1059  7576 I chatty  : uid=1000(system) Binder:1059_10 expire 10 lines
03-08 13:52:20.270  1059  5048 I chatty  : uid=1000(system) Binder:1059_D expire 5 lines
03-08 13:52:20.664  1059  2297 I chatty  : uid=1000(system) Binder:1059_8 expire 5 lines
03-08 13:52:20.708  1059  2295 I chatty  : uid=1000(system) Binder:1059_7 expire 5 lines
03-08 13:52:30.081  1059  8663 I chatty  : uid=1000(system) Binder:1059_12 expire 3 lines
03-08 13:53:19.023  1059  1059 I chatty  : uid=1000 system_server expire 1 line
03-08 13:53:19.223  1059  5049 I chatty  : uid=1000(system) Binder:1059_E expire 5 lines
03-08 13:54:59.449  1059  1107 I chatty  : uid=1000(system) batterystats-sy expire 10 lines
03-08 13:55:56.772  1059  2325 I chatty  : uid=1000(system) Binder:1059_B expire 11 lines
03-08 13:55:57.838  1059  1102 I chatty  : uid=1000(system) ActivityManager expire 12 lines
03-08 13:58:01.828  1059 13089 I chatty  : uid=1000(system) Binder:1059_1B expire 3 lines
03-08 14:00:15.386  4918  7139 E ActivityThread: Failed to find provider info for com.google.android.wearable.settings
03-08 14:01:14.789  4918  7141 E ActivityThread: Failed to find provider info for com.google.android.wearable.settings
03-08 14:02:14.188  4918  7140 E ActivityThread: Failed to find provider info for com.google.android.wearable.settings
03-08 14:02:31.169  1059  1488 I chatty  : uid=1000(system) IpManager.wlan0 expire 1 line
03-08 14:02:31.699  1059 13084 I chatty  : uid=1000(system) Binder:1059_17 expire 2 lines
03-08 14:02:32.116  1059  1074 I chatty  : uid=1000(system) Binder:1059_1 expire 6 lines
03-08 14:02:32.177  1059  8664 I chatty  : uid=1000(system) Binder:1059_13 expire 5 lines
03-08 14:02:32.392  1059 12422 I chatty  : uid=1000(system) Binder:1059_16 expire 8 lines
03-08 14:02:33.919  1059 13091 I chatty  : uid=1000(system) Binder:1059_1D expire 4 lines
03-08 14:02:33.996  1059 13085 I chatty  : uid=1000(system) Binder:1059_18 expire 5 lines
03-08 14:02:34.177  1059  2313 I chatty  : uid=1000(system) Binder:1059_9 expire 7 lines
03-08 14:02:34.600  1059  5102 I chatty  : uid=1000(system) Binder:1059_F expire 9 lines
03-08 14:02:34.672  1059  9591 I chatty  : uid=1000(system) Binder:1059_14 expire 4 lines
03-08 14:02:35.479  1059 13090 I chatty  : uid=1000(system) Binder:1059_1C expire 3 lines
03-08 14:02:35.703  1059  1075 I chatty  : uid=1000(system) Binder:1059_2 expire 7 lines
03-08 14:02:35.705  1059  1105 I chatty  : uid=1000(system) ActivityManager expire 4 lines
03-08 14:02:36.876  1059  1834 I chatty  : uid=1000(system) Binder:1059_6 expire 10 lines
03-08 14:03:03.550  1059  2323 I chatty  : uid=1000(system) Binder:1059_A expire 4 lines
03-08 14:03:13.861  4918  7273 E ActivityThread: Failed to find provider info for com.google.android.wearable.settings
03-08 14:04:16.522  4918  7273 E ActivityThread: Failed to find provider info for com.google.android.wearable.settings
03-08 14:05:14.161  4918  7141 E ActivityThread: Failed to find provider info for com.google.android.wearable.settings
03-08 14:06:38.610  4918  7141 E ActivityThread: Failed to find provider info for com.google.android.wearable.settings
03-08 14:08:00.248  4918  7139 E ActivityThread: Failed to find provider info for com.google.android.wearable.settings
03-08 14:08:00.389  7926  7926 D ActivityThread: Loading provider com.whatsapp.provider.contact: com.whatsapp.contact.ContactProvider
03-08 14:09:11.687  4918  7139 E ActivityThread: Failed to find provider info for com.google.android.wearable.settings
03-08 14:09:12.234  4918  7139 E ActivityThread: Failed to find provider info for com.google.android.wearable.settings
03-08 14:10:12.797  4918  7139 E ActivityThread: Failed to find provider info for com.google.android.wearable.settings
03-08 14:11:12.371  4918  7139 E ActivityThread: Failed to find provider info for com.google.android.wearable.settings
03-08 14:11:12.682  1059  1454 I chatty  : uid=1000(system) AlarmManager expire 2 lines
03-08 14:11:17.060  1059  1124 I chatty  : uid=1000(system) android.io expire 4 lines
03-08 14:11:18.555  1059 17775 I chatty  : uid=1000(system) Binder:1059_20 expire 4 lines
03-08 14:11:18.572  1059 13377 I chatty  : uid=1000(system) Binder:1059_1E expire 4 lines
03-08 14:13:35.284  4918  7141 E ActivityThread: Failed to find provider info for com.google.android.wearable.settings
03-08 14:13:53.429  1059  1484 I chatty  : uid=1000(system) NetworkPolicy expire 1 line
03-08 14:14:37.707  4918  8056 E ActivityThread: Failed to find provider info for com.google.android.wearable.settings
03-08 14:15:32.785  4918  8056 E ActivityThread: Failed to find provider info for com.google.android.wearable.settings
03-08 14:16:32.522  4918  8192 E ActivityThread: Failed to find provider info for com.google.android.wearable.settings
03-08 14:17:11.751  4918  8191 E ActivityThread: Failed to find provider info for com.google.android.wearable.settings
03-08 14:17:36.978  1059  1487 I chatty  : uid=1000(system) WifiStateMachin expire 2 lines
03-08 14:17:37.357  1059  2327 I chatty  : uid=1000(system) Binder:1059_C expire 3 lines
03-08 14:17:37.877  1059  9592 I chatty  : uid=1000(system) Binder:1059_15 expire 3 lines
03-08 14:17:38.182  1059 13088 I chatty  : uid=1000(system) Binder:1059_1A expire 4 lines
03-08 14:17:40.783  1059  7577 I chatty  : uid=1000(system) Binder:1059_11 expire 4 lines
03-08 14:17:41.742  1059  1735 I chatty  : uid=1000(system) Binder:1059_5 expire 3 lines
03-08 14:17:54.984  1059 13087 I chatty  : uid=1000(system) Binder:1059_19 expire 6 lines
03-08 14:18:09.226  4918  8191 E ActivityThread: Failed to find provider info for com.google.android.wearable.settings
03-08 14:18:49.710  1059  1491 I chatty  : uid=1000(system) ConnectivitySer expire 12 lines
03-08 14:18:53.013  1059  1102 I chatty  : uid=1000(system) ActivityManager expire 3 lines
03-08 14:19:08.707  4918  8191 E ActivityThread: Failed to find provider info for com.google.android.wearable.settings
03-08 14:20:17.093  4918  8625 E ActivityThread: Failed to find provider info for com.google.android.wearable.settings
03-08 14:23:11.054  4918  8191 E ActivityThread: Failed to find provider info for com.google.android.wearable.settings
03-08 14:23:17.665  1059 13378 I chatty  : uid=1000(system) Binder:1059_1F expire 2 lines
03-08 14:23:17.733  1059  1834 I chatty  : uid=1000(system) Binder:1059_6 expire 1 line
03-08 14:23:20.061  1059  1500 I chatty  : uid=1000(system) Binder:1059_3 expire 4 lines
03-08 14:23:20.623  1059  8664 I chatty  : uid=1000(system) Binder:1059_13 expire 5 lines
03-08 14:23:20.624  1059  5102 I chatty  : uid=1000(system) Binder:1059_F expire 6 lines
03-08 14:23:20.627  1059  1491 I chatty  : uid=1000(system) ConnectivitySer expire 17 lines
03-08 14:23:21.127  1059  5048 I chatty  : uid=1000(system) Binder:1059_D expire 9 lines
03-08 14:23:24.679  1059 13085 I chatty  : uid=1000(system) Binder:1059_18 expire 5 lines
03-08 14:23:24.729  1059  1834 I chatty  : uid=1000(system) Binder:1059_6 expire 5 lines
03-08 14:23:52.504  1059 13089 I chatty  : uid=1000(system) Binder:1059_1B expire 8 lines
03-08 14:23:54.055  1059 13087 I chatty  : uid=1000(system) Binder:1059_19 expire 3 lines
03-08 14:24:28.027  1059 13091 I chatty  : uid=1000(system) Binder:1059_1D expire 5 lines
03-08 14:24:33.563  1059  1102 I chatty  : uid=1000(system) ActivityManager expire 11 lines
03-08 14:25:38.188  1059  2313 I chatty  : uid=1000(system) Binder:1059_9 expire 3 lines
03-08 14:26:18.397  1059  1059 I chatty  : uid=1000 system_server expire 6 lines
03-08 14:26:18.464  1059  9591 I chatty  : uid=1000(system) Binder:1059_14 expire 3 lines
03-08 14:28:38.085  1059  1101 I chatty  : uid=1000(system) android.bg expire 6 lines
03-08 14:30:27.321  1059  2295 I chatty  : uid=1000(system) Binder:1059_7 expire 2 lines
03-08 14:31:54.690  1059 17775 I chatty  : uid=1000(system) Binder:1059_20 expire 2 lines
03-08 14:31:54.707  1059  1735 I chatty  : uid=1000(system) Binder:1059_5 expire 2 lines
03-08 14:31:54.740  1059  2325 I chatty  : uid=1000(system) Binder:1059_B expire 5 lines
03-08 14:32:04.569  1059  1075 I chatty  : uid=1000(system) Binder:1059_2 expire 10 lines
03-08 14:33:25.909  1059  1074 I chatty  : uid=1000(system) Binder:1059_1 expire 5 lines
03-08 14:33:25.954  1059  2323 I chatty  : uid=1000(system) Binder:1059_A expire 7 lines
03-08 14:34:23.746  1059  1107 I chatty  : uid=1000(system) batterystats-sy expire 15 lines
03-08 14:34:25.053  1059  2327 I chatty  : uid=1000(system) Binder:1059_C expire 13 lines
03-08 14:34:25.111  1059  2297 I chatty  : uid=1000(system) Binder:1059_8 expire 6 lines
03-08 14:36:15.261  1059  5049 I chatty  : uid=1000(system) Binder:1059_E expire 7 lines
03-08 14:36:54.380  1059  9592 I chatty  : uid=1000(system) Binder:1059_15 expire 12 lines
03-08 14:41:26.479  1059  1124 I chatty  : uid=1000(system) android.io expire 4 lines
03-08 14:42:04.388  1059 13088 I chatty  : uid=1000(system) Binder:1059_1A expire 2 lines
03-08 14:42:04.425  1059  1726 I chatty  : uid=1000(system) Binder:1059_4 expire 3 lines
03-08 14:43:11.612  1059 13377 I chatty  : uid=1000(system) Binder:1059_1E expire 5 lines
03-08 14:43:13.511  1059 13378 I chatty  : uid=1000(system) Binder:1059_1F expire 3 lines
03-08 14:43:13.517  1059 13084 I chatty  : uid=1000(system) Binder:1059_17 expire 5 lines
03-08 14:43:16.049  1059  1487 I chatty  : uid=1000(system) WifiStateMachin expire 1 line
03-08 14:47:44.547  1059 13090 I chatty  : uid=1000(system) Binder:1059_1C expire 1 line
03-08 14:47:44.559  1059  7577 I chatty  : uid=1000(system) Binder:1059_11 expire 3 lines
03-08 14:48:43.753 11906 11906 D ActivityThread: Loading provider com.whatsapp.provider.contact: com.whatsapp.contact.ContactProvider
03-08 14:48:44.162  1059  7576 I chatty  : uid=1000(system) Binder:1059_10 expire 1 line
03-08 14:49:43.287  1059  1102 I chatty  : uid=1000(system) ActivityManager expire 17 lines
03-08 14:55:38.020  1059  1491 I chatty  : uid=1000(system) ConnectivitySer expire 1 line
03-08 15:14:03.827  1059  8663 I chatty  : uid=1000(system) Binder:1059_12 expire 3 lines
03-08 15:28:39.275 13875 13875 D ActivityThread: Loading provider com.whatsapp.provider.contact: com.whatsapp.contact.ContactProvider
03-08 15:28:49.396  1059  1107 I chatty  : uid=1000(system) batterystats-sy expire 6 lines
03-08 15:29:57.510  1059 12422 I chatty  : uid=1000(system) Binder:1059_16 expire 1 line
03-08 15:32:34.086  1059  2327 I chatty  : uid=1000(system) Binder:1059_C expire 1 line
03-08 15:44:17.217  1059  1454 I chatty  : uid=1000(system) AlarmManager expire 6 lines
03-08 15:44:27.924  1059  1834 I chatty  : uid=1000(system) Binder:1059_6 expire 4 lines
03-08 15:44:28.726  1059  1101 I chatty  : uid=1000(system) android.bg expire 3 lines
03-08 15:44:28.845  1059 13091 I chatty  : uid=1000(system) Binder:1059_1D expire 3 lines
03-08 15:44:29.578  1059  1726 I chatty  : uid=1000(system) Binder:1059_4 expire 5 lines
03-08 15:44:31.515  1059  1102 I chatty  : uid=1000(system) ActivityManager expire 10 lines
03-08 15:44:31.794  1059  1124 I chatty  : uid=1000(system) android.io expire 4 lines
03-08 15:44:31.824  1059  1491 I chatty  : uid=1000(system) ConnectivitySer expire 4 lines
03-08 15:44:32.319  1059  2297 I chatty  : uid=1000(system) Binder:1059_8 expire 5 lines
03-08 15:44:33.006  1059  8663 I chatty  : uid=1000(system) Binder:1059_12 expire 3 lines
03-08 15:44:33.222  1059  2295 I chatty  : uid=1000(system) Binder:1059_7 expire 5 lines
03-08 15:44:33.286  1059  8664 I chatty  : uid=1000(system) Binder:1059_13 expire 6 lines
03-08 15:44:35.088  1059  1500 I chatty  : uid=1000(system) Binder:1059_3 expire 4 lines
03-08 15:44:35.103  1059 13377 I chatty  : uid=1000(system) Binder:1059_1E expire 8 lines
03-08 15:44:48.493  1059  2325 I chatty  : uid=1000(system) Binder:1059_B expire 2 lines
03-08 15:44:48.938  1059  5102 I chatty  : uid=1000(system) Binder:1059_F expire 6 lines
03-08 15:44:49.590  1059  9592 I chatty  : uid=1000(system) Binder:1059_15 expire 3 lines
03-08 15:44:49.711  1059  5049 I chatty  : uid=1000(system) Binder:1059_E expire 6 lines
03-08 15:44:50.590  1059  1075 I chatty  : uid=1000(system) Binder:1059_2 expire 1 line
03-08 15:45:12.960  1059 13378 I chatty  : uid=1000(system) Binder:1059_1F expire 2 lines
03-08 15:45:12.985  1059  1735 I chatty  : uid=1000(system) Binder:1059_5 expire 2 lines
03-08 15:45:42.960  1059 13085 I chatty  : uid=1000(system) Binder:1059_18 expire 5 lines
03-08 15:49:10.991  1059  9591 I chatty  : uid=1000(system) Binder:1059_14 expire 10 lines
03-08 15:54:53.584  1059  1107 I chatty  : uid=1000(system) batterystats-sy expire 8 lines
03-08 16:02:48.207  1059  1059 I chatty  : uid=1000 system_server expire 12 lines
03-08 16:02:48.236  1059  1128 I chatty  : uid=1000(system) PowerManagerSer expire 10 lines
03-08 16:02:48.246  1059  1125 I chatty  : uid=1000(system) android.display expire 11 lines
03-08 16:02:48.276  1059 13087 I chatty  : uid=1000(system) Binder:1059_19 expire 1 line
03-08 16:02:48.764  1059 17775 I chatty  : uid=1000(system) Binder:1059_20 expire 5 lines
03-08 16:02:48.935  1059  7577 I chatty  : uid=1000(system) Binder:1059_11 expire 3 lines
03-08 16:02:48.935  1059  1123 I chatty  : uid=1000(system) android.fg expire 10 lines
03-08 16:02:49.210  1059 13084 I chatty  : uid=1000(system) Binder:1059_17 expire 2 lines
03-08 16:02:49.648  1059  5048 I chatty  : uid=1000(system) Binder:1059_D expire 1 line
03-08 16:02:50.361  1059  1074 I chatty  : uid=1000(system) Binder:1059_1 expire 5 lines
03-08 16:02:56.053  1059  1457 I chatty  : uid=1000(system) InputReader expire 6 lines
03-08 16:03:12.484  1059 13090 I chatty  : uid=1000(system) Binder:1059_1C expire 1 line
03-08 16:03:15.942  4918 16704 E ActivityThread: Failed to find provider info for com.google.android.wearable.settings
03-08 16:03:34.973  1059  2323 I chatty  : uid=1000(system) Binder:1059_A expire 2 lines
03-08 16:04:15.427  4918 15375 E ActivityThread: Failed to find provider info for com.google.android.wearable.settings
03-08 16:04:15.734  1059 13088 I chatty  : uid=1000(system) Binder:1059_1A expire 4 lines
03-08 16:05:14.862  4918 10683 E ActivityThread: Failed to find provider info for com.google.android.wearable.settings
03-08 16:05:49.388  1059  1102 I chatty  : uid=1000(system) ActivityManager expire 4 lines
03-08 16:07:13.744  4918 10683 E ActivityThread: Failed to find provider info for com.google.android.wearable.settings
03-08 16:07:35.117  1059  1128 I chatty  : uid=1000(system) PowerManagerSer expire 15 lines
03-08 16:07:35.306  1059  2327 I chatty  : uid=1000(system) Binder:1059_C expire 1 line
03-08 16:07:44.008 26154 26154 V DeadZone: consuming errant click: (73.0,27.0)
03-08 16:08:34.463  1059  1456 I chatty  : uid=1000(system) InputDispatcher expire 8 lines
03-08 16:08:44.235  1059  2313 I chatty  : uid=1000(system) Binder:1059_9 expire 2 lines
03-08 16:09:05.791  1059  7576 I chatty  : uid=1000(system) Binder:1059_10 expire 2 lines
03-08 16:09:12.682  4918 17450 E ActivityThread: Failed to find provider info for com.google.android.wearable.settings
03-08 16:09:15.695  1059  1104 I chatty  : uid=1000(system) android.ui expire 2 lines
03-08 16:09:16.055  1059  1059 I chatty  : uid=1000 system_server expire 8 lines
03-08 16:09:16.157  1059  1125 I chatty  : uid=1000(system) android.display expire 9 lines
03-08 16:11:11.768  4918 17448 E ActivityThread: Failed to find provider info for com.google.android.wearable.settings
03-08 16:15:00.168 15926 17781 E ActivityThread: Failed to find provider info for com.sonyericsson.extras.liveware.aef.notification
03-08 16:15:09.396  4918 17569 E ActivityThread: Failed to find provider info for com.google.android.wearable.settings
03-08 16:18:38.853  1059 13089 I chatty  : uid=1000(system) Binder:1059_1B expire 1 line
03-08 16:19:07.081  4918 17925 E ActivityThread: Failed to find provider info for com.google.android.wearable.settings
03-08 16:20:00.330 15926 18000 E ActivityThread: Failed to find provider info for com.sonyericsson.extras.liveware.aef.notification
03-08 16:21:06.109  4918 17645 E ActivityThread: Failed to find provider info for com.google.android.wearable.settings
03-08 16:22:05.619  4918 17596 E ActivityThread: Failed to find provider info for com.google.android.wearable.settings
03-08 16:23:50.876  1059  1128 I chatty  : uid=1000(system) PowerManagerSer expire 3 lines
03-08 16:23:52.956  1059  1123 I chatty  : uid=1000(system) android.fg expire 7 lines
03-08 16:23:56.075  1059  1059 I chatty  : uid=1000 system_server expire 21 lines
03-08 16:23:56.078  1059  2325 I chatty  : uid=1000(system) Binder:1059_B expire 6 lines
03-08 16:23:56.304  1059  1125 I chatty  : uid=1000(system) android.display expire 12 lines
03-08 16:23:56.318  1059  1102 I chatty  : uid=1000(system) ActivityManager expire 11 lines
03-08 16:23:56.543  1059  1128 I chatty  : uid=1000(system) PowerManagerSer expire 16 lines
03-08 16:23:58.501  1059 13377 I chatty  : uid=1000(system) Binder:1059_1E expire 1 line
03-08 16:24:04.289  4918 17596 E ActivityThread: Failed to find provider info for com.google.android.wearable.settings
03-08 16:24:55.155  1059 13084 I chatty  : uid=1000(system) Binder:1059_17 expire 10 lines
03-08 16:25:56.731  1059 13087 I chatty  : uid=1000(system) Binder:1059_19 expire 2 lines
03-08 16:27:09.529  1059  1074 I chatty  : uid=1000(system) Binder:1059_1 expire 5 lines
03-08 16:28:01.511  1059  1101 I chatty  : uid=1000(system) android.bg expire 2 lines
03-08 16:28:52.480  1059  1107 I chatty  : uid=1000(system) batterystats-sy expire 4 lines
03-08 16:29:13.425  1059  5048 I chatty  : uid=1000(system) Binder:1059_D expire 3 lines
03-08 16:29:13.446  1059 13090 I chatty  : uid=1000(system) Binder:1059_1C expire 5 lines
03-08 16:29:13.481  1059  1075 I chatty  : uid=1000(system) Binder:1059_2 expire 2 lines
03-08 16:30:17.998  1059 13091 I chatty  : uid=1000(system) Binder:1059_1D expire 4 lines
03-08 16:30:18.057  1059  8664 I chatty  : uid=1000(system) Binder:1059_13 expire 2 lines
03-08 16:30:18.207  1059 13378 I chatty  : uid=1000(system) Binder:1059_1F expire 3 lines
03-08 16:30:18.231  1059  2297 I chatty  : uid=1000(system) Binder:1059_8 expire 2 lines
03-08 16:30:39.137  1059  9591 I chatty  : uid=1000(system) Binder:1059_14 expire 1 line
03-08 16:30:39.375  1059  2323 I chatty  : uid=1000(system) Binder:1059_A expire 3 lines
03-08 16:31:00.569  4918 18487 E ActivityThread: Failed to find provider info for com.google.android.wearable.settings
03-08 16:31:10.804  1059  7577 I chatty  : uid=1000(system) Binder:1059_11 expire 2 lines
03-08 16:32:00.022  4918 18014 E ActivityThread: Failed to find provider info for com.google.android.wearable.settings
03-08 16:32:00.478  1059  2313 I chatty  : uid=1000(system) Binder:1059_9 expire 3 lines
03-08 16:32:21.878  1059  1491 I chatty  : uid=1000(system) ConnectivitySer expire 16 lines
03-08 16:32:30.269  1059  7576 I chatty  : uid=1000(system) Binder:1059_10 expire 2 lines
03-08 16:32:30.314  1059  1726 I chatty  : uid=1000(system) Binder:1059_4 expire 2 lines
03-08 16:32:30.992  1059  5102 I chatty  : uid=1000(system) Binder:1059_F expire 2 lines
03-08 16:32:31.008  1059 13085 I chatty  : uid=1000(system) Binder:1059_18 expire 3 lines
03-08 16:32:31.672  1059 13088 I chatty  : uid=1000(system) Binder:1059_1A expire 1 line
03-08 16:32:31.675  1059  1500 I chatty  : uid=1000(system) Binder:1059_3 expire 2 lines
03-08 16:32:33.824  1059  9592 I chatty  : uid=1000(system) Binder:1059_15 expire 1 line
03-08 16:32:33.824  1059  1735 I chatty  : uid=1000(system) Binder:1059_5 expire 7 lines
03-08 16:32:33.831  1059 17775 I chatty  : uid=1000(system) Binder:1059_20 expire 2 lines
03-08 16:32:34.066  1059  1105 I chatty  : uid=1000(system) ActivityManager expire 1 line
03-08 16:32:59.445  4918 18489 E ActivityThread: Failed to find provider info for com.google.android.wearable.settings
03-08 16:33:13.660  1059  1487 I chatty  : uid=1000(system) WifiStateMachin expire 1 line
03-08 16:33:14.215  1059 13089 I chatty  : uid=1000(system) Binder:1059_1B expire 2 lines
03-08 16:33:16.479 19001 19309 F libc    : Fatal signal 7 (SIGBUS), code 2, fault addr 0xe456878a in tid 19309 (pool-2-thread-1)
03-08 16:33:16.762 19322 19322 F DEBUG   : *** *** *** *** *** *** *** *** *** *** *** *** *** *** *** ***
03-08 16:33:16.762 19322 19322 F DEBUG   : Build fingerprint: 'google/sailfish/sailfish:7.1.1/NOF26V/3636322:user/release-keys'
03-08 16:33:16.762 19322 19322 F DEBUG   : Revision: '0'
03-08 16:33:16.763 19322 19322 F DEBUG   : ABI: 'arm'
03-08 16:33:16.763 19322 19322 F DEBUG   : pid: 19001, tid: 19309, name: pool-2-thread-1  >>> com.lenovo.anyshare.gps <<<
03-08 16:33:16.763 19322 19322 F DEBUG   : signal 7 (SIGBUS), code 2 (BUS_ADRERR), fault addr 0xe456878a
03-08 16:33:16.763 19322 19322 F DEBUG   :     r0 e4599640  r1 02014b50  r2 e457ae2b  r3 e5bbb988
03-08 16:33:16.763 19322 19322 F DEBUG   :     r4 00000000  r5 000001fc  r6 de68c700  r7 00290e2b
03-08 16:33:16.763 19322 19322 F DEBUG   :     r8 fffeffea  r9 00000000  sl 00000080  fp e456878a
03-08 16:33:16.763 19322 19322 F DEBUG   :     ip de68c708  sp de81c3c8  lr 0000ffff  pc e635c582  cpsr 200f0030
03-08 16:33:17.423 19322 19322 F DEBUG   : 
03-08 16:33:17.423 19322 19322 F DEBUG   : backtrace:
03-08 16:33:17.424 19322 19322 F DEBUG   :     #00 pc 00024582  /system/lib/libandroidfw.so
03-08 16:33:17.425 19322 19322 F DEBUG   :     #01 pc 00021365  /system/lib/libandroidfw.so (_ZN7android9ZipFileRO4openEPKc+20)
03-08 16:33:17.425 19322 19322 F DEBUG   :     #02 pc 0001576f  /system/lib/libandroidfw.so (_ZN7android12AssetManager9SharedZipC2ERKNS_7String8El+70)
03-08 16:33:17.425 19322 19322 F DEBUG   :     #03 pc 00015831  /system/lib/libandroidfw.so (_ZN7android12AssetManager9SharedZip3getERKNS_7String8Eb+148)
03-08 16:33:17.425 19322 19322 F DEBUG   :     #04 pc 00013fff  /system/lib/libandroidfw.so (_ZN7android12AssetManager6ZipSet24getZipResourceTableAssetERKNS_7String8E+54)
03-08 16:33:17.425 19322 19322 F DEBUG   :     #05 pc 000130f5  /system/lib/libandroidfw.so (_ZNK7android12AssetManager20appendPathToResTableERKNS0_10asset_pathEb+156)
03-08 16:33:17.425 19322 19322 F DEBUG   :     #06 pc 000143a9  /system/lib/libandroidfw.so (_ZNK7android12AssetManager11getResTableEb+100)
03-08 16:33:17.425 19322 19322 F DEBUG   :     #07 pc 0001445f  /system/lib/libandroidfw.so (_ZNK7android12AssetManager12getResourcesEb+2)
03-08 16:33:17.425 19322 19322 F DEBUG   :     #08 pc 00097c9d  /system/lib/libandroid_runtime.so
03-08 16:33:17.425 19322 19322 F DEBUG   :     #09 pc 018098f9  /system/framework/arm/boot-framework.oat (offset 0x158b000) (android.content.res.AssetManager.getStringBlockCount+76)
03-08 16:33:17.425 19322 19322 F DEBUG   :     #10 pc 0180b8d9  /system/framework/arm/boot-framework.oat (offset 0x158b000) (android.content.res.AssetManager.makeStringBlocks+68)
03-08 16:33:17.425 19322 19322 F DEBUG   :     #11 pc 01808c6f  /system/framework/arm/boot-framework.oat (offset 0x158b000) (android.content.res.AssetManager.addAssetPathInternal+90)
03-08 16:33:17.425 19322 19322 F DEBUG   :     #12 pc 0180a4cb  /system/framework/arm/boot-framework.oat (offset 0x158b000) (android.content.res.AssetManager.addAssetPath+46)
03-08 16:33:17.425 19322 19322 F DEBUG   :     #13 pc 017eb011  /system/framework/arm/boot-framework.oat (offset 0x158b000) (android.content.pm.PackageParser.parseApkLite+332)
03-08 16:33:17.425 19322 19322 F DEBUG   :     #14 pc 017f426f  /system/framework/arm/boot-framework.oat (offset 0x158b000) (android.content.pm.PackageParser.parseMonolithicPackageLite+50)
03-08 16:33:17.425 19322 19322 F DEBUG   :     #15 pc 017f9567  /system/framework/arm/boot-framework.oat (offset 0x158b000) (android.content.pm.PackageParser.parseMonolithicPackage+66)
03-08 16:33:17.425 19322 19322 F DEBUG   :     #16 pc 0162c88d  /system/framework/arm/boot-framework.oat (offset 0x158b000) (android.content.pm.PackageManager.getPackageArchiveInfo+152)
03-08 16:33:17.425 19322 19322 F DEBUG   :     #17 pc 000a9941  /system/lib/libart.so (art_quick_invoke_stub_internal+64)
03-08 16:33:17.425 19322 19322 F DEBUG   :     #18 pc 00405c89  /system/lib/libart.so (art_quick_invoke_stub+232)
03-08 16:33:17.425 19322 19322 F DEBUG   :     #19 pc 000b0bf1  /system/lib/libart.so (_ZN3art9ArtMethod6InvokeEPNS_6ThreadEPjjPNS_6JValueEPKc+136)
03-08 16:33:17.425 19322 19322 F DEBUG   :     #20 pc 001ede8b  /system/lib/libart.so (_ZN3art11interpreter34ArtInterpreterToCompiledCodeBridgeEPNS_6ThreadEPNS_9ArtMethodEPKNS_7DexFile8CodeItemEPNS_11ShadowFrameEPNS_6JValueE+198)
03-08 16:33:17.425 19322 19322 F DEBUG   :     #21 pc 001e8453  /system/lib/libart.so (_ZN3art11interpreter6DoCallILb0ELb0EEEbPNS_9ArtMethodEPNS_6ThreadERNS_11ShadowFrameEPKNS_11InstructionEtPNS_6JValueE+478)
03-08 16:33:17.425 19322 19322 F DEBUG   :     #22 pc 0040011d  /system/lib/libart.so (MterpInvokeVirtualQuick+320)
03-08 16:33:17.425 19322 19322 F DEBUG   :     #23 pc 000a0514  /system/lib/libart.so (ExecuteMterpImpl+29972)
03-08 16:33:17.426 19322 19322 F DEBUG   :     #24 pc 001cb69f  /system/lib/libart.so (_ZN3art11interpreterL7ExecuteEPNS_6ThreadEPKNS_7DexFile8CodeItemERNS_11ShadowFrameENS_6JValueEb+290)
03-08 16:33:17.426 19322 19322 F DEBUG   :     #25 pc 001d01ff  /system/lib/libart.so (_ZN3art11interpreter33ArtInterpreterToInterpreterBridgeEPNS_6ThreadEPKNS_7DexFile8CodeItemEPNS_11ShadowFrameEPNS_6JValueE+114)
03-08 16:33:17.426 19322 19322 F DEBUG   :     #26 pc 001e8437  /system/lib/libart.so (_ZN3art11interpreter6DoCallILb0ELb0EEEbPNS_9ArtMethodEPNS_6ThreadERNS_11ShadowFrameEPKNS_11InstructionEtPNS_6JValueE+450)
03-08 16:33:17.426 19322 19322 F DEBUG   :     #27 pc 003fe89f  /system/lib/libart.so (MterpInvokeStatic+238)
03-08 16:33:17.426 19322 19322 F DEBUG   :     #28 pc 0009c914  /system/lib/libart.so (ExecuteMterpImpl+14612)
03-08 16:33:17.426 19322 19322 F DEBUG   :     #29 pc 001cb69f  /system/lib/libart.so (_ZN3art11interpreterL7ExecuteEPNS_6ThreadEPKNS_7DexFile8CodeItemERNS_11ShadowFrameENS_6JValueEb+290)
03-08 16:33:17.426 19322 19322 F DEBUG   :     #30 pc 001d01ff  /system/lib/libart.so (_ZN3art11interpreter33ArtInterpreterToInterpreterBridgeEPNS_6ThreadEPKNS_7DexFile8CodeItemEPNS_11ShadowFrameEPNS_6JValueE+114)
03-08 16:33:17.426 19322 19322 F DEBUG   :     #31 pc 001e8437  /system/lib/libart.so (_ZN3art11interpreter6DoCallILb0ELb0EEEbPNS_9ArtMethodEPNS_6ThreadERNS_11ShadowFrameEPKNS_11InstructionEtPNS_6JValueE+450)
03-08 16:33:17.426 19322 19322 F DEBUG   :     #32 pc 0040011d  /system/lib/libart.so (MterpInvokeVirtualQuick+320)
03-08 16:33:17.426 19322 19322 F DEBUG   :     #33 pc 000a0514  /system/lib/libart.so (ExecuteMterpImpl+29972)
03-08 16:33:17.426 19322 19322 F DEBUG   :     #34 pc 001cb69f  /system/lib/libart.so (_ZN3art11interpreterL7ExecuteEPNS_6ThreadEPKNS_7DexFile8CodeItemERNS_11ShadowFrameENS_6JValueEb+290)
03-08 16:33:17.426 19322 19322 F DEBUG   :     #35 pc 001d01ff  /system/lib/libart.so (_ZN3art11interpreter33ArtInterpreterToInterpreterBridgeEPNS_6ThreadEPKNS_7DexFile8CodeItemEPNS_11ShadowFrameEPNS_6JValueE+114)
03-08 16:33:17.426 19322 19322 F DEBUG   :     #36 pc 001e8437  /system/lib/libart.so (_ZN3art11interpreter6DoCallILb0ELb0EEEbPNS_9ArtMethodEPNS_6ThreadERNS_11ShadowFrameEPKNS_11InstructionEtPNS_6JValueE+450)
03-08 16:33:17.426 19322 19322 F DEBUG   :     #37 pc 0040011d  /system/lib/libart.so (MterpInvokeVirtualQuick+320)
03-08 16:33:17.426 19322 19322 F DEBUG   :     #38 pc 000a0514  /system/lib/libart.so (ExecuteMterpImpl+29972)
03-08 16:33:17.426 19322 19322 F DEBUG   :     #39 pc 001cb69f  /system/lib/libart.so (_ZN3art11interpreterL7ExecuteEPNS_6ThreadEPKNS_7DexFile8CodeItemERNS_11ShadowFrameENS_6JValueEb+290)
03-08 16:33:17.426 19322 19322 F DEBUG   :     #40 pc 001d0169  /system/lib/libart.so (_ZN3art11interpreter30EnterInterpreterFromEntryPointEPNS_6ThreadEPKNS_7DexFile8CodeItemEPNS_11ShadowFrameE+92)
03-08 16:33:17.426 19322 19322 F DEBUG   :     #41 pc 003f5169  /system/lib/libart.so (artQuickToInterpreterBridge+716)
03-08 16:33:17.426 19322 19322 F DEBUG   :     #42 pc 000ae393  /system/lib/libart.so (art_quick_to_interpreter_bridge+34)
03-08 16:33:17.426 19322 19322 F DEBUG   :     #43 pc 007571e9  /data/app/com.lenovo.anyshare.gps-2/oat/arm/base.odex (offset 0x650000)
03-08 16:33:18.797  1059  1122 I chatty  : uid=1000(system) FileObserver expire 1 line
03-08 16:33:18.865  1059 13084 I chatty  : uid=1000(system) Binder:1059_17 expire 6 lines
03-08 16:33:28.624  1059  1776 I chatty  : uid=1000(system) AsyncQueryWorke expire 1 line
03-08 16:33:28.644  1059  1834 I chatty  : uid=1000(system) Binder:1059_6 expire 24 lines
03-08 16:33:28.663  1059 19366 I chatty  : uid=1000 system_server expire 1 line
03-08 16:33:29.040  1059  1770 I chatty  : uid=1000(system) uteStateMachine expire 9 lines
03-08 16:33:29.042  1059  1772 I chatty  : uid=1000(system) CallAudioModeSt expire 7 lines
03-08 16:33:29.064  1059 19384 I chatty  : uid=1000 system_server expire 3 lines
03-08 16:33:29.103  2251 23306 I AlwaysOnHotwordDetector: onRecognitionPaused
03-08 16:33:29.461  1059  8663 I chatty  : uid=1000(system) Binder:1059_12 expire 1 line
03-08 16:33:29.637  1059  1059 I chatty  : uid=1000 system_server expire 8 lines
03-08 16:33:29.994  1059  1128 I chatty  : uid=1000(system) PowerManagerSer expire 3 lines
03-08 16:33:35.900  1059  2327 I chatty  : uid=1000(system) Binder:1059_C expire 2 lines
03-08 16:33:35.903  1059  1491 I chatty  : uid=1000(system) ConnectivitySer expire 15 lines
03-08 16:33:35.903  1059  1726 I chatty  : uid=1000(system) Binder:1059_4 expire 4 lines
03-08 16:33:37.216  1059  1102 I chatty  : uid=1000(system) ActivityManager expire 10 lines
03-08 16:33:37.676  1059  2325 I chatty  : uid=1000(system) Binder:1059_B expire 2 lines
03-08 16:33:37.689  1059 13091 I chatty  : uid=1000(system) Binder:1059_1D expire 6 lines
03-08 16:33:54.183  1059  9591 I chatty  : uid=1000(system) Binder:1059_14 expire 8 lines
03-08 16:33:54.745  1059  1074 I chatty  : uid=1000(system) Binder:1059_1 expire 1 line
03-08 16:33:55.013  1059  1125 I chatty  : uid=1000(system) android.display expire 14 lines
03-08 16:33:58.985  4918 17858 E ActivityThread: Failed to find provider info for com.google.android.wearable.settings
03-08 16:33:58.995  1059 12422 I chatty  : uid=1000(system) Binder:1059_16 expire 4 lines
03-08 16:33:59.077  1059  7577 I chatty  : uid=1000(system) Binder:1059_11 expire 7 lines
03-08 16:34:00.875  1059  1107 I chatty  : uid=1000(system) batterystats-sy expire 5 lines
03-08 16:34:01.546  1059 17775 I chatty  : uid=1000(system) Binder:1059_20 expire 6 lines
03-08 16:34:02.051  1059  1124 I chatty  : uid=1000(system) android.io expire 2 lines
03-08 16:34:02.238  1059 13087 I chatty  : uid=1000(system) Binder:1059_19 expire 4 lines
03-08 16:34:02.886  1059 13085 I chatty  : uid=1000(system) Binder:1059_18 expire 4 lines
03-08 16:34:03.071  1059  1075 I chatty  : uid=1000(system) Binder:1059_2 expire 6 lines
03-08 16:34:03.098  1059  9592 I chatty  : uid=1000(system) Binder:1059_15 expire 1 line
03-08 16:34:04.339  1059  1500 I chatty  : uid=1000(system) Binder:1059_3 expire 1 line
03-08 16:34:04.765  1059  5102 I chatty  : uid=1000(system) Binder:1059_F expire 7 lines
03-08 16:34:04.846  1059  8663 I chatty  : uid=1000(system) Binder:1059_12 expire 24 lines
03-08 16:34:04.909  1059 13377 I chatty  : uid=1000(system) Binder:1059_1E expire 7 lines
03-08 16:34:06.890  1059 13090 I chatty  : uid=1000(system) Binder:1059_1C expire 2 lines
03-08 16:34:07.045  1059  2297 I chatty  : uid=1000(system) Binder:1059_8 expire 7 lines
03-08 16:34:07.277  1059  2295 I chatty  : uid=1000(system) Binder:1059_7 expire 4 lines
03-08 16:34:08.792  1059 13378 I chatty  : uid=1000(system) Binder:1059_1F expire 3 lines
03-08 16:34:09.016  1059  1105 I chatty  : uid=1000(system) ActivityManager expire 5 lines
03-08 16:34:09.476  1059  2313 I chatty  : uid=1000(system) Binder:1059_9 expire 2 lines
03-08 16:34:09.509  1059  7576 I chatty  : uid=1000(system) Binder:1059_10 expire 3 lines
03-08 16:34:10.374  1059  1101 I chatty  : uid=1000(system) android.bg expire 2 lines
03-08 16:34:11.710  1059 13089 I chatty  : uid=1000(system) Binder:1059_1B expire 3 lines
03-08 16:34:12.598  1059  1487 I chatty  : uid=1000(system) WifiStateMachin expire 1 line
03-08 16:34:58.406  4918 19512 E ActivityThread: Failed to find provider info for com.google.android.wearable.settings
03-08 16:35:07.072  1059  1125 I chatty  : uid=1000(system) android.display expire 10 lines
03-08 16:35:41.137  1059  1770 I chatty  : uid=1000(system) uteStateMachine expire 10 lines
03-08 16:35:41.138  1059  1772 I chatty  : uid=1000(system) CallAudioModeSt expire 5 lines
03-08 16:35:41.180  1059 20570 I chatty  : uid=1000 system_server expire 1 line
03-08 16:35:41.271  1059  1059 I chatty  : uid=1000 system_server expire 5 lines
03-08 16:35:41.272  2251  2263 I AlwaysOnHotwordDetector: onRecognitionResumed
